Archive member included to satisfy reference by file (symbol)

d:/2.30/share/armgcc/bin/../lib/gcc/arm-none-eabi/9.3.1/../../../../arm-none-eabi/lib/thumb/v7e-m+fp/hard\libg_nano.a(lib_a-exit.o)
                              d:/2.30/share/armgcc/bin/../lib/gcc/arm-none-eabi/9.3.1/../../../../arm-none-eabi/lib/thumb/v7e-m+fp/hard/crt0.o (exit)
d:/2.30/share/armgcc/bin/../lib/gcc/arm-none-eabi/9.3.1/../../../../arm-none-eabi/lib/thumb/v7e-m+fp/hard\libg_nano.a(lib_a-impure.o)
                              d:/2.30/share/armgcc/bin/../lib/gcc/arm-none-eabi/9.3.1/../../../../arm-none-eabi/lib/thumb/v7e-m+fp/hard\libg_nano.a(lib_a-exit.o) (_global_impure_ptr)
d:/2.30/share/armgcc/bin/../lib/gcc/arm-none-eabi/9.3.1/../../../../arm-none-eabi/lib/thumb/v7e-m+fp/hard\libg_nano.a(lib_a-init.o)
                              d:/2.30/share/armgcc/bin/../lib/gcc/arm-none-eabi/9.3.1/../../../../arm-none-eabi/lib/thumb/v7e-m+fp/hard/crt0.o (__libc_init_array)
d:/2.30/share/armgcc/bin/../lib/gcc/arm-none-eabi/9.3.1/../../../../arm-none-eabi/lib/thumb/v7e-m+fp/hard\libg_nano.a(lib_a-memset.o)
                              d:/2.30/share/armgcc/bin/../lib/gcc/arm-none-eabi/9.3.1/../../../../arm-none-eabi/lib/thumb/v7e-m+fp/hard/crt0.o (memset)
d:/2.30/share/armgcc/bin/../lib/gcc/arm-none-eabi/9.3.1/../../../../arm-none-eabi/lib/thumb/v7e-m+fp/hard\libnosys.a(_exit.o)
                              d:/2.30/share/armgcc/bin/../lib/gcc/arm-none-eabi/9.3.1/../../../../arm-none-eabi/lib/thumb/v7e-m+fp/hard\libg_nano.a(lib_a-exit.o) (_exit)

Allocating common symbols
Common symbol       size              file

Servo1              0x18              obj\release\fil_lib\adc.o (symbol from plugin)
xQueueRegistry      0x40              obj\release\fil_lib\freertos_lib\queue.o (symbol from plugin)
TIMStatus           0x18              obj\release\fil_lib\adc.o (symbol from plugin)
Motor_Coord         0x4               obj\release\fil_lib\regulators.o (symbol from plugin)
EncData             0x2               obj\release\fil_lib\regulators.o (symbol from plugin)
ADCStatus           0x28              obj\release\fil_lib\adc.o (symbol from plugin)
EngineReg           0x40              obj\release\fil_lib\adc.o (symbol from plugin)
Clocks              0x14              obj\release\fil_lib\adc.o (symbol from plugin)

Discarded input sections

 .text          0x00000000        0x0 d:/2.30/share/armgcc/bin/../lib/gcc/arm-none-eabi/9.3.1/thumb/v7e-m+fp/hard/crti.o
 .data          0x00000000        0x0 d:/2.30/share/armgcc/bin/../lib/gcc/arm-none-eabi/9.3.1/thumb/v7e-m+fp/hard/crti.o
 .bss           0x00000000        0x0 d:/2.30/share/armgcc/bin/../lib/gcc/arm-none-eabi/9.3.1/thumb/v7e-m+fp/hard/crti.o
 .data          0x00000000        0x4 d:/2.30/share/armgcc/bin/../lib/gcc/arm-none-eabi/9.3.1/thumb/v7e-m+fp/hard/crtbegin.o
 .text          0x00000000       0x7c d:/2.30/share/armgcc/bin/../lib/gcc/arm-none-eabi/9.3.1/../../../../arm-none-eabi/lib/thumb/v7e-m+fp/hard/crt0.o
 .data          0x00000000        0x0 d:/2.30/share/armgcc/bin/../lib/gcc/arm-none-eabi/9.3.1/../../../../arm-none-eabi/lib/thumb/v7e-m+fp/hard/crt0.o
 .bss           0x00000000        0x0 d:/2.30/share/armgcc/bin/../lib/gcc/arm-none-eabi/9.3.1/../../../../arm-none-eabi/lib/thumb/v7e-m+fp/hard/crt0.o
 .ARM.extab     0x00000000        0x0 d:/2.30/share/armgcc/bin/../lib/gcc/arm-none-eabi/9.3.1/../../../../arm-none-eabi/lib/thumb/v7e-m+fp/hard/crt0.o
 .ARM.exidx     0x00000000       0x10 d:/2.30/share/armgcc/bin/../lib/gcc/arm-none-eabi/9.3.1/../../../../arm-none-eabi/lib/thumb/v7e-m+fp/hard/crt0.o
 .ARM.attributes
                0x00000000       0x1c d:/2.30/share/armgcc/bin/../lib/gcc/arm-none-eabi/9.3.1/../../../../arm-none-eabi/lib/thumb/v7e-m+fp/hard/crt0.o
 .text          0x00000000       0x14 obj\release\src\startup_stm32f401xc.o
 .data          0x00000000        0x0 obj\release\src\startup_stm32f401xc.o
 .bss           0x00000000        0x0 obj\release\src\startup_stm32f401xc.o
 .text          0x00000000        0x0 C:\Users\Caska\AppData\Local\Temp\SmallCar.elf.whLUmt.ltrans0.ltrans.o
 .data          0x00000000        0x0 C:\Users\Caska\AppData\Local\Temp\SmallCar.elf.whLUmt.ltrans0.ltrans.o
 .bss           0x00000000        0x0 C:\Users\Caska\AppData\Local\Temp\SmallCar.elf.whLUmt.ltrans0.ltrans.o
 .data.AHBPrescTable
                0x00000000       0x10 C:\Users\Caska\AppData\Local\Temp\SmallCar.elf.whLUmt.ltrans0.ltrans.o
 .comment       0x00000000       0x4d C:\Users\Caska\AppData\Local\Temp\cciODlXc.debug.temp.o
 .debug_info    0x00000000      0x443 C:\Users\Caska\AppData\Local\Temp\ccaqyupD.debug.temp.o
 .debug_abbrev  0x00000000       0xd0 C:\Users\Caska\AppData\Local\Temp\ccaqyupD.debug.temp.o
 .debug_line    0x00000000      0x117 C:\Users\Caska\AppData\Local\Temp\ccaqyupD.debug.temp.o
 .debug_str     0x00000000      0x404 C:\Users\Caska\AppData\Local\Temp\ccaqyupD.debug.temp.o
 .comment       0x00000000       0x4d C:\Users\Caska\AppData\Local\Temp\ccaqyupD.debug.temp.o
 .comment       0x00000000       0x4d C:\Users\Caska\AppData\Local\Temp\cc21sDR3.debug.temp.o
 .debug_info    0x00000000       0xc0 C:\Users\Caska\AppData\Local\Temp\cc2njtou.debug.temp.o
 .debug_abbrev  0x00000000       0x62 C:\Users\Caska\AppData\Local\Temp\cc2njtou.debug.temp.o
 .debug_line    0x00000000       0xcf C:\Users\Caska\AppData\Local\Temp\cc2njtou.debug.temp.o
 .debug_str     0x00000000      0x1ec C:\Users\Caska\AppData\Local\Temp\cc2njtou.debug.temp.o
 .comment       0x00000000       0x4d C:\Users\Caska\AppData\Local\Temp\cc2njtou.debug.temp.o
 .debug_info    0x00000000      0xf13 C:\Users\Caska\AppData\Local\Temp\ccKQvWZU.debug.temp.o
 .debug_abbrev  0x00000000      0x27c C:\Users\Caska\AppData\Local\Temp\ccKQvWZU.debug.temp.o
 .debug_line    0x00000000      0x1be C:\Users\Caska\AppData\Local\Temp\ccKQvWZU.debug.temp.o
 .debug_str     0x00000000      0x9d1 C:\Users\Caska\AppData\Local\Temp\ccKQvWZU.debug.temp.o
 .comment       0x00000000       0x4d C:\Users\Caska\AppData\Local\Temp\ccKQvWZU.debug.temp.o
 .debug_info    0x00000000      0xb66 C:\Users\Caska\AppData\Local\Temp\cckbYcGl.debug.temp.o
 .debug_abbrev  0x00000000      0x2a8 C:\Users\Caska\AppData\Local\Temp\cckbYcGl.debug.temp.o
 .debug_line    0x00000000      0x19c C:\Users\Caska\AppData\Local\Temp\cckbYcGl.debug.temp.o
 .debug_str     0x00000000      0x783 C:\Users\Caska\AppData\Local\Temp\cckbYcGl.debug.temp.o
 .comment       0x00000000       0x4d C:\Users\Caska\AppData\Local\Temp\cckbYcGl.debug.temp.o
 .debug_info    0x00000000      0xb4d C:\Users\Caska\AppData\Local\Temp\ccCoHrtM.debug.temp.o
 .debug_abbrev  0x00000000      0x20f C:\Users\Caska\AppData\Local\Temp\ccCoHrtM.debug.temp.o
 .debug_line    0x00000000      0x1a4 C:\Users\Caska\AppData\Local\Temp\ccCoHrtM.debug.temp.o
 .debug_str     0x00000000      0x70d C:\Users\Caska\AppData\Local\Temp\ccCoHrtM.debug.temp.o
 .comment       0x00000000       0x4d C:\Users\Caska\AppData\Local\Temp\ccCoHrtM.debug.temp.o
 .debug_info    0x00000000       0x1d C:\Users\Caska\AppData\Local\Temp\ccUBqGgd.debug.temp.o
 .debug_abbrev  0x00000000       0x10 C:\Users\Caska\AppData\Local\Temp\ccUBqGgd.debug.temp.o
 .debug_line    0x00000000       0x1e C:\Users\Caska\AppData\Local\Temp\ccUBqGgd.debug.temp.o
 .debug_str     0x00000000      0x110 C:\Users\Caska\AppData\Local\Temp\ccUBqGgd.debug.temp.o
 .comment       0x00000000       0x4d C:\Users\Caska\AppData\Local\Temp\ccUBqGgd.debug.temp.o
 .debug_info    0x00000000     0x16e5 C:\Users\Caska\AppData\Local\Temp\ccAVen8D.debug.temp.o
 .debug_abbrev  0x00000000      0x2a4 C:\Users\Caska\AppData\Local\Temp\ccAVen8D.debug.temp.o
 .debug_line    0x00000000      0x1ba C:\Users\Caska\AppData\Local\Temp\ccAVen8D.debug.temp.o
 .debug_str     0x00000000      0xdbe C:\Users\Caska\AppData\Local\Temp\ccAVen8D.debug.temp.o
 .comment       0x00000000       0x4d C:\Users\Caska\AppData\Local\Temp\ccAVen8D.debug.temp.o
 .debug_info    0x00000000     0x1333 C:\Users\Caska\AppData\Local\Temp\cc4ueI44.debug.temp.o
 .debug_abbrev  0x00000000      0x2ae C:\Users\Caska\AppData\Local\Temp\cc4ueI44.debug.temp.o
 .debug_line    0x00000000      0x189 C:\Users\Caska\AppData\Local\Temp\cc4ueI44.debug.temp.o
 .debug_str     0x00000000      0xc17 C:\Users\Caska\AppData\Local\Temp\cc4ueI44.debug.temp.o
 .comment       0x00000000       0x4d C:\Users\Caska\AppData\Local\Temp\cc4ueI44.debug.temp.o
 .debug_info    0x00000000      0x919 C:\Users\Caska\AppData\Local\Temp\ccWGrbVu.debug.temp.o
 .debug_abbrev  0x00000000      0x1b1 C:\Users\Caska\AppData\Local\Temp\ccWGrbVu.debug.temp.o
 .debug_line    0x00000000       0xea C:\Users\Caska\AppData\Local\Temp\ccWGrbVu.debug.temp.o
 .debug_str     0x00000000      0x58c C:\Users\Caska\AppData\Local\Temp\ccWGrbVu.debug.temp.o
 .comment       0x00000000       0x4d C:\Users\Caska\AppData\Local\Temp\ccWGrbVu.debug.temp.o
 .debug_info    0x00000000     0x11e0 C:\Users\Caska\AppData\Local\Temp\ccIhFjQU.debug.temp.o
 .debug_abbrev  0x00000000      0x277 C:\Users\Caska\AppData\Local\Temp\ccIhFjQU.debug.temp.o
 .debug_line    0x00000000      0x1c7 C:\Users\Caska\AppData\Local\Temp\ccIhFjQU.debug.temp.o
 .debug_str     0x00000000      0xbce C:\Users\Caska\AppData\Local\Temp\ccIhFjQU.debug.temp.o
 .comment       0x00000000       0x4d C:\Users\Caska\AppData\Local\Temp\ccIhFjQU.debug.temp.o
 .comment       0x00000000       0x4d C:\Users\Caska\AppData\Local\Temp\cc8maWPk.debug.temp.o
 .debug_info    0x00000000       0x1d C:\Users\Caska\AppData\Local\Temp\ccysFyPK.debug.temp.o
 .debug_abbrev  0x00000000       0x10 C:\Users\Caska\AppData\Local\Temp\ccysFyPK.debug.temp.o
 .debug_line    0x00000000       0x1e C:\Users\Caska\AppData\Local\Temp\ccysFyPK.debug.temp.o
 .debug_str     0x00000000      0x105 C:\Users\Caska\AppData\Local\Temp\ccysFyPK.debug.temp.o
 .comment       0x00000000       0x4d C:\Users\Caska\AppData\Local\Temp\ccysFyPK.debug.temp.o
 .comment       0x00000000       0x4d C:\Users\Caska\AppData\Local\Temp\ccW2IQTa.debug.temp.o
 .debug_info    0x00000000      0x65f C:\Users\Caska\AppData\Local\Temp\ccY96T2A.debug.temp.o
 .debug_abbrev  0x00000000      0x141 C:\Users\Caska\AppData\Local\Temp\ccY96T2A.debug.temp.o
 .debug_line    0x00000000      0x121 C:\Users\Caska\AppData\Local\Temp\ccY96T2A.debug.temp.o
 .debug_str     0x00000000      0x50b C:\Users\Caska\AppData\Local\Temp\ccY96T2A.debug.temp.o
 .comment       0x00000000       0x4d C:\Users\Caska\AppData\Local\Temp\ccY96T2A.debug.temp.o
 .debug_info    0x00000000       0x1d C:\Users\Caska\AppData\Local\Temp\ccQzXBg1.debug.temp.o
 .debug_abbrev  0x00000000       0x10 C:\Users\Caska\AppData\Local\Temp\ccQzXBg1.debug.temp.o
 .debug_line    0x00000000       0x1e C:\Users\Caska\AppData\Local\Temp\ccQzXBg1.debug.temp.o
 .debug_str     0x00000000      0x10a C:\Users\Caska\AppData\Local\Temp\ccQzXBg1.debug.temp.o
 .comment       0x00000000       0x4d C:\Users\Caska\AppData\Local\Temp\ccQzXBg1.debug.temp.o
 .comment       0x00000000       0x4d C:\Users\Caska\AppData\Local\Temp\ccuGbPyr.debug.temp.o
 .comment       0x00000000       0x4d C:\Users\Caska\AppData\Local\Temp\ccY5RGVR.debug.temp.o
 .comment       0x00000000       0x4d C:\Users\Caska\AppData\Local\Temp\ccA3lYQl.debug.temp.o
 .debug_info    0x00000000       0x1d C:\Users\Caska\AppData\Local\Temp\cc2PO2QP.debug.temp.o
 .debug_abbrev  0x00000000       0x10 C:\Users\Caska\AppData\Local\Temp\cc2PO2QP.debug.temp.o
 .debug_line    0x00000000       0x1e C:\Users\Caska\AppData\Local\Temp\cc2PO2QP.debug.temp.o
 .debug_str     0x00000000       0xfe C:\Users\Caska\AppData\Local\Temp\cc2PO2QP.debug.temp.o
 .comment       0x00000000       0x4d C:\Users\Caska\AppData\Local\Temp\cc2PO2QP.debug.temp.o
 .comment       0x00000000       0x4d C:\Users\Caska\AppData\Local\Temp\ccuCh7Qj.debug.temp.o
 .text          0x00000000        0x0 d:/2.30/share/armgcc/bin/../lib/gcc/arm-none-eabi/9.3.1/../../../../arm-none-eabi/lib/thumb/v7e-m+fp/hard\libg_nano.a(lib_a-exit.o)
 .data          0x00000000        0x0 d:/2.30/share/armgcc/bin/../lib/gcc/arm-none-eabi/9.3.1/../../../../arm-none-eabi/lib/thumb/v7e-m+fp/hard\libg_nano.a(lib_a-exit.o)
 .bss           0x00000000        0x0 d:/2.30/share/armgcc/bin/../lib/gcc/arm-none-eabi/9.3.1/../../../../arm-none-eabi/lib/thumb/v7e-m+fp/hard\libg_nano.a(lib_a-exit.o)
 .text.exit     0x00000000       0x28 d:/2.30/share/armgcc/bin/../lib/gcc/arm-none-eabi/9.3.1/../../../../arm-none-eabi/lib/thumb/v7e-m+fp/hard\libg_nano.a(lib_a-exit.o)
 .debug_frame   0x00000000       0x28 d:/2.30/share/armgcc/bin/../lib/gcc/arm-none-eabi/9.3.1/../../../../arm-none-eabi/lib/thumb/v7e-m+fp/hard\libg_nano.a(lib_a-exit.o)
 .ARM.attributes
                0x00000000       0x34 d:/2.30/share/armgcc/bin/../lib/gcc/arm-none-eabi/9.3.1/../../../../arm-none-eabi/lib/thumb/v7e-m+fp/hard\libg_nano.a(lib_a-exit.o)
 .text          0x00000000        0x0 d:/2.30/share/armgcc/bin/../lib/gcc/arm-none-eabi/9.3.1/../../../../arm-none-eabi/lib/thumb/v7e-m+fp/hard\libg_nano.a(lib_a-impure.o)
 .data          0x00000000        0x0 d:/2.30/share/armgcc/bin/../lib/gcc/arm-none-eabi/9.3.1/../../../../arm-none-eabi/lib/thumb/v7e-m+fp/hard\libg_nano.a(lib_a-impure.o)
 .bss           0x00000000        0x0 d:/2.30/share/armgcc/bin/../lib/gcc/arm-none-eabi/9.3.1/../../../../arm-none-eabi/lib/thumb/v7e-m+fp/hard\libg_nano.a(lib_a-impure.o)
 .data._impure_ptr
                0x00000000        0x4 d:/2.30/share/armgcc/bin/../lib/gcc/arm-none-eabi/9.3.1/../../../../arm-none-eabi/lib/thumb/v7e-m+fp/hard\libg_nano.a(lib_a-impure.o)
 .data.impure_data
                0x00000000       0x60 d:/2.30/share/armgcc/bin/../lib/gcc/arm-none-eabi/9.3.1/../../../../arm-none-eabi/lib/thumb/v7e-m+fp/hard\libg_nano.a(lib_a-impure.o)
 .rodata._global_impure_ptr
                0x00000000        0x4 d:/2.30/share/armgcc/bin/../lib/gcc/arm-none-eabi/9.3.1/../../../../arm-none-eabi/lib/thumb/v7e-m+fp/hard\libg_nano.a(lib_a-impure.o)
 .ARM.attributes
                0x00000000       0x32 d:/2.30/share/armgcc/bin/../lib/gcc/arm-none-eabi/9.3.1/../../../../arm-none-eabi/lib/thumb/v7e-m+fp/hard\libg_nano.a(lib_a-impure.o)
 .text          0x00000000        0x0 d:/2.30/share/armgcc/bin/../lib/gcc/arm-none-eabi/9.3.1/../../../../arm-none-eabi/lib/thumb/v7e-m+fp/hard\libg_nano.a(lib_a-init.o)
 .data          0x00000000        0x0 d:/2.30/share/armgcc/bin/../lib/gcc/arm-none-eabi/9.3.1/../../../../arm-none-eabi/lib/thumb/v7e-m+fp/hard\libg_nano.a(lib_a-init.o)
 .bss           0x00000000        0x0 d:/2.30/share/armgcc/bin/../lib/gcc/arm-none-eabi/9.3.1/../../../../arm-none-eabi/lib/thumb/v7e-m+fp/hard\libg_nano.a(lib_a-init.o)
 .text.__libc_init_array
                0x00000000       0x48 d:/2.30/share/armgcc/bin/../lib/gcc/arm-none-eabi/9.3.1/../../../../arm-none-eabi/lib/thumb/v7e-m+fp/hard\libg_nano.a(lib_a-init.o)
 .debug_frame   0x00000000       0x2c d:/2.30/share/armgcc/bin/../lib/gcc/arm-none-eabi/9.3.1/../../../../arm-none-eabi/lib/thumb/v7e-m+fp/hard\libg_nano.a(lib_a-init.o)
 .ARM.attributes
                0x00000000       0x34 d:/2.30/share/armgcc/bin/../lib/gcc/arm-none-eabi/9.3.1/../../../../arm-none-eabi/lib/thumb/v7e-m+fp/hard\libg_nano.a(lib_a-init.o)
 .text          0x00000000        0x0 d:/2.30/share/armgcc/bin/../lib/gcc/arm-none-eabi/9.3.1/../../../../arm-none-eabi/lib/thumb/v7e-m+fp/hard\libg_nano.a(lib_a-memset.o)
 .data          0x00000000        0x0 d:/2.30/share/armgcc/bin/../lib/gcc/arm-none-eabi/9.3.1/../../../../arm-none-eabi/lib/thumb/v7e-m+fp/hard\libg_nano.a(lib_a-memset.o)
 .bss           0x00000000        0x0 d:/2.30/share/armgcc/bin/../lib/gcc/arm-none-eabi/9.3.1/../../../../arm-none-eabi/lib/thumb/v7e-m+fp/hard\libg_nano.a(lib_a-memset.o)
 .text.memset   0x00000000       0x10 d:/2.30/share/armgcc/bin/../lib/gcc/arm-none-eabi/9.3.1/../../../../arm-none-eabi/lib/thumb/v7e-m+fp/hard\libg_nano.a(lib_a-memset.o)
 .debug_frame   0x00000000       0x20 d:/2.30/share/armgcc/bin/../lib/gcc/arm-none-eabi/9.3.1/../../../../arm-none-eabi/lib/thumb/v7e-m+fp/hard\libg_nano.a(lib_a-memset.o)
 .ARM.attributes
                0x00000000       0x34 d:/2.30/share/armgcc/bin/../lib/gcc/arm-none-eabi/9.3.1/../../../../arm-none-eabi/lib/thumb/v7e-m+fp/hard\libg_nano.a(lib_a-memset.o)
 .text          0x00000000        0x0 d:/2.30/share/armgcc/bin/../lib/gcc/arm-none-eabi/9.3.1/../../../../arm-none-eabi/lib/thumb/v7e-m+fp/hard\libnosys.a(_exit.o)
 .data          0x00000000        0x0 d:/2.30/share/armgcc/bin/../lib/gcc/arm-none-eabi/9.3.1/../../../../arm-none-eabi/lib/thumb/v7e-m+fp/hard\libnosys.a(_exit.o)
 .bss           0x00000000        0x0 d:/2.30/share/armgcc/bin/../lib/gcc/arm-none-eabi/9.3.1/../../../../arm-none-eabi/lib/thumb/v7e-m+fp/hard\libnosys.a(_exit.o)
 .text._exit    0x00000000        0x4 d:/2.30/share/armgcc/bin/../lib/gcc/arm-none-eabi/9.3.1/../../../../arm-none-eabi/lib/thumb/v7e-m+fp/hard\libnosys.a(_exit.o)
 .debug_frame   0x00000000       0x20 d:/2.30/share/armgcc/bin/../lib/gcc/arm-none-eabi/9.3.1/../../../../arm-none-eabi/lib/thumb/v7e-m+fp/hard\libnosys.a(_exit.o)
 .ARM.attributes
                0x00000000       0x34 d:/2.30/share/armgcc/bin/../lib/gcc/arm-none-eabi/9.3.1/../../../../arm-none-eabi/lib/thumb/v7e-m+fp/hard\libnosys.a(_exit.o)
 .text          0x00000000        0x0 d:/2.30/share/armgcc/bin/../lib/gcc/arm-none-eabi/9.3.1/thumb/v7e-m+fp/hard/crtend.o
 .data          0x00000000        0x0 d:/2.30/share/armgcc/bin/../lib/gcc/arm-none-eabi/9.3.1/thumb/v7e-m+fp/hard/crtend.o
 .bss           0x00000000        0x0 d:/2.30/share/armgcc/bin/../lib/gcc/arm-none-eabi/9.3.1/thumb/v7e-m+fp/hard/crtend.o
 .eh_frame      0x00000000        0x4 d:/2.30/share/armgcc/bin/../lib/gcc/arm-none-eabi/9.3.1/thumb/v7e-m+fp/hard/crtend.o
 .ARM.attributes
                0x00000000       0x32 d:/2.30/share/armgcc/bin/../lib/gcc/arm-none-eabi/9.3.1/thumb/v7e-m+fp/hard/crtend.o
 .text          0x00000000        0x0 d:/2.30/share/armgcc/bin/../lib/gcc/arm-none-eabi/9.3.1/thumb/v7e-m+fp/hard/crtn.o
 .data          0x00000000        0x0 d:/2.30/share/armgcc/bin/../lib/gcc/arm-none-eabi/9.3.1/thumb/v7e-m+fp/hard/crtn.o
 .bss           0x00000000        0x0 d:/2.30/share/armgcc/bin/../lib/gcc/arm-none-eabi/9.3.1/thumb/v7e-m+fp/hard/crtn.o

Memory Configuration

Name             Origin             Length             Attributes
FLASH            0x08000000         0x00040000         xr
RAM              0x20000000         0x00010000         xrw
*default*        0x00000000         0xffffffff

Linker script and memory map

LOAD d:/2.30/share/armgcc/bin/../lib/gcc/arm-none-eabi/9.3.1/thumb/v7e-m+fp/hard/crti.o
LOAD d:/2.30/share/armgcc/bin/../lib/gcc/arm-none-eabi/9.3.1/thumb/v7e-m+fp/hard/crtbegin.o
LOAD d:/2.30/share/armgcc/bin/../lib/gcc/arm-none-eabi/9.3.1/../../../../arm-none-eabi/lib/thumb/v7e-m+fp/hard/crt0.o
                0x00000000                __HEAP_SIZE = 0x0
                0x00000100                __STACK_SIZE = 0x100
                0x00000000                _Min_Heap_Size = __HEAP_SIZE
                0x00000100                _Min_Stack_Size = __STACK_SIZE
                0x20010000                _estack = (ORIGIN (RAM) + LENGTH (RAM))

.isr_vector     0x08000000      0x194
                0x08000000                . = ALIGN (0x4)
 *(.isr_vector)
 .isr_vector    0x08000000      0x194 obj\release\src\startup_stm32f401xc.o
                0x08000000                g_pfnVectors
                0x08000194                . = ALIGN (0x4)

.text           0x08000194      0x870
                0x08000194                . = ALIGN (0x4)
 *(.text)
 .text          0x08000194       0x40 d:/2.30/share/armgcc/bin/../lib/gcc/arm-none-eabi/9.3.1/thumb/v7e-m+fp/hard/crtbegin.o
 *(.text*)
 .text.Reset_Handler
                0x080001d4       0x4c obj\release\src\startup_stm32f401xc.o
                0x080001d4                Reset_Handler
 .text.Default_Handler
                0x08000220        0x2 obj\release\src\startup_stm32f401xc.o
                0x08000220                RTC_Alarm_IRQHandler
                0x08000220                DebugMon_Handler
                0x08000220                SPI4_IRQHandler
                0x08000220                TIM1_CC_IRQHandler
                0x08000220                DMA2_Stream5_IRQHandler
                0x08000220                HardFault_Handler
                0x08000220                DMA1_Stream5_IRQHandler
                0x08000220                PVD_IRQHandler
                0x08000220                SDIO_IRQHandler
                0x08000220                TAMP_STAMP_IRQHandler
                0x08000220                PendSV_Handler
                0x08000220                NMI_Handler
                0x08000220                TIM1_UP_TIM10_IRQHandler
                0x08000220                DMA1_Stream2_IRQHandler
                0x08000220                FPU_IRQHandler
                0x08000220                UsageFault_Handler
                0x08000220                DMA2_Stream2_IRQHandler
                0x08000220                SPI1_IRQHandler
                0x08000220                TIM1_BRK_TIM9_IRQHandler
                0x08000220                DMA2_Stream3_IRQHandler
                0x08000220                USART6_IRQHandler
                0x08000220                DMA2_Stream0_IRQHandler
                0x08000220                DMA1_Stream6_IRQHandler
                0x08000220                DMA1_Stream1_IRQHandler
                0x08000220                RCC_IRQHandler
                0x08000220                Default_Handler
                0x08000220                DMA1_Stream7_IRQHandler
                0x08000220                DMA2_Stream7_IRQHandler
                0x08000220                RTC_WKUP_IRQHandler
                0x08000220                SPI2_IRQHandler
                0x08000220                MemManage_Handler
                0x08000220                DMA1_Stream0_IRQHandler
                0x08000220                SVC_Handler
                0x08000220                WWDG_IRQHandler
                0x08000220                OTG_FS_WKUP_IRQHandler
                0x08000220                TIM1_TRG_COM_TIM11_IRQHandler
                0x08000220                USART2_IRQHandler
                0x08000220                DMA2_Stream1_IRQHandler
                0x08000220                FLASH_IRQHandler
                0x08000220                DMA2_Stream4_IRQHandler
                0x08000220                BusFault_Handler
                0x08000220                USART1_IRQHandler
                0x08000220                OTG_FS_IRQHandler
                0x08000220                SPI3_IRQHandler
                0x08000220                DMA1_Stream4_IRQHandler
                0x08000220                DMA2_Stream6_IRQHandler
                0x08000220                DMA1_Stream3_IRQHandler
 *fill*         0x08000222        0x2 
 .text.CalcRCCClocks
                0x08000224       0xe8 C:\Users\Caska\AppData\Local\Temp\SmallCar.elf.whLUmt.ltrans0.ltrans.o
 .text.SystemInit
                0x0800030c       0xf8 C:\Users\Caska\AppData\Local\Temp\SmallCar.elf.whLUmt.ltrans0.ltrans.o
                0x0800030c                SystemInit
 .text.startup.main
                0x08000404      0x434 C:\Users\Caska\AppData\Local\Temp\SmallCar.elf.whLUmt.ltrans0.ltrans.o
                0x08000404                main
 .text.TIM5_IRQHandler
                0x08000838        0xc C:\Users\Caska\AppData\Local\Temp\SmallCar.elf.whLUmt.ltrans0.ltrans.o
                0x08000838                TIM5_IRQHandler
 .text.TIM4_IRQHandler
                0x08000844        0xc C:\Users\Caska\AppData\Local\Temp\SmallCar.elf.whLUmt.ltrans0.ltrans.o
                0x08000844                TIM4_IRQHandler
 .text.TIM3_IRQHandler
                0x08000850        0xc C:\Users\Caska\AppData\Local\Temp\SmallCar.elf.whLUmt.ltrans0.ltrans.o
                0x08000850                TIM3_IRQHandler
 .text.TIM2_IRQHandler
                0x0800085c        0xc C:\Users\Caska\AppData\Local\Temp\SmallCar.elf.whLUmt.ltrans0.ltrans.o
                0x0800085c                TIM2_IRQHandler
 .text.SysTick_Handler
                0x08000868       0xd4 C:\Users\Caska\AppData\Local\Temp\SmallCar.elf.whLUmt.ltrans0.ltrans.o
                0x08000868                SysTick_Handler
 .text.I2C3_ER_IRQHandler
                0x0800093c        0x4 C:\Users\Caska\AppData\Local\Temp\SmallCar.elf.whLUmt.ltrans0.ltrans.o
                0x0800093c                I2C3_ER_IRQHandler
 .text.I2C1_EV_IRQHandler
                0x08000940        0x4 C:\Users\Caska\AppData\Local\Temp\SmallCar.elf.whLUmt.ltrans0.ltrans.o
                0x08000940                I2C1_EV_IRQHandler
 .text.I2C3_EV_IRQHandler
                0x08000944        0x4 C:\Users\Caska\AppData\Local\Temp\SmallCar.elf.whLUmt.ltrans0.ltrans.o
                0x08000944                I2C3_EV_IRQHandler
 .text.I2C2_ER_IRQHandler
                0x08000948        0x4 C:\Users\Caska\AppData\Local\Temp\SmallCar.elf.whLUmt.ltrans0.ltrans.o
                0x08000948                I2C2_ER_IRQHandler
 .text.I2C2_EV_IRQHandler
                0x0800094c        0x4 C:\Users\Caska\AppData\Local\Temp\SmallCar.elf.whLUmt.ltrans0.ltrans.o
                0x0800094c                I2C2_EV_IRQHandler
 .text.I2C1_ER_IRQHandler
                0x08000950        0x4 C:\Users\Caska\AppData\Local\Temp\SmallCar.elf.whLUmt.ltrans0.ltrans.o
                0x08000950                I2C1_ER_IRQHandler
 .text.EXTI15_10_IRQHandler
                0x08000954       0x14 C:\Users\Caska\AppData\Local\Temp\SmallCar.elf.whLUmt.ltrans0.ltrans.o
                0x08000954                EXTI15_10_IRQHandler
 .text.EXTI9_5_IRQHandler
                0x08000968       0x3c C:\Users\Caska\AppData\Local\Temp\SmallCar.elf.whLUmt.ltrans0.ltrans.o
                0x08000968                EXTI9_5_IRQHandler
 .text.EXTI4_IRQHandler
                0x080009a4        0xc C:\Users\Caska\AppData\Local\Temp\SmallCar.elf.whLUmt.ltrans0.ltrans.o
                0x080009a4                EXTI4_IRQHandler
 .text.EXTI3_IRQHandler
                0x080009b0        0xc C:\Users\Caska\AppData\Local\Temp\SmallCar.elf.whLUmt.ltrans0.ltrans.o
                0x080009b0                EXTI3_IRQHandler
 .text.EXTI2_IRQHandler
                0x080009bc        0xc C:\Users\Caska\AppData\Local\Temp\SmallCar.elf.whLUmt.ltrans0.ltrans.o
                0x080009bc                EXTI2_IRQHandler
 .text.EXTI1_IRQHandler
                0x080009c8        0xc C:\Users\Caska\AppData\Local\Temp\SmallCar.elf.whLUmt.ltrans0.ltrans.o
                0x080009c8                EXTI1_IRQHandler
 .text.EXTI0_IRQHandler
                0x080009d4        0xc C:\Users\Caska\AppData\Local\Temp\SmallCar.elf.whLUmt.ltrans0.ltrans.o
                0x080009d4                EXTI0_IRQHandler
 .text.ADC_IRQHandler
                0x080009e0        0xc C:\Users\Caska\AppData\Local\Temp\SmallCar.elf.whLUmt.ltrans0.ltrans.o
                0x080009e0                ADC_IRQHandler
 *(.glue_7)
 .glue_7        0x080009ec        0x0 linker stubs
 *(.glue_7t)
 .glue_7t       0x080009ec        0x0 linker stubs
 *(.eh_frame)
 .eh_frame      0x080009ec        0x0 d:/2.30/share/armgcc/bin/../lib/gcc/arm-none-eabi/9.3.1/thumb/v7e-m+fp/hard/crtbegin.o
 *(.init)
 .init          0x080009ec        0x4 d:/2.30/share/armgcc/bin/../lib/gcc/arm-none-eabi/9.3.1/thumb/v7e-m+fp/hard/crti.o
                0x080009ec                _init
 .init          0x080009f0        0x8 d:/2.30/share/armgcc/bin/../lib/gcc/arm-none-eabi/9.3.1/thumb/v7e-m+fp/hard/crtn.o
 *(.fini)
 .fini          0x080009f8        0x4 d:/2.30/share/armgcc/bin/../lib/gcc/arm-none-eabi/9.3.1/thumb/v7e-m+fp/hard/crti.o
                0x080009f8                _fini
 .fini          0x080009fc        0x8 d:/2.30/share/armgcc/bin/../lib/gcc/arm-none-eabi/9.3.1/thumb/v7e-m+fp/hard/crtn.o
                0x08000a04                . = ALIGN (0x4)
                0x08000a04                _etext = .

.vfp11_veneer   0x08000a04        0x0
 .vfp11_veneer  0x08000a04        0x0 linker stubs

.v4_bx          0x08000a04        0x0
 .v4_bx         0x08000a04        0x0 linker stubs

.iplt           0x08000a04        0x0
 .iplt          0x08000a04        0x0 d:/2.30/share/armgcc/bin/../lib/gcc/arm-none-eabi/9.3.1/thumb/v7e-m+fp/hard/crtbegin.o

.rodata         0x08000a04       0x10
                0x08000a04                . = ALIGN (0x4)
 *(.rodata)
 *(.rodata*)
 .rodata.PrescalerTable
                0x08000a04       0x10 C:\Users\Caska\AppData\Local\Temp\SmallCar.elf.whLUmt.ltrans0.ltrans.o
                0x08000a14                . = ALIGN (0x4)

.rel.dyn        0x08000a14        0x0
 .rel.iplt      0x08000a14        0x0 d:/2.30/share/armgcc/bin/../lib/gcc/arm-none-eabi/9.3.1/thumb/v7e-m+fp/hard/crtbegin.o

.ARM.extab
 *(.ARM.extab* .gnu.linkonce.armextab.*)

.ARM            0x08000a14        0x0
                0x08000a14                __exidx_start = .
 *(.ARM.exidx*)
                0x08000a14                __exidx_end = .

.preinit_array  0x08000a14        0x0
                0x08000a14                PROVIDE (__preinit_array_start = .)
 *(.preinit_array*)
                0x08000a14                PROVIDE (__preinit_array_end = .)

.init_array     0x08000a14        0x4
                0x08000a14                PROVIDE (__init_array_start = .)
 *(SORT_BY_NAME(.init_array.*))
 *(.init_array*)
 .init_array    0x08000a14        0x4 d:/2.30/share/armgcc/bin/../lib/gcc/arm-none-eabi/9.3.1/thumb/v7e-m+fp/hard/crtbegin.o
                0x08000a18                PROVIDE (__init_array_end = .)

.fini_array     0x08000a18        0x4
                [!provide]                PROVIDE (__fini_array_start = .)
 *(SORT_BY_NAME(.fini_array.*))
 *(.fini_array*)
 .fini_array    0x08000a18        0x4 d:/2.30/share/armgcc/bin/../lib/gcc/arm-none-eabi/9.3.1/thumb/v7e-m+fp/hard/crtbegin.o
                [!provide]                PROVIDE (__fini_array_end = .)
                0x08000a1c                _sidata = LOADADDR (.data)

.data           0x20000000        0x0 load address 0x08000a1c
                0x20000000                . = ALIGN (0x4)
                0x20000000                _sdata = .
 *(.data)
 *(.data*)
                0x20000000                . = ALIGN (0x4)
                0x20000000                _edata = .

.igot.plt       0x20000000        0x0 load address 0x08000a1c
 .igot.plt      0x20000000        0x0 d:/2.30/share/armgcc/bin/../lib/gcc/arm-none-eabi/9.3.1/thumb/v7e-m+fp/hard/crtbegin.o
                0x20000000                . = ALIGN (0x4)

.bss            0x20000000       0x4c load address 0x08000a1c
                0x20000000                _sbss = .
                0x20000000                __bss_start__ = _sbss
 *(.bss)
 .bss           0x20000000       0x1c d:/2.30/share/armgcc/bin/../lib/gcc/arm-none-eabi/9.3.1/thumb/v7e-m+fp/hard/crtbegin.o
 *(.bss*)
 .bss.Clocks    0x2000001c       0x14 C:\Users\Caska\AppData\Local\Temp\SmallCar.elf.whLUmt.ltrans0.ltrans.o
 .bss.TIMStatus
                0x20000030       0x18 C:\Users\Caska\AppData\Local\Temp\SmallCar.elf.whLUmt.ltrans0.ltrans.o
 .bss.globalTime
                0x20000048        0x4 C:\Users\Caska\AppData\Local\Temp\SmallCar.elf.whLUmt.ltrans0.ltrans.o
 *(COMMON)
                0x2000004c                . = ALIGN (0x4)
                0x2000004c                _ebss = .
                0x2000004c                __bss_end__ = _ebss

.heap           0x2000004c        0x0 load address 0x08000a1c
                0x2000004c                . = ALIGN (0x4)
                [!provide]                PROVIDE (end = .)
                [!provide]                PROVIDE (_end = .)
 *(.heap*)
                0x2000004c                . = (. + _Min_Heap_Size)
                0x2000004c                __HeapLimit = .
                0x2000004c                . = ALIGN (0x4)

.ARM.attributes
                0x00000000       0x30
 *(.ARM.attributes)
 .ARM.attributes
                0x00000000       0x1e d:/2.30/share/armgcc/bin/../lib/gcc/arm-none-eabi/9.3.1/thumb/v7e-m+fp/hard/crti.o
 .ARM.attributes
                0x0000001e       0x34 d:/2.30/share/armgcc/bin/../lib/gcc/arm-none-eabi/9.3.1/thumb/v7e-m+fp/hard/crtbegin.o
 .ARM.attributes
                0x00000052       0x21 obj\release\src\startup_stm32f401xc.o
 .ARM.attributes
                0x00000073       0x32 C:\Users\Caska\AppData\Local\Temp\SmallCar.elf.whLUmt.ltrans0.ltrans.o
 .ARM.attributes
                0x000000a5       0x1e d:/2.30/share/armgcc/bin/../lib/gcc/arm-none-eabi/9.3.1/thumb/v7e-m+fp/hard/crtn.o
                0x2000ff00                __StackLimit = (_estack - _Min_Stack_Size)
                0x00000001                ASSERT ((__StackLimit >= __HeapLimit), Region RAM overflowed with stack)
LOAD obj\release\src\startup_stm32f401xc.o
LOAD obj\release\fil_lib\adc.o
LOAD C:\Users\Caska\AppData\Local\Temp\SmallCar.elf.whLUmt.ltrans0.ltrans.o
LOAD C:\Users\Caska\AppData\Local\Temp\cciODlXc.debug.temp.o
LOAD C:\Users\Caska\AppData\Local\Temp\ccaqyupD.debug.temp.o
LOAD C:\Users\Caska\AppData\Local\Temp\cc21sDR3.debug.temp.o
LOAD C:\Users\Caska\AppData\Local\Temp\cc2njtou.debug.temp.o
LOAD C:\Users\Caska\AppData\Local\Temp\ccKQvWZU.debug.temp.o
LOAD C:\Users\Caska\AppData\Local\Temp\cckbYcGl.debug.temp.o
LOAD C:\Users\Caska\AppData\Local\Temp\ccCoHrtM.debug.temp.o
LOAD C:\Users\Caska\AppData\Local\Temp\ccUBqGgd.debug.temp.o
LOAD C:\Users\Caska\AppData\Local\Temp\ccAVen8D.debug.temp.o
LOAD C:\Users\Caska\AppData\Local\Temp\cc4ueI44.debug.temp.o
LOAD C:\Users\Caska\AppData\Local\Temp\ccWGrbVu.debug.temp.o
LOAD C:\Users\Caska\AppData\Local\Temp\ccIhFjQU.debug.temp.o
LOAD C:\Users\Caska\AppData\Local\Temp\cc8maWPk.debug.temp.o
LOAD C:\Users\Caska\AppData\Local\Temp\ccysFyPK.debug.temp.o
LOAD C:\Users\Caska\AppData\Local\Temp\ccW2IQTa.debug.temp.o
LOAD C:\Users\Caska\AppData\Local\Temp\ccY96T2A.debug.temp.o
LOAD C:\Users\Caska\AppData\Local\Temp\ccQzXBg1.debug.temp.o
LOAD C:\Users\Caska\AppData\Local\Temp\ccuGbPyr.debug.temp.o
LOAD C:\Users\Caska\AppData\Local\Temp\ccY5RGVR.debug.temp.o
LOAD C:\Users\Caska\AppData\Local\Temp\ccA3lYQl.debug.temp.o
LOAD C:\Users\Caska\AppData\Local\Temp\cc2PO2QP.debug.temp.o
LOAD C:\Users\Caska\AppData\Local\Temp\ccuCh7Qj.debug.temp.o
LOAD obj\release\fil_lib\dma.o
LOAD obj\release\fil_lib\exti.o
LOAD obj\release\fil_lib\freertos_lib\croutine.o
LOAD obj\release\fil_lib\freertos_lib\event_groups.o
LOAD obj\release\fil_lib\freertos_lib\heap_2.o
LOAD obj\release\fil_lib\freertos_lib\list.o
LOAD obj\release\fil_lib\freertos_lib\port.o
LOAD obj\release\fil_lib\freertos_lib\queue.o
LOAD obj\release\fil_lib\freertos_lib\stream_buffer.o
LOAD obj\release\fil_lib\freertos_lib\tasks.o
LOAD obj\release\fil_lib\freertos_lib\timers.o
LOAD obj\release\fil_lib\i2c.o
LOAD obj\release\fil_lib\matrix.o
LOAD obj\release\fil_lib\rcc.o
LOAD obj\release\fil_lib\regulators.o
LOAD obj\release\fil_lib\robot_tasks.o
LOAD obj\release\fil_lib\tim.o
LOAD obj\release\fil_lib\usart.o
LOAD obj\release\src\main.o
LOAD obj\release\dev\dev.o
LOAD obj\release\src\system_stm32f4xx.o
START GROUP
LOAD d:/2.30/share/armgcc/bin/../lib/gcc/arm-none-eabi/9.3.1/thumb/v7e-m+fp/hard\libgcc.a
LOAD d:/2.30/share/armgcc/bin/../lib/gcc/arm-none-eabi/9.3.1/../../../../arm-none-eabi/lib/thumb/v7e-m+fp/hard\libg_nano.a
LOAD d:/2.30/share/armgcc/bin/../lib/gcc/arm-none-eabi/9.3.1/../../../../arm-none-eabi/lib/thumb/v7e-m+fp/hard\libc_nano.a
END GROUP
START GROUP
LOAD d:/2.30/share/armgcc/bin/../lib/gcc/arm-none-eabi/9.3.1/thumb/v7e-m+fp/hard\libgcc.a
LOAD d:/2.30/share/armgcc/bin/../lib/gcc/arm-none-eabi/9.3.1/../../../../arm-none-eabi/lib/thumb/v7e-m+fp/hard\libc_nano.a
LOAD d:/2.30/share/armgcc/bin/../lib/gcc/arm-none-eabi/9.3.1/../../../../arm-none-eabi/lib/thumb/v7e-m+fp/hard\libnosys.a
END GROUP
START GROUP
LOAD d:/2.30/share/armgcc/bin/../lib/gcc/arm-none-eabi/9.3.1/thumb/v7e-m+fp/hard\libgcc.a
LOAD d:/2.30/share/armgcc/bin/../lib/gcc/arm-none-eabi/9.3.1/../../../../arm-none-eabi/lib/thumb/v7e-m+fp/hard\libc_nano.a
LOAD d:/2.30/share/armgcc/bin/../lib/gcc/arm-none-eabi/9.3.1/../../../../arm-none-eabi/lib/thumb/v7e-m+fp/hard\libnosys.a
END GROUP
LOAD d:/2.30/share/armgcc/bin/../lib/gcc/arm-none-eabi/9.3.1/thumb/v7e-m+fp/hard/crtend.o
LOAD d:/2.30/share/armgcc/bin/../lib/gcc/arm-none-eabi/9.3.1/thumb/v7e-m+fp/hard/crtn.o
OUTPUT(bin\Release\SmallCar.elf elf32-littlearm)
LOAD linker stubs

.debug_line     0x00000000     0x11a6
 .debug_line    0x00000000       0x77 obj\release\src\startup_stm32f401xc.o
 .debug_line    0x00000077      0x888 C:\Users\Caska\AppData\Local\Temp\SmallCar.elf.whLUmt.ltrans0.ltrans.o
 .debug_line    0x000008ff      0x11a C:\Users\Caska\AppData\Local\Temp\cciODlXc.debug.temp.o
 .debug_line    0x00000a19      0x11b C:\Users\Caska\AppData\Local\Temp\cc21sDR3.debug.temp.o
 .debug_line    0x00000b34      0x10b C:\Users\Caska\AppData\Local\Temp\cc8maWPk.debug.temp.o
 .debug_line    0x00000c3f      0x11a C:\Users\Caska\AppData\Local\Temp\ccW2IQTa.debug.temp.o
 .debug_line    0x00000d59      0x11a C:\Users\Caska\AppData\Local\Temp\ccuGbPyr.debug.temp.o
 .debug_line    0x00000e73      0x11c C:\Users\Caska\AppData\Local\Temp\ccY5RGVR.debug.temp.o
 .debug_line    0x00000f8f      0x11f C:\Users\Caska\AppData\Local\Temp\ccA3lYQl.debug.temp.o
 .debug_line    0x000010ae       0xf8 C:\Users\Caska\AppData\Local\Temp\ccuCh7Qj.debug.temp.o

.debug_info     0x00000000     0x39d3
 .debug_info    0x00000000       0x22 obj\release\src\startup_stm32f401xc.o
 .debug_info    0x00000022      0x443 C:\Users\Caska\AppData\Local\Temp\SmallCar.elf.whLUmt.ltrans0.ltrans.o
 .debug_info    0x00000465      0x5ab C:\Users\Caska\AppData\Local\Temp\cciODlXc.debug.temp.o
                0x00000465                ADC.c.5cad6910
 .debug_info    0x00000a10      0x477 C:\Users\Caska\AppData\Local\Temp\cc21sDR3.debug.temp.o
                0x00000a10                EXTI.c.3e3d7d54
 .debug_info    0x00000e87      0x3ff C:\Users\Caska\AppData\Local\Temp\cc8maWPk.debug.temp.o
                0x00000e87                I2C.c.8345ccb8
 .debug_info    0x00001286      0x5c1 C:\Users\Caska\AppData\Local\Temp\ccW2IQTa.debug.temp.o
                0x00001286                RCC.c.91954dd8
 .debug_info    0x00001847      0x757 C:\Users\Caska\AppData\Local\Temp\ccuGbPyr.debug.temp.o
                0x00001847                TIM.c.72286d9d
 .debug_info    0x00001f9e      0x4e8 C:\Users\Caska\AppData\Local\Temp\ccY5RGVR.debug.temp.o
                0x00001f9e                USART.c.ee057fd5
 .debug_info    0x00002486      0xf2c C:\Users\Caska\AppData\Local\Temp\ccA3lYQl.debug.temp.o
                0x00002486                main.c.20c422bd
 .debug_info    0x000033b2      0x621 C:\Users\Caska\AppData\Local\Temp\ccuCh7Qj.debug.temp.o
                0x000033b2                system_stm32f4xx.c.7cf01943

.debug_abbrev   0x00000000      0xb6a
 .debug_abbrev  0x00000000       0x12 obj\release\src\startup_stm32f401xc.o
 .debug_abbrev  0x00000012       0xcf C:\Users\Caska\AppData\Local\Temp\SmallCar.elf.whLUmt.ltrans0.ltrans.o
 .debug_abbrev  0x000000e1      0x17e C:\Users\Caska\AppData\Local\Temp\cciODlXc.debug.temp.o
 .debug_abbrev  0x0000025f      0x121 C:\Users\Caska\AppData\Local\Temp\cc21sDR3.debug.temp.o
 .debug_abbrev  0x00000380       0xe1 C:\Users\Caska\AppData\Local\Temp\cc8maWPk.debug.temp.o
 .debug_abbrev  0x00000461      0x11f C:\Users\Caska\AppData\Local\Temp\ccW2IQTa.debug.temp.o
 .debug_abbrev  0x00000580      0x189 C:\Users\Caska\AppData\Local\Temp\ccuGbPyr.debug.temp.o
 .debug_abbrev  0x00000709      0x143 C:\Users\Caska\AppData\Local\Temp\ccY5RGVR.debug.temp.o
 .debug_abbrev  0x0000084c      0x1cd C:\Users\Caska\AppData\Local\Temp\ccA3lYQl.debug.temp.o
 .debug_abbrev  0x00000a19      0x151 C:\Users\Caska\AppData\Local\Temp\ccuCh7Qj.debug.temp.o

.debug_aranges  0x00000000       0xc8
 .debug_aranges
                0x00000000       0x28 obj\release\src\startup_stm32f401xc.o
 .debug_aranges
                0x00000028       0xa0 C:\Users\Caska\AppData\Local\Temp\SmallCar.elf.whLUmt.ltrans0.ltrans.o

.debug_str      0x00000000      0xeb1
 .debug_str     0x00000000       0x66 obj\release\src\startup_stm32f401xc.o
 .debug_str     0x00000066      0x112 C:\Users\Caska\AppData\Local\Temp\SmallCar.elf.whLUmt.ltrans0.ltrans.o
                                0x15d (size before relaxing)
 .debug_str     0x00000178      0x394 C:\Users\Caska\AppData\Local\Temp\cciODlXc.debug.temp.o
                                0x45b (size before relaxing)
 .debug_str     0x0000050c       0xa9 C:\Users\Caska\AppData\Local\Temp\cc21sDR3.debug.temp.o
                                0x441 (size before relaxing)
 .debug_str     0x000005b5       0x80 C:\Users\Caska\AppData\Local\Temp\cc8maWPk.debug.temp.o
                                0x418 (size before relaxing)
 .debug_str     0x00000635      0x138 C:\Users\Caska\AppData\Local\Temp\ccW2IQTa.debug.temp.o
                                0x4c7 (size before relaxing)
 .debug_str     0x0000076d      0x1b5 C:\Users\Caska\AppData\Local\Temp\ccuGbPyr.debug.temp.o
                                0x58b (size before relaxing)
 .debug_str     0x00000922       0x53 C:\Users\Caska\AppData\Local\Temp\ccY5RGVR.debug.temp.o
                                0x423 (size before relaxing)
 .debug_str     0x00000975      0x481 C:\Users\Caska\AppData\Local\Temp\ccA3lYQl.debug.temp.o
                                0xa36 (size before relaxing)
 .debug_str     0x00000df6       0xbb C:\Users\Caska\AppData\Local\Temp\ccuCh7Qj.debug.temp.o
                                0x416 (size before relaxing)

.debug_ranges   0x00000000      0x240
 .debug_ranges  0x00000000       0x20 obj\release\src\startup_stm32f401xc.o
 .debug_ranges  0x00000020      0x220 C:\Users\Caska\AppData\Local\Temp\SmallCar.elf.whLUmt.ltrans0.ltrans.o

.debug_loc      0x00000000      0x2a4
 .debug_loc     0x00000000      0x2a4 C:\Users\Caska\AppData\Local\Temp\SmallCar.elf.whLUmt.ltrans0.ltrans.o

.comment        0x00000000       0x4c
 .comment       0x00000000       0x4c C:\Users\Caska\AppData\Local\Temp\SmallCar.elf.whLUmt.ltrans0.ltrans.o
                                 0x4d (size before relaxing)

.debug_frame    0x00000000      0x1a4
 .debug_frame   0x00000000      0x1a4 C:\Users\Caska\AppData\Local\Temp\SmallCar.elf.whLUmt.ltrans0.ltrans.o
