Archive member included to satisfy reference by file (symbol)

d:/2.30/share/armgcc/bin/../lib/gcc/arm-none-eabi/9.3.1/thumb/v7e-m+fp/hard\libgcc.a(_arm_muldf3.o)
                              obj\debugram\fil_lib\adc.o (__aeabi_dmul)
d:/2.30/share/armgcc/bin/../lib/gcc/arm-none-eabi/9.3.1/thumb/v7e-m+fp/hard\libgcc.a(_arm_addsubdf3.o)
                              obj\debugram\external\mpu9250\mpu9250.o (__aeabi_dadd)
d:/2.30/share/armgcc/bin/../lib/gcc/arm-none-eabi/9.3.1/thumb/v7e-m+fp/hard\libgcc.a(_arm_muldivdf3.o)
                              obj\debugram\external\mpu9250\mpu9250.o (__aeabi_ddiv)
d:/2.30/share/armgcc/bin/../lib/gcc/arm-none-eabi/9.3.1/thumb/v7e-m+fp/hard\libgcc.a(_arm_truncdfsf2.o)
                              obj\debugram\external\mpu9250\mpu9250.o (__aeabi_d2f)
d:/2.30/share/armgcc/bin/../lib/gcc/arm-none-eabi/9.3.1/../../../../arm-none-eabi/lib/thumb/v7e-m+fp/hard\libg_nano.a(lib_a-exit.o)
                              d:/2.30/share/armgcc/bin/../lib/gcc/arm-none-eabi/9.3.1/../../../../arm-none-eabi/lib/thumb/v7e-m+fp/hard/crt0.o (exit)
d:/2.30/share/armgcc/bin/../lib/gcc/arm-none-eabi/9.3.1/../../../../arm-none-eabi/lib/thumb/v7e-m+fp/hard\libg_nano.a(lib_a-impure.o)
                              d:/2.30/share/armgcc/bin/../lib/gcc/arm-none-eabi/9.3.1/../../../../arm-none-eabi/lib/thumb/v7e-m+fp/hard\libg_nano.a(lib_a-exit.o) (_global_impure_ptr)
d:/2.30/share/armgcc/bin/../lib/gcc/arm-none-eabi/9.3.1/../../../../arm-none-eabi/lib/thumb/v7e-m+fp/hard\libg_nano.a(lib_a-init.o)
                              d:/2.30/share/armgcc/bin/../lib/gcc/arm-none-eabi/9.3.1/../../../../arm-none-eabi/lib/thumb/v7e-m+fp/hard/crt0.o (__libc_init_array)
d:/2.30/share/armgcc/bin/../lib/gcc/arm-none-eabi/9.3.1/../../../../arm-none-eabi/lib/thumb/v7e-m+fp/hard\libg_nano.a(lib_a-memcpy-stub.o)
                              obj\debugram\fil_lib\freertos_lib\queue.o (memcpy)
d:/2.30/share/armgcc/bin/../lib/gcc/arm-none-eabi/9.3.1/../../../../arm-none-eabi/lib/thumb/v7e-m+fp/hard\libg_nano.a(lib_a-memset.o)
                              d:/2.30/share/armgcc/bin/../lib/gcc/arm-none-eabi/9.3.1/../../../../arm-none-eabi/lib/thumb/v7e-m+fp/hard/crt0.o (memset)
d:/2.30/share/armgcc/bin/../lib/gcc/arm-none-eabi/9.3.1/../../../../arm-none-eabi/lib/thumb/v7e-m+fp/hard\libnosys.a(_exit.o)
                              d:/2.30/share/armgcc/bin/../lib/gcc/arm-none-eabi/9.3.1/../../../../arm-none-eabi/lib/thumb/v7e-m+fp/hard\libg_nano.a(lib_a-exit.o) (_exit)

Allocating common symbols
Common symbol       size              file

I2CStatus           0x6               obj\debugram\external\mpu9250\mpu9250.o
xQueueRegistry      0x40              obj\debugram\fil_lib\freertos_lib\queue.o
TIMStatus           0x20              obj\debugram\external\mpu9250\mpu9250.o
MPU9250             0x7c              obj\debugram\external\mpu9250\mpu9250.o
Motor_Coord         0x4               obj\debugram\fil_lib\regulators.o
EncData             0x2               obj\debugram\fil_lib\regulators.o
ADCStatus           0x60              obj\debugram\external\mpu9250\mpu9250.o
Bus                 0x15              obj\debugram\external\mpu9250\mpu9250.o
EngineReg           0x40              obj\debugram\fil_lib\regulators.o
Clocks              0x14              obj\debugram\external\mpu9250\mpu9250.o

Discarded input sections

 .text          0x00000000        0x0 d:/2.30/share/armgcc/bin/../lib/gcc/arm-none-eabi/9.3.1/thumb/v7e-m+fp/hard/crti.o
 .data          0x00000000        0x0 d:/2.30/share/armgcc/bin/../lib/gcc/arm-none-eabi/9.3.1/thumb/v7e-m+fp/hard/crti.o
 .bss           0x00000000        0x0 d:/2.30/share/armgcc/bin/../lib/gcc/arm-none-eabi/9.3.1/thumb/v7e-m+fp/hard/crti.o
 .data          0x00000000        0x4 d:/2.30/share/armgcc/bin/../lib/gcc/arm-none-eabi/9.3.1/thumb/v7e-m+fp/hard/crtbegin.o
 .text          0x00000000       0x7c d:/2.30/share/armgcc/bin/../lib/gcc/arm-none-eabi/9.3.1/../../../../arm-none-eabi/lib/thumb/v7e-m+fp/hard/crt0.o
 .data          0x00000000        0x0 d:/2.30/share/armgcc/bin/../lib/gcc/arm-none-eabi/9.3.1/../../../../arm-none-eabi/lib/thumb/v7e-m+fp/hard/crt0.o
 .bss           0x00000000        0x0 d:/2.30/share/armgcc/bin/../lib/gcc/arm-none-eabi/9.3.1/../../../../arm-none-eabi/lib/thumb/v7e-m+fp/hard/crt0.o
 .ARM.extab     0x00000000        0x0 d:/2.30/share/armgcc/bin/../lib/gcc/arm-none-eabi/9.3.1/../../../../arm-none-eabi/lib/thumb/v7e-m+fp/hard/crt0.o
 .ARM.exidx     0x00000000       0x10 d:/2.30/share/armgcc/bin/../lib/gcc/arm-none-eabi/9.3.1/../../../../arm-none-eabi/lib/thumb/v7e-m+fp/hard/crt0.o
 .ARM.attributes
                0x00000000       0x1c d:/2.30/share/armgcc/bin/../lib/gcc/arm-none-eabi/9.3.1/../../../../arm-none-eabi/lib/thumb/v7e-m+fp/hard/crt0.o
 .text          0x00000000       0x14 obj\debugram\src\startup_stm32f401xc.o
 .data          0x00000000        0x0 obj\debugram\src\startup_stm32f401xc.o
 .bss           0x00000000        0x0 obj\debugram\src\startup_stm32f401xc.o
 .text          0x00000000        0x0 obj\debugram\external\mpu9250\mpu9250.o
 .data          0x00000000        0x0 obj\debugram\external\mpu9250\mpu9250.o
 .bss           0x00000000        0x0 obj\debugram\external\mpu9250\mpu9250.o
 .data.PrescalerTable
                0x00000000       0x10 obj\debugram\external\mpu9250\mpu9250.o
 .rodata.BYPASS_EN
                0x00000000        0x1 obj\debugram\external\mpu9250\mpu9250.o
 .rodata.CLOCK_SEL_PLL
                0x00000000        0x1 obj\debugram\external\mpu9250\mpu9250.o
 .rodata.I2C_MASTER_DS
                0x00000000        0x1 obj\debugram\external\mpu9250\mpu9250.o
 .rodata.PWR_RESET
                0x00000000        0x1 obj\debugram\external\mpu9250\mpu9250.o
 .rodata.AK8963_PWR_DOWN
                0x00000000        0x1 obj\debugram\external\mpu9250\mpu9250.o
 .rodata.AK8963_RESET
                0x00000000        0x1 obj\debugram\external\mpu9250\mpu9250.o
 .rodata.AK8963_FUSE_ROM
                0x00000000        0x1 obj\debugram\external\mpu9250\mpu9250.o
 .text.MPU_GyroscopeCalibration
                0x00000000       0xdc obj\debugram\external\mpu9250\mpu9250.o
 .text          0x00000000        0x0 obj\debugram\external\ssd1306\fonts.o
 .data          0x00000000        0x0 obj\debugram\external\ssd1306\fonts.o
 .bss           0x00000000        0x0 obj\debugram\external\ssd1306\fonts.o
 .debug_info    0x00000000      0x9f7 obj\debugram\external\ssd1306\fonts.o
 .debug_abbrev  0x00000000      0x1b8 obj\debugram\external\ssd1306\fonts.o
 .debug_aranges
                0x00000000       0x18 obj\debugram\external\ssd1306\fonts.o
 .debug_line    0x00000000      0x154 obj\debugram\external\ssd1306\fonts.o
 .debug_str     0x00000000      0x626 obj\debugram\external\ssd1306\fonts.o
 .comment       0x00000000       0x4d obj\debugram\external\ssd1306\fonts.o
 .ARM.attributes
                0x00000000       0x39 obj\debugram\external\ssd1306\fonts.o
 .text          0x00000000        0x0 obj\debugram\external\ssd1306\images.o
 .data          0x00000000        0x0 obj\debugram\external\ssd1306\images.o
 .bss           0x00000000        0x0 obj\debugram\external\ssd1306\images.o
 .data.PrescalerTable
                0x00000000       0x10 obj\debugram\external\ssd1306\images.o
 .debug_info    0x00000000      0xcae obj\debugram\external\ssd1306\images.o
 .debug_abbrev  0x00000000      0x203 obj\debugram\external\ssd1306\images.o
 .debug_aranges
                0x00000000       0x18 obj\debugram\external\ssd1306\images.o
 .debug_line    0x00000000      0x1cb obj\debugram\external\ssd1306\images.o
 .debug_str     0x00000000      0x7e2 obj\debugram\external\ssd1306\images.o
 .comment       0x00000000       0x4d obj\debugram\external\ssd1306\images.o
 .ARM.attributes
                0x00000000       0x39 obj\debugram\external\ssd1306\images.o
 .text          0x00000000        0x0 obj\debugram\external\ssd1306\ssd1306.o
 .data          0x00000000        0x0 obj\debugram\external\ssd1306\ssd1306.o
 .bss           0x00000000        0x0 obj\debugram\external\ssd1306\ssd1306.o
 .data.PrescalerTable
                0x00000000       0x10 obj\debugram\external\ssd1306\ssd1306.o
 .debug_info    0x00000000      0xcae obj\debugram\external\ssd1306\ssd1306.o
 .debug_abbrev  0x00000000      0x203 obj\debugram\external\ssd1306\ssd1306.o
 .debug_aranges
                0x00000000       0x18 obj\debugram\external\ssd1306\ssd1306.o
 .debug_line    0x00000000      0x1cb obj\debugram\external\ssd1306\ssd1306.o
 .debug_str     0x00000000      0x7e3 obj\debugram\external\ssd1306\ssd1306.o
 .comment       0x00000000       0x4d obj\debugram\external\ssd1306\ssd1306.o
 .ARM.attributes
                0x00000000       0x39 obj\debugram\external\ssd1306\ssd1306.o
 .text          0x00000000        0x0 obj\debugram\external\ssd1306\ssd1306_i2c.o
 .data          0x00000000        0x0 obj\debugram\external\ssd1306\ssd1306_i2c.o
 .bss           0x00000000        0x0 obj\debugram\external\ssd1306\ssd1306_i2c.o
 .data.PrescalerTable
                0x00000000       0x10 obj\debugram\external\ssd1306\ssd1306_i2c.o
 .debug_info    0x00000000      0xcae obj\debugram\external\ssd1306\ssd1306_i2c.o
 .debug_abbrev  0x00000000      0x203 obj\debugram\external\ssd1306\ssd1306_i2c.o
 .debug_aranges
                0x00000000       0x18 obj\debugram\external\ssd1306\ssd1306_i2c.o
 .debug_line    0x00000000      0x1cb obj\debugram\external\ssd1306\ssd1306_i2c.o
 .debug_str     0x00000000      0x7e7 obj\debugram\external\ssd1306\ssd1306_i2c.o
 .comment       0x00000000       0x4d obj\debugram\external\ssd1306\ssd1306_i2c.o
 .ARM.attributes
                0x00000000       0x39 obj\debugram\external\ssd1306\ssd1306_i2c.o
 .text          0x00000000        0x0 obj\debugram\fil_lib\adc.o
 .data          0x00000000        0x0 obj\debugram\fil_lib\adc.o
 .bss           0x00000000        0x0 obj\debugram\fil_lib\adc.o
 .data.PrescalerTable
                0x00000000       0x10 obj\debugram\fil_lib\adc.o
 .data.ADC_CurrentTabs
                0x00000000        0xa obj\debugram\fil_lib\adc.o
 .bss.RCH       0x00000000        0x1 obj\debugram\fil_lib\adc.o
 .bss.JCH       0x00000000        0x1 obj\debugram\fil_lib\adc.o
 .text.ADC_Init
                0x00000000      0x4e0 obj\debugram\fil_lib\adc.o
 .text.SetMulriplexer_State
                0x00000000      0x118 obj\debugram\fil_lib\adc.o
 .bss.NumPort   0x00000000        0x4 obj\debugram\fil_lib\adc.o
 .text.ADC_Multiplexer_Get
                0x00000000       0x9c obj\debugram\fil_lib\adc.o
 .text.AnalogReadRegular
                0x00000000       0x64 obj\debugram\fil_lib\adc.o
 .text.AnalogReadInjected
                0x00000000       0x16 obj\debugram\fil_lib\adc.o
 .text          0x00000000        0x0 obj\debugram\fil_lib\dma.o
 .data          0x00000000        0x0 obj\debugram\fil_lib\dma.o
 .bss           0x00000000        0x0 obj\debugram\fil_lib\dma.o
 .data.PrescalerTable
                0x00000000       0x10 obj\debugram\fil_lib\dma.o
 .debug_info    0x00000000      0xcae obj\debugram\fil_lib\dma.o
 .debug_abbrev  0x00000000      0x203 obj\debugram\fil_lib\dma.o
 .debug_aranges
                0x00000000       0x18 obj\debugram\fil_lib\dma.o
 .debug_line    0x00000000      0x1c9 obj\debugram\fil_lib\dma.o
 .debug_str     0x00000000      0x7d6 obj\debugram\fil_lib\dma.o
 .comment       0x00000000       0x4d obj\debugram\fil_lib\dma.o
 .ARM.attributes
                0x00000000       0x39 obj\debugram\fil_lib\dma.o
 .text          0x00000000        0x0 obj\debugram\fil_lib\exti.o
 .data          0x00000000        0x0 obj\debugram\fil_lib\exti.o
 .bss           0x00000000        0x0 obj\debugram\fil_lib\exti.o
 .data.PrescalerTable
                0x00000000       0x10 obj\debugram\fil_lib\exti.o
 .debug_info    0x00000000      0xcae obj\debugram\fil_lib\exti.o
 .debug_abbrev  0x00000000      0x203 obj\debugram\fil_lib\exti.o
 .debug_aranges
                0x00000000       0x18 obj\debugram\fil_lib\exti.o
 .debug_line    0x00000000      0x1c9 obj\debugram\fil_lib\exti.o
 .debug_str     0x00000000      0x7d7 obj\debugram\fil_lib\exti.o
 .comment       0x00000000       0x4d obj\debugram\fil_lib\exti.o
 .ARM.attributes
                0x00000000       0x39 obj\debugram\fil_lib\exti.o
 .text          0x00000000        0x0 obj\debugram\fil_lib\freertos_lib\croutine.o
 .data          0x00000000        0x0 obj\debugram\fil_lib\freertos_lib\croutine.o
 .bss           0x00000000        0x0 obj\debugram\fil_lib\freertos_lib\croutine.o
 .debug_info    0x00000000       0xc0 obj\debugram\fil_lib\freertos_lib\croutine.o
 .debug_abbrev  0x00000000       0x62 obj\debugram\fil_lib\freertos_lib\croutine.o
 .debug_aranges
                0x00000000       0x18 obj\debugram\fil_lib\freertos_lib\croutine.o
 .debug_line    0x00000000       0xd2 obj\debugram\fil_lib\freertos_lib\croutine.o
 .debug_str     0x00000000      0x1e7 obj\debugram\fil_lib\freertos_lib\croutine.o
 .comment       0x00000000       0x4d obj\debugram\fil_lib\freertos_lib\croutine.o
 .ARM.attributes
                0x00000000       0x39 obj\debugram\fil_lib\freertos_lib\croutine.o
 .text          0x00000000        0x0 obj\debugram\fil_lib\freertos_lib\event_groups.o
 .data          0x00000000        0x0 obj\debugram\fil_lib\freertos_lib\event_groups.o
 .bss           0x00000000        0x0 obj\debugram\fil_lib\freertos_lib\event_groups.o
 .debug_info    0x00000000      0x967 obj\debugram\fil_lib\freertos_lib\event_groups.o
 .debug_abbrev  0x00000000      0x1b8 obj\debugram\fil_lib\freertos_lib\event_groups.o
 .debug_aranges
                0x00000000       0x18 obj\debugram\fil_lib\freertos_lib\event_groups.o
 .debug_line    0x00000000      0x16f obj\debugram\fil_lib\freertos_lib\event_groups.o
 .debug_str     0x00000000      0x5d1 obj\debugram\fil_lib\freertos_lib\event_groups.o
 .comment       0x00000000       0x4d obj\debugram\fil_lib\freertos_lib\event_groups.o
 .ARM.attributes
                0x00000000       0x39 obj\debugram\fil_lib\freertos_lib\event_groups.o
 .text          0x00000000        0x0 obj\debugram\fil_lib\freertos_lib\heap_2.o
 .data          0x00000000        0x0 obj\debugram\fil_lib\freertos_lib\heap_2.o
 .bss           0x00000000        0x0 obj\debugram\fil_lib\freertos_lib\heap_2.o
 .bss.ucHeap    0x00000000    0x12c00 obj\debugram\fil_lib\freertos_lib\heap_2.o
 .rodata.heapSTRUCT_SIZE
                0x00000000        0x2 obj\debugram\fil_lib\freertos_lib\heap_2.o
 .bss.xStart    0x00000000        0x8 obj\debugram\fil_lib\freertos_lib\heap_2.o
 .bss.xEnd      0x00000000        0x8 obj\debugram\fil_lib\freertos_lib\heap_2.o
 .data.xFreeBytesRemaining
                0x00000000        0x4 obj\debugram\fil_lib\freertos_lib\heap_2.o
 .text.pvPortMalloc
                0x00000000      0x164 obj\debugram\fil_lib\freertos_lib\heap_2.o
 .text.vPortFree
                0x00000000       0x74 obj\debugram\fil_lib\freertos_lib\heap_2.o
 .text.xPortGetFreeHeapSize
                0x00000000       0x18 obj\debugram\fil_lib\freertos_lib\heap_2.o
 .text.vPortInitialiseBlocks
                0x00000000        0xe obj\debugram\fil_lib\freertos_lib\heap_2.o
 .text.prvHeapInit
                0x00000000       0x54 obj\debugram\fil_lib\freertos_lib\heap_2.o
 .bss.xHeapHasBeenInitialised.8100
                0x00000000        0x4 obj\debugram\fil_lib\freertos_lib\heap_2.o
 .debug_info    0x00000000      0xc24 obj\debugram\fil_lib\freertos_lib\heap_2.o
 .debug_abbrev  0x00000000      0x305 obj\debugram\fil_lib\freertos_lib\heap_2.o
 .debug_aranges
                0x00000000       0x40 obj\debugram\fil_lib\freertos_lib\heap_2.o
 .debug_ranges  0x00000000       0x30 obj\debugram\fil_lib\freertos_lib\heap_2.o
 .debug_line    0x00000000      0x344 obj\debugram\fil_lib\freertos_lib\heap_2.o
 .debug_str     0x00000000      0x77e obj\debugram\fil_lib\freertos_lib\heap_2.o
 .comment       0x00000000       0x4d obj\debugram\fil_lib\freertos_lib\heap_2.o
 .debug_frame   0x00000000       0xc0 obj\debugram\fil_lib\freertos_lib\heap_2.o
 .ARM.attributes
                0x00000000       0x34 obj\debugram\fil_lib\freertos_lib\heap_2.o
 .text          0x00000000        0x0 obj\debugram\fil_lib\freertos_lib\list.o
 .data          0x00000000        0x0 obj\debugram\fil_lib\freertos_lib\list.o
 .bss           0x00000000        0x0 obj\debugram\fil_lib\freertos_lib\list.o
 .text.vListInitialise
                0x00000000       0x40 obj\debugram\fil_lib\freertos_lib\list.o
 .text.vListInitialiseItem
                0x00000000       0x1a obj\debugram\fil_lib\freertos_lib\list.o
 .text.vListInsertEnd
                0x00000000       0x48 obj\debugram\fil_lib\freertos_lib\list.o
 .text.vListInsert
                0x00000000       0x72 obj\debugram\fil_lib\freertos_lib\list.o
 .text.uxListRemove
                0x00000000       0x54 obj\debugram\fil_lib\freertos_lib\list.o
 .debug_info    0x00000000      0xba8 obj\debugram\fil_lib\freertos_lib\list.o
 .debug_abbrev  0x00000000      0x232 obj\debugram\fil_lib\freertos_lib\list.o
 .debug_aranges
                0x00000000       0x40 obj\debugram\fil_lib\freertos_lib\list.o
 .debug_ranges  0x00000000       0x30 obj\debugram\fil_lib\freertos_lib\list.o
 .debug_line    0x00000000      0x2c2 obj\debugram\fil_lib\freertos_lib\list.o
 .debug_str     0x00000000      0x708 obj\debugram\fil_lib\freertos_lib\list.o
 .comment       0x00000000       0x4d obj\debugram\fil_lib\freertos_lib\list.o
 .debug_frame   0x00000000       0xd8 obj\debugram\fil_lib\freertos_lib\list.o
 .ARM.attributes
                0x00000000       0x34 obj\debugram\fil_lib\freertos_lib\list.o
 .text          0x00000000        0x0 obj\debugram\fil_lib\freertos_lib\port.o
 .data          0x00000000        0x0 obj\debugram\fil_lib\freertos_lib\port.o
 .bss           0x00000000        0x0 obj\debugram\fil_lib\freertos_lib\port.o
 .debug_info    0x00000000       0xc0 obj\debugram\fil_lib\freertos_lib\port.o
 .debug_abbrev  0x00000000       0x62 obj\debugram\fil_lib\freertos_lib\port.o
 .debug_aranges
                0x00000000       0x18 obj\debugram\fil_lib\freertos_lib\port.o
 .debug_line    0x00000000       0xd2 obj\debugram\fil_lib\freertos_lib\port.o
 .debug_str     0x00000000      0x1e3 obj\debugram\fil_lib\freertos_lib\port.o
 .comment       0x00000000       0x4d obj\debugram\fil_lib\freertos_lib\port.o
 .ARM.attributes
                0x00000000       0x39 obj\debugram\fil_lib\freertos_lib\port.o
 .text          0x00000000        0x0 obj\debugram\fil_lib\freertos_lib\queue.o
 .data          0x00000000        0x0 obj\debugram\fil_lib\freertos_lib\queue.o
 .bss           0x00000000        0x0 obj\debugram\fil_lib\freertos_lib\queue.o
 .text.xQueueGenericReset
                0x00000000       0xd0 obj\debugram\fil_lib\freertos_lib\queue.o
 .text.xQueueGenericCreate
                0x00000000       0xbe obj\debugram\fil_lib\freertos_lib\queue.o
 .text.prvInitialiseNewQueue
                0x00000000       0x46 obj\debugram\fil_lib\freertos_lib\queue.o
 .text.prvInitialiseMutex
                0x00000000       0x34 obj\debugram\fil_lib\freertos_lib\queue.o
 .text.xQueueCreateMutex
                0x00000000       0x30 obj\debugram\fil_lib\freertos_lib\queue.o
 .text.xQueueGiveMutexRecursive
                0x00000000       0x68 obj\debugram\fil_lib\freertos_lib\queue.o
 .text.xQueueTakeMutexRecursive
                0x00000000       0x6c obj\debugram\fil_lib\freertos_lib\queue.o
 .text.xQueueCreateCountingSemaphore
                0x00000000       0x66 obj\debugram\fil_lib\freertos_lib\queue.o
 .text.xQueueGenericSend
                0x00000000      0x1fc obj\debugram\fil_lib\freertos_lib\queue.o
 .text.xQueueGenericSendFromISR
                0x00000000      0x154 obj\debugram\fil_lib\freertos_lib\queue.o
 .text.xQueueGiveFromISR
                0x00000000      0x138 obj\debugram\fil_lib\freertos_lib\queue.o
 .text.xQueueReceive
                0x00000000      0x1c0 obj\debugram\fil_lib\freertos_lib\queue.o
 .text.xQueueSemaphoreTake
                0x00000000      0x218 obj\debugram\fil_lib\freertos_lib\queue.o
 .text.xQueuePeek
                0x00000000      0x1c4 obj\debugram\fil_lib\freertos_lib\queue.o
 .text.xQueueReceiveFromISR
                0x00000000      0x11e obj\debugram\fil_lib\freertos_lib\queue.o
 .text.xQueuePeekFromISR
                0x00000000       0xd2 obj\debugram\fil_lib\freertos_lib\queue.o
 .text.uxQueueMessagesWaiting
                0x00000000       0x3c obj\debugram\fil_lib\freertos_lib\queue.o
 .text.uxQueueSpacesAvailable
                0x00000000       0x46 obj\debugram\fil_lib\freertos_lib\queue.o
 .text.uxQueueMessagesWaitingFromISR
                0x00000000       0x3c obj\debugram\fil_lib\freertos_lib\queue.o
 .text.vQueueDelete
                0x00000000       0x3c obj\debugram\fil_lib\freertos_lib\queue.o
 .text.uxQueueGetQueueNumber
                0x00000000       0x18 obj\debugram\fil_lib\freertos_lib\queue.o
 .text.vQueueSetQueueNumber
                0x00000000       0x1c obj\debugram\fil_lib\freertos_lib\queue.o
 .text.ucQueueGetQueueType
                0x00000000       0x1a obj\debugram\fil_lib\freertos_lib\queue.o
 .text.prvGetDisinheritPriorityAfterTimeout
                0x00000000       0x30 obj\debugram\fil_lib\freertos_lib\queue.o
 .text.prvCopyDataToQueue
                0x00000000       0xd4 obj\debugram\fil_lib\freertos_lib\queue.o
 .text.prvCopyDataFromQueue
                0x00000000       0x4c obj\debugram\fil_lib\freertos_lib\queue.o
 .text.prvUnlockQueue
                0x00000000       0xa4 obj\debugram\fil_lib\freertos_lib\queue.o
 .text.prvIsQueueEmpty
                0x00000000       0x2c obj\debugram\fil_lib\freertos_lib\queue.o
 .text.xQueueIsQueueEmptyFromISR
                0x00000000       0x48 obj\debugram\fil_lib\freertos_lib\queue.o
 .text.prvIsQueueFull
                0x00000000       0x30 obj\debugram\fil_lib\freertos_lib\queue.o
 .text.xQueueIsQueueFullFromISR
                0x00000000       0x4c obj\debugram\fil_lib\freertos_lib\queue.o
 .text.vQueueAddToRegistry
                0x00000000       0x54 obj\debugram\fil_lib\freertos_lib\queue.o
 .text.pcQueueGetName
                0x00000000       0x4c obj\debugram\fil_lib\freertos_lib\queue.o
 .text.vQueueUnregisterQueue
                0x00000000       0x54 obj\debugram\fil_lib\freertos_lib\queue.o
 .text.vQueueWaitForMessageRestricted
                0x00000000       0x68 obj\debugram\fil_lib\freertos_lib\queue.o
 .debug_info    0x00000000     0x2005 obj\debugram\fil_lib\freertos_lib\queue.o
 .debug_abbrev  0x00000000      0x36e obj\debugram\fil_lib\freertos_lib\queue.o
 .debug_aranges
                0x00000000      0x130 obj\debugram\fil_lib\freertos_lib\queue.o
 .debug_ranges  0x00000000      0x120 obj\debugram\fil_lib\freertos_lib\queue.o
 .debug_line    0x00000000     0x1139 obj\debugram\fil_lib\freertos_lib\queue.o
 .debug_str     0x00000000      0xdb9 obj\debugram\fil_lib\freertos_lib\queue.o
 .comment       0x00000000       0x4d obj\debugram\fil_lib\freertos_lib\queue.o
 .debug_frame   0x00000000      0x534 obj\debugram\fil_lib\freertos_lib\queue.o
 .ARM.attributes
                0x00000000       0x34 obj\debugram\fil_lib\freertos_lib\queue.o
 COMMON         0x00000000       0x40 obj\debugram\fil_lib\freertos_lib\queue.o
 .text          0x00000000        0x0 obj\debugram\fil_lib\freertos_lib\stream_buffer.o
 .data          0x00000000        0x0 obj\debugram\fil_lib\freertos_lib\stream_buffer.o
 .bss           0x00000000        0x0 obj\debugram\fil_lib\freertos_lib\stream_buffer.o
 .text.xStreamBufferGenericCreate
                0x00000000       0xc4 obj\debugram\fil_lib\freertos_lib\stream_buffer.o
 .text.vStreamBufferDelete
                0x00000000       0x4e obj\debugram\fil_lib\freertos_lib\stream_buffer.o
 .text.xStreamBufferReset
                0x00000000       0x78 obj\debugram\fil_lib\freertos_lib\stream_buffer.o
 .text.xStreamBufferSetTriggerLevel
                0x00000000       0x5c obj\debugram\fil_lib\freertos_lib\stream_buffer.o
 .text.xStreamBufferSpacesAvailable
                0x00000000       0x66 obj\debugram\fil_lib\freertos_lib\stream_buffer.o
 .text.xStreamBufferBytesAvailable
                0x00000000       0x3a obj\debugram\fil_lib\freertos_lib\stream_buffer.o
 .text.xStreamBufferSend
                0x00000000      0x196 obj\debugram\fil_lib\freertos_lib\stream_buffer.o
 .text.xStreamBufferSendFromISR
                0x00000000       0xe6 obj\debugram\fil_lib\freertos_lib\stream_buffer.o
 .text.prvWriteMessageToBuffer
                0x00000000       0x7a obj\debugram\fil_lib\freertos_lib\stream_buffer.o
 .text.xStreamBufferReceive
                0x00000000      0x134 obj\debugram\fil_lib\freertos_lib\stream_buffer.o
 .text.xStreamBufferNextMessageLengthBytes
                0x00000000       0x92 obj\debugram\fil_lib\freertos_lib\stream_buffer.o
 .text.xStreamBufferReceiveFromISR
                0x00000000       0xe2 obj\debugram\fil_lib\freertos_lib\stream_buffer.o
 .text.prvReadMessageFromBuffer
                0x00000000       0x64 obj\debugram\fil_lib\freertos_lib\stream_buffer.o
 .text.xStreamBufferIsEmpty
                0x00000000       0x50 obj\debugram\fil_lib\freertos_lib\stream_buffer.o
 .text.xStreamBufferIsFull
                0x00000000       0x60 obj\debugram\fil_lib\freertos_lib\stream_buffer.o
 .text.xStreamBufferSendCompletedFromISR
                0x00000000       0x8a obj\debugram\fil_lib\freertos_lib\stream_buffer.o
 .text.xStreamBufferReceiveCompletedFromISR
                0x00000000       0x8a obj\debugram\fil_lib\freertos_lib\stream_buffer.o
 .text.prvWriteBytesToBuffer
                0x00000000       0xe4 obj\debugram\fil_lib\freertos_lib\stream_buffer.o
 .text.prvReadBytesFromBuffer
                0x00000000       0xf4 obj\debugram\fil_lib\freertos_lib\stream_buffer.o
 .text.prvBytesInBuffer
                0x00000000       0x40 obj\debugram\fil_lib\freertos_lib\stream_buffer.o
 .text.prvInitialiseNewStreamBuffer
                0x00000000       0x66 obj\debugram\fil_lib\freertos_lib\stream_buffer.o
 .text.uxStreamBufferGetStreamBufferNumber
                0x00000000       0x18 obj\debugram\fil_lib\freertos_lib\stream_buffer.o
 .text.vStreamBufferSetStreamBufferNumber
                0x00000000       0x1c obj\debugram\fil_lib\freertos_lib\stream_buffer.o
 .text.ucStreamBufferGetStreamBufferType
                0x00000000       0x1e obj\debugram\fil_lib\freertos_lib\stream_buffer.o
 .debug_info    0x00000000     0x1a38 obj\debugram\fil_lib\freertos_lib\stream_buffer.o
 .debug_abbrev  0x00000000      0x3ca obj\debugram\fil_lib\freertos_lib\stream_buffer.o
 .debug_aranges
                0x00000000       0xd8 obj\debugram\fil_lib\freertos_lib\stream_buffer.o
 .debug_ranges  0x00000000       0xc8 obj\debugram\fil_lib\freertos_lib\stream_buffer.o
 .debug_line    0x00000000      0xa83 obj\debugram\fil_lib\freertos_lib\stream_buffer.o
 .debug_str     0x00000000      0xc12 obj\debugram\fil_lib\freertos_lib\stream_buffer.o
 .comment       0x00000000       0x4d obj\debugram\fil_lib\freertos_lib\stream_buffer.o
 .debug_frame   0x00000000      0x3a8 obj\debugram\fil_lib\freertos_lib\stream_buffer.o
 .ARM.attributes
                0x00000000       0x34 obj\debugram\fil_lib\freertos_lib\stream_buffer.o
 .text          0x00000000        0x0 obj\debugram\fil_lib\freertos_lib\tasks.o
 .data          0x00000000        0x0 obj\debugram\fil_lib\freertos_lib\tasks.o
 .bss           0x00000000        0x0 obj\debugram\fil_lib\freertos_lib\tasks.o
 .debug_info    0x00000000      0x967 obj\debugram\fil_lib\freertos_lib\tasks.o
 .debug_abbrev  0x00000000      0x1b8 obj\debugram\fil_lib\freertos_lib\tasks.o
 .debug_aranges
                0x00000000       0x18 obj\debugram\fil_lib\freertos_lib\tasks.o
 .debug_line    0x00000000      0x16f obj\debugram\fil_lib\freertos_lib\tasks.o
 .debug_str     0x00000000      0x5ca obj\debugram\fil_lib\freertos_lib\tasks.o
 .comment       0x00000000       0x4d obj\debugram\fil_lib\freertos_lib\tasks.o
 .ARM.attributes
                0x00000000       0x39 obj\debugram\fil_lib\freertos_lib\tasks.o
 .text          0x00000000        0x0 obj\debugram\fil_lib\freertos_lib\timers.o
 .data          0x00000000        0x0 obj\debugram\fil_lib\freertos_lib\timers.o
 .bss           0x00000000        0x0 obj\debugram\fil_lib\freertos_lib\timers.o
 .debug_info    0x00000000      0x967 obj\debugram\fil_lib\freertos_lib\timers.o
 .debug_abbrev  0x00000000      0x1b8 obj\debugram\fil_lib\freertos_lib\timers.o
 .debug_aranges
                0x00000000       0x18 obj\debugram\fil_lib\freertos_lib\timers.o
 .debug_line    0x00000000      0x16f obj\debugram\fil_lib\freertos_lib\timers.o
 .debug_str     0x00000000      0x5cb obj\debugram\fil_lib\freertos_lib\timers.o
 .comment       0x00000000       0x4d obj\debugram\fil_lib\freertos_lib\timers.o
 .ARM.attributes
                0x00000000       0x39 obj\debugram\fil_lib\freertos_lib\timers.o
 .text          0x00000000        0x0 obj\debugram\fil_lib\i2c.o
 .data          0x00000000        0x0 obj\debugram\fil_lib\i2c.o
 .bss           0x00000000        0x0 obj\debugram\fil_lib\i2c.o
 .data.PrescalerTable
                0x00000000       0x10 obj\debugram\fil_lib\i2c.o
 .text.I2C_SingleSend
                0x00000000       0x7c obj\debugram\fil_lib\i2c.o
 .text.I2C_MultipleSend
                0x00000000       0x90 obj\debugram\fil_lib\i2c.o
 .text.I2C_SingleRead
                0x00000000       0x44 obj\debugram\fil_lib\i2c.o
 .text.I2C_MultipleRead
                0x00000000       0x7c obj\debugram\fil_lib\i2c.o
 .text.I2CFindDevices
                0x00000000      0x160 obj\debugram\fil_lib\i2c.o
 .text          0x00000000        0x0 obj\debugram\fil_lib\matrix.o
 .data          0x00000000        0x0 obj\debugram\fil_lib\matrix.o
 .bss           0x00000000        0x0 obj\debugram\fil_lib\matrix.o
 .debug_line    0x00000000        0x0 obj\debugram\fil_lib\matrix.o
 .debug_str     0x00000000      0x100 obj\debugram\fil_lib\matrix.o
 .comment       0x00000000       0x4d obj\debugram\fil_lib\matrix.o
 .ARM.attributes
                0x00000000       0x39 obj\debugram\fil_lib\matrix.o
 .text          0x00000000        0x0 obj\debugram\fil_lib\rcc.o
 .data          0x00000000        0x0 obj\debugram\fil_lib\rcc.o
 .bss           0x00000000        0x0 obj\debugram\fil_lib\rcc.o
 .text          0x00000000        0x0 obj\debugram\fil_lib\regulators.o
 .data          0x00000000        0x0 obj\debugram\fil_lib\regulators.o
 .bss           0x00000000        0x0 obj\debugram\fil_lib\regulators.o
 .data.PrescalerTable
                0x00000000       0x10 obj\debugram\fil_lib\regulators.o
 .bss.EnginePWM
                0x00000000        0x4 obj\debugram\fil_lib\regulators.o
 .text.Regulator_PID_init
                0x00000000       0x90 obj\debugram\fil_lib\regulators.o
 .text.PID_Calc
                0x00000000      0x1f6 obj\debugram\fil_lib\regulators.o
 .text.PID_Parse_EncoderData
                0x00000000       0x64 obj\debugram\fil_lib\regulators.o
 .text.RegulatorPIDLowLevel
                0x00000000       0x8c obj\debugram\fil_lib\regulators.o
 .debug_info    0x00000000     0x106d obj\debugram\fil_lib\regulators.o
 .debug_abbrev  0x00000000      0x277 obj\debugram\fil_lib\regulators.o
 .debug_aranges
                0x00000000       0x38 obj\debugram\fil_lib\regulators.o
 .debug_ranges  0x00000000       0x28 obj\debugram\fil_lib\regulators.o
 .debug_line    0x00000000      0x3b1 obj\debugram\fil_lib\regulators.o
 .debug_str     0x00000000      0x9d6 obj\debugram\fil_lib\regulators.o
 .comment       0x00000000       0x4d obj\debugram\fil_lib\regulators.o
 .debug_frame   0x00000000       0x9c obj\debugram\fil_lib\regulators.o
 .ARM.attributes
                0x00000000       0x34 obj\debugram\fil_lib\regulators.o
 COMMON         0x00000000       0x48 obj\debugram\fil_lib\regulators.o
 .text          0x00000000        0x0 obj\debugram\fil_lib\rtc.o
 .data          0x00000000        0x0 obj\debugram\fil_lib\rtc.o
 .bss           0x00000000        0x0 obj\debugram\fil_lib\rtc.o
 .data.PrescalerTable
                0x00000000       0x10 obj\debugram\fil_lib\rtc.o
 .debug_info    0x00000000      0xcae obj\debugram\fil_lib\rtc.o
 .debug_abbrev  0x00000000      0x203 obj\debugram\fil_lib\rtc.o
 .debug_aranges
                0x00000000       0x18 obj\debugram\fil_lib\rtc.o
 .debug_line    0x00000000      0x1c9 obj\debugram\fil_lib\rtc.o
 .debug_str     0x00000000      0x7d6 obj\debugram\fil_lib\rtc.o
 .comment       0x00000000       0x4d obj\debugram\fil_lib\rtc.o
 .ARM.attributes
                0x00000000       0x39 obj\debugram\fil_lib\rtc.o
 .text          0x00000000        0x0 obj\debugram\fil_lib\tim.o
 .data          0x00000000        0x0 obj\debugram\fil_lib\tim.o
 .bss           0x00000000        0x0 obj\debugram\fil_lib\tim.o
 .data.PrescalerTable
                0x00000000       0x10 obj\debugram\fil_lib\tim.o
 .text.TIM1_IRQHandler
                0x00000000       0x18 obj\debugram\fil_lib\tim.o
 .text.delay_sec
                0x00000000       0x54 obj\debugram\fil_lib\tim.o
 .text.CalcTimStatus
                0x00000000      0x118 obj\debugram\fil_lib\tim.o
 .text.CalcTimPulseLength
                0x00000000      0x164 obj\debugram\fil_lib\tim.o
 .text.SetPWM   0x00000000       0x9c obj\debugram\fil_lib\tim.o
 .bss.startInterval
                0x00000000        0x4 obj\debugram\fil_lib\tim.o
 .bss.endInterval
                0x00000000        0x4 obj\debugram\fil_lib\tim.o
 .text.StartMeas
                0x00000000       0x30 obj\debugram\fil_lib\tim.o
 .text.EndMeas  0x00000000       0x38 obj\debugram\fil_lib\tim.o
 .text          0x00000000        0x0 obj\debugram\fil_lib\usart.o
 .data          0x00000000        0x0 obj\debugram\fil_lib\usart.o
 .bss           0x00000000        0x0 obj\debugram\fil_lib\usart.o
 .data.PrescalerTable
                0x00000000       0x10 obj\debugram\fil_lib\usart.o
 .text          0x00000000        0x0 obj\debugram\src\main.o
 .data          0x00000000        0x0 obj\debugram\src\main.o
 .bss           0x00000000        0x0 obj\debugram\src\main.o
 .data.PrescalerTable
                0x00000000       0x10 obj\debugram\src\main.o
 .text          0x00000000        0x0 obj\debugram\dev\dev.o
 .data          0x00000000        0x0 obj\debugram\dev\dev.o
 .bss           0x00000000        0x0 obj\debugram\dev\dev.o
 .data.PrescalerTable
                0x00000000       0x10 obj\debugram\dev\dev.o
 .text.SetVoltage
                0x00000000       0x54 obj\debugram\dev\dev.o
 .text.ServoInit
                0x00000000       0x78 obj\debugram\dev\dev.o
 .text.ServoSetRange
                0x00000000       0x32 obj\debugram\dev\dev.o
 .text.SetServoAngle
                0x00000000       0xec obj\debugram\dev\dev.o
 .debug_info    0x00000000     0x1077 obj\debugram\dev\dev.o
 .debug_abbrev  0x00000000      0x274 obj\debugram\dev\dev.o
 .debug_aranges
                0x00000000       0x38 obj\debugram\dev\dev.o
 .debug_ranges  0x00000000       0x28 obj\debugram\dev\dev.o
 .debug_line    0x00000000      0x307 obj\debugram\dev\dev.o
 .debug_str     0x00000000      0x963 obj\debugram\dev\dev.o
 .comment       0x00000000       0x4d obj\debugram\dev\dev.o
 .debug_frame   0x00000000       0xac obj\debugram\dev\dev.o
 .ARM.attributes
                0x00000000       0x34 obj\debugram\dev\dev.o
 .text          0x00000000        0x0 obj\debugram\src\system_stm32f4xx.o
 .data          0x00000000        0x0 obj\debugram\src\system_stm32f4xx.o
 .bss           0x00000000        0x0 obj\debugram\src\system_stm32f4xx.o
 .data.SystemCoreClock
                0x00000000        0x4 obj\debugram\src\system_stm32f4xx.o
 .data.AHBPrescTable
                0x00000000       0x10 obj\debugram\src\system_stm32f4xx.o
 .text.SystemCoreClockUpdate
                0x00000000      0x104 obj\debugram\src\system_stm32f4xx.o
 .text          0x00000000      0x254 d:/2.30/share/armgcc/bin/../lib/gcc/arm-none-eabi/9.3.1/thumb/v7e-m+fp/hard\libgcc.a(_arm_muldf3.o)
 .data          0x00000000        0x0 d:/2.30/share/armgcc/bin/../lib/gcc/arm-none-eabi/9.3.1/thumb/v7e-m+fp/hard\libgcc.a(_arm_muldf3.o)
 .bss           0x00000000        0x0 d:/2.30/share/armgcc/bin/../lib/gcc/arm-none-eabi/9.3.1/thumb/v7e-m+fp/hard\libgcc.a(_arm_muldf3.o)
 .debug_frame   0x00000000       0x30 d:/2.30/share/armgcc/bin/../lib/gcc/arm-none-eabi/9.3.1/thumb/v7e-m+fp/hard\libgcc.a(_arm_muldf3.o)
 .ARM.attributes
                0x00000000       0x1e d:/2.30/share/armgcc/bin/../lib/gcc/arm-none-eabi/9.3.1/thumb/v7e-m+fp/hard\libgcc.a(_arm_muldf3.o)
 .data          0x00000000        0x0 d:/2.30/share/armgcc/bin/../lib/gcc/arm-none-eabi/9.3.1/thumb/v7e-m+fp/hard\libgcc.a(_arm_addsubdf3.o)
 .bss           0x00000000        0x0 d:/2.30/share/armgcc/bin/../lib/gcc/arm-none-eabi/9.3.1/thumb/v7e-m+fp/hard\libgcc.a(_arm_addsubdf3.o)
 .data          0x00000000        0x0 d:/2.30/share/armgcc/bin/../lib/gcc/arm-none-eabi/9.3.1/thumb/v7e-m+fp/hard\libgcc.a(_arm_muldivdf3.o)
 .bss           0x00000000        0x0 d:/2.30/share/armgcc/bin/../lib/gcc/arm-none-eabi/9.3.1/thumb/v7e-m+fp/hard\libgcc.a(_arm_muldivdf3.o)
 .data          0x00000000        0x0 d:/2.30/share/armgcc/bin/../lib/gcc/arm-none-eabi/9.3.1/thumb/v7e-m+fp/hard\libgcc.a(_arm_truncdfsf2.o)
 .bss           0x00000000        0x0 d:/2.30/share/armgcc/bin/../lib/gcc/arm-none-eabi/9.3.1/thumb/v7e-m+fp/hard\libgcc.a(_arm_truncdfsf2.o)
 .text          0x00000000        0x0 d:/2.30/share/armgcc/bin/../lib/gcc/arm-none-eabi/9.3.1/../../../../arm-none-eabi/lib/thumb/v7e-m+fp/hard\libg_nano.a(lib_a-exit.o)
 .data          0x00000000        0x0 d:/2.30/share/armgcc/bin/../lib/gcc/arm-none-eabi/9.3.1/../../../../arm-none-eabi/lib/thumb/v7e-m+fp/hard\libg_nano.a(lib_a-exit.o)
 .bss           0x00000000        0x0 d:/2.30/share/armgcc/bin/../lib/gcc/arm-none-eabi/9.3.1/../../../../arm-none-eabi/lib/thumb/v7e-m+fp/hard\libg_nano.a(lib_a-exit.o)
 .text.exit     0x00000000       0x28 d:/2.30/share/armgcc/bin/../lib/gcc/arm-none-eabi/9.3.1/../../../../arm-none-eabi/lib/thumb/v7e-m+fp/hard\libg_nano.a(lib_a-exit.o)
 .debug_frame   0x00000000       0x28 d:/2.30/share/armgcc/bin/../lib/gcc/arm-none-eabi/9.3.1/../../../../arm-none-eabi/lib/thumb/v7e-m+fp/hard\libg_nano.a(lib_a-exit.o)
 .ARM.attributes
                0x00000000       0x34 d:/2.30/share/armgcc/bin/../lib/gcc/arm-none-eabi/9.3.1/../../../../arm-none-eabi/lib/thumb/v7e-m+fp/hard\libg_nano.a(lib_a-exit.o)
 .text          0x00000000        0x0 d:/2.30/share/armgcc/bin/../lib/gcc/arm-none-eabi/9.3.1/../../../../arm-none-eabi/lib/thumb/v7e-m+fp/hard\libg_nano.a(lib_a-impure.o)
 .data          0x00000000        0x0 d:/2.30/share/armgcc/bin/../lib/gcc/arm-none-eabi/9.3.1/../../../../arm-none-eabi/lib/thumb/v7e-m+fp/hard\libg_nano.a(lib_a-impure.o)
 .bss           0x00000000        0x0 d:/2.30/share/armgcc/bin/../lib/gcc/arm-none-eabi/9.3.1/../../../../arm-none-eabi/lib/thumb/v7e-m+fp/hard\libg_nano.a(lib_a-impure.o)
 .data._impure_ptr
                0x00000000        0x4 d:/2.30/share/armgcc/bin/../lib/gcc/arm-none-eabi/9.3.1/../../../../arm-none-eabi/lib/thumb/v7e-m+fp/hard\libg_nano.a(lib_a-impure.o)
 .data.impure_data
                0x00000000       0x60 d:/2.30/share/armgcc/bin/../lib/gcc/arm-none-eabi/9.3.1/../../../../arm-none-eabi/lib/thumb/v7e-m+fp/hard\libg_nano.a(lib_a-impure.o)
 .rodata._global_impure_ptr
                0x00000000        0x4 d:/2.30/share/armgcc/bin/../lib/gcc/arm-none-eabi/9.3.1/../../../../arm-none-eabi/lib/thumb/v7e-m+fp/hard\libg_nano.a(lib_a-impure.o)
 .ARM.attributes
                0x00000000       0x32 d:/2.30/share/armgcc/bin/../lib/gcc/arm-none-eabi/9.3.1/../../../../arm-none-eabi/lib/thumb/v7e-m+fp/hard\libg_nano.a(lib_a-impure.o)
 .text          0x00000000        0x0 d:/2.30/share/armgcc/bin/../lib/gcc/arm-none-eabi/9.3.1/../../../../arm-none-eabi/lib/thumb/v7e-m+fp/hard\libg_nano.a(lib_a-init.o)
 .data          0x00000000        0x0 d:/2.30/share/armgcc/bin/../lib/gcc/arm-none-eabi/9.3.1/../../../../arm-none-eabi/lib/thumb/v7e-m+fp/hard\libg_nano.a(lib_a-init.o)
 .bss           0x00000000        0x0 d:/2.30/share/armgcc/bin/../lib/gcc/arm-none-eabi/9.3.1/../../../../arm-none-eabi/lib/thumb/v7e-m+fp/hard\libg_nano.a(lib_a-init.o)
 .text.__libc_init_array
                0x00000000       0x48 d:/2.30/share/armgcc/bin/../lib/gcc/arm-none-eabi/9.3.1/../../../../arm-none-eabi/lib/thumb/v7e-m+fp/hard\libg_nano.a(lib_a-init.o)
 .debug_frame   0x00000000       0x2c d:/2.30/share/armgcc/bin/../lib/gcc/arm-none-eabi/9.3.1/../../../../arm-none-eabi/lib/thumb/v7e-m+fp/hard\libg_nano.a(lib_a-init.o)
 .ARM.attributes
                0x00000000       0x34 d:/2.30/share/armgcc/bin/../lib/gcc/arm-none-eabi/9.3.1/../../../../arm-none-eabi/lib/thumb/v7e-m+fp/hard\libg_nano.a(lib_a-init.o)
 .text          0x00000000        0x0 d:/2.30/share/armgcc/bin/../lib/gcc/arm-none-eabi/9.3.1/../../../../arm-none-eabi/lib/thumb/v7e-m+fp/hard\libg_nano.a(lib_a-memcpy-stub.o)
 .data          0x00000000        0x0 d:/2.30/share/armgcc/bin/../lib/gcc/arm-none-eabi/9.3.1/../../../../arm-none-eabi/lib/thumb/v7e-m+fp/hard\libg_nano.a(lib_a-memcpy-stub.o)
 .bss           0x00000000        0x0 d:/2.30/share/armgcc/bin/../lib/gcc/arm-none-eabi/9.3.1/../../../../arm-none-eabi/lib/thumb/v7e-m+fp/hard\libg_nano.a(lib_a-memcpy-stub.o)
 .text.memcpy   0x00000000       0x1c d:/2.30/share/armgcc/bin/../lib/gcc/arm-none-eabi/9.3.1/../../../../arm-none-eabi/lib/thumb/v7e-m+fp/hard\libg_nano.a(lib_a-memcpy-stub.o)
 .debug_frame   0x00000000       0x28 d:/2.30/share/armgcc/bin/../lib/gcc/arm-none-eabi/9.3.1/../../../../arm-none-eabi/lib/thumb/v7e-m+fp/hard\libg_nano.a(lib_a-memcpy-stub.o)
 .ARM.attributes
                0x00000000       0x34 d:/2.30/share/armgcc/bin/../lib/gcc/arm-none-eabi/9.3.1/../../../../arm-none-eabi/lib/thumb/v7e-m+fp/hard\libg_nano.a(lib_a-memcpy-stub.o)
 .text          0x00000000        0x0 d:/2.30/share/armgcc/bin/../lib/gcc/arm-none-eabi/9.3.1/../../../../arm-none-eabi/lib/thumb/v7e-m+fp/hard\libg_nano.a(lib_a-memset.o)
 .data          0x00000000        0x0 d:/2.30/share/armgcc/bin/../lib/gcc/arm-none-eabi/9.3.1/../../../../arm-none-eabi/lib/thumb/v7e-m+fp/hard\libg_nano.a(lib_a-memset.o)
 .bss           0x00000000        0x0 d:/2.30/share/armgcc/bin/../lib/gcc/arm-none-eabi/9.3.1/../../../../arm-none-eabi/lib/thumb/v7e-m+fp/hard\libg_nano.a(lib_a-memset.o)
 .text.memset   0x00000000       0x10 d:/2.30/share/armgcc/bin/../lib/gcc/arm-none-eabi/9.3.1/../../../../arm-none-eabi/lib/thumb/v7e-m+fp/hard\libg_nano.a(lib_a-memset.o)
 .debug_frame   0x00000000       0x20 d:/2.30/share/armgcc/bin/../lib/gcc/arm-none-eabi/9.3.1/../../../../arm-none-eabi/lib/thumb/v7e-m+fp/hard\libg_nano.a(lib_a-memset.o)
 .ARM.attributes
                0x00000000       0x34 d:/2.30/share/armgcc/bin/../lib/gcc/arm-none-eabi/9.3.1/../../../../arm-none-eabi/lib/thumb/v7e-m+fp/hard\libg_nano.a(lib_a-memset.o)
 .text          0x00000000        0x0 d:/2.30/share/armgcc/bin/../lib/gcc/arm-none-eabi/9.3.1/../../../../arm-none-eabi/lib/thumb/v7e-m+fp/hard\libnosys.a(_exit.o)
 .data          0x00000000        0x0 d:/2.30/share/armgcc/bin/../lib/gcc/arm-none-eabi/9.3.1/../../../../arm-none-eabi/lib/thumb/v7e-m+fp/hard\libnosys.a(_exit.o)
 .bss           0x00000000        0x0 d:/2.30/share/armgcc/bin/../lib/gcc/arm-none-eabi/9.3.1/../../../../arm-none-eabi/lib/thumb/v7e-m+fp/hard\libnosys.a(_exit.o)
 .text._exit    0x00000000        0x4 d:/2.30/share/armgcc/bin/../lib/gcc/arm-none-eabi/9.3.1/../../../../arm-none-eabi/lib/thumb/v7e-m+fp/hard\libnosys.a(_exit.o)
 .debug_frame   0x00000000       0x20 d:/2.30/share/armgcc/bin/../lib/gcc/arm-none-eabi/9.3.1/../../../../arm-none-eabi/lib/thumb/v7e-m+fp/hard\libnosys.a(_exit.o)
 .ARM.attributes
                0x00000000       0x34 d:/2.30/share/armgcc/bin/../lib/gcc/arm-none-eabi/9.3.1/../../../../arm-none-eabi/lib/thumb/v7e-m+fp/hard\libnosys.a(_exit.o)
 .text          0x00000000        0x0 d:/2.30/share/armgcc/bin/../lib/gcc/arm-none-eabi/9.3.1/thumb/v7e-m+fp/hard/crtend.o
 .data          0x00000000        0x0 d:/2.30/share/armgcc/bin/../lib/gcc/arm-none-eabi/9.3.1/thumb/v7e-m+fp/hard/crtend.o
 .bss           0x00000000        0x0 d:/2.30/share/armgcc/bin/../lib/gcc/arm-none-eabi/9.3.1/thumb/v7e-m+fp/hard/crtend.o
 .eh_frame      0x00000000        0x4 d:/2.30/share/armgcc/bin/../lib/gcc/arm-none-eabi/9.3.1/thumb/v7e-m+fp/hard/crtend.o
 .ARM.attributes
                0x00000000       0x32 d:/2.30/share/armgcc/bin/../lib/gcc/arm-none-eabi/9.3.1/thumb/v7e-m+fp/hard/crtend.o
 .text          0x00000000        0x0 d:/2.30/share/armgcc/bin/../lib/gcc/arm-none-eabi/9.3.1/thumb/v7e-m+fp/hard/crtn.o
 .data          0x00000000        0x0 d:/2.30/share/armgcc/bin/../lib/gcc/arm-none-eabi/9.3.1/thumb/v7e-m+fp/hard/crtn.o
 .bss           0x00000000        0x0 d:/2.30/share/armgcc/bin/../lib/gcc/arm-none-eabi/9.3.1/thumb/v7e-m+fp/hard/crtn.o

Memory Configuration

Name             Origin             Length             Attributes
FLASH            0x08000000         0x00040000         xr
RAM              0x20000000         0x00010000         xrw
*default*        0x00000000         0xffffffff

Linker script and memory map

LOAD d:/2.30/share/armgcc/bin/../lib/gcc/arm-none-eabi/9.3.1/thumb/v7e-m+fp/hard/crti.o
LOAD d:/2.30/share/armgcc/bin/../lib/gcc/arm-none-eabi/9.3.1/thumb/v7e-m+fp/hard/crtbegin.o
LOAD d:/2.30/share/armgcc/bin/../lib/gcc/arm-none-eabi/9.3.1/../../../../arm-none-eabi/lib/thumb/v7e-m+fp/hard/crt0.o
                0x00000000                __HEAP_SIZE = 0x0
                0x00000100                __STACK_SIZE = 0x100
                0x00000000                _Min_Heap_Size = __HEAP_SIZE
                0x00000100                _Min_Stack_Size = __STACK_SIZE
                0x20010000                _estack = (ORIGIN (RAM) + LENGTH (RAM))

.isr_vector     0x20000000      0x194
                0x20000000                . = ALIGN (0x4)
 *(.isr_vector)
 .isr_vector    0x20000000      0x194 obj\debugram\src\startup_stm32f401xc.o
                0x20000000                g_pfnVectors
                0x20000194                . = ALIGN (0x4)

.text           0x20000194     0x276c
                0x20000194                . = ALIGN (0x4)
 *(.text)
 .text          0x20000194       0x40 d:/2.30/share/armgcc/bin/../lib/gcc/arm-none-eabi/9.3.1/thumb/v7e-m+fp/hard/crtbegin.o
 .text          0x200001d4      0x378 d:/2.30/share/armgcc/bin/../lib/gcc/arm-none-eabi/9.3.1/thumb/v7e-m+fp/hard\libgcc.a(_arm_addsubdf3.o)
                0x200001d4                __aeabi_drsub
                0x200001dc                __aeabi_dsub
                0x200001dc                __subdf3
                0x200001e0                __aeabi_dadd
                0x200001e0                __adddf3
                0x20000458                __floatunsidf
                0x20000458                __aeabi_ui2d
                0x20000478                __floatsidf
                0x20000478                __aeabi_i2d
                0x2000049c                __aeabi_f2d
                0x2000049c                __extendsfdf2
                0x200004e0                __floatundidf
                0x200004e0                __aeabi_ul2d
                0x200004f0                __floatdidf
                0x200004f0                __aeabi_l2d
 .text          0x2000054c      0x424 d:/2.30/share/armgcc/bin/../lib/gcc/arm-none-eabi/9.3.1/thumb/v7e-m+fp/hard\libgcc.a(_arm_muldivdf3.o)
                0x2000054c                __aeabi_dmul
                0x2000054c                __muldf3
                0x200007a0                __divdf3
                0x200007a0                __aeabi_ddiv
 .text          0x20000970       0xa0 d:/2.30/share/armgcc/bin/../lib/gcc/arm-none-eabi/9.3.1/thumb/v7e-m+fp/hard\libgcc.a(_arm_truncdfsf2.o)
                0x20000970                __truncdfsf2
                0x20000970                __aeabi_d2f
 *(.text*)
 .text.Reset_Handler
                0x20000a10       0x4c obj\debugram\src\startup_stm32f401xc.o
                0x20000a10                Reset_Handler
 .text.Default_Handler
                0x20000a5c        0x2 obj\debugram\src\startup_stm32f401xc.o
                0x20000a5c                RTC_Alarm_IRQHandler
                0x20000a5c                EXTI2_IRQHandler
                0x20000a5c                DebugMon_Handler
                0x20000a5c                SPI4_IRQHandler
                0x20000a5c                TIM1_CC_IRQHandler
                0x20000a5c                DMA2_Stream5_IRQHandler
                0x20000a5c                HardFault_Handler
                0x20000a5c                DMA1_Stream5_IRQHandler
                0x20000a5c                PVD_IRQHandler
                0x20000a5c                SDIO_IRQHandler
                0x20000a5c                TAMP_STAMP_IRQHandler
                0x20000a5c                PendSV_Handler
                0x20000a5c                NMI_Handler
                0x20000a5c                EXTI3_IRQHandler
                0x20000a5c                TIM1_UP_TIM10_IRQHandler
                0x20000a5c                EXTI0_IRQHandler
                0x20000a5c                DMA1_Stream2_IRQHandler
                0x20000a5c                FPU_IRQHandler
                0x20000a5c                UsageFault_Handler
                0x20000a5c                DMA2_Stream2_IRQHandler
                0x20000a5c                SPI1_IRQHandler
                0x20000a5c                TIM1_BRK_TIM9_IRQHandler
                0x20000a5c                DMA2_Stream3_IRQHandler
                0x20000a5c                USART6_IRQHandler
                0x20000a5c                DMA2_Stream0_IRQHandler
                0x20000a5c                DMA1_Stream6_IRQHandler
                0x20000a5c                DMA1_Stream1_IRQHandler
                0x20000a5c                RCC_IRQHandler
                0x20000a5c                Default_Handler
                0x20000a5c                EXTI15_10_IRQHandler
                0x20000a5c                DMA1_Stream7_IRQHandler
                0x20000a5c                DMA2_Stream7_IRQHandler
                0x20000a5c                EXTI9_5_IRQHandler
                0x20000a5c                RTC_WKUP_IRQHandler
                0x20000a5c                SPI2_IRQHandler
                0x20000a5c                MemManage_Handler
                0x20000a5c                DMA1_Stream0_IRQHandler
                0x20000a5c                SVC_Handler
                0x20000a5c                EXTI4_IRQHandler
                0x20000a5c                WWDG_IRQHandler
                0x20000a5c                OTG_FS_WKUP_IRQHandler
                0x20000a5c                TIM1_TRG_COM_TIM11_IRQHandler
                0x20000a5c                EXTI1_IRQHandler
                0x20000a5c                USART2_IRQHandler
                0x20000a5c                DMA2_Stream1_IRQHandler
                0x20000a5c                FLASH_IRQHandler
                0x20000a5c                DMA2_Stream4_IRQHandler
                0x20000a5c                BusFault_Handler
                0x20000a5c                USART1_IRQHandler
                0x20000a5c                OTG_FS_IRQHandler
                0x20000a5c                SPI3_IRQHandler
                0x20000a5c                DMA1_Stream4_IRQHandler
                0x20000a5c                DMA2_Stream6_IRQHandler
                0x20000a5c                DMA1_Stream3_IRQHandler
 *fill*         0x20000a5e        0x2 
 .text.MPU_Init
                0x20000a60      0x17c obj\debugram\external\mpu9250\mpu9250.o
                0x20000a60                MPU_Init
 .text.AK8963_Init
                0x20000bdc      0x19c obj\debugram\external\mpu9250\mpu9250.o
                0x20000bdc                AK8963_Init
 .text.MPU_ScaleCalibration
                0x20000d78      0x138 obj\debugram\external\mpu9250\mpu9250.o
                0x20000d78                MPU_ScaleCalibration
 .text.MPU_Connect
                0x20000eb0      0x13c obj\debugram\external\mpu9250\mpu9250.o
                0x20000eb0                MPU_Connect
 .text.MPU_ReadRawData
                0x20000fec      0x1bc obj\debugram\external\mpu9250\mpu9250.o
                0x20000fec                MPU_ReadRawData
 .text.AK8963_ReadRawData
                0x200011a8       0xb4 obj\debugram\external\mpu9250\mpu9250.o
                0x200011a8                AK8963_ReadRawData
 .text.ADC_IRQHandler
                0x2000125c        0xe obj\debugram\fil_lib\adc.o
                0x2000125c                ADC_IRQHandler
 .text.I2C1_EV_IRQHandler
                0x2000126a        0xe obj\debugram\fil_lib\i2c.o
                0x2000126a                I2C1_EV_IRQHandler
 .text.I2C2_EV_IRQHandler
                0x20001278        0xe obj\debugram\fil_lib\i2c.o
                0x20001278                I2C2_EV_IRQHandler
 .text.I2C3_EV_IRQHandler
                0x20001286        0xe obj\debugram\fil_lib\i2c.o
                0x20001286                I2C3_EV_IRQHandler
 .text.I2C1_ER_IRQHandler
                0x20001294        0xe obj\debugram\fil_lib\i2c.o
                0x20001294                I2C1_ER_IRQHandler
 .text.I2C2_ER_IRQHandler
                0x200012a2        0xe obj\debugram\fil_lib\i2c.o
                0x200012a2                I2C2_ER_IRQHandler
 .text.I2C3_ER_IRQHandler
                0x200012b0        0xe obj\debugram\fil_lib\i2c.o
                0x200012b0                I2C3_ER_IRQHandler
 .text.I2C_ClearAllStats
                0x200012be       0x28 obj\debugram\fil_lib\i2c.o
                0x200012be                I2C_ClearAllStats
 *fill*         0x200012e6        0x2 
 .text.I2C_MemoryWriteSingle
                0x200012e8      0x170 obj\debugram\fil_lib\i2c.o
                0x200012e8                I2C_MemoryWriteSingle
 .text.I2C_MemoryReadMultiple
                0x20001458      0x1fc obj\debugram\fil_lib\i2c.o
                0x20001458                I2C_MemoryReadMultiple
 .text.I2C_MemoryReadSingle
                0x20001654      0x1b4 obj\debugram\fil_lib\i2c.o
                0x20001654                I2C_MemoryReadSingle
 .text.I2C_RestoreConnection
                0x20001808      0x1b4 obj\debugram\fil_lib\i2c.o
                0x20001808                I2C_RestoreConnection
 .text.CalcRCCClocks
                0x200019bc      0x134 obj\debugram\fil_lib\rcc.o
                0x200019bc                CalcRCCClocks
 .text.SysTick_Handler
                0x20001af0       0x1c obj\debugram\fil_lib\tim.o
                0x20001af0                SysTick_Handler
 .text.TIM2_IRQHandler
                0x20001b0c       0x16 obj\debugram\fil_lib\tim.o
                0x20001b0c                TIM2_IRQHandler
 *fill*         0x20001b22        0x2 
 .text.TIM3_IRQHandler
                0x20001b24       0x18 obj\debugram\fil_lib\tim.o
                0x20001b24                TIM3_IRQHandler
 .text.TIM4_IRQHandler
                0x20001b3c       0x18 obj\debugram\fil_lib\tim.o
                0x20001b3c                TIM4_IRQHandler
 .text.TIM5_IRQHandler
                0x20001b54       0x18 obj\debugram\fil_lib\tim.o
                0x20001b54                TIM5_IRQHandler
 .text.delay_ms
                0x20001b6c       0x40 obj\debugram\fil_lib\tim.o
                0x20001b6c                delay_ms
 .text.CalcTimFrequency
                0x20001bac       0xac obj\debugram\fil_lib\tim.o
                0x20001bac                CalcTimFrequency
 .text.CalcTimClockSourse
                0x20001c58      0x158 obj\debugram\fil_lib\tim.o
                0x20001c58                CalcTimClockSourse
 .text.CalcUSARTBaudrate
                0x20001db0       0x70 obj\debugram\fil_lib\usart.o
                0x20001db0                CalcUSARTBaudrate
 .text.__NVIC_EnableIRQ
                0x20001e20       0x3c obj\debugram\src\main.o
 .text.__NVIC_SetPriority
                0x20001e5c       0x54 obj\debugram\src\main.o
 .text.SysTick_Config
                0x20001eb0       0x44 obj\debugram\src\main.o
 .text.main     0x20001ef4      0x894 obj\debugram\src\main.o
                0x20001ef4                main
 .text.SystemInit
                0x20002788       0x6c obj\debugram\src\system_stm32f4xx.o
                0x20002788                SystemInit
 .text.SetSysClock
                0x200027f4       0xf4 obj\debugram\src\system_stm32f4xx.o
 *(.glue_7)
 .glue_7        0x200028e8        0x0 linker stubs
 *(.glue_7t)
 .glue_7t       0x200028e8        0x0 linker stubs
 *(.eh_frame)
 .eh_frame      0x200028e8        0x0 d:/2.30/share/armgcc/bin/../lib/gcc/arm-none-eabi/9.3.1/thumb/v7e-m+fp/hard/crtbegin.o
 *(.init)
 .init          0x200028e8        0x4 d:/2.30/share/armgcc/bin/../lib/gcc/arm-none-eabi/9.3.1/thumb/v7e-m+fp/hard/crti.o
                0x200028e8                _init
 .init          0x200028ec        0x8 d:/2.30/share/armgcc/bin/../lib/gcc/arm-none-eabi/9.3.1/thumb/v7e-m+fp/hard/crtn.o
 *(.fini)
 .fini          0x200028f4        0x4 d:/2.30/share/armgcc/bin/../lib/gcc/arm-none-eabi/9.3.1/thumb/v7e-m+fp/hard/crti.o
                0x200028f4                _fini
 .fini          0x200028f8        0x8 d:/2.30/share/armgcc/bin/../lib/gcc/arm-none-eabi/9.3.1/thumb/v7e-m+fp/hard/crtn.o
                0x20002900                . = ALIGN (0x4)
                0x20002900                _etext = .

.vfp11_veneer   0x20002900        0x0
 .vfp11_veneer  0x20002900        0x0 linker stubs

.v4_bx          0x20002900        0x0
 .v4_bx         0x20002900        0x0 linker stubs

.iplt           0x20002900        0x0
 .iplt          0x20002900        0x0 d:/2.30/share/armgcc/bin/../lib/gcc/arm-none-eabi/9.3.1/thumb/v7e-m+fp/hard/crtbegin.o

.rel.dyn        0x20002900        0x0
 .rel.iplt      0x20002900        0x0 d:/2.30/share/armgcc/bin/../lib/gcc/arm-none-eabi/9.3.1/thumb/v7e-m+fp/hard/crtbegin.o

.rodata         0x20002900        0x0
                0x20002900                . = ALIGN (0x4)
 *(.rodata)
 *(.rodata*)
                0x20002900                . = ALIGN (0x4)

.ARM.extab
 *(.ARM.extab* .gnu.linkonce.armextab.*)

.ARM            0x20002900        0x0
                0x20002900                __exidx_start = .
 *(.ARM.exidx*)
                0x20002900                __exidx_end = .

.preinit_array  0x20002900        0x0
                0x20002900                PROVIDE (__preinit_array_start = .)
 *(.preinit_array*)
                0x20002900                PROVIDE (__preinit_array_end = .)

.init_array     0x20002900        0x4
                0x20002900                PROVIDE (__init_array_start = .)
 *(SORT_BY_NAME(.init_array.*))
 *(.init_array*)
 .init_array    0x20002900        0x4 d:/2.30/share/armgcc/bin/../lib/gcc/arm-none-eabi/9.3.1/thumb/v7e-m+fp/hard/crtbegin.o
                0x20002904                PROVIDE (__init_array_end = .)

.fini_array     0x20002904        0x4
                [!provide]                PROVIDE (__fini_array_start = .)
 *(SORT_BY_NAME(.fini_array.*))
 *(.fini_array*)
 .fini_array    0x20002904        0x4 d:/2.30/share/armgcc/bin/../lib/gcc/arm-none-eabi/9.3.1/thumb/v7e-m+fp/hard/crtbegin.o
                [!provide]                PROVIDE (__fini_array_end = .)
                0x20002908                _sidata = LOADADDR (.data)

.data           0x20002908       0x10
                0x20002908                . = ALIGN (0x4)
                0x20002908                _sdata = .
 *(.data)
 *(.data*)
 .data.PrescalerTable
                0x20002908       0x10 obj\debugram\fil_lib\rcc.o
                0x20002918                . = ALIGN (0x4)
                0x20002918                _edata = .

.igot.plt       0x20002918        0x0
 .igot.plt      0x20002918        0x0 d:/2.30/share/armgcc/bin/../lib/gcc/arm-none-eabi/9.3.1/thumb/v7e-m+fp/hard/crtbegin.o
                0x20002918                . = ALIGN (0x4)

.bss            0x20002918      0x15c
                0x20002918                _sbss = .
                0x20002918                __bss_start__ = _sbss
 *(.bss)
 .bss           0x20002918       0x1c d:/2.30/share/armgcc/bin/../lib/gcc/arm-none-eabi/9.3.1/thumb/v7e-m+fp/hard/crtbegin.o
 *(.bss*)
 .bss.MPU_Timeout
                0x20002934        0x4 obj\debugram\external\mpu9250\mpu9250.o
 .bss.I2C_timeout
                0x20002938        0x4 obj\debugram\fil_lib\i2c.o
 .bss.globalTime
                0x2000293c        0x4 obj\debugram\fil_lib\tim.o
                0x2000293c                globalTime
 .bss.startTick
                0x20002940        0x4 obj\debugram\fil_lib\tim.o
 *(COMMON)
 COMMON         0x20002944      0x130 obj\debugram\external\mpu9250\mpu9250.o
                0x20002944                I2CStatus
                0x2000294c                TIMStatus
                0x2000296c                MPU9250
                0x200029e8                ADCStatus
                0x20002a48                Bus
                0x20002a60                Clocks
                0x20002a74                . = ALIGN (0x4)
                0x20002a74                _ebss = .
                0x20002a74                __bss_end__ = _ebss

.heap           0x20002a74        0x0
                0x20002a74                . = ALIGN (0x4)
                [!provide]                PROVIDE (end = .)
                [!provide]                PROVIDE (_end = .)
 *(.heap*)
                0x20002a74                . = (. + _Min_Heap_Size)
                0x20002a74                __HeapLimit = .
                0x20002a74                . = ALIGN (0x4)

.ARM.attributes
                0x00000000       0x30
 *(.ARM.attributes)
 .ARM.attributes
                0x00000000       0x1e d:/2.30/share/armgcc/bin/../lib/gcc/arm-none-eabi/9.3.1/thumb/v7e-m+fp/hard/crti.o
 .ARM.attributes
                0x0000001e       0x34 d:/2.30/share/armgcc/bin/../lib/gcc/arm-none-eabi/9.3.1/thumb/v7e-m+fp/hard/crtbegin.o
 .ARM.attributes
                0x00000052       0x21 obj\debugram\src\startup_stm32f401xc.o
 .ARM.attributes
                0x00000073       0x34 obj\debugram\external\mpu9250\mpu9250.o
 .ARM.attributes
                0x000000a7       0x34 obj\debugram\fil_lib\adc.o
 .ARM.attributes
                0x000000db       0x34 obj\debugram\fil_lib\i2c.o
 .ARM.attributes
                0x0000010f       0x34 obj\debugram\fil_lib\rcc.o
 .ARM.attributes
                0x00000143       0x34 obj\debugram\fil_lib\tim.o
 .ARM.attributes
                0x00000177       0x34 obj\debugram\fil_lib\usart.o
 .ARM.attributes
                0x000001ab       0x34 obj\debugram\src\main.o
 .ARM.attributes
                0x000001df       0x34 obj\debugram\src\system_stm32f4xx.o
 .ARM.attributes
                0x00000213       0x1e d:/2.30/share/armgcc/bin/../lib/gcc/arm-none-eabi/9.3.1/thumb/v7e-m+fp/hard\libgcc.a(_arm_addsubdf3.o)
 .ARM.attributes
                0x00000231       0x1e d:/2.30/share/armgcc/bin/../lib/gcc/arm-none-eabi/9.3.1/thumb/v7e-m+fp/hard\libgcc.a(_arm_muldivdf3.o)
 .ARM.attributes
                0x0000024f       0x1e d:/2.30/share/armgcc/bin/../lib/gcc/arm-none-eabi/9.3.1/thumb/v7e-m+fp/hard\libgcc.a(_arm_truncdfsf2.o)
 .ARM.attributes
                0x0000026d       0x1e d:/2.30/share/armgcc/bin/../lib/gcc/arm-none-eabi/9.3.1/thumb/v7e-m+fp/hard/crtn.o
                0x2000ff00                __StackLimit = (_estack - _Min_Stack_Size)
                0x00000001                ASSERT ((__StackLimit >= __HeapLimit), Region RAM overflowed with stack)
LOAD obj\debugram\src\startup_stm32f401xc.o
LOAD obj\debugram\external\mpu9250\mpu9250.o
LOAD obj\debugram\external\ssd1306\fonts.o
LOAD obj\debugram\external\ssd1306\images.o
LOAD obj\debugram\external\ssd1306\ssd1306.o
LOAD obj\debugram\external\ssd1306\ssd1306_i2c.o
LOAD obj\debugram\fil_lib\adc.o
LOAD obj\debugram\fil_lib\dma.o
LOAD obj\debugram\fil_lib\exti.o
LOAD obj\debugram\fil_lib\freertos_lib\croutine.o
LOAD obj\debugram\fil_lib\freertos_lib\event_groups.o
LOAD obj\debugram\fil_lib\freertos_lib\heap_2.o
LOAD obj\debugram\fil_lib\freertos_lib\list.o
LOAD obj\debugram\fil_lib\freertos_lib\port.o
LOAD obj\debugram\fil_lib\freertos_lib\queue.o
LOAD obj\debugram\fil_lib\freertos_lib\stream_buffer.o
LOAD obj\debugram\fil_lib\freertos_lib\tasks.o
LOAD obj\debugram\fil_lib\freertos_lib\timers.o
LOAD obj\debugram\fil_lib\i2c.o
LOAD obj\debugram\fil_lib\matrix.o
LOAD obj\debugram\fil_lib\rcc.o
LOAD obj\debugram\fil_lib\regulators.o
LOAD obj\debugram\fil_lib\rtc.o
LOAD obj\debugram\fil_lib\tim.o
LOAD obj\debugram\fil_lib\usart.o
LOAD obj\debugram\src\main.o
LOAD obj\debugram\dev\dev.o
LOAD obj\debugram\src\system_stm32f4xx.o
START GROUP
LOAD d:/2.30/share/armgcc/bin/../lib/gcc/arm-none-eabi/9.3.1/thumb/v7e-m+fp/hard\libgcc.a
LOAD d:/2.30/share/armgcc/bin/../lib/gcc/arm-none-eabi/9.3.1/../../../../arm-none-eabi/lib/thumb/v7e-m+fp/hard\libg_nano.a
LOAD d:/2.30/share/armgcc/bin/../lib/gcc/arm-none-eabi/9.3.1/../../../../arm-none-eabi/lib/thumb/v7e-m+fp/hard\libc_nano.a
END GROUP
START GROUP
LOAD d:/2.30/share/armgcc/bin/../lib/gcc/arm-none-eabi/9.3.1/thumb/v7e-m+fp/hard\libgcc.a
LOAD d:/2.30/share/armgcc/bin/../lib/gcc/arm-none-eabi/9.3.1/../../../../arm-none-eabi/lib/thumb/v7e-m+fp/hard\libc_nano.a
LOAD d:/2.30/share/armgcc/bin/../lib/gcc/arm-none-eabi/9.3.1/../../../../arm-none-eabi/lib/thumb/v7e-m+fp/hard\libnosys.a
END GROUP
START GROUP
LOAD d:/2.30/share/armgcc/bin/../lib/gcc/arm-none-eabi/9.3.1/thumb/v7e-m+fp/hard\libgcc.a
LOAD d:/2.30/share/armgcc/bin/../lib/gcc/arm-none-eabi/9.3.1/../../../../arm-none-eabi/lib/thumb/v7e-m+fp/hard\libc_nano.a
LOAD d:/2.30/share/armgcc/bin/../lib/gcc/arm-none-eabi/9.3.1/../../../../arm-none-eabi/lib/thumb/v7e-m+fp/hard\libnosys.a
END GROUP
LOAD d:/2.30/share/armgcc/bin/../lib/gcc/arm-none-eabi/9.3.1/thumb/v7e-m+fp/hard/crtend.o
LOAD d:/2.30/share/armgcc/bin/../lib/gcc/arm-none-eabi/9.3.1/thumb/v7e-m+fp/hard/crtn.o
OUTPUT(bin\DebugRAM\SmallCar.elf elf32-littlearm)
LOAD linker stubs

.debug_line     0x00000000     0x2282
 .debug_line    0x00000000       0x77 obj\debugram\src\startup_stm32f401xc.o
 .debug_line    0x00000077      0x63a obj\debugram\external\mpu9250\mpu9250.o
 .debug_line    0x000006b1      0x3ad obj\debugram\fil_lib\adc.o
 .debug_line    0x00000a5e      0x775 obj\debugram\fil_lib\i2c.o
 .debug_line    0x000011d3      0x2c8 obj\debugram\fil_lib\rcc.o
 .debug_line    0x0000149b      0x68e obj\debugram\fil_lib\tim.o
 .debug_line    0x00001b29      0x21d obj\debugram\fil_lib\usart.o
 .debug_line    0x00001d46      0x2b9 obj\debugram\src\main.o
 .debug_line    0x00001fff      0x283 obj\debugram\src\system_stm32f4xx.o

.debug_info     0x00000000     0x81c2
 .debug_info    0x00000000       0x22 obj\debugram\src\startup_stm32f401xc.o
 .debug_info    0x00000022     0x1170 obj\debugram\external\mpu9250\mpu9250.o
 .debug_info    0x00001192      0xfa9 obj\debugram\fil_lib\adc.o
 .debug_info    0x0000213b     0x13df obj\debugram\fil_lib\i2c.o
 .debug_info    0x0000351a      0xed0 obj\debugram\fil_lib\rcc.o
 .debug_info    0x000043ea     0x1129 obj\debugram\fil_lib\tim.o
 .debug_info    0x00005513      0xdf2 obj\debugram\fil_lib\usart.o
 .debug_info    0x00006305     0x1855 obj\debugram\src\main.o
 .debug_info    0x00007b5a      0x668 obj\debugram\src\system_stm32f4xx.o

.debug_abbrev   0x00000000     0x1460
 .debug_abbrev  0x00000000       0x12 obj\debugram\src\startup_stm32f401xc.o
 .debug_abbrev  0x00000012      0x2ee obj\debugram\external\mpu9250\mpu9250.o
 .debug_abbrev  0x00000300      0x2d4 obj\debugram\fil_lib\adc.o
 .debug_abbrev  0x000005d4      0x315 obj\debugram\fil_lib\i2c.o
 .debug_abbrev  0x000008e9      0x232 obj\debugram\fil_lib\rcc.o
 .debug_abbrev  0x00000b1b      0x2b5 obj\debugram\fil_lib\tim.o
 .debug_abbrev  0x00000dd0      0x247 obj\debugram\fil_lib\usart.o
 .debug_abbrev  0x00001017      0x2d1 obj\debugram\src\main.o
 .debug_abbrev  0x000012e8      0x178 obj\debugram\src\system_stm32f4xx.o

.debug_aranges  0x00000000      0x290
 .debug_aranges
                0x00000000       0x28 obj\debugram\src\startup_stm32f401xc.o
 .debug_aranges
                0x00000028       0x50 obj\debugram\external\mpu9250\mpu9250.o
 .debug_aranges
                0x00000078       0x48 obj\debugram\fil_lib\adc.o
 .debug_aranges
                0x000000c0       0x98 obj\debugram\fil_lib\i2c.o
 .debug_aranges
                0x00000158       0x20 obj\debugram\fil_lib\rcc.o
 .debug_aranges
                0x00000178       0x90 obj\debugram\fil_lib\tim.o
 .debug_aranges
                0x00000208       0x20 obj\debugram\fil_lib\usart.o
 .debug_aranges
                0x00000228       0x38 obj\debugram\src\main.o
 .debug_aranges
                0x00000260       0x30 obj\debugram\src\system_stm32f4xx.o

.debug_str      0x00000000     0x14a9
 .debug_str     0x00000000       0x67 obj\debugram\src\startup_stm32f401xc.o
 .debug_str     0x00000067      0x96d obj\debugram\external\mpu9250\mpu9250.o
                                0xa59 (size before relaxing)
 .debug_str     0x000009d4       0xfc obj\debugram\fil_lib\adc.o
                                0x8ca (size before relaxing)
 .debug_str     0x00000ad0      0x27c obj\debugram\fil_lib\i2c.o
                                0xae1 (size before relaxing)
 .debug_str     0x00000d4c       0x1c obj\debugram\fil_lib\rcc.o
                                0x905 (size before relaxing)
 .debug_str     0x00000d68      0x1be obj\debugram\fil_lib\tim.o
                                0x9f7 (size before relaxing)
 .debug_str     0x00000f26       0x53 obj\debugram\fil_lib\usart.o
                                0x861 (size before relaxing)
 .debug_str     0x00000f79      0x47b obj\debugram\src\main.o
                                0xe3d (size before relaxing)
 .debug_str     0x000013f4       0xb5 obj\debugram\src\system_stm32f4xx.o
                                0x411 (size before relaxing)

.debug_ranges   0x00000000      0x208
 .debug_ranges  0x00000000       0x20 obj\debugram\src\startup_stm32f401xc.o
 .debug_ranges  0x00000020       0x40 obj\debugram\external\mpu9250\mpu9250.o
 .debug_ranges  0x00000060       0x38 obj\debugram\fil_lib\adc.o
 .debug_ranges  0x00000098       0x88 obj\debugram\fil_lib\i2c.o
 .debug_ranges  0x00000120       0x10 obj\debugram\fil_lib\rcc.o
 .debug_ranges  0x00000130       0x80 obj\debugram\fil_lib\tim.o
 .debug_ranges  0x000001b0       0x10 obj\debugram\fil_lib\usart.o
 .debug_ranges  0x000001c0       0x28 obj\debugram\src\main.o
 .debug_ranges  0x000001e8       0x20 obj\debugram\src\system_stm32f4xx.o

.comment        0x00000000       0x4c
 .comment       0x00000000       0x4c obj\debugram\external\mpu9250\mpu9250.o
                                 0x4d (size before relaxing)
 .comment       0x0000004c       0x4d obj\debugram\fil_lib\adc.o
 .comment       0x0000004c       0x4d obj\debugram\fil_lib\i2c.o
 .comment       0x0000004c       0x4d obj\debugram\fil_lib\rcc.o
 .comment       0x0000004c       0x4d obj\debugram\fil_lib\tim.o
 .comment       0x0000004c       0x4d obj\debugram\fil_lib\usart.o
 .comment       0x0000004c       0x4d obj\debugram\src\main.o
 .comment       0x0000004c       0x4d obj\debugram\src\system_stm32f4xx.o

.debug_frame    0x00000000      0x910
 .debug_frame   0x00000000      0x118 obj\debugram\external\mpu9250\mpu9250.o
 .debug_frame   0x00000118       0xec obj\debugram\fil_lib\adc.o
 .debug_frame   0x00000204      0x250 obj\debugram\fil_lib\i2c.o
 .debug_frame   0x00000454       0x30 obj\debugram\fil_lib\rcc.o
 .debug_frame   0x00000484      0x218 obj\debugram\fil_lib\tim.o
 .debug_frame   0x0000069c       0x34 obj\debugram\fil_lib\usart.o
 .debug_frame   0x000006d0       0xa4 obj\debugram\src\main.o
 .debug_frame   0x00000774       0x7c obj\debugram\src\system_stm32f4xx.o
 .debug_frame   0x000007f0       0xac d:/2.30/share/armgcc/bin/../lib/gcc/arm-none-eabi/9.3.1/thumb/v7e-m+fp/hard\libgcc.a(_arm_addsubdf3.o)
 .debug_frame   0x0000089c       0x50 d:/2.30/share/armgcc/bin/../lib/gcc/arm-none-eabi/9.3.1/thumb/v7e-m+fp/hard\libgcc.a(_arm_muldivdf3.o)
 .debug_frame   0x000008ec       0x24 d:/2.30/share/armgcc/bin/../lib/gcc/arm-none-eabi/9.3.1/thumb/v7e-m+fp/hard\libgcc.a(_arm_truncdfsf2.o)
