Archive member included to satisfy reference by file (symbol)

d:/2.30/share/armgcc/bin/../lib/gcc/arm-none-eabi/9.3.1/thumb/v7e-m+fp/hard\libgcc.a(_aeabi_uldivmod.o)
                              obj\debugram\lvgl\src\misc\lv_printf.o (__aeabi_uldivmod)
d:/2.30/share/armgcc/bin/../lib/gcc/arm-none-eabi/9.3.1/thumb/v7e-m+fp/hard\libgcc.a(_udivmoddi4.o)
                              d:/2.30/share/armgcc/bin/../lib/gcc/arm-none-eabi/9.3.1/thumb/v7e-m+fp/hard\libgcc.a(_aeabi_uldivmod.o) (__udivmoddi4)
d:/2.30/share/armgcc/bin/../lib/gcc/arm-none-eabi/9.3.1/thumb/v7e-m+fp/hard\libgcc.a(_dvmd_tls.o)
                              d:/2.30/share/armgcc/bin/../lib/gcc/arm-none-eabi/9.3.1/thumb/v7e-m+fp/hard\libgcc.a(_aeabi_uldivmod.o) (__aeabi_ldiv0)
d:/2.30/share/armgcc/bin/../lib/gcc/arm-none-eabi/9.3.1/../../../../arm-none-eabi/lib/thumb/v7e-m+fp/hard\libg_nano.a(lib_a-assert.o)
                              obj\debugram\lvgl\src\libs\qrcode\qrcodegen.o (__assert_func)
d:/2.30/share/armgcc/bin/../lib/gcc/arm-none-eabi/9.3.1/../../../../arm-none-eabi/lib/thumb/v7e-m+fp/hard\libg_nano.a(lib_a-exit.o)
                              d:/2.30/share/armgcc/bin/../lib/gcc/arm-none-eabi/9.3.1/../../../../arm-none-eabi/lib/thumb/v7e-m+fp/hard/crt0.o (exit)
d:/2.30/share/armgcc/bin/../lib/gcc/arm-none-eabi/9.3.1/../../../../arm-none-eabi/lib/thumb/v7e-m+fp/hard\libg_nano.a(lib_a-fprintf.o)
                              d:/2.30/share/armgcc/bin/../lib/gcc/arm-none-eabi/9.3.1/../../../../arm-none-eabi/lib/thumb/v7e-m+fp/hard\libg_nano.a(lib_a-assert.o) (fiprintf)
d:/2.30/share/armgcc/bin/../lib/gcc/arm-none-eabi/9.3.1/../../../../arm-none-eabi/lib/thumb/v7e-m+fp/hard\libg_nano.a(lib_a-impure.o)
                              d:/2.30/share/armgcc/bin/../lib/gcc/arm-none-eabi/9.3.1/../../../../arm-none-eabi/lib/thumb/v7e-m+fp/hard\libg_nano.a(lib_a-exit.o) (_global_impure_ptr)
d:/2.30/share/armgcc/bin/../lib/gcc/arm-none-eabi/9.3.1/../../../../arm-none-eabi/lib/thumb/v7e-m+fp/hard\libg_nano.a(lib_a-init.o)
                              d:/2.30/share/armgcc/bin/../lib/gcc/arm-none-eabi/9.3.1/../../../../arm-none-eabi/lib/thumb/v7e-m+fp/hard/crt0.o (__libc_init_array)
d:/2.30/share/armgcc/bin/../lib/gcc/arm-none-eabi/9.3.1/../../../../arm-none-eabi/lib/thumb/v7e-m+fp/hard\libg_nano.a(lib_a-memcmp.o)
                              obj\debugram\lvgl\src\font\lv_font_loader.o (memcmp)
d:/2.30/share/armgcc/bin/../lib/gcc/arm-none-eabi/9.3.1/../../../../arm-none-eabi/lib/thumb/v7e-m+fp/hard\libg_nano.a(lib_a-memcpy-stub.o)
                              obj\debugram\fil_lib\freertos_lib\queue.o (memcpy)
d:/2.30/share/armgcc/bin/../lib/gcc/arm-none-eabi/9.3.1/../../../../arm-none-eabi/lib/thumb/v7e-m+fp/hard\libg_nano.a(lib_a-memmove.o)
                              obj\debugram\lvgl\src\libs\qrcode\qrcodegen.o (memmove)
d:/2.30/share/armgcc/bin/../lib/gcc/arm-none-eabi/9.3.1/../../../../arm-none-eabi/lib/thumb/v7e-m+fp/hard\libg_nano.a(lib_a-memset.o)
                              d:/2.30/share/armgcc/bin/../lib/gcc/arm-none-eabi/9.3.1/../../../../arm-none-eabi/lib/thumb/v7e-m+fp/hard/crt0.o (memset)
d:/2.30/share/armgcc/bin/../lib/gcc/arm-none-eabi/9.3.1/../../../../arm-none-eabi/lib/thumb/v7e-m+fp/hard\libg_nano.a(lib_a-nano-vfprintf.o)
                              d:/2.30/share/armgcc/bin/../lib/gcc/arm-none-eabi/9.3.1/../../../../arm-none-eabi/lib/thumb/v7e-m+fp/hard\libg_nano.a(lib_a-fprintf.o) (_vfprintf_r)
d:/2.30/share/armgcc/bin/../lib/gcc/arm-none-eabi/9.3.1/../../../../arm-none-eabi/lib/thumb/v7e-m+fp/hard\libg_nano.a(lib_a-nano-vfprintf_i.o)
                              d:/2.30/share/armgcc/bin/../lib/gcc/arm-none-eabi/9.3.1/../../../../arm-none-eabi/lib/thumb/v7e-m+fp/hard\libg_nano.a(lib_a-nano-vfprintf.o) (_printf_i)
d:/2.30/share/armgcc/bin/../lib/gcc/arm-none-eabi/9.3.1/../../../../arm-none-eabi/lib/thumb/v7e-m+fp/hard\libg_nano.a(lib_a-strchr.o)
                              obj\debugram\lvgl\src\libs\qrcode\qrcodegen.o (strchr)
d:/2.30/share/armgcc/bin/../lib/gcc/arm-none-eabi/9.3.1/../../../../arm-none-eabi/lib/thumb/v7e-m+fp/hard\libg_nano.a(lib_a-strcmp.o)
                              obj\debugram\lvgl\src\draw\lv_img_decoder.o (strcmp)
d:/2.30/share/armgcc/bin/../lib/gcc/arm-none-eabi/9.3.1/../../../../arm-none-eabi/lib/thumb/v7e-m+fp/hard\libg_nano.a(lib_a-strcpy.o)
                              obj\debugram\lvgl\src\draw\lv_img_decoder.o (strcpy)
d:/2.30/share/armgcc/bin/../lib/gcc/arm-none-eabi/9.3.1/../../../../arm-none-eabi/lib/thumb/v7e-m+fp/hard\libg_nano.a(lib_a-strlen.o)
                              obj\debugram\lvgl\src\draw\lv_img_decoder.o (strlen)
d:/2.30/share/armgcc/bin/../lib/gcc/arm-none-eabi/9.3.1/../../../../arm-none-eabi/lib/thumb/v7e-m+fp/hard\libg_nano.a(lib_a-wbuf.o)
                              d:/2.30/share/armgcc/bin/../lib/gcc/arm-none-eabi/9.3.1/../../../../arm-none-eabi/lib/thumb/v7e-m+fp/hard\libg_nano.a(lib_a-nano-vfprintf.o) (__swbuf_r)
[...]
Memory Configuration

Name             Origin             Length             Attributes
FLASH            0x08000000         0x00040000         xr
RAM              0x20000000         0x00010000         xrw
*default*        0x00000000         0xffffffff

Linker script and memory map

LOAD d:/2.30/share/armgcc/bin/../lib/gcc/arm-none-eabi/9.3.1/thumb/v7e-m+fp/hard/crti.o
LOAD d:/2.30/share/armgcc/bin/../lib/gcc/arm-none-eabi/9.3.1/thumb/v7e-m+fp/hard/crtbegin.o
LOAD d:/2.30/share/armgcc/bin/../lib/gcc/arm-none-eabi/9.3.1/../../../../arm-none-eabi/lib/thumb/v7e-m+fp/hard/crt0.o
                0x00000000                __HEAP_SIZE = 0x0
                0x00000100                __STACK_SIZE = 0x100
                0x00000000                _Min_Heap_Size = __HEAP_SIZE
                0x00000100                _Min_Stack_Size = __STACK_SIZE
                0x20010000                _estack = (ORIGIN (RAM) + LENGTH (RAM))

.isr_vector     0x20000000      0x194
                0x20000000                . = ALIGN (0x4)
 *(.isr_vector)
 .isr_vector    0x20000000      0x194 obj\debugram\src\startup_stm32f401xc.o
                0x20000000                g_pfnVectors
                0x20000194                . = ALIGN (0x4)

.text           0x20000194     0xd1dc
                0x20000194                . = ALIGN (0x4)
 *(.text)
 .text          0x20000194       0x40 d:/2.30/share/armgcc/bin/../lib/gcc/arm-none-eabi/9.3.1/thumb/v7e-m+fp/hard/crtbegin.o
 .text          0x200001d4       0x14 d:/2.30/share/armgcc/bin/../lib/gcc/arm-none-eabi/9.3.1/../../../../arm-none-eabi/lib/thumb/v7e-m+fp/hard\libg_nano.a(lib_a-strcmp.o)
                0x200001d4                strcmp
 .text          0x200001e8       0x10 d:/2.30/share/armgcc/bin/../lib/gcc/arm-none-eabi/9.3.1/../../../../arm-none-eabi/lib/thumb/v7e-m+fp/hard\libg_nano.a(lib_a-strlen.o)
                0x200001e8                strlen
 *(.text*)
 .text.Reset_Handler
                0x200001f8       0x4c obj\debugram\src\startup_stm32f401xc.o
                0x200001f8                Reset_Handler
 .text.Default_Handler
                0x20000244        0x2 obj\debugram\src\startup_stm32f401xc.o
                0x20000244                RTC_Alarm_IRQHandler
                0x20000244                DebugMon_Handler
                0x20000244                SPI4_IRQHandler
                0x20000244                TIM1_CC_IRQHandler
                0x20000244                DMA2_Stream5_IRQHandler
                0x20000244                HardFault_Handler
                0x20000244                DMA1_Stream5_IRQHandler
                0x20000244                PVD_IRQHandler
                0x20000244                SDIO_IRQHandler
                0x20000244                TAMP_STAMP_IRQHandler
                0x20000244                PendSV_Handler
                0x20000244                NMI_Handler
                0x20000244                TIM1_UP_TIM10_IRQHandler
                0x20000244                DMA1_Stream2_IRQHandler
                0x20000244                FPU_IRQHandler
                0x20000244                UsageFault_Handler
                0x20000244                DMA2_Stream2_IRQHandler
                0x20000244                SPI1_IRQHandler
                0x20000244                TIM1_BRK_TIM9_IRQHandler
                0x20000244                DMA2_Stream3_IRQHandler
                0x20000244                USART6_IRQHandler
                0x20000244                DMA2_Stream0_IRQHandler
                0x20000244                DMA1_Stream6_IRQHandler
                0x20000244                DMA1_Stream1_IRQHandler
                0x20000244                RCC_IRQHandler
                0x20000244                Default_Handler
                0x20000244                ADC_IRQHandler
                0x20000244                DMA1_Stream7_IRQHandler
                0x20000244                DMA2_Stream7_IRQHandler
                0x20000244                RTC_WKUP_IRQHandler
                0x20000244                SPI2_IRQHandler
                0x20000244                MemManage_Handler
                0x20000244                DMA1_Stream0_IRQHandler
                0x20000244                SVC_Handler
                0x20000244                WWDG_IRQHandler
                0x20000244                OTG_FS_WKUP_IRQHandler
                0x20000244                TIM1_TRG_COM_TIM11_IRQHandler
                0x20000244                USART2_IRQHandler
                0x20000244                DMA2_Stream1_IRQHandler
                0x20000244                FLASH_IRQHandler
                0x20000244                DMA2_Stream4_IRQHandler
                0x20000244                BusFault_Handler
                0x20000244                USART1_IRQHandler
                0x20000244                OTG_FS_IRQHandler
                0x20000244                SPI3_IRQHandler
                0x20000244                DMA1_Stream4_IRQHandler
                0x20000244                DMA2_Stream6_IRQHandler
                0x20000244                DMA1_Stream3_IRQHandler
 *fill*         0x20000246        0x2 
 .text.EXTI0_IRQHandler
                0x20000248       0x18 obj\debugram\fil_lib\exti.o
                0x20000248                EXTI0_IRQHandler
 .text.EXTI1_IRQHandler
                0x20000260       0x18 obj\debugram\fil_lib\exti.o
                0x20000260                EXTI1_IRQHandler
 .text.EXTI2_IRQHandler
                0x20000278       0x18 obj\debugram\fil_lib\exti.o
                0x20000278                EXTI2_IRQHandler
 .text.EXTI3_IRQHandler
                0x20000290       0x18 obj\debugram\fil_lib\exti.o
                0x20000290                EXTI3_IRQHandler
 .text.EXTI4_IRQHandler
                0x200002a8       0x18 obj\debugram\fil_lib\exti.o
                0x200002a8                EXTI4_IRQHandler
 .text.EXTI9_5_IRQHandler
                0x200002c0       0x60 obj\debugram\fil_lib\exti.o
                0x200002c0                EXTI9_5_IRQHandler
 .text.EXTI15_10_IRQHandler
                0x20000320       0x28 obj\debugram\fil_lib\exti.o
                0x20000320                EXTI15_10_IRQHandler
 .text.I2C1_EV_IRQHandler
                0x20000348        0xe obj\debugram\fil_lib\i2c.o
                0x20000348                I2C1_EV_IRQHandler
 .text.I2C1_ER_IRQHandler
                0x20000356        0xe obj\debugram\fil_lib\i2c.o
                0x20000356                I2C1_ER_IRQHandler
 .text.I2C2_EV_IRQHandler
                0x20000364        0xe obj\debugram\fil_lib\i2c.o
                0x20000364                I2C2_EV_IRQHandler
 .text.I2C2_ER_IRQHandler
                0x20000372        0xe obj\debugram\fil_lib\i2c.o
                0x20000372                I2C2_ER_IRQHandler
 .text.I2C3_EV_IRQHandler
                0x20000380        0xe obj\debugram\fil_lib\i2c.o
                0x20000380                I2C3_EV_IRQHandler
 .text.I2C3_ER_IRQHandler
                0x2000038e        0xe obj\debugram\fil_lib\i2c.o
                0x2000038e                I2C3_ER_IRQHandler
 .text.CalcRCCClocks
                0x2000039c      0x134 obj\debugram\fil_lib\rcc.o
                0x2000039c                CalcRCCClocks
 .text.init_PID_Regulator
                0x200004d0       0x90 obj\debugram\fil_lib\regulators.o
                0x200004d0                init_PID_Regulator
 .text.PID_Calc
                0x20000560      0x1f6 obj\debugram\fil_lib\regulators.o
 *fill*         0x20000756        0x2 
 .text.PID_Parse_EncoderData
                0x20000758       0x64 obj\debugram\fil_lib\regulators.o
 .text.PID_Low_Level
                0x200007bc       0x8c obj\debugram\fil_lib\regulators.o
                0x200007bc                PID_Low_Level
 .text.SysTick_Handler
                0x20000848       0x20 obj\debugram\fil_lib\tim.o
                0x20000848                SysTick_Handler
 .text.TIM2_IRQHandler
                0x20000868       0x16 obj\debugram\fil_lib\tim.o
                0x20000868                TIM2_IRQHandler
 *fill*         0x2000087e        0x2 
 .text.TIM3_IRQHandler
                0x20000880       0x18 obj\debugram\fil_lib\tim.o
                0x20000880                TIM3_IRQHandler
 .text.TIM4_IRQHandler
                0x20000898       0x1c obj\debugram\fil_lib\tim.o
                0x20000898                TIM4_IRQHandler
 .text.TIM5_IRQHandler
                0x200008b4       0x18 obj\debugram\fil_lib\tim.o
                0x200008b4                TIM5_IRQHandler
 .text.CalcTimStatus
                0x200008cc      0x104 obj\debugram\fil_lib\tim.o
                0x200008cc                CalcTimStatus
 .text.CalcTimPIDFrequency
                0x200009d0       0x98 obj\debugram\fil_lib\tim.o
                0x200009d0                CalcTimPIDFrequency
 .text.CalcTimClockSourse
                0x20000a68       0x8c obj\debugram\fil_lib\tim.o
                0x20000a68                CalcTimClockSourse
 .text.SetPWM   0x20000af4       0x9c obj\debugram\fil_lib\tim.o
 .text.SetVoltage
                0x20000b90       0x54 obj\debugram\fil_lib\tim.o
                0x20000b90                SetVoltage
 .text.CalcUSARTBaudrate
                0x20000be4       0x70 obj\debugram\fil_lib\usart.o
                0x20000be4                CalcUSARTBaudrate
 .text.lv_disp_get_scr_act
                0x20000c54       0x2a obj\debugram\lvgl\src\core\lv_disp.o
                0x20000c54                lv_disp_get_scr_act
 .text.lv_disp_get_scr_prev
                0x20000c7e       0x2a obj\debugram\lvgl\src\core\lv_disp.o
                0x20000c7e                lv_disp_get_scr_prev
 .text.lv_disp_get_layer_top
                0x20000ca8       0x2a obj\debugram\lvgl\src\core\lv_disp.o
                0x20000ca8                lv_disp_get_layer_top
 .text.lv_disp_get_layer_sys
                0x20000cd2       0x2a obj\debugram\lvgl\src\core\lv_disp.o
                0x20000cd2                lv_disp_get_layer_sys
 .text.lv_disp_is_invalidation_enabled
                0x20000cfc       0x36 obj\debugram\lvgl\src\core\lv_disp.o
                0x20000cfc                lv_disp_is_invalidation_enabled
 *fill*         0x20000d32        0x2 
 .text.lv_event_send
                0x20000d34       0x84 obj\debugram\lvgl\src\core\lv_event.o
                0x20000d34                lv_event_send
 .text.lv_obj_event_base
                0x20000db8       0x7c obj\debugram\lvgl\src\core\lv_event.o
                0x20000db8                lv_obj_event_base
 .text.lv_obj_get_event_dsc
                0x20000e34       0x4c obj\debugram\lvgl\src\core\lv_event.o
 .text.event_send_core
                0x20000e80      0x1d4 obj\debugram\lvgl\src\core\lv_event.o
 .text.event_is_bubbled
                0x20001054       0xd8 obj\debugram\lvgl\src\core\lv_event.o
 .text._lv_group_init
                0x2000112c       0x14 obj\debugram\lvgl\src\core\lv_group.o
                0x2000112c                _lv_group_init
 .text.lv_indev_get_act
                0x20001140       0x18 obj\debugram\lvgl\src\core\lv_indev.o
                0x20001140                lv_indev_get_act
 .text.lv_indev_get_scroll_dir
                0x20001158       0x42 obj\debugram\lvgl\src\core\lv_indev.o
                0x20001158                lv_indev_get_scroll_dir
 .text.lv_indev_get_scroll_obj
                0x2000119a       0x3a obj\debugram\lvgl\src\core\lv_indev.o
                0x2000119a                lv_indev_get_scroll_obj
 .text.lv_memzero
                0x200011d4       0x1c obj\debugram\lvgl\src\core\lv_obj.o
 .text.lv_init  0x200011f0       0xa8 obj\debugram\lvgl\src\core\lv_obj.o
                0x200011f0                lv_init
 .text.lv_obj_has_flag
                0x20001298       0x2a obj\debugram\lvgl\src\core\lv_obj.o
                0x20001298                lv_obj_has_flag
 .text.lv_obj_has_flag_any
                0x200012c2       0x28 obj\debugram\lvgl\src\core\lv_obj.o
                0x200012c2                lv_obj_has_flag_any
 *fill*         0x200012ea        0x2 
 .text.lv_obj_allocate_spec_attr
                0x200012ec       0x6c obj\debugram\lvgl\src\core\lv_obj.o
                0x200012ec                lv_obj_allocate_spec_attr
 .text.lv_obj_refresh_ext_draw_size
                0x20001358       0x7c obj\debugram\lvgl\src\core\lv_obj_draw.o
                0x20001358                lv_obj_refresh_ext_draw_size
 .text._lv_obj_get_ext_draw_size
                0x200013d4       0x28 obj\debugram\lvgl\src\core\lv_obj_draw.o
                0x200013d4                _lv_obj_get_ext_draw_size
 .text._lv_obj_get_layer_type
                0x200013fc       0x2c obj\debugram\lvgl\src\core\lv_obj_draw.o
                0x200013fc                _lv_obj_get_layer_type
 .text.lv_area_copy
                0x20001428       0x3e obj\debugram\lvgl\src\core\lv_obj_pos.o
 .text.lv_area_get_width
                0x20001466       0x2e obj\debugram\lvgl\src\core\lv_obj_pos.o
 .text.lv_area_get_height
                0x20001494       0x2e obj\debugram\lvgl\src\core\lv_obj_pos.o
 .text.lv_obj_get_style_width
                0x200014c2       0x24 obj\debugram\lvgl\src\core\lv_obj_pos.o
 .text.lv_obj_get_style_min_width
                0x200014e6       0x24 obj\debugram\lvgl\src\core\lv_obj_pos.o
 .text.lv_obj_get_style_max_width
                0x2000150a       0x24 obj\debugram\lvgl\src\core\lv_obj_pos.o
 .text.lv_obj_get_style_height
                0x2000152e       0x24 obj\debugram\lvgl\src\core\lv_obj_pos.o
 .text.lv_obj_get_style_min_height
                0x20001552       0x24 obj\debugram\lvgl\src\core\lv_obj_pos.o
 .text.lv_obj_get_style_max_height
                0x20001576       0x24 obj\debugram\lvgl\src\core\lv_obj_pos.o
 .text.lv_obj_get_style_x
                0x2000159a       0x24 obj\debugram\lvgl\src\core\lv_obj_pos.o
 .text.lv_obj_get_style_y
                0x200015be       0x24 obj\debugram\lvgl\src\core\lv_obj_pos.o
 .text.lv_obj_get_style_align
                0x200015e2       0x24 obj\debugram\lvgl\src\core\lv_obj_pos.o
 .text.lv_obj_get_style_translate_x
                0x20001606       0x24 obj\debugram\lvgl\src\core\lv_obj_pos.o
 .text.lv_obj_get_style_translate_y
                0x2000162a       0x24 obj\debugram\lvgl\src\core\lv_obj_pos.o
 .text.lv_obj_get_style_transform_zoom
                0x2000164e       0x24 obj\debugram\lvgl\src\core\lv_obj_pos.o
 .text.lv_obj_get_style_transform_angle
                0x20001672       0x24 obj\debugram\lvgl\src\core\lv_obj_pos.o
 .text.lv_obj_get_style_transform_pivot_x
                0x20001696       0x24 obj\debugram\lvgl\src\core\lv_obj_pos.o
 .text.lv_obj_get_style_transform_pivot_y
                0x200016ba       0x24 obj\debugram\lvgl\src\core\lv_obj_pos.o
 .text.lv_obj_get_style_pad_top
                0x200016de       0x24 obj\debugram\lvgl\src\core\lv_obj_pos.o
 .text.lv_obj_get_style_pad_bottom
                0x20001702       0x24 obj\debugram\lvgl\src\core\lv_obj_pos.o
 .text.lv_obj_get_style_pad_left
                0x20001726       0x24 obj\debugram\lvgl\src\core\lv_obj_pos.o
 .text.lv_obj_get_style_pad_right
                0x2000174a       0x24 obj\debugram\lvgl\src\core\lv_obj_pos.o
 .text.lv_obj_get_style_border_width
                0x2000176e       0x24 obj\debugram\lvgl\src\core\lv_obj_pos.o
 .text.lv_obj_get_style_layout
                0x20001792       0x24 obj\debugram\lvgl\src\core\lv_obj_pos.o
 .text.lv_obj_get_style_base_dir
                0x200017b6       0x24 obj\debugram\lvgl\src\core\lv_obj_pos.o
 *fill*         0x200017da        0x2 
 .text.lv_obj_refr_size
                0x200017dc      0x478 obj\debugram\lvgl\src\core\lv_obj_pos.o
                0x200017dc                lv_obj_refr_size
 .text.lv_obj_is_layout_positioned
                0x20001c54       0x50 obj\debugram\lvgl\src\core\lv_obj_pos.o
                0x20001c54                lv_obj_is_layout_positioned
 .text.lv_obj_update_layout
                0x20001ca4       0x58 obj\debugram\lvgl\src\core\lv_obj_pos.o
                0x20001ca4                lv_obj_update_layout
 .text.lv_layout_register
                0x20001cfc       0x78 obj\debugram\lvgl\src\core\lv_obj_pos.o
                0x20001cfc                lv_layout_register
 .text.lv_obj_get_coords
                0x20001d74       0x1e obj\debugram\lvgl\src\core\lv_obj_pos.o
                0x20001d74                lv_obj_get_coords
 .text.lv_obj_get_width
                0x20001d92       0x1c obj\debugram\lvgl\src\core\lv_obj_pos.o
                0x20001d92                lv_obj_get_width
 .text.lv_obj_get_height
                0x20001dae       0x1c obj\debugram\lvgl\src\core\lv_obj_pos.o
                0x20001dae                lv_obj_get_height
 .text.lv_obj_get_content_width
                0x20001dca       0x56 obj\debugram\lvgl\src\core\lv_obj_pos.o
                0x20001dca                lv_obj_get_content_width
 .text.lv_obj_get_content_height
                0x20001e20       0x56 obj\debugram\lvgl\src\core\lv_obj_pos.o
                0x20001e20                lv_obj_get_content_height
 .text.lv_obj_get_content_coords
                0x20001e76       0xbe obj\debugram\lvgl\src\core\lv_obj_pos.o
                0x20001e76                lv_obj_get_content_coords
 .text.lv_obj_get_self_width
                0x20001f34       0x2c obj\debugram\lvgl\src\core\lv_obj_pos.o
                0x20001f34                lv_obj_get_self_width
 .text.lv_obj_get_self_height
                0x20001f60       0x2c obj\debugram\lvgl\src\core\lv_obj_pos.o
                0x20001f60                lv_obj_get_self_height
 .text.lv_obj_refr_pos
                0x20001f8c      0x3e4 obj\debugram\lvgl\src\core\lv_obj_pos.o
                0x20001f8c                lv_obj_refr_pos
 .text.lv_obj_move_to
                0x20002370      0x22c obj\debugram\lvgl\src\core\lv_obj_pos.o
                0x20002370                lv_obj_move_to
 .text.lv_obj_move_children_by
                0x2000259c       0xca obj\debugram\lvgl\src\core\lv_obj_pos.o
                0x2000259c                lv_obj_move_children_by
 .text.lv_obj_transform_point
                0x20002666       0x92 obj\debugram\lvgl\src\core\lv_obj_pos.o
                0x20002666                lv_obj_transform_point
 .text.lv_obj_get_transformed_area
                0x200026f8      0x160 obj\debugram\lvgl\src\core\lv_obj_pos.o
                0x200026f8                lv_obj_get_transformed_area
 .text.lv_obj_invalidate_area
                0x20002858       0x6a obj\debugram\lvgl\src\core\lv_obj_pos.o
                0x20002858                lv_obj_invalidate_area
 .text.lv_obj_invalidate
                0x200028c2       0x78 obj\debugram\lvgl\src\core\lv_obj_pos.o
                0x200028c2                lv_obj_invalidate
 .text.lv_obj_area_is_visible
                0x2000293a      0x18a obj\debugram\lvgl\src\core\lv_obj_pos.o
                0x2000293a                lv_obj_area_is_visible
 .text.lv_clamp_width
                0x20002ac4       0xf0 obj\debugram\lvgl\src\core\lv_obj_pos.o
                0x20002ac4                lv_clamp_width
 .text.lv_clamp_height
                0x20002bb4       0xf0 obj\debugram\lvgl\src\core\lv_obj_pos.o
                0x20002bb4                lv_clamp_height
 .text.calc_content_width
                0x20002ca4      0x2ec obj\debugram\lvgl\src\core\lv_obj_pos.o
 .text.calc_content_height
                0x20002f90      0x18c obj\debugram\lvgl\src\core\lv_obj_pos.o
 .text.layout_update_core
                0x2000311c       0xc4 obj\debugram\lvgl\src\core\lv_obj_pos.o
 .text.transform_point
                0x200031e0       0xa8 obj\debugram\lvgl\src\core\lv_obj_pos.o
 .text.lv_anim_set_var
                0x20003288       0x1c obj\debugram\lvgl\src\core\lv_obj_scroll.o
 .text.lv_anim_set_exec_cb
                0x200032a4       0x1c obj\debugram\lvgl\src\core\lv_obj_scroll.o
 .text.lv_anim_set_time
                0x200032c0       0x1c obj\debugram\lvgl\src\core\lv_obj_scroll.o
 .text.lv_anim_set_values
                0x200032dc       0x2a obj\debugram\lvgl\src\core\lv_obj_scroll.o
 .text.lv_anim_set_path_cb
                0x20003306       0x1c obj\debugram\lvgl\src\core\lv_obj_scroll.o
 .text.lv_anim_set_ready_cb
                0x20003322       0x1c obj\debugram\lvgl\src\core\lv_obj_scroll.o
 .text.lv_obj_get_style_width
                0x2000333e       0x24 obj\debugram\lvgl\src\core\lv_obj_scroll.o
 .text.lv_obj_get_style_pad_top
                0x20003362       0x24 obj\debugram\lvgl\src\core\lv_obj_scroll.o
 .text.lv_obj_get_style_pad_bottom
                0x20003386       0x24 obj\debugram\lvgl\src\core\lv_obj_scroll.o
 .text.lv_obj_get_style_pad_left
                0x200033aa       0x24 obj\debugram\lvgl\src\core\lv_obj_scroll.o
 .text.lv_obj_get_style_pad_right
                0x200033ce       0x24 obj\debugram\lvgl\src\core\lv_obj_scroll.o
 .text.lv_obj_get_style_bg_opa
                0x200033f2       0x24 obj\debugram\lvgl\src\core\lv_obj_scroll.o
 .text.lv_obj_get_style_border_opa
                0x20003416       0x24 obj\debugram\lvgl\src\core\lv_obj_scroll.o
 .text.lv_obj_get_style_border_width
                0x2000343a       0x24 obj\debugram\lvgl\src\core\lv_obj_scroll.o
 .text.lv_obj_get_style_base_dir
                0x2000345e       0x24 obj\debugram\lvgl\src\core\lv_obj_scroll.o
 .text.lv_obj_get_scrollbar_mode
                0x20003482       0x2c obj\debugram\lvgl\src\core\lv_obj_scroll.o
                0x20003482                lv_obj_get_scrollbar_mode
 .text.lv_obj_get_scroll_dir
                0x200034ae       0x2c obj\debugram\lvgl\src\core\lv_obj_scroll.o
                0x200034ae                lv_obj_get_scroll_dir
 .text.lv_obj_get_scroll_snap_x
                0x200034da       0x2c obj\debugram\lvgl\src\core\lv_obj_scroll.o
                0x200034da                lv_obj_get_scroll_snap_x
 .text.lv_obj_get_scroll_snap_y
                0x20003506       0x2c obj\debugram\lvgl\src\core\lv_obj_scroll.o
                0x20003506                lv_obj_get_scroll_snap_y
 .text.lv_obj_get_scroll_x
                0x20003532       0x30 obj\debugram\lvgl\src\core\lv_obj_scroll.o
                0x20003532                lv_obj_get_scroll_x
 .text.lv_obj_get_scroll_y
                0x20003562       0x30 obj\debugram\lvgl\src\core\lv_obj_scroll.o
                0x20003562                lv_obj_get_scroll_y
 .text.lv_obj_get_scroll_top
                0x20003592       0x30 obj\debugram\lvgl\src\core\lv_obj_scroll.o
                0x20003592                lv_obj_get_scroll_top
 *fill*         0x200035c2        0x2 
 .text.lv_obj_get_scroll_bottom
                0x200035c4      0x10c obj\debugram\lvgl\src\core\lv_obj_scroll.o
                0x200035c4                lv_obj_get_scroll_bottom
 .text.lv_obj_get_scroll_left
                0x200036d0      0x148 obj\debugram\lvgl\src\core\lv_obj_scroll.o
                0x200036d0                lv_obj_get_scroll_left
 .text.lv_obj_get_scroll_right
                0x20003818      0x130 obj\debugram\lvgl\src\core\lv_obj_scroll.o
                0x20003818                lv_obj_get_scroll_right
 .text.lv_obj_scroll_by_bounded
                0x20003948      0x19e obj\debugram\lvgl\src\core\lv_obj_scroll.o
                0x20003948                lv_obj_scroll_by_bounded
 *fill*         0x20003ae6        0x2 
 .text.lv_obj_scroll_by
                0x20003ae8      0x244 obj\debugram\lvgl\src\core\lv_obj_scroll.o
                0x20003ae8                lv_obj_scroll_by
 .text.lv_obj_scroll_to
                0x20003d2c       0x3e obj\debugram\lvgl\src\core\lv_obj_scroll.o
                0x20003d2c                lv_obj_scroll_to
 *fill*         0x20003d6a        0x2 
 .text.lv_obj_scroll_to_x
                0x20003d6c       0x48 obj\debugram\lvgl\src\core\lv_obj_scroll.o
                0x20003d6c                lv_obj_scroll_to_x
 .text.lv_obj_scroll_to_y
                0x20003db4       0x48 obj\debugram\lvgl\src\core\lv_obj_scroll.o
                0x20003db4                lv_obj_scroll_to_y
 .text._lv_obj_scroll_by_raw
                0x20003dfc       0x92 obj\debugram\lvgl\src\core\lv_obj_scroll.o
                0x20003dfc                _lv_obj_scroll_by_raw
 *fill*         0x20003e8e        0x2 
 .text.lv_obj_get_scrollbar_area
                0x20003e90      0xb88 obj\debugram\lvgl\src\core\lv_obj_scroll.o
                0x20003e90                lv_obj_get_scrollbar_area
 .text.lv_obj_scrollbar_invalidate
                0x20004a18       0x7a obj\debugram\lvgl\src\core\lv_obj_scroll.o
                0x20004a18                lv_obj_scrollbar_invalidate
 .text.lv_obj_readjust_scroll
                0x20004a92       0xf4 obj\debugram\lvgl\src\core\lv_obj_scroll.o
                0x20004a92                lv_obj_readjust_scroll
 .text.scroll_x_anim
                0x20004b86       0x30 obj\debugram\lvgl\src\core\lv_obj_scroll.o
 .text.scroll_y_anim
                0x20004bb6       0x30 obj\debugram\lvgl\src\core\lv_obj_scroll.o
 .text.scroll_anim_ready_cb
                0x20004be6       0x1e obj\debugram\lvgl\src\core\lv_obj_scroll.o
 .text.lv_style_prop_has_flag
                0x20004c04       0x34 obj\debugram\lvgl\src\core\lv_obj_style.o
 .text._lv_obj_style_init
                0x20004c38       0x14 obj\debugram\lvgl\src\core\lv_obj_style.o
                0x20004c38                _lv_obj_style_init
 .text.lv_obj_get_style_prop
                0x20004c4c       0xf4 obj\debugram\lvgl\src\core\lv_obj_style.o
                0x20004c4c                lv_obj_get_style_prop
 .text.lv_obj_style_get_selector_state
                0x20004d40       0x18 obj\debugram\lvgl\src\core\lv_obj_style.o
                0x20004d40                lv_obj_style_get_selector_state
 .text.lv_obj_style_get_selector_part
                0x20004d58       0x1a obj\debugram\lvgl\src\core\lv_obj_style.o
                0x20004d58                lv_obj_style_get_selector_part
 .text.get_prop_core
                0x20004d72      0x208 obj\debugram\lvgl\src\core\lv_obj_style.o
 .text.lv_obj_get_screen
                0x20004f7a       0x28 obj\debugram\lvgl\src\core\lv_obj_tree.o
                0x20004f7a                lv_obj_get_screen
 *fill*         0x20004fa2        0x2 
 .text.lv_obj_get_disp
                0x20004fa4       0x74 obj\debugram\lvgl\src\core\lv_obj_tree.o
                0x20004fa4                lv_obj_get_disp
 .text.lv_obj_get_parent
                0x20005018       0x22 obj\debugram\lvgl\src\core\lv_obj_tree.o
                0x20005018                lv_obj_get_parent
 .text.lv_obj_get_child
                0x2000503a       0x66 obj\debugram\lvgl\src\core\lv_obj_tree.o
                0x2000503a                lv_obj_get_child
 .text.lv_obj_get_child_cnt
                0x200050a0       0x26 obj\debugram\lvgl\src\core\lv_obj_tree.o
                0x200050a0                lv_obj_get_child_cnt
 .text.lv_area_copy
                0x200050c6       0x3e obj\debugram\lvgl\src\core\lv_refr.o
 .text._lv_refr_init
                0x20005104        0xe obj\debugram\lvgl\src\core\lv_refr.o
                0x20005104                _lv_refr_init
 .text._lv_inv_area
                0x20005112      0x1b6 obj\debugram\lvgl\src\core\lv_refr.o
                0x20005112                _lv_inv_area
 .text.lv_draw_init
                0x200052c8        0xe obj\debugram\lvgl\src\draw\lv_draw.o
                0x200052c8                lv_draw_init
 *fill*         0x200052d6        0x2 
 .text.lv_img_cf_get_px_size
                0x200052d8       0x98 obj\debugram\lvgl\src\draw\lv_draw_img.o
                0x200052d8                lv_img_cf_get_px_size
 .text.lv_img_src_get_type
                0x20005370       0x54 obj\debugram\lvgl\src\draw\lv_draw_img.o
                0x20005370                lv_img_src_get_type
 .text.lv_memzero
                0x200053c4       0x1c obj\debugram\lvgl\src\draw\lv_img_decoder.o
 .text.lv_color_make
                0x200053e0       0x52 obj\debugram\lvgl\src\draw\lv_img_decoder.o
 *fill*         0x20005432        0x2 
 .text._lv_img_decoder_init
                0x20005434       0x60 obj\debugram\lvgl\src\draw\lv_img_decoder.o
                0x20005434                _lv_img_decoder_init
 .text.lv_img_decoder_create
                0x20005494       0x38 obj\debugram\lvgl\src\draw\lv_img_decoder.o
                0x20005494                lv_img_decoder_create
 .text.lv_img_decoder_set_info_cb
                0x200054cc       0x1c obj\debugram\lvgl\src\draw\lv_img_decoder.o
                0x200054cc                lv_img_decoder_set_info_cb
 .text.lv_img_decoder_set_open_cb
                0x200054e8       0x1c obj\debugram\lvgl\src\draw\lv_img_decoder.o
                0x200054e8                lv_img_decoder_set_open_cb
 .text.lv_img_decoder_set_read_line_cb
                0x20005504       0x1c obj\debugram\lvgl\src\draw\lv_img_decoder.o
                0x20005504                lv_img_decoder_set_read_line_cb
 .text.lv_img_decoder_set_close_cb
                0x20005520       0x1c obj\debugram\lvgl\src\draw\lv_img_decoder.o
                0x20005520                lv_img_decoder_set_close_cb
 .text.lv_img_decoder_built_in_info
                0x2000553c      0x150 obj\debugram\lvgl\src\draw\lv_img_decoder.o
                0x2000553c                lv_img_decoder_built_in_info
 .text.lv_img_decoder_built_in_open
                0x2000568c      0x2cc obj\debugram\lvgl\src\draw\lv_img_decoder.o
                0x2000568c                lv_img_decoder_built_in_open
 .text.lv_img_decoder_built_in_read_line
                0x20005958      0x124 obj\debugram\lvgl\src\draw\lv_img_decoder.o
                0x20005958                lv_img_decoder_built_in_read_line
 .text.lv_img_decoder_built_in_close
                0x20005a7c       0x5e obj\debugram\lvgl\src\draw\lv_img_decoder.o
                0x20005a7c                lv_img_decoder_built_in_close
 .text.lv_img_decoder_built_in_line_true_color
                0x20005ada       0xbe obj\debugram\lvgl\src\draw\lv_img_decoder.o
 .text.lv_img_decoder_built_in_line_alpha
                0x20005b98      0x308 obj\debugram\lvgl\src\draw\lv_img_decoder.o
 .text.lv_img_decoder_built_in_line_indexed
                0x20005ea0      0x2b0 obj\debugram\lvgl\src\draw\lv_img_decoder.o
 .text.lv_font_get_bitmap_fmt_txt
                0x20006150       0x62 obj\debugram\lvgl\src\font\lv_font_fmt_txt.o
                0x20006150                lv_font_get_bitmap_fmt_txt
 .text.lv_font_get_glyph_dsc_fmt_txt
                0x200061b2      0x122 obj\debugram\lvgl\src\font\lv_font_fmt_txt.o
                0x200061b2                lv_font_get_glyph_dsc_fmt_txt
 .text.get_glyph_dsc_id
                0x200062d4      0x288 obj\debugram\lvgl\src\font\lv_font_fmt_txt.o
 .text.get_kern_value
                0x2000655c      0x150 obj\debugram\lvgl\src\font\lv_font_fmt_txt.o
 .text.kern_pair_8_compare
                0x200066ac       0x48 obj\debugram\lvgl\src\font\lv_font_fmt_txt.o
 .text.kern_pair_16_compare
                0x200066f4       0x48 obj\debugram\lvgl\src\font\lv_font_fmt_txt.o
 .text.unicode_list_compare
                0x2000673c       0x22 obj\debugram\lvgl\src\font\lv_font_fmt_txt.o
 *fill*         0x2000675e        0x2 
 .text.lv_disp_get_default
                0x20006760       0x18 obj\debugram\lvgl\src\hal\lv_hal_disp.o
                0x20006760                lv_disp_get_default
 .text.lv_disp_get_hor_res
                0x20006778       0x4c obj\debugram\lvgl\src\hal\lv_hal_disp.o
                0x20006778                lv_disp_get_hor_res
 .text.lv_disp_get_ver_res
                0x200067c4       0x4c obj\debugram\lvgl\src\hal\lv_hal_disp.o
                0x200067c4                lv_disp_get_ver_res
 .text.lv_disp_get_dpi
                0x20006810       0x34 obj\debugram\lvgl\src\hal\lv_hal_disp.o
                0x20006810                lv_disp_get_dpi
 .text.lv_indev_get_next
                0x20006844       0x30 obj\debugram\lvgl\src\hal\lv_hal_indev.o
                0x20006844                lv_indev_get_next
 .text.lv_tick_inc
                0x20006874       0x30 obj\debugram\lvgl\src\hal\lv_hal_tick.o
                0x20006874                lv_tick_inc
 .text.lv_tick_get
                0x200068a4       0x34 obj\debugram\lvgl\src\hal\lv_hal_tick.o
                0x200068a4                lv_tick_get
 .text.lv_tick_elaps
                0x200068d8       0x38 obj\debugram\lvgl\src\hal\lv_hal_tick.o
                0x200068d8                lv_tick_elaps
 .text.lv_area_copy
                0x20006910       0x3e obj\debugram\lvgl\src\layouts\flex\lv_flex.o
 .text.lv_area_get_width
                0x2000694e       0x2e obj\debugram\lvgl\src\layouts\flex\lv_flex.o
 .text.lv_area_get_height
                0x2000697c       0x2e obj\debugram\lvgl\src\layouts\flex\lv_flex.o
 .text.lv_obj_get_style_width
                0x200069aa       0x24 obj\debugram\lvgl\src\layouts\flex\lv_flex.o
 .text.lv_obj_get_style_min_width
                0x200069ce       0x24 obj\debugram\lvgl\src\layouts\flex\lv_flex.o
 .text.lv_obj_get_style_max_width
                0x200069f2       0x24 obj\debugram\lvgl\src\layouts\flex\lv_flex.o
 .text.lv_obj_get_style_height
                0x20006a16       0x24 obj\debugram\lvgl\src\layouts\flex\lv_flex.o
 .text.lv_obj_get_style_min_height
                0x20006a3a       0x24 obj\debugram\lvgl\src\layouts\flex\lv_flex.o
 .text.lv_obj_get_style_max_height
                0x20006a5e       0x24 obj\debugram\lvgl\src\layouts\flex\lv_flex.o
 .text.lv_obj_get_style_translate_x
                0x20006a82       0x24 obj\debugram\lvgl\src\layouts\flex\lv_flex.o
 .text.lv_obj_get_style_translate_y
                0x20006aa6       0x24 obj\debugram\lvgl\src\layouts\flex\lv_flex.o
 .text.lv_obj_get_style_pad_top
                0x20006aca       0x24 obj\debugram\lvgl\src\layouts\flex\lv_flex.o
 .text.lv_obj_get_style_pad_left
                0x20006aee       0x24 obj\debugram\lvgl\src\layouts\flex\lv_flex.o
 .text.lv_obj_get_style_pad_row
                0x20006b12       0x24 obj\debugram\lvgl\src\layouts\flex\lv_flex.o
 .text.lv_obj_get_style_pad_column
                0x20006b36       0x24 obj\debugram\lvgl\src\layouts\flex\lv_flex.o
 .text.lv_obj_get_style_border_width
                0x20006b5a       0x24 obj\debugram\lvgl\src\layouts\flex\lv_flex.o
 .text.lv_obj_get_style_base_dir
                0x20006b7e       0x24 obj\debugram\lvgl\src\layouts\flex\lv_flex.o
 *fill*         0x20006ba2        0x2 
 .text.lv_obj_get_style_flex_flow
                0x20006ba4       0x2c obj\debugram\lvgl\src\layouts\flex\lv_flex.o
 .text.lv_obj_get_style_flex_main_place
                0x20006bd0       0x2c obj\debugram\lvgl\src\layouts\flex\lv_flex.o
 .text.lv_obj_get_style_flex_cross_place
                0x20006bfc       0x2c obj\debugram\lvgl\src\layouts\flex\lv_flex.o
 .text.lv_obj_get_style_flex_track_place
                0x20006c28       0x2c obj\debugram\lvgl\src\layouts\flex\lv_flex.o
 .text.lv_obj_get_style_flex_grow
                0x20006c54       0x2c obj\debugram\lvgl\src\layouts\flex\lv_flex.o
 .text.lv_flex_init
                0x20006c80       0x68 obj\debugram\lvgl\src\layouts\flex\lv_flex.o
                0x20006c80                lv_flex_init
 .text.flex_update
                0x20006ce8      0x4dc obj\debugram\lvgl\src\layouts\flex\lv_flex.o
 .text.find_track_end
                0x200071c4      0x3d4 obj\debugram\lvgl\src\layouts\flex\lv_flex.o
 .text.children_repos
                0x20007598      0x718 obj\debugram\lvgl\src\layouts\flex\lv_flex.o
 .text.place_content
                0x20007cb0      0x168 obj\debugram\lvgl\src\layouts\flex\lv_flex.o
 .text.get_next_item
                0x20007e18       0x74 obj\debugram\lvgl\src\layouts\flex\lv_flex.o
 .text.lv_area_copy
                0x20007e8c       0x3e obj\debugram\lvgl\src\layouts\grid\lv_grid.o
 .text.lv_area_get_width
                0x20007eca       0x2e obj\debugram\lvgl\src\layouts\grid\lv_grid.o
 .text.lv_area_get_height
                0x20007ef8       0x2e obj\debugram\lvgl\src\layouts\grid\lv_grid.o
 .text.lv_memzero
                0x20007f26       0x1c obj\debugram\lvgl\src\layouts\grid\lv_grid.o
 .text.lv_obj_get_style_width
                0x20007f42       0x24 obj\debugram\lvgl\src\layouts\grid\lv_grid.o
 .text.lv_obj_get_style_height
                0x20007f66       0x24 obj\debugram\lvgl\src\layouts\grid\lv_grid.o
 .text.lv_obj_get_style_translate_x
                0x20007f8a       0x24 obj\debugram\lvgl\src\layouts\grid\lv_grid.o
 .text.lv_obj_get_style_translate_y
                0x20007fae       0x24 obj\debugram\lvgl\src\layouts\grid\lv_grid.o
 .text.lv_obj_get_style_pad_top
                0x20007fd2       0x24 obj\debugram\lvgl\src\layouts\grid\lv_grid.o
 .text.lv_obj_get_style_pad_left
                0x20007ff6       0x24 obj\debugram\lvgl\src\layouts\grid\lv_grid.o
 .text.lv_obj_get_style_pad_row
                0x2000801a       0x24 obj\debugram\lvgl\src\layouts\grid\lv_grid.o
 .text.lv_obj_get_style_pad_column
                0x2000803e       0x24 obj\debugram\lvgl\src\layouts\grid\lv_grid.o
 .text.lv_obj_get_style_border_width
                0x20008062       0x24 obj\debugram\lvgl\src\layouts\grid\lv_grid.o
 .text.lv_obj_get_style_base_dir
                0x20008086       0x24 obj\debugram\lvgl\src\layouts\grid\lv_grid.o
 *fill*         0x200080aa        0x2 
 .text.lv_obj_get_style_grid_row_dsc_array
                0x200080ac       0x2c obj\debugram\lvgl\src\layouts\grid\lv_grid.o
 .text.lv_obj_get_style_grid_column_dsc_array
                0x200080d8       0x2c obj\debugram\lvgl\src\layouts\grid\lv_grid.o
 .text.lv_obj_get_style_grid_row_align
                0x20008104       0x2c obj\debugram\lvgl\src\layouts\grid\lv_grid.o
 .text.lv_obj_get_style_grid_column_align
                0x20008130       0x2c obj\debugram\lvgl\src\layouts\grid\lv_grid.o
 .text.lv_obj_get_style_grid_cell_column_pos
                0x2000815c       0x2c obj\debugram\lvgl\src\layouts\grid\lv_grid.o
 .text.lv_obj_get_style_grid_cell_column_span
                0x20008188       0x2c obj\debugram\lvgl\src\layouts\grid\lv_grid.o
 .text.lv_obj_get_style_grid_cell_row_pos
                0x200081b4       0x2c obj\debugram\lvgl\src\layouts\grid\lv_grid.o
 .text.lv_obj_get_style_grid_cell_row_span
                0x200081e0       0x2c obj\debugram\lvgl\src\layouts\grid\lv_grid.o
 .text.lv_obj_get_style_grid_cell_x_align
                0x2000820c       0x2c obj\debugram\lvgl\src\layouts\grid\lv_grid.o
 .text.lv_obj_get_style_grid_cell_y_align
                0x20008238       0x2c obj\debugram\lvgl\src\layouts\grid\lv_grid.o
 .text.get_col_dsc
                0x20008264       0x1a obj\debugram\lvgl\src\layouts\grid\lv_grid.o
 .text.get_row_dsc
                0x2000827e       0x1a obj\debugram\lvgl\src\layouts\grid\lv_grid.o
 .text.get_col_pos
                0x20008298       0x1c obj\debugram\lvgl\src\layouts\grid\lv_grid.o
 .text.get_row_pos
                0x200082b4       0x1c obj\debugram\lvgl\src\layouts\grid\lv_grid.o
 .text.get_col_span
                0x200082d0       0x1c obj\debugram\lvgl\src\layouts\grid\lv_grid.o
 .text.get_row_span
                0x200082ec       0x1c obj\debugram\lvgl\src\layouts\grid\lv_grid.o
 .text.get_cell_col_align
                0x20008308       0x1c obj\debugram\lvgl\src\layouts\grid\lv_grid.o
 .text.get_cell_row_align
                0x20008324       0x1c obj\debugram\lvgl\src\layouts\grid\lv_grid.o
 .text.get_grid_col_align
                0x20008340       0x1a obj\debugram\lvgl\src\layouts\grid\lv_grid.o
 .text.get_grid_row_align
                0x2000835a       0x1a obj\debugram\lvgl\src\layouts\grid\lv_grid.o
 .text.lv_grid_init
                0x20008374       0xd4 obj\debugram\lvgl\src\layouts\grid\lv_grid.o
                0x20008374                lv_grid_init
 .text.grid_update
                0x20008448      0x14c obj\debugram\lvgl\src\layouts\grid\lv_grid.o
 .text.calc     0x20008594      0x162 obj\debugram\lvgl\src\layouts\grid\lv_grid.o
 .text.calc_free
                0x200086f6       0x38 obj\debugram\lvgl\src\layouts\grid\lv_grid.o
 *fill*         0x2000872e        0x2 
 .text.calc_cols
                0x20008730      0x298 obj\debugram\lvgl\src\layouts\grid\lv_grid.o
 .text.calc_rows
                0x200089c8      0x294 obj\debugram\lvgl\src\layouts\grid\lv_grid.o
 .text.item_repos
                0x20008c5c      0x554 obj\debugram\lvgl\src\layouts\grid\lv_grid.o
 .text.grid_align
                0x200091b0      0x234 obj\debugram\lvgl\src\layouts\grid\lv_grid.o
 .text.count_tracks
                0x200093e4       0x36 obj\debugram\lvgl\src\layouts\grid\lv_grid.o
 .text.lv_memzero
                0x2000941a       0x1c obj\debugram\lvgl\src\misc\lv_anim.o
 *fill*         0x20009436        0x2 
 .text._lv_anim_core_init
                0x20009438       0x3c obj\debugram\lvgl\src\misc\lv_anim.o
                0x20009438                _lv_anim_core_init
 .text.lv_anim_init
                0x20009474       0x4c obj\debugram\lvgl\src\misc\lv_anim.o
                0x20009474                lv_anim_init
 .text.lv_anim_start
                0x200094c0       0xf0 obj\debugram\lvgl\src\misc\lv_anim.o
                0x200094c0                lv_anim_start
 .text.lv_anim_del
                0x200095b0       0x80 obj\debugram\lvgl\src\misc\lv_anim.o
                0x200095b0                lv_anim_del
 .text.lv_anim_speed_to_time
                0x20009630       0x46 obj\debugram\lvgl\src\misc\lv_anim.o
                0x20009630                lv_anim_speed_to_time
 .text.lv_anim_path_linear
                0x20009676       0x4c obj\debugram\lvgl\src\misc\lv_anim.o
                0x20009676                lv_anim_path_linear
 .text.lv_anim_path_ease_out
                0x200096c2       0x68 obj\debugram\lvgl\src\misc\lv_anim.o
                0x200096c2                lv_anim_path_ease_out
 *fill*         0x2000972a        0x2 
 .text.anim_timer
                0x2000972c      0x190 obj\debugram\lvgl\src\misc\lv_anim.o
 .text.anim_ready_handler
                0x200098bc      0x11c obj\debugram\lvgl\src\misc\lv_anim.o
 .text.anim_mark_list_change
                0x200099d8       0x3c obj\debugram\lvgl\src\misc\lv_anim.o
 .text.lv_area_get_width
                0x20009a14       0x2e obj\debugram\lvgl\src\misc\lv_area.o
 .text.lv_area_get_height
                0x20009a42       0x2e obj\debugram\lvgl\src\misc\lv_area.o
 .text.lv_area_set
                0x20009a70       0x3e obj\debugram\lvgl\src\misc\lv_area.o
                0x20009a70                lv_area_set
 .text.lv_area_set_width
                0x20009aae       0x30 obj\debugram\lvgl\src\misc\lv_area.o
                0x20009aae                lv_area_set_width
 .text.lv_area_set_height
                0x20009ade       0x30 obj\debugram\lvgl\src\misc\lv_area.o
                0x20009ade                lv_area_set_height
 .text.lv_area_get_size
                0x20009b0e       0x42 obj\debugram\lvgl\src\misc\lv_area.o
                0x20009b0e                lv_area_get_size
 .text.lv_area_increase
                0x20009b50       0x6c obj\debugram\lvgl\src\misc\lv_area.o
                0x20009b50                lv_area_increase
 .text._lv_area_intersect
                0x20009bbc       0xa2 obj\debugram\lvgl\src\misc\lv_area.o
                0x20009bbc                _lv_area_intersect
 .text._lv_area_is_point_on
                0x20009c5e      0x24e obj\debugram\lvgl\src\misc\lv_area.o
                0x20009c5e                _lv_area_is_point_on
 .text._lv_area_is_in
                0x20009eac      0x13c obj\debugram\lvgl\src\misc\lv_area.o
                0x20009eac                _lv_area_is_in
 .text.lv_point_transform
                0x20009fe8      0x290 obj\debugram\lvgl\src\misc\lv_area.o
                0x20009fe8                lv_point_transform
 .text.lv_point_within_circle
                0x2000a278       0xa6 obj\debugram\lvgl\src\misc\lv_area.o
 .text.lv_memzero
                0x2000a31e       0x1c obj\debugram\lvgl\src\misc\lv_fs.o
 *fill*         0x2000a33a        0x2 
 .text._lv_fs_init
                0x2000a33c       0x14 obj\debugram\lvgl\src\misc\lv_fs.o
                0x2000a33c                _lv_fs_init
 .text.lv_fs_open
                0x2000a350       0xda obj\debugram\lvgl\src\misc\lv_fs.o
                0x2000a350                lv_fs_open
 .text.lv_fs_close
                0x2000a42a       0x86 obj\debugram\lvgl\src\misc\lv_fs.o
                0x2000a42a                lv_fs_close
 .text.lv_fs_read_cached
                0x2000a4b0      0x21c obj\debugram\lvgl\src\misc\lv_fs.o
 .text.lv_fs_read
                0x2000a6cc       0x8a obj\debugram\lvgl\src\misc\lv_fs.o
                0x2000a6cc                lv_fs_read
 .text.lv_fs_seek
                0x2000a756      0x154 obj\debugram\lvgl\src\misc\lv_fs.o
                0x2000a756                lv_fs_seek
 *fill*         0x2000a8aa        0x2 
 .text.lv_fs_get_drv
                0x2000a8ac       0x44 obj\debugram\lvgl\src\misc\lv_fs.o
                0x2000a8ac                lv_fs_get_drv
 .text.lv_fs_get_ext
                0x2000a8f0       0x60 obj\debugram\lvgl\src\misc\lv_fs.o
                0x2000a8f0                lv_fs_get_ext
 .text.lv_fs_get_real_path
                0x2000a950       0x2a obj\debugram\lvgl\src\misc\lv_fs.o
 .text._lv_ll_init
                0x2000a97a       0x32 obj\debugram\lvgl\src\misc\lv_ll.o
                0x2000a97a                _lv_ll_init
 .text._lv_ll_ins_head
                0x2000a9ac       0x68 obj\debugram\lvgl\src\misc\lv_ll.o
                0x2000a9ac                _lv_ll_ins_head
 .text._lv_ll_remove
                0x2000aa14       0xba obj\debugram\lvgl\src\misc\lv_ll.o
                0x2000aa14                _lv_ll_remove
 .text._lv_ll_get_head
                0x2000aace       0x22 obj\debugram\lvgl\src\misc\lv_ll.o
                0x2000aace                _lv_ll_get_head
 .text._lv_ll_get_tail
                0x2000aaf0       0x22 obj\debugram\lvgl\src\misc\lv_ll.o
                0x2000aaf0                _lv_ll_get_tail
 .text._lv_ll_get_next
                0x2000ab12       0x2a obj\debugram\lvgl\src\misc\lv_ll.o
                0x2000ab12                _lv_ll_get_next
 .text._lv_ll_get_prev
                0x2000ab3c       0x28 obj\debugram\lvgl\src\misc\lv_ll.o
                0x2000ab3c                _lv_ll_get_prev
 .text._lv_ll_is_empty
                0x2000ab64       0x34 obj\debugram\lvgl\src\misc\lv_ll.o
                0x2000ab64                _lv_ll_is_empty
 .text.node_set_prev
                0x2000ab98       0x3e obj\debugram\lvgl\src\misc\lv_ll.o
 .text.node_set_next
                0x2000abd6       0x40 obj\debugram\lvgl\src\misc\lv_ll.o
 *fill*         0x2000ac16        0x2 
 .text.lv_mem_init_builtin
                0x2000ac18       0x20 obj\debugram\lvgl\src\misc\lv_malloc_builtin.o
                0x2000ac18                lv_mem_init_builtin
 .text.lv_malloc_builtin
                0x2000ac38       0x48 obj\debugram\lvgl\src\misc\lv_malloc_builtin.o
                0x2000ac38                lv_malloc_builtin
 .text.lv_realloc_builtin
                0x2000ac80       0x28 obj\debugram\lvgl\src\misc\lv_malloc_builtin.o
                0x2000ac80                lv_realloc_builtin
 .text.lv_free_builtin
                0x2000aca8       0x44 obj\debugram\lvgl\src\misc\lv_malloc_builtin.o
                0x2000aca8                lv_free_builtin
 .text.lv_trigo_sin
                0x2000acec       0xe0 obj\debugram\lvgl\src\misc\lv_math.o
                0x2000acec                lv_trigo_sin
 .text.lv_bezier3
                0x2000adcc       0xa4 obj\debugram\lvgl\src\misc\lv_math.o
                0x2000adcc                lv_bezier3
 .text.lv_map   0x2000ae70       0x90 obj\debugram\lvgl\src\misc\lv_math.o
                0x2000ae70                lv_map
 .text.lv_malloc
                0x2000af00       0x28 obj\debugram\lvgl\src\misc\lv_mem.o
                0x2000af00                lv_malloc
 .text.lv_free  0x2000af28       0x30 obj\debugram\lvgl\src\misc\lv_mem.o
                0x2000af28                lv_free
 .text.lv_realloc
                0x2000af58       0x50 obj\debugram\lvgl\src\misc\lv_mem.o
                0x2000af58                lv_realloc
 .text.lv_memcpy
                0x2000afa8       0x20 obj\debugram\lvgl\src\misc\lv_mem.o
                0x2000afa8                lv_memcpy
 .text.lv_memset
                0x2000afc8       0x22 obj\debugram\lvgl\src\misc\lv_mem.o
                0x2000afc8                lv_memset
 .text.lv_memcpy_builtin
                0x2000afea      0x43a obj\debugram\lvgl\src\misc\lv_memcpy_builtin.o
                0x2000afea                lv_memcpy_builtin
 .text.lv_memset_builtin
                0x2000b424      0x102 obj\debugram\lvgl\src\misc\lv_memcpy_builtin.o
                0x2000b424                lv_memset_builtin
 .text.lv_color_make
                0x2000b526       0x52 obj\debugram\lvgl\src\misc\lv_style.o
 .text.lv_color_white
                0x2000b578       0x14 obj\debugram\lvgl\src\misc\lv_style.o
 .text.lv_color_black
                0x2000b58c       0x14 obj\debugram\lvgl\src\misc\lv_style.o
 .text.lv_style_get_prop_inlined
                0x2000b5a0      0x17c obj\debugram\lvgl\src\misc\lv_style.o
 .text.lv_style_register_prop
                0x2000b71c       0xb8 obj\debugram\lvgl\src\misc\lv_style.o
                0x2000b71c                lv_style_register_prop
 .text.lv_style_get_prop
                0x2000b7d4       0x24 obj\debugram\lvgl\src\misc\lv_style.o
                0x2000b7d4                lv_style_get_prop
 .text.lv_style_prop_get_default
                0x2000b7f8      0x214 obj\debugram\lvgl\src\misc\lv_style.o
                0x2000b7f8                lv_style_prop_get_default
 .text._lv_style_get_prop_group
                0x2000ba0c       0x30 obj\debugram\lvgl\src\misc\lv_style.o
                0x2000ba0c                _lv_style_get_prop_group
 .text._lv_style_prop_lookup_flags
                0x2000ba3c       0x70 obj\debugram\lvgl\src\misc\lv_style.o
                0x2000ba3c                _lv_style_prop_lookup_flags
 .text._lv_timer_core_init
                0x2000baac       0x1c obj\debugram\lvgl\src\misc\lv_timer.o
                0x2000baac                _lv_timer_core_init
 .text.lv_timer_create
                0x2000bac8       0x70 obj\debugram\lvgl\src\misc\lv_timer.o
                0x2000bac8                lv_timer_create
 .text.lv_timer_pause
                0x2000bb38       0x1e obj\debugram\lvgl\src\misc\lv_timer.o
                0x2000bb38                lv_timer_pause
 .text.lv_timer_resume
                0x2000bb56       0x1e obj\debugram\lvgl\src\misc\lv_timer.o
                0x2000bb56                lv_timer_resume
 .text.lv_timer_enable
                0x2000bb74       0x20 obj\debugram\lvgl\src\misc\lv_timer.o
                0x2000bb74                lv_timer_enable
 .text.tlsf_ffs
                0x2000bb94       0x2a obj\debugram\lvgl\src\misc\lv_tlsf.o
 .text.tlsf_fls
                0x2000bbbe       0x2e obj\debugram\lvgl\src\misc\lv_tlsf.o
 .text.block_size
                0x2000bbec       0x22 obj\debugram\lvgl\src\misc\lv_tlsf.o
 .text.block_set_size
                0x2000bc0e       0x2e obj\debugram\lvgl\src\misc\lv_tlsf.o
 .text.block_is_last
                0x2000bc3c       0x22 obj\debugram\lvgl\src\misc\lv_tlsf.o
 .text.block_is_free
                0x2000bc5e       0x1c obj\debugram\lvgl\src\misc\lv_tlsf.o
 .text.block_set_free
                0x2000bc7a       0x20 obj\debugram\lvgl\src\misc\lv_tlsf.o
 .text.block_set_used
                0x2000bc9a       0x22 obj\debugram\lvgl\src\misc\lv_tlsf.o
 .text.block_is_prev_free
                0x2000bcbc       0x1c obj\debugram\lvgl\src\misc\lv_tlsf.o
 .text.block_set_prev_free
                0x2000bcd8       0x20 obj\debugram\lvgl\src\misc\lv_tlsf.o
 .text.block_set_prev_used
                0x2000bcf8       0x22 obj\debugram\lvgl\src\misc\lv_tlsf.o
 .text.block_from_ptr
                0x2000bd1a       0x1c obj\debugram\lvgl\src\misc\lv_tlsf.o
 .text.block_to_ptr
                0x2000bd36       0x1a obj\debugram\lvgl\src\misc\lv_tlsf.o
 .text.offset_to_block
                0x2000bd50       0x1c obj\debugram\lvgl\src\misc\lv_tlsf.o
 .text.block_prev
                0x2000bd6c       0x22 obj\debugram\lvgl\src\misc\lv_tlsf.o
 .text.block_next
                0x2000bd8e       0x3e obj\debugram\lvgl\src\misc\lv_tlsf.o
 .text.block_link_next
                0x2000bdcc       0x20 obj\debugram\lvgl\src\misc\lv_tlsf.o
 .text.block_mark_as_free
                0x2000bdec       0x24 obj\debugram\lvgl\src\misc\lv_tlsf.o
 .text.block_mark_as_used
                0x2000be10       0x24 obj\debugram\lvgl\src\misc\lv_tlsf.o
 .text.align_up
                0x2000be34       0x32 obj\debugram\lvgl\src\misc\lv_tlsf.o
 .text.align_down
                0x2000be66       0x2c obj\debugram\lvgl\src\misc\lv_tlsf.o
 .text.align_ptr
                0x2000be92       0x36 obj\debugram\lvgl\src\misc\lv_tlsf.o
 .text.adjust_request_size
                0x2000bec8       0x3e obj\debugram\lvgl\src\misc\lv_tlsf.o
 .text.mapping_insert
                0x2000bf06       0x56 obj\debugram\lvgl\src\misc\lv_tlsf.o
 .text.mapping_search
                0x2000bf5c       0x40 obj\debugram\lvgl\src\misc\lv_tlsf.o
 .text.search_suitable_block
                0x2000bf9c       0xa0 obj\debugram\lvgl\src\misc\lv_tlsf.o
 .text.remove_free_block
                0x2000c03c       0xba obj\debugram\lvgl\src\misc\lv_tlsf.o
 .text.insert_free_block
                0x2000c0f6       0xb0 obj\debugram\lvgl\src\misc\lv_tlsf.o
 .text.block_remove
                0x2000c1a6       0x32 obj\debugram\lvgl\src\misc\lv_tlsf.o
 .text.block_insert
                0x2000c1d8       0x32 obj\debugram\lvgl\src\misc\lv_tlsf.o
 .text.block_can_split
                0x2000c20a       0x28 obj\debugram\lvgl\src\misc\lv_tlsf.o
 .text.block_split
                0x2000c232       0x9c obj\debugram\lvgl\src\misc\lv_tlsf.o
 .text.block_absorb
                0x2000c2ce       0x3e obj\debugram\lvgl\src\misc\lv_tlsf.o
 .text.block_merge_prev
                0x2000c30c       0x50 obj\debugram\lvgl\src\misc\lv_tlsf.o
 .text.block_merge_next
                0x2000c35c       0x50 obj\debugram\lvgl\src\misc\lv_tlsf.o
 .text.block_trim_free
                0x2000c3ac       0x4e obj\debugram\lvgl\src\misc\lv_tlsf.o
 .text.block_trim_used
                0x2000c3fa       0x52 obj\debugram\lvgl\src\misc\lv_tlsf.o
 .text.block_locate_free
                0x2000c44c       0x70 obj\debugram\lvgl\src\misc\lv_tlsf.o
 .text.block_prepare_used
                0x2000c4bc       0x40 obj\debugram\lvgl\src\misc\lv_tlsf.o
 .text.control_constructor
                0x2000c4fc       0x6c obj\debugram\lvgl\src\misc\lv_tlsf.o
 .text.lv_tlsf_size
                0x2000c568       0x12 obj\debugram\lvgl\src\misc\lv_tlsf.o
                0x2000c568                lv_tlsf_size
 .text.lv_tlsf_pool_overhead
                0x2000c57a       0x12 obj\debugram\lvgl\src\misc\lv_tlsf.o
                0x2000c57a                lv_tlsf_pool_overhead
 .text.lv_tlsf_add_pool
                0x2000c58c       0x96 obj\debugram\lvgl\src\misc\lv_tlsf.o
                0x2000c58c                lv_tlsf_add_pool
 .text.lv_tlsf_create
                0x2000c622       0x26 obj\debugram\lvgl\src\misc\lv_tlsf.o
                0x2000c622                lv_tlsf_create
 .text.lv_tlsf_create_with_pool
                0x2000c648       0x3a obj\debugram\lvgl\src\misc\lv_tlsf.o
                0x2000c648                lv_tlsf_create_with_pool
 .text.lv_tlsf_malloc
                0x2000c682       0x36 obj\debugram\lvgl\src\misc\lv_tlsf.o
                0x2000c682                lv_tlsf_malloc
 .text.lv_tlsf_free
                0x2000c6b8       0x60 obj\debugram\lvgl\src\misc\lv_tlsf.o
                0x2000c6b8                lv_tlsf_free
 .text.lv_tlsf_realloc
                0x2000c718      0x10a obj\debugram\lvgl\src\misc\lv_tlsf.o
                0x2000c718                lv_tlsf_realloc
 .text._lv_utils_bsearch
                0x2000c822       0x80 obj\debugram\lvgl\src\misc\lv_utils.o
                0x2000c822                _lv_utils_bsearch
 *fill*         0x2000c8a2        0x2 
 .text.__NVIC_EnableIRQ
                0x2000c8a4       0x3c obj\debugram\src\main.o
 .text.__NVIC_SetPriority
                0x2000c8e0       0x54 obj\debugram\src\main.o
 .text.SysTick_Config
                0x2000c934       0x44 obj\debugram\src\main.o
 .text.main     0x2000c978      0x880 obj\debugram\src\main.o
                0x2000c978                main
 .text.SystemInit
                0x2000d1f8       0x6c obj\debugram\src\system_stm32f4xx.o
                0x2000d1f8                SystemInit
 .text.SetSysClock
                0x2000d264       0xf4 obj\debugram\src\system_stm32f4xx.o
 *(.glue_7)
 .glue_7        0x2000d358        0x0 linker stubs
 *(.glue_7t)
 .glue_7t       0x2000d358        0x0 linker stubs
 *(.eh_frame)
 .eh_frame      0x2000d358        0x0 d:/2.30/share/armgcc/bin/../lib/gcc/arm-none-eabi/9.3.1/thumb/v7e-m+fp/hard/crtbegin.o
 *(.init)
 .init          0x2000d358        0x4 d:/2.30/share/armgcc/bin/../lib/gcc/arm-none-eabi/9.3.1/thumb/v7e-m+fp/hard/crti.o
                0x2000d358                _init
 .init          0x2000d35c        0x8 d:/2.30/share/armgcc/bin/../lib/gcc/arm-none-eabi/9.3.1/thumb/v7e-m+fp/hard/crtn.o
 *(.fini)
 .fini          0x2000d364        0x4 d:/2.30/share/armgcc/bin/../lib/gcc/arm-none-eabi/9.3.1/thumb/v7e-m+fp/hard/crti.o
                0x2000d364                _fini
 .fini          0x2000d368        0x8 d:/2.30/share/armgcc/bin/../lib/gcc/arm-none-eabi/9.3.1/thumb/v7e-m+fp/hard/crtn.o
                0x2000d370                . = ALIGN (0x4)
                0x2000d370                _etext = .

.vfp11_veneer   0x2000d370        0x0
 .vfp11_veneer  0x2000d370        0x0 linker stubs

.v4_bx          0x2000d370        0x0
 .v4_bx         0x2000d370        0x0 linker stubs

.iplt           0x2000d370        0x0
 .iplt          0x2000d370        0x0 d:/2.30/share/armgcc/bin/../lib/gcc/arm-none-eabi/9.3.1/thumb/v7e-m+fp/hard/crtbegin.o

.rodata         0x2000d370     0x368c
                0x2000d370                . = ALIGN (0x4)
 *(.rodata)
 .rodata        0x2000d370        0x3 obj\debugram\lvgl\src\core\lv_obj.o
 *fill*         0x2000d373        0x1 
 .rodata        0x2000d374       0x14 obj\debugram\lvgl\src\draw\lv_img_decoder.o
 .rodata        0x2000d388        0x1 obj\debugram\lvgl\src\misc\lv_fs.o
 *(.rodata*)
 *fill*         0x2000d389        0x3 
 .rodata.glyph_bitmap
                0x2000d38c     0x2280 obj\debugram\lvgl\src\font\lv_font_montserrat_14.o
 .rodata.glyph_dsc
                0x2000f60c      0x4f0 obj\debugram\lvgl\src\font\lv_font_montserrat_14.o
 .rodata.unicode_list_1
                0x2000fafc       0x7c obj\debugram\lvgl\src\font\lv_font_montserrat_14.o
 .rodata.cmaps  0x2000fb78       0x28 obj\debugram\lvgl\src\font\lv_font_montserrat_14.o
 .rodata.kern_left_class_mapping
                0x2000fba0       0x9e obj\debugram\lvgl\src\font\lv_font_montserrat_14.o
 *fill*         0x2000fc3e        0x2 
 .rodata.kern_right_class_mapping
                0x2000fc40       0x9e obj\debugram\lvgl\src\font\lv_font_montserrat_14.o
 *fill*         0x2000fcde        0x2 
 .rodata.kern_class_values
                0x2000fce0      0xbad obj\debugram\lvgl\src\font\lv_font_montserrat_14.o
 *fill*         0x2001088d        0x3 
 .rodata.kern_classes
                0x20010890       0x10 obj\debugram\lvgl\src\font\lv_font_montserrat_14.o
 .rodata.font_dsc
                0x200108a0       0x18 obj\debugram\lvgl\src\font\lv_font_montserrat_14.o
 .rodata.lv_font_montserrat_14
                0x200108b8       0x1c obj\debugram\lvgl\src\font\lv_font_montserrat_14.o
                0x200108b8                lv_font_montserrat_14
 .rodata.sin0_90_table
                0x200108d4       0xb6 obj\debugram\lvgl\src\misc\lv_math.o
 *fill*         0x2001098a        0x2 
 .rodata._lv_style_builtin_prop_flag_lookup_table
                0x2001098c       0x70 obj\debugram\lvgl\src\misc\lv_style.o
                0x2001098c                _lv_style_builtin_prop_flag_lookup_table
                0x200109fc                . = ALIGN (0x4)

.rel.dyn        0x200109fc        0x0
 .rel.iplt      0x200109fc        0x0 d:/2.30/share/armgcc/bin/../lib/gcc/arm-none-eabi/9.3.1/thumb/v7e-m+fp/hard/crtbegin.o

.ARM.extab
 *(.ARM.extab* .gnu.linkonce.armextab.*)

.ARM            0x200109fc        0x0
                0x200109fc                __exidx_start = .
 *(.ARM.exidx*)
                0x200109fc                __exidx_end = .

.preinit_array  0x200109fc        0x0
                0x200109fc                PROVIDE (__preinit_array_start = .)
 *(.preinit_array*)
                0x200109fc                PROVIDE (__preinit_array_end = .)

.init_array     0x200109fc        0x4
                0x200109fc                PROVIDE (__init_array_start = .)
 *(SORT_BY_NAME(.init_array.*))
 *(.init_array*)
 .init_array    0x200109fc        0x4 d:/2.30/share/armgcc/bin/../lib/gcc/arm-none-eabi/9.3.1/thumb/v7e-m+fp/hard/crtbegin.o
                0x20010a00                PROVIDE (__init_array_end = .)

.fini_array     0x20010a00        0x4
                [!provide]                PROVIDE (__fini_array_start = .)
 *(SORT_BY_NAME(.fini_array.*))
 *(.fini_array*)
 .fini_array    0x20010a00        0x4 d:/2.30/share/armgcc/bin/../lib/gcc/arm-none-eabi/9.3.1/thumb/v7e-m+fp/hard/crtbegin.o
                [!provide]                PROVIDE (__fini_array_end = .)
                0x20010a04                _sidata = LOADADDR (.data)

.data           0x20010a04       0x1c
                0x20010a04                . = ALIGN (0x4)
                0x20010a04                _sdata = .
 *(.data)
 *(.data*)
 .data.PrescalerTable
                0x20010a04       0x10 obj\debugram\fil_lib\rcc.o
 .data.angle_prev.5828
                0x20010a14        0x4 obj\debugram\lvgl\src\misc\lv_area.o
 .data.zero_mem
                0x20010a18        0x4 obj\debugram\lvgl\src\misc\lv_mem.o
 .data.last_custom_prop_id
                0x20010a1c        0x2 obj\debugram\lvgl\src\misc\lv_style.o
                0x20010a20                . = ALIGN (0x4)
 *fill*         0x20010a1e        0x2 
                0x20010a20                _edata = .

.igot.plt       0x20010a20        0x0
 .igot.plt      0x20010a20        0x0 d:/2.30/share/armgcc/bin/../lib/gcc/arm-none-eabi/9.3.1/thumb/v7e-m+fp/hard/crtbegin.o
                0x20010a20                . = ALIGN (0x4)

.bss            0x20010a20    0x202c4
                0x20010a20                _sbss = .
                0x20010a20                __bss_start__ = _sbss
 *(.bss)
 .bss           0x20010a20       0x1c d:/2.30/share/armgcc/bin/../lib/gcc/arm-none-eabi/9.3.1/thumb/v7e-m+fp/hard/crtbegin.o
 *(.bss*)
 .bss.EnginePWM
                0x20010a3c        0x4 obj\debugram\fil_lib\regulators.o
                0x20010a3c                EnginePWM
 .bss.globalTime
                0x20010a40        0x4 obj\debugram\fil_lib\tim.o
                0x20010a40                globalTime
 .bss.event_head
                0x20010a44        0x4 obj\debugram\lvgl\src\core\lv_event.o
 .bss.indev_act
                0x20010a48        0x4 obj\debugram\lvgl\src\core\lv_indev.o
 .bss.lv_initialized
                0x20010a4c        0x1 obj\debugram\lvgl\src\core\lv_obj.o
 *fill*         0x20010a4d        0x3 
 .bss.x.12840   0x20010a50        0x4 obj\debugram\lvgl\src\core\lv_obj.o
 .bss.layout_cnt
                0x20010a54        0x4 obj\debugram\lvgl\src\core\lv_obj_pos.o
 .bss.mutex.10561
                0x20010a58        0x1 obj\debugram\lvgl\src\core\lv_obj_pos.o
 *fill*         0x20010a59        0x3 
 .bss.cache     0x20010a5c        0x8 obj\debugram\lvgl\src\font\lv_font_montserrat_14.o
 .bss.disp_def  0x20010a64        0x4 obj\debugram\lvgl\src\hal\lv_hal_disp.o
 .bss.sys_time  0x20010a68        0x4 obj\debugram\lvgl\src\hal\lv_hal_tick.o
 .bss.tick_irq_flag
                0x20010a6c        0x1 obj\debugram\lvgl\src\hal\lv_hal_tick.o
 *fill*         0x20010a6d        0x3 
 .bss.last_timer_run
                0x20010a70        0x4 obj\debugram\lvgl\src\misc\lv_anim.o
 .bss.anim_list_changed
                0x20010a74        0x1 obj\debugram\lvgl\src\misc\lv_anim.o
 .bss.anim_run_round
                0x20010a75        0x1 obj\debugram\lvgl\src\misc\lv_anim.o
 *fill*         0x20010a76        0x2 
 .bss._lv_anim_tmr
                0x20010a78        0x4 obj\debugram\lvgl\src\misc\lv_anim.o
 .bss.sinma.5829
                0x20010a7c        0x4 obj\debugram\lvgl\src\misc\lv_area.o
 .bss.cosma.5830
                0x20010a80        0x4 obj\debugram\lvgl\src\misc\lv_area.o
 .bss.tlsf      0x20010a84        0x4 obj\debugram\lvgl\src\misc\lv_malloc_builtin.o
 .bss.cur_used  0x20010a88        0x4 obj\debugram\lvgl\src\misc\lv_malloc_builtin.o
 .bss.max_used  0x20010a8c        0x4 obj\debugram\lvgl\src\misc\lv_malloc_builtin.o
 .bss.work_mem_int.6125
                0x20010a90    0x20000 obj\debugram\lvgl\src\misc\lv_malloc_builtin.o
 .bss._lv_style_custom_prop_flag_lookup_table_size
                0x20030a90        0x4 obj\debugram\lvgl\src\misc\lv_style.o
                0x20030a90                _lv_style_custom_prop_flag_lookup_table_size
 .bss.lv_timer_run
                0x20030a94        0x1 obj\debugram\lvgl\src\misc\lv_timer.o
 .bss.timer_created
                0x20030a95        0x1 obj\debugram\lvgl\src\misc\lv_timer.o
 *(COMMON)
 *fill*         0x20030a96        0x2 
 COMMON         0x20030a98       0x84 obj\debugram\fil_lib\dma.o
                0x20030a98                Servo1
                0x20030ab0                TIMStatus
                0x20030ac8                EngineReg
                0x20030b08                Clocks
 COMMON         0x20030b1c        0x6 obj\debugram\fil_lib\regulators.o
                0x20030b1c                Motor_Coord
                0x20030b20                EncData
 COMMON         0x20030b22        0xc obj\debugram\lvgl\src\layouts\flex\lv_flex.o
                0x20030b22                LV_STYLE_FLEX_CROSS_PLACE
                0x20030b24                LV_STYLE_FLEX_TRACK_PLACE
                0x20030b26                LV_STYLE_FLEX_FLOW
                0x20030b28                LV_STYLE_FLEX_GROW
                0x20030b2a                LV_STYLE_FLEX_MAIN_PLACE
                0x20030b2c                LV_LAYOUT_FLEX
 COMMON         0x20030b2e       0x16 obj\debugram\lvgl\src\layouts\grid\lv_grid.o
                0x20030b2e                LV_STYLE_GRID_CELL_COLUMN_SPAN
                0x20030b30                LV_STYLE_GRID_ROW_ALIGN
                0x20030b32                LV_STYLE_GRID_ROW_DSC_ARRAY
                0x20030b34                LV_STYLE_GRID_CELL_COLUMN_POS
                0x20030b36                LV_STYLE_GRID_CELL_Y_ALIGN
                0x20030b38                LV_STYLE_GRID_COLUMN_ALIGN
                0x20030b3a                LV_STYLE_GRID_CELL_ROW_SPAN
                0x20030b3c                LV_STYLE_GRID_CELL_X_ALIGN
                0x20030b3e                LV_STYLE_GRID_COLUMN_DSC_ARRAY
                0x20030b40                LV_STYLE_GRID_CELL_ROW_POS
                0x20030b42                LV_LAYOUT_GRID
 COMMON         0x20030b44      0x1a0 obj\debugram\lvgl\src\misc\lv_gc.o
                0x20030b44                _lv_timer_act
                0x20030b48                _lv_style_custom_prop_flag_lookup_table
                0x20030b4c                _lv_indev_ll
                0x20030b58                _lv_timer_ll
                0x20030b64                _lv_disp_ll
                0x20030b70                _lv_obj_style_trans_ll
                0x20030b7c                _lv_img_decoder_ll
                0x20030b88                _lv_theme_default_styles
                0x20030b8c                _subs_ll
                0x20030b98                _lv_theme_basic_styles
                0x20030b9c                _lv_img_cache_single
                0x20030bc8                _lv_layout_list
                0x20030bcc                _lv_grad_cache_mem
                0x20030bd0                _lv_anim_ll
                0x20030bdc                _lv_draw_mask_list
                0x20030c5c                _lv_fsdrv_ll
                0x20030c68                _lv_group_ll
                0x20030c74                _lv_circle_cache
                0x20030ce4                . = ALIGN (0x4)
                0x20030ce4                _ebss = .
                0x20030ce4                __bss_end__ = _ebss

.heap           0x20030ce4        0x0
                0x20030ce4                . = ALIGN (0x4)
                0x20030ce4                PROVIDE (end = .)
                [!provide]                PROVIDE (_end = .)
 *(.heap*)
                0x20030ce4                . = (. + _Min_Heap_Size)
                0x20030ce4                __HeapLimit = .
                0x20030ce4                . = ALIGN (0x4)

.ARM.attributes
                0x00000000       0x30
 *(.ARM.attributes)
 .ARM.attributes
                0x00000000       0x1e d:/2.30/share/armgcc/bin/../lib/gcc/arm-none-eabi/9.3.1/thumb/v7e-m+fp/hard/crti.o
 .ARM.attributes
                0x0000001e       0x34 d:/2.30/share/armgcc/bin/../lib/gcc/arm-none-eabi/9.3.1/thumb/v7e-m+fp/hard/crtbegin.o
 .ARM.attributes
                0x00000052       0x21 obj\debugram\src\startup_stm32f401xc.o
 .ARM.attributes
                0x00000073       0x39 obj\debugram\fil_lib\dma.o
 .ARM.attributes
                0x000000ac       0x34 obj\debugram\fil_lib\exti.o
 .ARM.attributes
                0x000000e0       0x34 obj\debugram\fil_lib\i2c.o
 .ARM.attributes
                0x00000114       0x34 obj\debugram\fil_lib\rcc.o
 .ARM.attributes
                0x00000148       0x34 obj\debugram\fil_lib\regulators.o
 .ARM.attributes
                0x0000017c       0x34 obj\debugram\fil_lib\tim.o
 .ARM.attributes
                0x000001b0       0x34 obj\debugram\fil_lib\usart.o
 .ARM.attributes
                0x000001e4       0x34 obj\debugram\lvgl\src\core\lv_disp.o
 .ARM.attributes
                0x00000218       0x34 obj\debugram\lvgl\src\core\lv_event.o
 .ARM.attributes
                0x0000024c       0x34 obj\debugram\lvgl\src\core\lv_group.o
 .ARM.attributes
                0x00000280       0x34 obj\debugram\lvgl\src\core\lv_indev.o
 .ARM.attributes
                0x000002b4       0x34 obj\debugram\lvgl\src\core\lv_obj.o
 .ARM.attributes
                0x000002e8       0x34 obj\debugram\lvgl\src\core\lv_obj_draw.o
 .ARM.attributes
                0x0000031c       0x34 obj\debugram\lvgl\src\core\lv_obj_pos.o
 .ARM.attributes
                0x00000350       0x34 obj\debugram\lvgl\src\core\lv_obj_scroll.o
 .ARM.attributes
                0x00000384       0x34 obj\debugram\lvgl\src\core\lv_obj_style.o
 .ARM.attributes
                0x000003b8       0x34 obj\debugram\lvgl\src\core\lv_obj_tree.o
 .ARM.attributes
                0x000003ec       0x34 obj\debugram\lvgl\src\core\lv_refr.o
 .ARM.attributes
                0x00000420       0x34 obj\debugram\lvgl\src\draw\lv_draw.o
 .ARM.attributes
                0x00000454       0x34 obj\debugram\lvgl\src\draw\lv_draw_img.o
 .ARM.attributes
                0x00000488       0x34 obj\debugram\lvgl\src\draw\lv_img_decoder.o
 .ARM.attributes
                0x000004bc       0x34 obj\debugram\lvgl\src\font\lv_font_fmt_txt.o
 .ARM.attributes
                0x000004f0       0x39 obj\debugram\lvgl\src\font\lv_font_montserrat_14.o
 .ARM.attributes
                0x00000529       0x34 obj\debugram\lvgl\src\hal\lv_hal_disp.o
 .ARM.attributes
                0x0000055d       0x34 obj\debugram\lvgl\src\hal\lv_hal_indev.o
 .ARM.attributes
                0x00000591       0x34 obj\debugram\lvgl\src\hal\lv_hal_tick.o
 .ARM.attributes
                0x000005c5       0x34 obj\debugram\lvgl\src\layouts\flex\lv_flex.o
 .ARM.attributes
                0x000005f9       0x34 obj\debugram\lvgl\src\layouts\grid\lv_grid.o
 .ARM.attributes
                0x0000062d       0x34 obj\debugram\lvgl\src\misc\lv_anim.o
 .ARM.attributes
                0x00000661       0x34 obj\debugram\lvgl\src\misc\lv_area.o
 .ARM.attributes
                0x00000695       0x34 obj\debugram\lvgl\src\misc\lv_fs.o
 .ARM.attributes
                0x000006c9       0x34 obj\debugram\lvgl\src\misc\lv_gc.o
 .ARM.attributes
                0x000006fd       0x34 obj\debugram\lvgl\src\misc\lv_ll.o
 .ARM.attributes
                0x00000731       0x34 obj\debugram\lvgl\src\misc\lv_malloc_builtin.o
 .ARM.attributes
                0x00000765       0x34 obj\debugram\lvgl\src\misc\lv_math.o
 .ARM.attributes
                0x00000799       0x34 obj\debugram\lvgl\src\misc\lv_mem.o
 .ARM.attributes
                0x000007cd       0x34 obj\debugram\lvgl\src\misc\lv_memcpy_builtin.o
 .ARM.attributes
                0x00000801       0x34 obj\debugram\lvgl\src\misc\lv_style.o
 .ARM.attributes
                0x00000835       0x34 obj\debugram\lvgl\src\misc\lv_timer.o
 .ARM.attributes
                0x00000869       0x34 obj\debugram\lvgl\src\misc\lv_tlsf.o
 .ARM.attributes
                0x0000089d       0x34 obj\debugram\lvgl\src\misc\lv_utils.o
 .ARM.attributes
                0x000008d1       0x34 obj\debugram\src\main.o
 .ARM.attributes
                0x00000905       0x34 obj\debugram\src\system_stm32f4xx.o
 .ARM.attributes
                0x00000939       0x1c d:/2.30/share/armgcc/bin/../lib/gcc/arm-none-eabi/9.3.1/../../../../arm-none-eabi/lib/thumb/v7e-m+fp/hard\libg_nano.a(lib_a-strcmp.o)
 .ARM.attributes
                0x00000955       0x17 d:/2.30/share/armgcc/bin/../lib/gcc/arm-none-eabi/9.3.1/../../../../arm-none-eabi/lib/thumb/v7e-m+fp/hard\libg_nano.a(lib_a-strlen.o)
 .ARM.attributes
                0x0000096c       0x1e d:/2.30/share/armgcc/bin/../lib/gcc/arm-none-eabi/9.3.1/thumb/v7e-m+fp/hard/crtn.o
                0x2000ff00                __StackLimit = (_estack - _Min_Stack_Size)
                0x00000000                ASSERT ((__StackLimit >= __HeapLimit), Region RAM overflowed with stack)
LOAD obj\debugram\src\startup_stm32f401xc.o
LOAD obj\debugram\fil_lib\dma.o
LOAD obj\debugram\fil_lib\exti.o
LOAD obj\debugram\fil_lib\freertos_lib\croutine.o
LOAD obj\debugram\fil_lib\freertos_lib\event_groups.o
LOAD obj\debugram\fil_lib\freertos_lib\heap_2.o
LOAD obj\debugram\fil_lib\freertos_lib\list.o
LOAD obj\debugram\fil_lib\freertos_lib\port.o
LOAD obj\debugram\fil_lib\freertos_lib\queue.o
LOAD obj\debugram\fil_lib\freertos_lib\stream_buffer.o
LOAD obj\debugram\fil_lib\freertos_lib\tasks.o
LOAD obj\debugram\fil_lib\freertos_lib\timers.o
LOAD obj\debugram\fil_lib\i2c.o
LOAD obj\debugram\fil_lib\matrix.o
LOAD obj\debugram\fil_lib\rcc.o
LOAD obj\debugram\fil_lib\regulators.o
LOAD obj\debugram\fil_lib\robot_tasks.o
LOAD obj\debugram\fil_lib\tim.o
LOAD obj\debugram\fil_lib\usart.o
LOAD obj\debugram\lvgl\src\core\lv_disp.o
LOAD obj\debugram\lvgl\src\core\lv_event.o
LOAD obj\debugram\lvgl\src\core\lv_group.o
LOAD obj\debugram\lvgl\src\core\lv_indev.o
LOAD obj\debugram\lvgl\src\core\lv_indev_scroll.o
LOAD obj\debugram\lvgl\src\core\lv_obj.o
LOAD obj\debugram\lvgl\src\core\lv_obj_class.o
LOAD obj\debugram\lvgl\src\core\lv_obj_draw.o
LOAD obj\debugram\lvgl\src\core\lv_obj_pos.o
LOAD obj\debugram\lvgl\src\core\lv_obj_scroll.o
LOAD obj\debugram\lvgl\src\core\lv_obj_style.o
LOAD obj\debugram\lvgl\src\core\lv_obj_style_gen.o
LOAD obj\debugram\lvgl\src\core\lv_obj_tree.o
LOAD obj\debugram\lvgl\src\core\lv_refr.o
LOAD obj\debugram\lvgl\src\core\lv_theme.o
LOAD obj\debugram\lvgl\src\draw\arm2d\lv_gpu_arm2d.o
LOAD obj\debugram\lvgl\src\draw\lv_draw.o
LOAD obj\debugram\lvgl\src\draw\lv_draw_arc.o
LOAD obj\debugram\lvgl\src\draw\lv_draw_img.o
LOAD obj\debugram\lvgl\src\draw\lv_draw_label.o
LOAD obj\debugram\lvgl\src\draw\lv_draw_layer.o
LOAD obj\debugram\lvgl\src\draw\lv_draw_line.o
LOAD obj\debugram\lvgl\src\draw\lv_draw_mask.o
LOAD obj\debugram\lvgl\src\draw\lv_draw_rect.o
LOAD obj\debugram\lvgl\src\draw\lv_draw_transform.o
LOAD obj\debugram\lvgl\src\draw\lv_draw_triangle.o
LOAD obj\debugram\lvgl\src\draw\lv_img_buf.o
LOAD obj\debugram\lvgl\src\draw\lv_img_cache.o
LOAD obj\debugram\lvgl\src\draw\lv_img_decoder.o
LOAD obj\debugram\lvgl\src\draw\nxp\lv_gpu_nxp.o
LOAD obj\debugram\lvgl\src\draw\nxp\pxp\lv_draw_pxp_blend.o
LOAD obj\debugram\lvgl\src\draw\nxp\pxp\lv_gpu_nxp_pxp.o
LOAD obj\debugram\lvgl\src\draw\nxp\pxp\lv_gpu_nxp_pxp_osa.o
LOAD obj\debugram\lvgl\src\draw\nxp\vglite\lv_draw_vglite_arc.o
LOAD obj\debugram\lvgl\src\draw\nxp\vglite\lv_draw_vglite_blend.o
LOAD obj\debugram\lvgl\src\draw\nxp\vglite\lv_draw_vglite_rect.o
LOAD obj\debugram\lvgl\src\draw\nxp\vglite\lv_gpu_nxp_vglite.o
LOAD obj\debugram\lvgl\src\draw\sdl\lv_draw_sdl.o
LOAD obj\debugram\lvgl\src\draw\sdl\lv_draw_sdl_arc.o
LOAD obj\debugram\lvgl\src\draw\sdl\lv_draw_sdl_bg.o
LOAD obj\debugram\lvgl\src\draw\sdl\lv_draw_sdl_composite.o
LOAD obj\debugram\lvgl\src\draw\sdl\lv_draw_sdl_img.o
LOAD obj\debugram\lvgl\src\draw\sdl\lv_draw_sdl_label.o
LOAD obj\debugram\lvgl\src\draw\sdl\lv_draw_sdl_layer.o
LOAD obj\debugram\lvgl\src\draw\sdl\lv_draw_sdl_line.o
LOAD obj\debugram\lvgl\src\draw\sdl\lv_draw_sdl_mask.o
LOAD obj\debugram\lvgl\src\draw\sdl\lv_draw_sdl_polygon.o
LOAD obj\debugram\lvgl\src\draw\sdl\lv_draw_sdl_rect.o
LOAD obj\debugram\lvgl\src\draw\sdl\lv_draw_sdl_stack_blur.o
LOAD obj\debugram\lvgl\src\draw\sdl\lv_draw_sdl_texture_cache.o
LOAD obj\debugram\lvgl\src\draw\sdl\lv_draw_sdl_utils.o
LOAD obj\debugram\lvgl\src\draw\stm32_dma2d\lv_gpu_stm32_dma2d.o
LOAD obj\debugram\lvgl\src\draw\sw\lv_draw_sw.o
LOAD obj\debugram\lvgl\src\draw\sw\lv_draw_sw_arc.o
LOAD obj\debugram\lvgl\src\draw\sw\lv_draw_sw_blend.o
LOAD obj\debugram\lvgl\src\draw\sw\lv_draw_sw_dither.o
LOAD obj\debugram\lvgl\src\draw\sw\lv_draw_sw_gradient.o
LOAD obj\debugram\lvgl\src\draw\sw\lv_draw_sw_img.o
LOAD obj\debugram\lvgl\src\draw\sw\lv_draw_sw_layer.o
LOAD obj\debugram\lvgl\src\draw\sw\lv_draw_sw_letter.o
LOAD obj\debugram\lvgl\src\draw\sw\lv_draw_sw_line.o
LOAD obj\debugram\lvgl\src\draw\sw\lv_draw_sw_polygon.o
LOAD obj\debugram\lvgl\src\draw\sw\lv_draw_sw_rect.o
LOAD obj\debugram\lvgl\src\draw\sw\lv_draw_sw_transform.o
LOAD obj\debugram\lvgl\src\font\lv_font.o
LOAD obj\debugram\lvgl\src\font\lv_font_dejavu_16_persian_hebrew.o
LOAD obj\debugram\lvgl\src\font\lv_font_fmt_txt.o
LOAD obj\debugram\lvgl\src\font\lv_font_loader.o
LOAD obj\debugram\lvgl\src\font\lv_font_montserrat_10.o
LOAD obj\debugram\lvgl\src\font\lv_font_montserrat_12.o
LOAD obj\debugram\lvgl\src\font\lv_font_montserrat_12_subpx.o
LOAD obj\debugram\lvgl\src\font\lv_font_montserrat_14.o
LOAD obj\debugram\lvgl\src\font\lv_font_montserrat_16.o
LOAD obj\debugram\lvgl\src\font\lv_font_montserrat_18.o
LOAD obj\debugram\lvgl\src\font\lv_font_montserrat_20.o
LOAD obj\debugram\lvgl\src\font\lv_font_montserrat_22.o
LOAD obj\debugram\lvgl\src\font\lv_font_montserrat_24.o
LOAD obj\debugram\lvgl\src\font\lv_font_montserrat_26.o
LOAD obj\debugram\lvgl\src\font\lv_font_montserrat_28.o
LOAD obj\debugram\lvgl\src\font\lv_font_montserrat_28_compressed.o
LOAD obj\debugram\lvgl\src\font\lv_font_montserrat_30.o
LOAD obj\debugram\lvgl\src\font\lv_font_montserrat_32.o
LOAD obj\debugram\lvgl\src\font\lv_font_montserrat_34.o
LOAD obj\debugram\lvgl\src\font\lv_font_montserrat_36.o
LOAD obj\debugram\lvgl\src\font\lv_font_montserrat_38.o
LOAD obj\debugram\lvgl\src\font\lv_font_montserrat_40.o
LOAD obj\debugram\lvgl\src\font\lv_font_montserrat_42.o
LOAD obj\debugram\lvgl\src\font\lv_font_montserrat_44.o
LOAD obj\debugram\lvgl\src\font\lv_font_montserrat_46.o
LOAD obj\debugram\lvgl\src\font\lv_font_montserrat_48.o
LOAD obj\debugram\lvgl\src\font\lv_font_montserrat_8.o
LOAD obj\debugram\lvgl\src\font\lv_font_simsun_16_cjk.o
LOAD obj\debugram\lvgl\src\font\lv_font_unscii_16.o
LOAD obj\debugram\lvgl\src\font\lv_font_unscii_8.o
LOAD obj\debugram\lvgl\src\hal\lv_hal_disp.o
LOAD obj\debugram\lvgl\src\hal\lv_hal_indev.o
LOAD obj\debugram\lvgl\src\hal\lv_hal_tick.o
LOAD obj\debugram\lvgl\src\layouts\flex\lv_flex.o
LOAD obj\debugram\lvgl\src\layouts\grid\lv_grid.o
LOAD obj\debugram\lvgl\src\libs\bmp\lv_bmp.o
LOAD obj\debugram\lvgl\src\libs\ffmpeg\lv_ffmpeg.o
LOAD obj\debugram\lvgl\src\libs\freetype\lv_freetype.o
LOAD obj\debugram\lvgl\src\libs\fsdrv\lv_fs_fatfs.o
LOAD obj\debugram\lvgl\src\libs\fsdrv\lv_fs_posix.o
LOAD obj\debugram\lvgl\src\libs\fsdrv\lv_fs_stdio.o
LOAD obj\debugram\lvgl\src\libs\fsdrv\lv_fs_win32.o
LOAD obj\debugram\lvgl\src\libs\gif\gifdec.o
LOAD obj\debugram\lvgl\src\libs\gif\lv_gif.o
LOAD obj\debugram\lvgl\src\libs\png\lodepng.o
LOAD obj\debugram\lvgl\src\libs\png\lv_png.o
LOAD obj\debugram\lvgl\src\libs\qrcode\lv_qrcode.o
LOAD obj\debugram\lvgl\src\libs\qrcode\qrcodegen.o
LOAD obj\debugram\lvgl\src\libs\rlottie\lv_rlottie.o
LOAD obj\debugram\lvgl\src\libs\sjpg\lv_sjpg.o
LOAD obj\debugram\lvgl\src\libs\sjpg\tjpgd.o
LOAD obj\debugram\lvgl\src\misc\lv_anim.o
LOAD obj\debugram\lvgl\src\misc\lv_anim_timeline.o
LOAD obj\debugram\lvgl\src\misc\lv_area.o
LOAD obj\debugram\lvgl\src\misc\lv_async.o
LOAD obj\debugram\lvgl\src\misc\lv_bidi.o
LOAD obj\debugram\lvgl\src\misc\lv_color.o
LOAD obj\debugram\lvgl\src\misc\lv_fs.o
LOAD obj\debugram\lvgl\src\misc\lv_gc.o
LOAD obj\debugram\lvgl\src\misc\lv_ll.o
LOAD obj\debugram\lvgl\src\misc\lv_log.o
LOAD obj\debugram\lvgl\src\misc\lv_lru.o
LOAD obj\debugram\lvgl\src\misc\lv_malloc_builtin.o
LOAD obj\debugram\lvgl\src\misc\lv_math.o
LOAD obj\debugram\lvgl\src\misc\lv_mem.o
LOAD obj\debugram\lvgl\src\misc\lv_memcpy_builtin.o
LOAD obj\debugram\lvgl\src\misc\lv_printf.o
LOAD obj\debugram\lvgl\src\misc\lv_style.o
LOAD obj\debugram\lvgl\src\misc\lv_style_gen.o
LOAD obj\debugram\lvgl\src\misc\lv_templ.o
LOAD obj\debugram\lvgl\src\misc\lv_timer.o
LOAD obj\debugram\lvgl\src\misc\lv_tlsf.o
LOAD obj\debugram\lvgl\src\misc\lv_txt.o
LOAD obj\debugram\lvgl\src\misc\lv_txt_ap.o
LOAD obj\debugram\lvgl\src\misc\lv_utils.o
LOAD obj\debugram\lvgl\src\others\fragment\lv_fragment.o
LOAD obj\debugram\lvgl\src\others\fragment\lv_fragment_manager.o
LOAD obj\debugram\src\main.o
LOAD obj\debugram\dev\dev.o
LOAD obj\debugram\src\system_stm32f4xx.o
START GROUP
LOAD d:/2.30/share/armgcc/bin/../lib/gcc/arm-none-eabi/9.3.1/thumb/v7e-m+fp/hard\libgcc.a
LOAD d:/2.30/share/armgcc/bin/../lib/gcc/arm-none-eabi/9.3.1/../../../../arm-none-eabi/lib/thumb/v7e-m+fp/hard\libg_nano.a
LOAD d:/2.30/share/armgcc/bin/../lib/gcc/arm-none-eabi/9.3.1/../../../../arm-none-eabi/lib/thumb/v7e-m+fp/hard\libc_nano.a
END GROUP
START GROUP
LOAD d:/2.30/share/armgcc/bin/../lib/gcc/arm-none-eabi/9.3.1/thumb/v7e-m+fp/hard\libgcc.a
LOAD d:/2.30/share/armgcc/bin/../lib/gcc/arm-none-eabi/9.3.1/../../../../arm-none-eabi/lib/thumb/v7e-m+fp/hard\libc_nano.a
LOAD d:/2.30/share/armgcc/bin/../lib/gcc/arm-none-eabi/9.3.1/../../../../arm-none-eabi/lib/thumb/v7e-m+fp/hard\libnosys.a
END GROUP
START GROUP
LOAD d:/2.30/share/armgcc/bin/../lib/gcc/arm-none-eabi/9.3.1/thumb/v7e-m+fp/hard\libgcc.a
LOAD d:/2.30/share/armgcc/bin/../lib/gcc/arm-none-eabi/9.3.1/../../../../arm-none-eabi/lib/thumb/v7e-m+fp/hard\libc_nano.a
LOAD d:/2.30/share/armgcc/bin/../lib/gcc/arm-none-eabi/9.3.1/../../../../arm-none-eabi/lib/thumb/v7e-m+fp/hard\libnosys.a
END GROUP
LOAD d:/2.30/share/armgcc/bin/../lib/gcc/arm-none-eabi/9.3.1/thumb/v7e-m+fp/hard/crtend.o
LOAD d:/2.30/share/armgcc/bin/../lib/gcc/arm-none-eabi/9.3.1/thumb/v7e-m+fp/hard/crtn.o
OUTPUT(bin\DebugRAM\SmallCar.elf elf32-littlearm)
LOAD linker stubs

.debug_line     0x00000000    0x21079
 .debug_line    0x00000000       0x77 obj\debugram\src\startup_stm32f401xc.o
 .debug_line    0x00000077     0x10ac obj\debugram\fil_lib\dma.o
 .debug_line    0x00001123     0x11a1 obj\debugram\fil_lib\exti.o
 .debug_line    0x000022c4     0x110c obj\debugram\fil_lib\i2c.o
 .debug_line    0x000033d0     0x1196 obj\debugram\fil_lib\rcc.o
 .debug_line    0x00004566     0x127f obj\debugram\fil_lib\regulators.o
 .debug_line    0x000057e5     0x13a9 obj\debugram\fil_lib\tim.o
 .debug_line    0x00006b8e     0x10eb obj\debugram\fil_lib\usart.o
 .debug_line    0x00007c79      0xaa9 obj\debugram\lvgl\src\core\lv_disp.o
 .debug_line    0x00008722      0xda2 obj\debugram\lvgl\src\core\lv_event.o
 .debug_line    0x000094c4      0xc1b obj\debugram\lvgl\src\core\lv_group.o
 .debug_line    0x0000a0df     0x1528 obj\debugram\lvgl\src\core\lv_indev.o
 .debug_line    0x0000b607     0x1df9 obj\debugram\lvgl\src\core\lv_obj.o
 .debug_line    0x0000d400      0xf60 obj\debugram\lvgl\src\core\lv_obj_draw.o
 .debug_line    0x0000e360     0x1b0a obj\debugram\lvgl\src\core\lv_obj_pos.o
 .debug_line    0x0000fe6a     0x1692 obj\debugram\lvgl\src\core\lv_obj_scroll.o
 .debug_line    0x000114fc     0x191f obj\debugram\lvgl\src\core\lv_obj_style.o
 .debug_line    0x00012e1b      0xba9 obj\debugram\lvgl\src\core\lv_obj_tree.o
 .debug_line    0x000139c4     0x16c2 obj\debugram\lvgl\src\core\lv_refr.o
 .debug_line    0x00015086      0x2ad obj\debugram\lvgl\src\draw\lv_draw.o
 .debug_line    0x00015333      0x764 obj\debugram\lvgl\src\draw\lv_draw_img.o
 .debug_line    0x00015a97      0xcf1 obj\debugram\lvgl\src\draw\lv_img_decoder.o
 .debug_line    0x00016788      0x65d obj\debugram\lvgl\src\font\lv_font_fmt_txt.o
 .debug_line    0x00016de5      0xa6e obj\debugram\lvgl\src\font\lv_font_montserrat_14.o
 .debug_line    0x00017853      0xb7d obj\debugram\lvgl\src\hal\lv_hal_disp.o
 .debug_line    0x000183d0      0x5fa obj\debugram\lvgl\src\hal\lv_hal_indev.o
 .debug_line    0x000189ca      0x12e obj\debugram\lvgl\src\hal\lv_hal_tick.o
 .debug_line    0x00018af8     0x1219 obj\debugram\lvgl\src\layouts\flex\lv_flex.o
 .debug_line    0x00019d11     0x12fc obj\debugram\lvgl\src\layouts\grid\lv_grid.o
 .debug_line    0x0001b00d      0x979 obj\debugram\lvgl\src\misc\lv_anim.o
 .debug_line    0x0001b986      0x9e3 obj\debugram\lvgl\src\misc\lv_area.o
 .debug_line    0x0001c369      0xa68 obj\debugram\lvgl\src\misc\lv_fs.o
 .debug_line    0x0001cdd1      0x24d obj\debugram\lvgl\src\misc\lv_gc.o
 .debug_line    0x0001d01e      0x493 obj\debugram\lvgl\src\misc\lv_ll.o
 .debug_line    0x0001d4b1      0x2a0 obj\debugram\lvgl\src\misc\lv_malloc_builtin.o
 .debug_line    0x0001d751      0x369 obj\debugram\lvgl\src\misc\lv_math.o
 .debug_line    0x0001daba      0x24c obj\debugram\lvgl\src\misc\lv_mem.o
 .debug_line    0x0001dd06      0x2ee obj\debugram\lvgl\src\misc\lv_memcpy_builtin.o
 .debug_line    0x0001dff4      0x926 obj\debugram\lvgl\src\misc\lv_style.o
 .debug_line    0x0001e91a      0x530 obj\debugram\lvgl\src\misc\lv_timer.o
 .debug_line    0x0001ee4a      0xd22 obj\debugram\lvgl\src\misc\lv_tlsf.o
 .debug_line    0x0001fb6c      0x10f obj\debugram\lvgl\src\misc\lv_utils.o
 .debug_line    0x0001fc7b     0x117b obj\debugram\src\main.o
 .debug_line    0x00020df6      0x283 obj\debugram\src\system_stm32f4xx.o

.debug_info     0x00000000    0x624fb
 .debug_info    0x00000000       0x22 obj\debugram\src\startup_stm32f401xc.o
 .debug_info    0x00000022     0x1f46 obj\debugram\fil_lib\dma.o
 .debug_info    0x00001f68     0x1fc8 obj\debugram\fil_lib\exti.o
 .debug_info    0x00003f30     0x1f46 obj\debugram\fil_lib\i2c.o
 .debug_info    0x00005e76     0x20f4 obj\debugram\fil_lib\rcc.o
 .debug_info    0x00007f6a     0x218c obj\debugram\fil_lib\regulators.o
 .debug_info    0x0000a0f6     0x2323 obj\debugram\fil_lib\tim.o
 .debug_info    0x0000c419     0x2016 obj\debugram\fil_lib\usart.o
 .debug_info    0x0000e42f     0x348d obj\debugram\lvgl\src\core\lv_disp.o
 .debug_info    0x000118bc     0x3749 obj\debugram\lvgl\src\core\lv_event.o
 .debug_info    0x00015005     0x38d7 obj\debugram\lvgl\src\core\lv_group.o
 .debug_info    0x000188dc     0x35e7 obj\debugram\lvgl\src\core\lv_indev.o
 .debug_info    0x0001bec3     0x536e obj\debugram\lvgl\src\core\lv_obj.o
 .debug_info    0x00021231     0x3b21 obj\debugram\lvgl\src\core\lv_obj_draw.o
 .debug_info    0x00024d52     0x4c7f obj\debugram\lvgl\src\core\lv_obj_pos.o
 .debug_info    0x000299d1     0x4541 obj\debugram\lvgl\src\core\lv_obj_scroll.o
 .debug_info    0x0002df12     0x47d0 obj\debugram\lvgl\src\core\lv_obj_style.o
 .debug_info    0x000326e2     0x390e obj\debugram\lvgl\src\core\lv_obj_tree.o
 .debug_info    0x00035ff0     0x3fb5 obj\debugram\lvgl\src\core\lv_refr.o
 .debug_info    0x00039fa5     0x1ba2 obj\debugram\lvgl\src\draw\lv_draw.o
 .debug_info    0x0003bb47     0x2c05 obj\debugram\lvgl\src\draw\lv_draw_img.o
 .debug_info    0x0003e74c     0x25ab obj\debugram\lvgl\src\draw\lv_img_decoder.o
 .debug_info    0x00040cf7     0x1948 obj\debugram\lvgl\src\font\lv_font_fmt_txt.o
 .debug_info    0x0004263f     0x2020 obj\debugram\lvgl\src\font\lv_font_montserrat_14.o
 .debug_info    0x0004465f     0x393b obj\debugram\lvgl\src\hal\lv_hal_disp.o
 .debug_info    0x00047f9a     0x3156 obj\debugram\lvgl\src\hal\lv_hal_indev.o
 .debug_info    0x0004b0f0      0x151 obj\debugram\lvgl\src\hal\lv_hal_tick.o
 .debug_info    0x0004b241     0x2e75 obj\debugram\lvgl\src\layouts\flex\lv_flex.o
 .debug_info    0x0004e0b6     0x353d obj\debugram\lvgl\src\layouts\grid\lv_grid.o
 .debug_info    0x000515f3     0x1ded obj\debugram\lvgl\src\misc\lv_anim.o
 .debug_info    0x000533e0      0x910 obj\debugram\lvgl\src\misc\lv_area.o
 .debug_info    0x00053cf0     0x19f1 obj\debugram\lvgl\src\misc\lv_fs.o
 .debug_info    0x000556e1     0x10e9 obj\debugram\lvgl\src\misc\lv_gc.o
 .debug_info    0x000567ca      0xe70 obj\debugram\lvgl\src\misc\lv_ll.o
 .debug_info    0x0005763a      0xbb8 obj\debugram\lvgl\src\misc\lv_malloc_builtin.o
 .debug_info    0x000581f2      0x480 obj\debugram\lvgl\src\misc\lv_math.o
 .debug_info    0x00058672      0xbf0 obj\debugram\lvgl\src\misc\lv_mem.o
 .debug_info    0x00059262      0xb47 obj\debugram\lvgl\src\misc\lv_memcpy_builtin.o
 .debug_info    0x00059da9     0x248b obj\debugram\lvgl\src\misc\lv_style.o
 .debug_info    0x0005c234     0x1386 obj\debugram\lvgl\src\misc\lv_timer.o
 .debug_info    0x0005d5ba     0x1ef7 obj\debugram\lvgl\src\misc\lv_tlsf.o
 .debug_info    0x0005f4b1      0x158 obj\debugram\lvgl\src\misc\lv_utils.o
 .debug_info    0x0005f609     0x288a obj\debugram\src\main.o
 .debug_info    0x00061e93      0x668 obj\debugram\src\system_stm32f4xx.o

.debug_abbrev   0x00000000     0x849c
 .debug_abbrev  0x00000000       0x12 obj\debugram\src\startup_stm32f401xc.o
 .debug_abbrev  0x00000012      0x254 obj\debugram\fil_lib\dma.o
 .debug_abbrev  0x00000266      0x272 obj\debugram\fil_lib\exti.o
 .debug_abbrev  0x000004d8      0x272 obj\debugram\fil_lib\i2c.o
 .debug_abbrev  0x0000074a      0x272 obj\debugram\fil_lib\rcc.o
 .debug_abbrev  0x000009bc      0x2b7 obj\debugram\fil_lib\regulators.o
 .debug_abbrev  0x00000c73      0x320 obj\debugram\fil_lib\tim.o
 .debug_abbrev  0x00000f93      0x287 obj\debugram\fil_lib\usart.o
 .debug_abbrev  0x0000121a      0x3bd obj\debugram\lvgl\src\core\lv_disp.o
 .debug_abbrev  0x000015d7      0x3b4 obj\debugram\lvgl\src\core\lv_event.o
 .debug_abbrev  0x0000198b      0x414 obj\debugram\lvgl\src\core\lv_group.o
 .debug_abbrev  0x00001d9f      0x439 obj\debugram\lvgl\src\core\lv_indev.o
 .debug_abbrev  0x000021d8      0x439 obj\debugram\lvgl\src\core\lv_obj.o
 .debug_abbrev  0x00002611      0x3ce obj\debugram\lvgl\src\core\lv_obj_draw.o
 .debug_abbrev  0x000029df      0x3f8 obj\debugram\lvgl\src\core\lv_obj_pos.o
 .debug_abbrev  0x00002dd7      0x41d obj\debugram\lvgl\src\core\lv_obj_scroll.o
 .debug_abbrev  0x000031f4      0x47e obj\debugram\lvgl\src\core\lv_obj_style.o
 .debug_abbrev  0x00003672      0x3c1 obj\debugram\lvgl\src\core\lv_obj_tree.o
 .debug_abbrev  0x00003a33      0x424 obj\debugram\lvgl\src\core\lv_refr.o
 .debug_abbrev  0x00003e57      0x25a obj\debugram\lvgl\src\draw\lv_draw.o
 .debug_abbrev  0x000040b1      0x3bb obj\debugram\lvgl\src\draw\lv_draw_img.o
 .debug_abbrev  0x0000446c      0x3ab obj\debugram\lvgl\src\draw\lv_img_decoder.o
 .debug_abbrev  0x00004817      0x34d obj\debugram\lvgl\src\font\lv_font_fmt_txt.o
 .debug_abbrev  0x00004b64      0x263 obj\debugram\lvgl\src\font\lv_font_montserrat_14.o
 .debug_abbrev  0x00004dc7      0x42f obj\debugram\lvgl\src\hal\lv_hal_disp.o
 .debug_abbrev  0x000051f6      0x2b0 obj\debugram\lvgl\src\hal\lv_hal_indev.o
 .debug_abbrev  0x000054a6       0xb8 obj\debugram\lvgl\src\hal\lv_hal_tick.o
 .debug_abbrev  0x0000555e      0x3f4 obj\debugram\lvgl\src\layouts\flex\lv_flex.o
 .debug_abbrev  0x00005952      0x3de obj\debugram\lvgl\src\layouts\grid\lv_grid.o
 .debug_abbrev  0x00005d30      0x3a7 obj\debugram\lvgl\src\misc\lv_anim.o
 .debug_abbrev  0x000060d7      0x234 obj\debugram\lvgl\src\misc\lv_area.o
 .debug_abbrev  0x0000630b      0x36f obj\debugram\lvgl\src\misc\lv_fs.o
 .debug_abbrev  0x0000667a      0x249 obj\debugram\lvgl\src\misc\lv_gc.o
 .debug_abbrev  0x000068c3      0x2ed obj\debugram\lvgl\src\misc\lv_ll.o
 .debug_abbrev  0x00006bb0      0x28b obj\debugram\lvgl\src\misc\lv_malloc_builtin.o
 .debug_abbrev  0x00006e3b      0x155 obj\debugram\lvgl\src\misc\lv_math.o
 .debug_abbrev  0x00006f90      0x268 obj\debugram\lvgl\src\misc\lv_mem.o
 .debug_abbrev  0x000071f8      0x225 obj\debugram\lvgl\src\misc\lv_memcpy_builtin.o
 .debug_abbrev  0x0000741d      0x45a obj\debugram\lvgl\src\misc\lv_style.o
 .debug_abbrev  0x00007877      0x38b obj\debugram\lvgl\src\misc\lv_timer.o
 .debug_abbrev  0x00007c02      0x348 obj\debugram\lvgl\src\misc\lv_tlsf.o
 .debug_abbrev  0x00007f4a       0xc9 obj\debugram\lvgl\src\misc\lv_utils.o
 .debug_abbrev  0x00008013      0x311 obj\debugram\src\main.o
 .debug_abbrev  0x00008324      0x178 obj\debugram\src\system_stm32f4xx.o

.debug_aranges  0x00000000     0x20c0
 .debug_aranges
                0x00000000       0x28 obj\debugram\src\startup_stm32f401xc.o
 .debug_aranges
                0x00000028       0x18 obj\debugram\fil_lib\dma.o
 .debug_aranges
                0x00000040       0x50 obj\debugram\fil_lib\exti.o
 .debug_aranges
                0x00000090       0x48 obj\debugram\fil_lib\i2c.o
 .debug_aranges
                0x000000d8       0x20 obj\debugram\fil_lib\rcc.o
 .debug_aranges
                0x000000f8       0x38 obj\debugram\fil_lib\regulators.o
 .debug_aranges
                0x00000130       0x80 obj\debugram\fil_lib\tim.o
 .debug_aranges
                0x000001b0       0x20 obj\debugram\fil_lib\usart.o
 .debug_aranges
                0x000001d0      0x128 obj\debugram\lvgl\src\core\lv_disp.o
 .debug_aranges