Archive member included to satisfy reference by file (symbol)

d:/2.30/share/armgcc/bin/../lib/gcc/arm-none-eabi/9.3.1/thumb/v7e-m+fp/hard\libgcc.a(_arm_muldf3.o)
                              obj\debug\external\mpu9250\mpu9250.o (__aeabi_dmul)
d:/2.30/share/armgcc/bin/../lib/gcc/arm-none-eabi/9.3.1/thumb/v7e-m+fp/hard\libgcc.a(_arm_addsubdf3.o)
                              obj\debug\external\mpu9250\mpu9250.o (__aeabi_dsub)
d:/2.30/share/armgcc/bin/../lib/gcc/arm-none-eabi/9.3.1/thumb/v7e-m+fp/hard\libgcc.a(_arm_muldivdf3.o)
                              obj\debug\external\mpu9250\mpu9250.o (__aeabi_ddiv)
d:/2.30/share/armgcc/bin/../lib/gcc/arm-none-eabi/9.3.1/thumb/v7e-m+fp/hard\libgcc.a(_arm_truncdfsf2.o)
                              obj\debug\external\mpu9250\mpu9250.o (__aeabi_d2f)
d:/2.30/share/armgcc/bin/../lib/gcc/arm-none-eabi/9.3.1/../../../../arm-none-eabi/lib/thumb/v7e-m+fp/hard\libg_nano.a(lib_a-exit.o)
                              d:/2.30/share/armgcc/bin/../lib/gcc/arm-none-eabi/9.3.1/../../../../arm-none-eabi/lib/thumb/v7e-m+fp/hard/crt0.o (exit)
d:/2.30/share/armgcc/bin/../lib/gcc/arm-none-eabi/9.3.1/../../../../arm-none-eabi/lib/thumb/v7e-m+fp/hard\libg_nano.a(lib_a-impure.o)
                              d:/2.30/share/armgcc/bin/../lib/gcc/arm-none-eabi/9.3.1/../../../../arm-none-eabi/lib/thumb/v7e-m+fp/hard\libg_nano.a(lib_a-exit.o) (_global_impure_ptr)
d:/2.30/share/armgcc/bin/../lib/gcc/arm-none-eabi/9.3.1/../../../../arm-none-eabi/lib/thumb/v7e-m+fp/hard\libg_nano.a(lib_a-init.o)
                              d:/2.30/share/armgcc/bin/../lib/gcc/arm-none-eabi/9.3.1/../../../../arm-none-eabi/lib/thumb/v7e-m+fp/hard/crt0.o (__libc_init_array)
d:/2.30/share/armgcc/bin/../lib/gcc/arm-none-eabi/9.3.1/../../../../arm-none-eabi/lib/thumb/v7e-m+fp/hard\libg_nano.a(lib_a-memcpy-stub.o)
                              obj\debug\fil_lib\freertos_lib\queue.o (memcpy)
d:/2.30/share/armgcc/bin/../lib/gcc/arm-none-eabi/9.3.1/../../../../arm-none-eabi/lib/thumb/v7e-m+fp/hard\libg_nano.a(lib_a-memset.o)
                              d:/2.30/share/armgcc/bin/../lib/gcc/arm-none-eabi/9.3.1/../../../../arm-none-eabi/lib/thumb/v7e-m+fp/hard/crt0.o (memset)
d:/2.30/share/armgcc/bin/../lib/gcc/arm-none-eabi/9.3.1/../../../../arm-none-eabi/lib/thumb/v7e-m+fp/hard\libnosys.a(_exit.o)
                              d:/2.30/share/armgcc/bin/../lib/gcc/arm-none-eabi/9.3.1/../../../../arm-none-eabi/lib/thumb/v7e-m+fp/hard\libg_nano.a(lib_a-exit.o) (_exit)

Allocating common symbols
Common symbol       size              file

I2CStatus           0x6               obj\debug\external\mpu9250\mpu9250.o
xQueueRegistry      0x40              obj\debug\fil_lib\freertos_lib\queue.o
TIMStatus           0x20              obj\debug\external\mpu9250\mpu9250.o
MPU9250             0x7c              obj\debug\external\mpu9250\mpu9250.o
Motor_Coord         0x4               obj\debug\fil_lib\regulators.o
EncData             0x2               obj\debug\fil_lib\regulators.o
RTCStatus           0x4c              obj\debug\external\mpu9250\mpu9250.o
ADCStatus           0x60              obj\debug\external\mpu9250\mpu9250.o
Bus                 0x14              obj\debug\external\mpu9250\mpu9250.o
EngineReg           0x40              obj\debug\fil_lib\regulators.o
Clocks              0x14              obj\debug\external\mpu9250\mpu9250.o

Discarded input sections

 .text          0x00000000        0x0 d:/2.30/share/armgcc/bin/../lib/gcc/arm-none-eabi/9.3.1/thumb/v7e-m+fp/hard/crti.o
 .data          0x00000000        0x0 d:/2.30/share/armgcc/bin/../lib/gcc/arm-none-eabi/9.3.1/thumb/v7e-m+fp/hard/crti.o
 .bss           0x00000000        0x0 d:/2.30/share/armgcc/bin/../lib/gcc/arm-none-eabi/9.3.1/thumb/v7e-m+fp/hard/crti.o
 .data          0x00000000        0x4 d:/2.30/share/armgcc/bin/../lib/gcc/arm-none-eabi/9.3.1/thumb/v7e-m+fp/hard/crtbegin.o
 .text          0x00000000       0x7c d:/2.30/share/armgcc/bin/../lib/gcc/arm-none-eabi/9.3.1/../../../../arm-none-eabi/lib/thumb/v7e-m+fp/hard/crt0.o
 .data          0x00000000        0x0 d:/2.30/share/armgcc/bin/../lib/gcc/arm-none-eabi/9.3.1/../../../../arm-none-eabi/lib/thumb/v7e-m+fp/hard/crt0.o
 .bss           0x00000000        0x0 d:/2.30/share/armgcc/bin/../lib/gcc/arm-none-eabi/9.3.1/../../../../arm-none-eabi/lib/thumb/v7e-m+fp/hard/crt0.o
 .ARM.extab     0x00000000        0x0 d:/2.30/share/armgcc/bin/../lib/gcc/arm-none-eabi/9.3.1/../../../../arm-none-eabi/lib/thumb/v7e-m+fp/hard/crt0.o
 .ARM.exidx     0x00000000       0x10 d:/2.30/share/armgcc/bin/../lib/gcc/arm-none-eabi/9.3.1/../../../../arm-none-eabi/lib/thumb/v7e-m+fp/hard/crt0.o
 .ARM.attributes
                0x00000000       0x1c d:/2.30/share/armgcc/bin/../lib/gcc/arm-none-eabi/9.3.1/../../../../arm-none-eabi/lib/thumb/v7e-m+fp/hard/crt0.o
 .text          0x00000000       0x14 obj\debug\src\startup_stm32f401xc.o
 .data          0x00000000        0x0 obj\debug\src\startup_stm32f401xc.o
 .bss           0x00000000        0x0 obj\debug\src\startup_stm32f401xc.o
 .text          0x00000000        0x0 obj\debug\external\mpu9250\mpu9250.o
 .data          0x00000000        0x0 obj\debug\external\mpu9250\mpu9250.o
 .bss           0x00000000        0x0 obj\debug\external\mpu9250\mpu9250.o
 .data.PrescalerTable
                0x00000000       0x10 obj\debug\external\mpu9250\mpu9250.o
 .text          0x00000000        0x0 obj\debug\external\ssd1306\fonts.o
 .data          0x00000000        0x0 obj\debug\external\ssd1306\fonts.o
 .bss           0x00000000        0x0 obj\debug\external\ssd1306\fonts.o
 .debug_info    0x00000000      0x9f7 obj\debug\external\ssd1306\fonts.o
 .debug_abbrev  0x00000000      0x1b8 obj\debug\external\ssd1306\fonts.o
 .debug_aranges
                0x00000000       0x18 obj\debug\external\ssd1306\fonts.o
 .debug_line    0x00000000      0x154 obj\debug\external\ssd1306\fonts.o
 .debug_str     0x00000000      0x626 obj\debug\external\ssd1306\fonts.o
 .comment       0x00000000       0x4d obj\debug\external\ssd1306\fonts.o
 .ARM.attributes
                0x00000000       0x39 obj\debug\external\ssd1306\fonts.o
 .text          0x00000000        0x0 obj\debug\external\ssd1306\images.o
 .data          0x00000000        0x0 obj\debug\external\ssd1306\images.o
 .bss           0x00000000        0x0 obj\debug\external\ssd1306\images.o
 .data.PrescalerTable
                0x00000000       0x10 obj\debug\external\ssd1306\images.o
 .debug_info    0x00000000      0xd50 obj\debug\external\ssd1306\images.o
 .debug_abbrev  0x00000000      0x203 obj\debug\external\ssd1306\images.o
 .debug_aranges
                0x00000000       0x18 obj\debug\external\ssd1306\images.o
 .debug_line    0x00000000      0x1d4 obj\debug\external\ssd1306\images.o
 .debug_str     0x00000000      0x810 obj\debug\external\ssd1306\images.o
 .comment       0x00000000       0x4d obj\debug\external\ssd1306\images.o
 .ARM.attributes
                0x00000000       0x39 obj\debug\external\ssd1306\images.o
 .text          0x00000000        0x0 obj\debug\external\ssd1306\ssd1306.o
 .data          0x00000000        0x0 obj\debug\external\ssd1306\ssd1306.o
 .bss           0x00000000        0x0 obj\debug\external\ssd1306\ssd1306.o
 .data.PrescalerTable
                0x00000000       0x10 obj\debug\external\ssd1306\ssd1306.o
 .debug_info    0x00000000      0xd50 obj\debug\external\ssd1306\ssd1306.o
 .debug_abbrev  0x00000000      0x203 obj\debug\external\ssd1306\ssd1306.o
 .debug_aranges
                0x00000000       0x18 obj\debug\external\ssd1306\ssd1306.o
 .debug_line    0x00000000      0x1d4 obj\debug\external\ssd1306\ssd1306.o
 .debug_str     0x00000000      0x811 obj\debug\external\ssd1306\ssd1306.o
 .comment       0x00000000       0x4d obj\debug\external\ssd1306\ssd1306.o
 .ARM.attributes
                0x00000000       0x39 obj\debug\external\ssd1306\ssd1306.o
 .text          0x00000000        0x0 obj\debug\external\ssd1306\ssd1306_i2c.o
 .data          0x00000000        0x0 obj\debug\external\ssd1306\ssd1306_i2c.o
 .bss           0x00000000        0x0 obj\debug\external\ssd1306\ssd1306_i2c.o
 .data.PrescalerTable
                0x00000000       0x10 obj\debug\external\ssd1306\ssd1306_i2c.o
 .debug_info    0x00000000      0xd50 obj\debug\external\ssd1306\ssd1306_i2c.o
 .debug_abbrev  0x00000000      0x203 obj\debug\external\ssd1306\ssd1306_i2c.o
 .debug_aranges
                0x00000000       0x18 obj\debug\external\ssd1306\ssd1306_i2c.o
 .debug_line    0x00000000      0x1d4 obj\debug\external\ssd1306\ssd1306_i2c.o
 .debug_str     0x00000000      0x815 obj\debug\external\ssd1306\ssd1306_i2c.o
 .comment       0x00000000       0x4d obj\debug\external\ssd1306\ssd1306_i2c.o
 .ARM.attributes
                0x00000000       0x39 obj\debug\external\ssd1306\ssd1306_i2c.o
 .text          0x00000000        0x0 obj\debug\fil_lib\adc.o
 .data          0x00000000        0x0 obj\debug\fil_lib\adc.o
 .bss           0x00000000        0x0 obj\debug\fil_lib\adc.o
 .data.PrescalerTable
                0x00000000       0x10 obj\debug\fil_lib\adc.o
 .data.ADC_CurrentTabs
                0x00000000        0xa obj\debug\fil_lib\adc.o
 .bss.RCH       0x00000000        0x1 obj\debug\fil_lib\adc.o
 .bss.JCH       0x00000000        0x1 obj\debug\fil_lib\adc.o
 .text.ADC_Init
                0x00000000      0x4e0 obj\debug\fil_lib\adc.o
 .text.SetMulriplexer_State
                0x00000000      0x118 obj\debug\fil_lib\adc.o
 .bss.NumPort   0x00000000        0x4 obj\debug\fil_lib\adc.o
 .text.ADC_Multiplexer_Get
                0x00000000       0x9c obj\debug\fil_lib\adc.o
 .text.AnalogReadRegular
                0x00000000       0x64 obj\debug\fil_lib\adc.o
 .text.AnalogReadInjected
                0x00000000       0x16 obj\debug\fil_lib\adc.o
 .text          0x00000000        0x0 obj\debug\fil_lib\dma.o
 .data          0x00000000        0x0 obj\debug\fil_lib\dma.o
 .bss           0x00000000        0x0 obj\debug\fil_lib\dma.o
 .data.PrescalerTable
                0x00000000       0x10 obj\debug\fil_lib\dma.o
 .debug_info    0x00000000      0xd50 obj\debug\fil_lib\dma.o
 .debug_abbrev  0x00000000      0x203 obj\debug\fil_lib\dma.o
 .debug_aranges
                0x00000000       0x18 obj\debug\fil_lib\dma.o
 .debug_line    0x00000000      0x1d2 obj\debug\fil_lib\dma.o
 .debug_str     0x00000000      0x804 obj\debug\fil_lib\dma.o
 .comment       0x00000000       0x4d obj\debug\fil_lib\dma.o
 .ARM.attributes
                0x00000000       0x39 obj\debug\fil_lib\dma.o
 .text          0x00000000        0x0 obj\debug\fil_lib\exti.o
 .data          0x00000000        0x0 obj\debug\fil_lib\exti.o
 .bss           0x00000000        0x0 obj\debug\fil_lib\exti.o
 .data.PrescalerTable
                0x00000000       0x10 obj\debug\fil_lib\exti.o
 .debug_info    0x00000000      0xd50 obj\debug\fil_lib\exti.o
 .debug_abbrev  0x00000000      0x203 obj\debug\fil_lib\exti.o
 .debug_aranges
                0x00000000       0x18 obj\debug\fil_lib\exti.o
 .debug_line    0x00000000      0x1d2 obj\debug\fil_lib\exti.o
 .debug_str     0x00000000      0x805 obj\debug\fil_lib\exti.o
 .comment       0x00000000       0x4d obj\debug\fil_lib\exti.o
 .ARM.attributes
                0x00000000       0x39 obj\debug\fil_lib\exti.o
 .text          0x00000000        0x0 obj\debug\fil_lib\freertos_lib\croutine.o
 .data          0x00000000        0x0 obj\debug\fil_lib\freertos_lib\croutine.o
 .bss           0x00000000        0x0 obj\debug\fil_lib\freertos_lib\croutine.o
 .debug_info    0x00000000       0xc0 obj\debug\fil_lib\freertos_lib\croutine.o
 .debug_abbrev  0x00000000       0x62 obj\debug\fil_lib\freertos_lib\croutine.o
 .debug_aranges
                0x00000000       0x18 obj\debug\fil_lib\freertos_lib\croutine.o
 .debug_line    0x00000000       0xd2 obj\debug\fil_lib\freertos_lib\croutine.o
 .debug_str     0x00000000      0x1e7 obj\debug\fil_lib\freertos_lib\croutine.o
 .comment       0x00000000       0x4d obj\debug\fil_lib\freertos_lib\croutine.o
 .ARM.attributes
                0x00000000       0x39 obj\debug\fil_lib\freertos_lib\croutine.o
 .text          0x00000000        0x0 obj\debug\fil_lib\freertos_lib\event_groups.o
 .data          0x00000000        0x0 obj\debug\fil_lib\freertos_lib\event_groups.o
 .bss           0x00000000        0x0 obj\debug\fil_lib\freertos_lib\event_groups.o
 .debug_info    0x00000000      0x967 obj\debug\fil_lib\freertos_lib\event_groups.o
 .debug_abbrev  0x00000000      0x1b8 obj\debug\fil_lib\freertos_lib\event_groups.o
 .debug_aranges
                0x00000000       0x18 obj\debug\fil_lib\freertos_lib\event_groups.o
 .debug_line    0x00000000      0x16f obj\debug\fil_lib\freertos_lib\event_groups.o
 .debug_str     0x00000000      0x5d1 obj\debug\fil_lib\freertos_lib\event_groups.o
 .comment       0x00000000       0x4d obj\debug\fil_lib\freertos_lib\event_groups.o
 .ARM.attributes
                0x00000000       0x39 obj\debug\fil_lib\freertos_lib\event_groups.o
 .text          0x00000000        0x0 obj\debug\fil_lib\freertos_lib\heap_2.o
 .data          0x00000000        0x0 obj\debug\fil_lib\freertos_lib\heap_2.o
 .bss           0x00000000        0x0 obj\debug\fil_lib\freertos_lib\heap_2.o
 .bss.ucHeap    0x00000000    0x12c00 obj\debug\fil_lib\freertos_lib\heap_2.o
 .rodata.heapSTRUCT_SIZE
                0x00000000        0x2 obj\debug\fil_lib\freertos_lib\heap_2.o
 .bss.xStart    0x00000000        0x8 obj\debug\fil_lib\freertos_lib\heap_2.o
 .bss.xEnd      0x00000000        0x8 obj\debug\fil_lib\freertos_lib\heap_2.o
 .data.xFreeBytesRemaining
                0x00000000        0x4 obj\debug\fil_lib\freertos_lib\heap_2.o
 .text.pvPortMalloc
                0x00000000      0x164 obj\debug\fil_lib\freertos_lib\heap_2.o
 .text.vPortFree
                0x00000000       0x74 obj\debug\fil_lib\freertos_lib\heap_2.o
 .text.xPortGetFreeHeapSize
                0x00000000       0x18 obj\debug\fil_lib\freertos_lib\heap_2.o
 .text.vPortInitialiseBlocks
                0x00000000        0xe obj\debug\fil_lib\freertos_lib\heap_2.o
 .text.prvHeapInit
                0x00000000       0x54 obj\debug\fil_lib\freertos_lib\heap_2.o
 .bss.xHeapHasBeenInitialised.8100
                0x00000000        0x4 obj\debug\fil_lib\freertos_lib\heap_2.o
 .debug_info    0x00000000      0xc24 obj\debug\fil_lib\freertos_lib\heap_2.o
 .debug_abbrev  0x00000000      0x305 obj\debug\fil_lib\freertos_lib\heap_2.o
 .debug_aranges
                0x00000000       0x40 obj\debug\fil_lib\freertos_lib\heap_2.o
 .debug_ranges  0x00000000       0x30 obj\debug\fil_lib\freertos_lib\heap_2.o
 .debug_line    0x00000000      0x344 obj\debug\fil_lib\freertos_lib\heap_2.o
 .debug_str     0x00000000      0x77e obj\debug\fil_lib\freertos_lib\heap_2.o
 .comment       0x00000000       0x4d obj\debug\fil_lib\freertos_lib\heap_2.o
 .debug_frame   0x00000000       0xc0 obj\debug\fil_lib\freertos_lib\heap_2.o
 .ARM.attributes
                0x00000000       0x34 obj\debug\fil_lib\freertos_lib\heap_2.o
 .text          0x00000000        0x0 obj\debug\fil_lib\freertos_lib\list.o
 .data          0x00000000        0x0 obj\debug\fil_lib\freertos_lib\list.o
 .bss           0x00000000        0x0 obj\debug\fil_lib\freertos_lib\list.o
 .text.vListInitialise
                0x00000000       0x40 obj\debug\fil_lib\freertos_lib\list.o
 .text.vListInitialiseItem
                0x00000000       0x1a obj\debug\fil_lib\freertos_lib\list.o
 .text.vListInsertEnd
                0x00000000       0x48 obj\debug\fil_lib\freertos_lib\list.o
 .text.vListInsert
                0x00000000       0x72 obj\debug\fil_lib\freertos_lib\list.o
 .text.uxListRemove
                0x00000000       0x54 obj\debug\fil_lib\freertos_lib\list.o
 .debug_info    0x00000000      0xba8 obj\debug\fil_lib\freertos_lib\list.o
 .debug_abbrev  0x00000000      0x232 obj\debug\fil_lib\freertos_lib\list.o
 .debug_aranges
                0x00000000       0x40 obj\debug\fil_lib\freertos_lib\list.o
 .debug_ranges  0x00000000       0x30 obj\debug\fil_lib\freertos_lib\list.o
 .debug_line    0x00000000      0x2c2 obj\debug\fil_lib\freertos_lib\list.o
 .debug_str     0x00000000      0x708 obj\debug\fil_lib\freertos_lib\list.o
 .comment       0x00000000       0x4d obj\debug\fil_lib\freertos_lib\list.o
 .debug_frame   0x00000000       0xd8 obj\debug\fil_lib\freertos_lib\list.o
 .ARM.attributes
                0x00000000       0x34 obj\debug\fil_lib\freertos_lib\list.o
 .text          0x00000000        0x0 obj\debug\fil_lib\freertos_lib\port.o
 .data          0x00000000        0x0 obj\debug\fil_lib\freertos_lib\port.o
 .bss           0x00000000        0x0 obj\debug\fil_lib\freertos_lib\port.o
 .debug_info    0x00000000       0xc0 obj\debug\fil_lib\freertos_lib\port.o
 .debug_abbrev  0x00000000       0x62 obj\debug\fil_lib\freertos_lib\port.o
 .debug_aranges
                0x00000000       0x18 obj\debug\fil_lib\freertos_lib\port.o
 .debug_line    0x00000000       0xd2 obj\debug\fil_lib\freertos_lib\port.o
 .debug_str     0x00000000      0x1e3 obj\debug\fil_lib\freertos_lib\port.o
 .comment       0x00000000       0x4d obj\debug\fil_lib\freertos_lib\port.o
 .ARM.attributes
                0x00000000       0x39 obj\debug\fil_lib\freertos_lib\port.o
 .text          0x00000000        0x0 obj\debug\fil_lib\freertos_lib\queue.o
 .data          0x00000000        0x0 obj\debug\fil_lib\freertos_lib\queue.o
 .bss           0x00000000        0x0 obj\debug\fil_lib\freertos_lib\queue.o
 .text.xQueueGenericReset
                0x00000000       0xd0 obj\debug\fil_lib\freertos_lib\queue.o
 .text.xQueueGenericCreate
                0x00000000       0xbe obj\debug\fil_lib\freertos_lib\queue.o
 .text.prvInitialiseNewQueue
                0x00000000       0x46 obj\debug\fil_lib\freertos_lib\queue.o
 .text.prvInitialiseMutex
                0x00000000       0x34 obj\debug\fil_lib\freertos_lib\queue.o
 .text.xQueueCreateMutex
                0x00000000       0x30 obj\debug\fil_lib\freertos_lib\queue.o
 .text.xQueueGiveMutexRecursive
                0x00000000       0x68 obj\debug\fil_lib\freertos_lib\queue.o
 .text.xQueueTakeMutexRecursive
                0x00000000       0x6c obj\debug\fil_lib\freertos_lib\queue.o
 .text.xQueueCreateCountingSemaphore
                0x00000000       0x66 obj\debug\fil_lib\freertos_lib\queue.o
 .text.xQueueGenericSend
                0x00000000      0x1fc obj\debug\fil_lib\freertos_lib\queue.o
 .text.xQueueGenericSendFromISR
                0x00000000      0x154 obj\debug\fil_lib\freertos_lib\queue.o
 .text.xQueueGiveFromISR
                0x00000000      0x138 obj\debug\fil_lib\freertos_lib\queue.o
 .text.xQueueReceive
                0x00000000      0x1c0 obj\debug\fil_lib\freertos_lib\queue.o
 .text.xQueueSemaphoreTake
                0x00000000      0x218 obj\debug\fil_lib\freertos_lib\queue.o
 .text.xQueuePeek
                0x00000000      0x1c4 obj\debug\fil_lib\freertos_lib\queue.o
 .text.xQueueReceiveFromISR
                0x00000000      0x11e obj\debug\fil_lib\freertos_lib\queue.o
 .text.xQueuePeekFromISR
                0x00000000       0xd2 obj\debug\fil_lib\freertos_lib\queue.o
 .text.uxQueueMessagesWaiting
                0x00000000       0x3c obj\debug\fil_lib\freertos_lib\queue.o
 .text.uxQueueSpacesAvailable
                0x00000000       0x46 obj\debug\fil_lib\freertos_lib\queue.o
 .text.uxQueueMessagesWaitingFromISR
                0x00000000       0x3c obj\debug\fil_lib\freertos_lib\queue.o
 .text.vQueueDelete
                0x00000000       0x3c obj\debug\fil_lib\freertos_lib\queue.o
 .text.uxQueueGetQueueNumber
                0x00000000       0x18 obj\debug\fil_lib\freertos_lib\queue.o
 .text.vQueueSetQueueNumber
                0x00000000       0x1c obj\debug\fil_lib\freertos_lib\queue.o
 .text.ucQueueGetQueueType
                0x00000000       0x1a obj\debug\fil_lib\freertos_lib\queue.o
 .text.prvGetDisinheritPriorityAfterTimeout
                0x00000000       0x30 obj\debug\fil_lib\freertos_lib\queue.o
 .text.prvCopyDataToQueue
                0x00000000       0xd4 obj\debug\fil_lib\freertos_lib\queue.o
 .text.prvCopyDataFromQueue
                0x00000000       0x4c obj\debug\fil_lib\freertos_lib\queue.o
 .text.prvUnlockQueue
                0x00000000       0xa4 obj\debug\fil_lib\freertos_lib\queue.o
 .text.prvIsQueueEmpty
                0x00000000       0x2c obj\debug\fil_lib\freertos_lib\queue.o
 .text.xQueueIsQueueEmptyFromISR
                0x00000000       0x48 obj\debug\fil_lib\freertos_lib\queue.o
 .text.prvIsQueueFull
                0x00000000       0x30 obj\debug\fil_lib\freertos_lib\queue.o
 .text.xQueueIsQueueFullFromISR
                0x00000000       0x4c obj\debug\fil_lib\freertos_lib\queue.o
 .text.vQueueAddToRegistry
                0x00000000       0x54 obj\debug\fil_lib\freertos_lib\queue.o
 .text.pcQueueGetName
                0x00000000       0x4c obj\debug\fil_lib\freertos_lib\queue.o
 .text.vQueueUnregisterQueue
                0x00000000       0x54 obj\debug\fil_lib\freertos_lib\queue.o
 .text.vQueueWaitForMessageRestricted
                0x00000000       0x68 obj\debug\fil_lib\freertos_lib\queue.o
 .debug_info    0x00000000     0x2005 obj\debug\fil_lib\freertos_lib\queue.o
 .debug_abbrev  0x00000000      0x36e obj\debug\fil_lib\freertos_lib\queue.o
 .debug_aranges
                0x00000000      0x130 obj\debug\fil_lib\freertos_lib\queue.o
 .debug_ranges  0x00000000      0x120 obj\debug\fil_lib\freertos_lib\queue.o
 .debug_line    0x00000000     0x1139 obj\debug\fil_lib\freertos_lib\queue.o
 .debug_str     0x00000000      0xdb9 obj\debug\fil_lib\freertos_lib\queue.o
 .comment       0x00000000       0x4d obj\debug\fil_lib\freertos_lib\queue.o
 .debug_frame   0x00000000      0x534 obj\debug\fil_lib\freertos_lib\queue.o
 .ARM.attributes
                0x00000000       0x34 obj\debug\fil_lib\freertos_lib\queue.o
 COMMON         0x00000000       0x40 obj\debug\fil_lib\freertos_lib\queue.o
 .text          0x00000000        0x0 obj\debug\fil_lib\freertos_lib\stream_buffer.o
 .data          0x00000000        0x0 obj\debug\fil_lib\freertos_lib\stream_buffer.o
 .bss           0x00000000        0x0 obj\debug\fil_lib\freertos_lib\stream_buffer.o
 .text.xStreamBufferGenericCreate
                0x00000000       0xc4 obj\debug\fil_lib\freertos_lib\stream_buffer.o
 .text.vStreamBufferDelete
                0x00000000       0x4e obj\debug\fil_lib\freertos_lib\stream_buffer.o
 .text.xStreamBufferReset
                0x00000000       0x78 obj\debug\fil_lib\freertos_lib\stream_buffer.o
 .text.xStreamBufferSetTriggerLevel
                0x00000000       0x5c obj\debug\fil_lib\freertos_lib\stream_buffer.o
 .text.xStreamBufferSpacesAvailable
                0x00000000       0x66 obj\debug\fil_lib\freertos_lib\stream_buffer.o
 .text.xStreamBufferBytesAvailable
                0x00000000       0x3a obj\debug\fil_lib\freertos_lib\stream_buffer.o
 .text.xStreamBufferSend
                0x00000000      0x196 obj\debug\fil_lib\freertos_lib\stream_buffer.o
 .text.xStreamBufferSendFromISR
                0x00000000       0xe6 obj\debug\fil_lib\freertos_lib\stream_buffer.o
 .text.prvWriteMessageToBuffer
                0x00000000       0x7a obj\debug\fil_lib\freertos_lib\stream_buffer.o
 .text.xStreamBufferReceive
                0x00000000      0x134 obj\debug\fil_lib\freertos_lib\stream_buffer.o
 .text.xStreamBufferNextMessageLengthBytes
                0x00000000       0x92 obj\debug\fil_lib\freertos_lib\stream_buffer.o
 .text.xStreamBufferReceiveFromISR
                0x00000000       0xe2 obj\debug\fil_lib\freertos_lib\stream_buffer.o
 .text.prvReadMessageFromBuffer
                0x00000000       0x64 obj\debug\fil_lib\freertos_lib\stream_buffer.o
 .text.xStreamBufferIsEmpty
                0x00000000       0x50 obj\debug\fil_lib\freertos_lib\stream_buffer.o
 .text.xStreamBufferIsFull
                0x00000000       0x60 obj\debug\fil_lib\freertos_lib\stream_buffer.o
 .text.xStreamBufferSendCompletedFromISR
                0x00000000       0x8a obj\debug\fil_lib\freertos_lib\stream_buffer.o
 .text.xStreamBufferReceiveCompletedFromISR
                0x00000000       0x8a obj\debug\fil_lib\freertos_lib\stream_buffer.o
 .text.prvWriteBytesToBuffer
                0x00000000       0xe4 obj\debug\fil_lib\freertos_lib\stream_buffer.o
 .text.prvReadBytesFromBuffer
                0x00000000       0xf4 obj\debug\fil_lib\freertos_lib\stream_buffer.o
 .text.prvBytesInBuffer
                0x00000000       0x40 obj\debug\fil_lib\freertos_lib\stream_buffer.o
 .text.prvInitialiseNewStreamBuffer
                0x00000000       0x66 obj\debug\fil_lib\freertos_lib\stream_buffer.o
 .text.uxStreamBufferGetStreamBufferNumber
                0x00000000       0x18 obj\debug\fil_lib\freertos_lib\stream_buffer.o
 .text.vStreamBufferSetStreamBufferNumber
                0x00000000       0x1c obj\debug\fil_lib\freertos_lib\stream_buffer.o
 .text.ucStreamBufferGetStreamBufferType
                0x00000000       0x1e obj\debug\fil_lib\freertos_lib\stream_buffer.o
 .debug_info    0x00000000     0x1a38 obj\debug\fil_lib\freertos_lib\stream_buffer.o
 .debug_abbrev  0x00000000      0x3ca obj\debug\fil_lib\freertos_lib\stream_buffer.o
 .debug_aranges
                0x00000000       0xd8 obj\debug\fil_lib\freertos_lib\stream_buffer.o
 .debug_ranges  0x00000000       0xc8 obj\debug\fil_lib\freertos_lib\stream_buffer.o
 .debug_line    0x00000000      0xa83 obj\debug\fil_lib\freertos_lib\stream_buffer.o
 .debug_str     0x00000000      0xc12 obj\debug\fil_lib\freertos_lib\stream_buffer.o
 .comment       0x00000000       0x4d obj\debug\fil_lib\freertos_lib\stream_buffer.o
 .debug_frame   0x00000000      0x3a8 obj\debug\fil_lib\freertos_lib\stream_buffer.o
 .ARM.attributes
                0x00000000       0x34 obj\debug\fil_lib\freertos_lib\stream_buffer.o
 .text          0x00000000        0x0 obj\debug\fil_lib\freertos_lib\tasks.o
 .data          0x00000000        0x0 obj\debug\fil_lib\freertos_lib\tasks.o
 .bss           0x00000000        0x0 obj\debug\fil_lib\freertos_lib\tasks.o
 .debug_info    0x00000000      0x967 obj\debug\fil_lib\freertos_lib\tasks.o
 .debug_abbrev  0x00000000      0x1b8 obj\debug\fil_lib\freertos_lib\tasks.o
 .debug_aranges
                0x00000000       0x18 obj\debug\fil_lib\freertos_lib\tasks.o
 .debug_line    0x00000000      0x16f obj\debug\fil_lib\freertos_lib\tasks.o
 .debug_str     0x00000000      0x5ca obj\debug\fil_lib\freertos_lib\tasks.o
 .comment       0x00000000       0x4d obj\debug\fil_lib\freertos_lib\tasks.o
 .ARM.attributes
                0x00000000       0x39 obj\debug\fil_lib\freertos_lib\tasks.o
 .text          0x00000000        0x0 obj\debug\fil_lib\freertos_lib\timers.o
 .data          0x00000000        0x0 obj\debug\fil_lib\freertos_lib\timers.o
 .bss           0x00000000        0x0 obj\debug\fil_lib\freertos_lib\timers.o
 .debug_info    0x00000000      0x967 obj\debug\fil_lib\freertos_lib\timers.o
 .debug_abbrev  0x00000000      0x1b8 obj\debug\fil_lib\freertos_lib\timers.o
 .debug_aranges
                0x00000000       0x18 obj\debug\fil_lib\freertos_lib\timers.o
 .debug_line    0x00000000      0x16f obj\debug\fil_lib\freertos_lib\timers.o
 .debug_str     0x00000000      0x5cb obj\debug\fil_lib\freertos_lib\timers.o
 .comment       0x00000000       0x4d obj\debug\fil_lib\freertos_lib\timers.o
 .ARM.attributes
                0x00000000       0x39 obj\debug\fil_lib\freertos_lib\timers.o
 .text          0x00000000        0x0 obj\debug\fil_lib\i2c.o
 .data          0x00000000        0x0 obj\debug\fil_lib\i2c.o
 .bss           0x00000000        0x0 obj\debug\fil_lib\i2c.o
 .data.PrescalerTable
                0x00000000       0x10 obj\debug\fil_lib\i2c.o
 .text.I2C_SingleSend
                0x00000000       0x7c obj\debug\fil_lib\i2c.o
 .text.I2C_MultipleSend
                0x00000000       0x90 obj\debug\fil_lib\i2c.o
 .text.I2C_SingleRead
                0x00000000       0x44 obj\debug\fil_lib\i2c.o
 .text.I2C_MultipleRead
                0x00000000       0x7c obj\debug\fil_lib\i2c.o
 .text.I2CFindDevices
                0x00000000      0x160 obj\debug\fil_lib\i2c.o
 .text          0x00000000        0x0 obj\debug\fil_lib\matrix.o
 .data          0x00000000        0x0 obj\debug\fil_lib\matrix.o
 .bss           0x00000000        0x0 obj\debug\fil_lib\matrix.o
 .debug_line    0x00000000        0x0 obj\debug\fil_lib\matrix.o
 .debug_str     0x00000000      0x100 obj\debug\fil_lib\matrix.o
 .comment       0x00000000       0x4d obj\debug\fil_lib\matrix.o
 .ARM.attributes
                0x00000000       0x39 obj\debug\fil_lib\matrix.o
 .text          0x00000000        0x0 obj\debug\fil_lib\rcc.o
 .data          0x00000000        0x0 obj\debug\fil_lib\rcc.o
 .bss           0x00000000        0x0 obj\debug\fil_lib\rcc.o
 .text          0x00000000        0x0 obj\debug\fil_lib\regulators.o
 .data          0x00000000        0x0 obj\debug\fil_lib\regulators.o
 .bss           0x00000000        0x0 obj\debug\fil_lib\regulators.o
 .data.PrescalerTable
                0x00000000       0x10 obj\debug\fil_lib\regulators.o
 .bss.EnginePWM
                0x00000000        0x4 obj\debug\fil_lib\regulators.o
 .text.Regulator_PID_init
                0x00000000       0x90 obj\debug\fil_lib\regulators.o
 .text.PID_Calc
                0x00000000      0x1f6 obj\debug\fil_lib\regulators.o
 .text.PID_Parse_EncoderData
                0x00000000       0x64 obj\debug\fil_lib\regulators.o
 .text.RegulatorPIDLowLevel
                0x00000000       0x8c obj\debug\fil_lib\regulators.o
 .debug_info    0x00000000     0x110f obj\debug\fil_lib\regulators.o
 .debug_abbrev  0x00000000      0x277 obj\debug\fil_lib\regulators.o
 .debug_aranges
                0x00000000       0x38 obj\debug\fil_lib\regulators.o
 .debug_ranges  0x00000000       0x28 obj\debug\fil_lib\regulators.o
 .debug_line    0x00000000      0x3ba obj\debug\fil_lib\regulators.o
 .debug_str     0x00000000      0xa04 obj\debug\fil_lib\regulators.o
 .comment       0x00000000       0x4d obj\debug\fil_lib\regulators.o
 .debug_frame   0x00000000       0x9c obj\debug\fil_lib\regulators.o
 .ARM.attributes
                0x00000000       0x34 obj\debug\fil_lib\regulators.o
 COMMON         0x00000000       0x48 obj\debug\fil_lib\regulators.o
 .text          0x00000000        0x0 obj\debug\fil_lib\rtc.o
 .data          0x00000000        0x0 obj\debug\fil_lib\rtc.o
 .bss           0x00000000        0x0 obj\debug\fil_lib\rtc.o
 .data.PrescalerTable
                0x00000000       0x10 obj\debug\fil_lib\rtc.o
 .text          0x00000000        0x0 obj\debug\fil_lib\tim.o
 .data          0x00000000        0x0 obj\debug\fil_lib\tim.o
 .bss           0x00000000        0x0 obj\debug\fil_lib\tim.o
 .data.PrescalerTable
                0x00000000       0x10 obj\debug\fil_lib\tim.o
 .text.TIM1_IRQHandler
                0x00000000       0x18 obj\debug\fil_lib\tim.o
 .text.CalcTimStatus
                0x00000000      0x118 obj\debug\fil_lib\tim.o
 .text.SetPWM   0x00000000       0x9c obj\debug\fil_lib\tim.o
 .bss.startInterval
                0x00000000        0x4 obj\debug\fil_lib\tim.o
 .bss.endInterval
                0x00000000        0x4 obj\debug\fil_lib\tim.o
 .text.StartMeas
                0x00000000       0x30 obj\debug\fil_lib\tim.o
 .text.EndMeas  0x00000000       0x38 obj\debug\fil_lib\tim.o
 .text          0x00000000        0x0 obj\debug\fil_lib\usart.o
 .data          0x00000000        0x0 obj\debug\fil_lib\usart.o
 .bss           0x00000000        0x0 obj\debug\fil_lib\usart.o
 .data.PrescalerTable
                0x00000000       0x10 obj\debug\fil_lib\usart.o
 .text          0x00000000        0x0 obj\debug\src\main.o
 .data          0x00000000        0x0 obj\debug\src\main.o
 .bss           0x00000000        0x0 obj\debug\src\main.o
 .data.PrescalerTable
                0x00000000       0x10 obj\debug\src\main.o
 .text          0x00000000        0x0 obj\debug\dev\dev.o
 .data          0x00000000        0x0 obj\debug\dev\dev.o
 .bss           0x00000000        0x0 obj\debug\dev\dev.o
 .data.PrescalerTable
                0x00000000       0x10 obj\debug\dev\dev.o
 .text.SetVoltage
                0x00000000       0x54 obj\debug\dev\dev.o
 .text.ServoInit
                0x00000000       0x78 obj\debug\dev\dev.o
 .text.ServoSetRange
                0x00000000       0x32 obj\debug\dev\dev.o
 .text.SetServoAngle
                0x00000000       0xec obj\debug\dev\dev.o
 .debug_info    0x00000000     0x1119 obj\debug\dev\dev.o
 .debug_abbrev  0x00000000      0x274 obj\debug\dev\dev.o
 .debug_aranges
                0x00000000       0x38 obj\debug\dev\dev.o
 .debug_ranges  0x00000000       0x28 obj\debug\dev\dev.o
 .debug_line    0x00000000      0x310 obj\debug\dev\dev.o
 .debug_str     0x00000000      0x991 obj\debug\dev\dev.o
 .comment       0x00000000       0x4d obj\debug\dev\dev.o
 .debug_frame   0x00000000       0xac obj\debug\dev\dev.o
 .ARM.attributes
                0x00000000       0x34 obj\debug\dev\dev.o
 .text          0x00000000        0x0 obj\debug\src\system_stm32f4xx.o
 .data          0x00000000        0x0 obj\debug\src\system_stm32f4xx.o
 .bss           0x00000000        0x0 obj\debug\src\system_stm32f4xx.o
 .data.SystemCoreClock
                0x00000000        0x4 obj\debug\src\system_stm32f4xx.o
 .data.AHBPrescTable
                0x00000000       0x10 obj\debug\src\system_stm32f4xx.o
 .text.SystemCoreClockUpdate
                0x00000000      0x104 obj\debug\src\system_stm32f4xx.o
 .text          0x00000000      0x254 d:/2.30/share/armgcc/bin/../lib/gcc/arm-none-eabi/9.3.1/thumb/v7e-m+fp/hard\libgcc.a(_arm_muldf3.o)
 .data          0x00000000        0x0 d:/2.30/share/armgcc/bin/../lib/gcc/arm-none-eabi/9.3.1/thumb/v7e-m+fp/hard\libgcc.a(_arm_muldf3.o)
 .bss           0x00000000        0x0 d:/2.30/share/armgcc/bin/../lib/gcc/arm-none-eabi/9.3.1/thumb/v7e-m+fp/hard\libgcc.a(_arm_muldf3.o)
 .debug_frame   0x00000000       0x30 d:/2.30/share/armgcc/bin/../lib/gcc/arm-none-eabi/9.3.1/thumb/v7e-m+fp/hard\libgcc.a(_arm_muldf3.o)
 .ARM.attributes
                0x00000000       0x1e d:/2.30/share/armgcc/bin/../lib/gcc/arm-none-eabi/9.3.1/thumb/v7e-m+fp/hard\libgcc.a(_arm_muldf3.o)
 .data          0x00000000        0x0 d:/2.30/share/armgcc/bin/../lib/gcc/arm-none-eabi/9.3.1/thumb/v7e-m+fp/hard\libgcc.a(_arm_addsubdf3.o)
 .bss           0x00000000        0x0 d:/2.30/share/armgcc/bin/../lib/gcc/arm-none-eabi/9.3.1/thumb/v7e-m+fp/hard\libgcc.a(_arm_addsubdf3.o)
 .data          0x00000000        0x0 d:/2.30/share/armgcc/bin/../lib/gcc/arm-none-eabi/9.3.1/thumb/v7e-m+fp/hard\libgcc.a(_arm_muldivdf3.o)
 .bss           0x00000000        0x0 d:/2.30/share/armgcc/bin/../lib/gcc/arm-none-eabi/9.3.1/thumb/v7e-m+fp/hard\libgcc.a(_arm_muldivdf3.o)
 .data          0x00000000        0x0 d:/2.30/share/armgcc/bin/../lib/gcc/arm-none-eabi/9.3.1/thumb/v7e-m+fp/hard\libgcc.a(_arm_truncdfsf2.o)
 .bss           0x00000000        0x0 d:/2.30/share/armgcc/bin/../lib/gcc/arm-none-eabi/9.3.1/thumb/v7e-m+fp/hard\libgcc.a(_arm_truncdfsf2.o)
 .text          0x00000000        0x0 d:/2.30/share/armgcc/bin/../lib/gcc/arm-none-eabi/9.3.1/../../../../arm-none-eabi/lib/thumb/v7e-m+fp/hard\libg_nano.a(lib_a-exit.o)
 .data          0x00000000        0x0 d:/2.30/share/armgcc/bin/../lib/gcc/arm-none-eabi/9.3.1/../../../../arm-none-eabi/lib/thumb/v7e-m+fp/hard\libg_nano.a(lib_a-exit.o)
 .bss           0x00000000        0x0 d:/2.30/share/armgcc/bin/../lib/gcc/arm-none-eabi/9.3.1/../../../../arm-none-eabi/lib/thumb/v7e-m+fp/hard\libg_nano.a(lib_a-exit.o)
 .text.exit     0x00000000       0x28 d:/2.30/share/armgcc/bin/../lib/gcc/arm-none-eabi/9.3.1/../../../../arm-none-eabi/lib/thumb/v7e-m+fp/hard\libg_nano.a(lib_a-exit.o)
 .debug_frame   0x00000000       0x28 d:/2.30/share/armgcc/bin/../lib/gcc/arm-none-eabi/9.3.1/../../../../arm-none-eabi/lib/thumb/v7e-m+fp/hard\libg_nano.a(lib_a-exit.o)
 .ARM.attributes
                0x00000000       0x34 d:/2.30/share/armgcc/bin/../lib/gcc/arm-none-eabi/9.3.1/../../../../arm-none-eabi/lib/thumb/v7e-m+fp/hard\libg_nano.a(lib_a-exit.o)
 .text          0x00000000        0x0 d:/2.30/share/armgcc/bin/../lib/gcc/arm-none-eabi/9.3.1/../../../../arm-none-eabi/lib/thumb/v7e-m+fp/hard\libg_nano.a(lib_a-impure.o)
 .data          0x00000000        0x0 d:/2.30/share/armgcc/bin/../lib/gcc/arm-none-eabi/9.3.1/../../../../arm-none-eabi/lib/thumb/v7e-m+fp/hard\libg_nano.a(lib_a-impure.o)
 .bss           0x00000000        0x0 d:/2.30/share/armgcc/bin/../lib/gcc/arm-none-eabi/9.3.1/../../../../arm-none-eabi/lib/thumb/v7e-m+fp/hard\libg_nano.a(lib_a-impure.o)
 .data._impure_ptr
                0x00000000        0x4 d:/2.30/share/armgcc/bin/../lib/gcc/arm-none-eabi/9.3.1/../../../../arm-none-eabi/lib/thumb/v7e-m+fp/hard\libg_nano.a(lib_a-impure.o)
 .data.impure_data
                0x00000000       0x60 d:/2.30/share/armgcc/bin/../lib/gcc/arm-none-eabi/9.3.1/../../../../arm-none-eabi/lib/thumb/v7e-m+fp/hard\libg_nano.a(lib_a-impure.o)
 .rodata._global_impure_ptr
                0x00000000        0x4 d:/2.30/share/armgcc/bin/../lib/gcc/arm-none-eabi/9.3.1/../../../../arm-none-eabi/lib/thumb/v7e-m+fp/hard\libg_nano.a(lib_a-impure.o)
 .ARM.attributes
                0x00000000       0x32 d:/2.30/share/armgcc/bin/../lib/gcc/arm-none-eabi/9.3.1/../../../../arm-none-eabi/lib/thumb/v7e-m+fp/hard\libg_nano.a(lib_a-impure.o)
 .text          0x00000000        0x0 d:/2.30/share/armgcc/bin/../lib/gcc/arm-none-eabi/9.3.1/../../../../arm-none-eabi/lib/thumb/v7e-m+fp/hard\libg_nano.a(lib_a-init.o)
 .data          0x00000000        0x0 d:/2.30/share/armgcc/bin/../lib/gcc/arm-none-eabi/9.3.1/../../../../arm-none-eabi/lib/thumb/v7e-m+fp/hard\libg_nano.a(lib_a-init.o)
 .bss           0x00000000        0x0 d:/2.30/share/armgcc/bin/../lib/gcc/arm-none-eabi/9.3.1/../../../../arm-none-eabi/lib/thumb/v7e-m+fp/hard\libg_nano.a(lib_a-init.o)
 .text.__libc_init_array
                0x00000000       0x48 d:/2.30/share/armgcc/bin/../lib/gcc/arm-none-eabi/9.3.1/../../../../arm-none-eabi/lib/thumb/v7e-m+fp/hard\libg_nano.a(lib_a-init.o)
 .debug_frame   0x00000000       0x2c d:/2.30/share/armgcc/bin/../lib/gcc/arm-none-eabi/9.3.1/../../../../arm-none-eabi/lib/thumb/v7e-m+fp/hard\libg_nano.a(lib_a-init.o)
 .ARM.attributes
                0x00000000       0x34 d:/2.30/share/armgcc/bin/../lib/gcc/arm-none-eabi/9.3.1/../../../../arm-none-eabi/lib/thumb/v7e-m+fp/hard\libg_nano.a(lib_a-init.o)
 .text          0x00000000        0x0 d:/2.30/share/armgcc/bin/../lib/gcc/arm-none-eabi/9.3.1/../../../../arm-none-eabi/lib/thumb/v7e-m+fp/hard\libg_nano.a(lib_a-memcpy-stub.o)
 .data          0x00000000        0x0 d:/2.30/share/armgcc/bin/../lib/gcc/arm-none-eabi/9.3.1/../../../../arm-none-eabi/lib/thumb/v7e-m+fp/hard\libg_nano.a(lib_a-memcpy-stub.o)
 .bss           0x00000000        0x0 d:/2.30/share/armgcc/bin/../lib/gcc/arm-none-eabi/9.3.1/../../../../arm-none-eabi/lib/thumb/v7e-m+fp/hard\libg_nano.a(lib_a-memcpy-stub.o)
 .text.memcpy   0x00000000       0x1c d:/2.30/share/armgcc/bin/../lib/gcc/arm-none-eabi/9.3.1/../../../../arm-none-eabi/lib/thumb/v7e-m+fp/hard\libg_nano.a(lib_a-memcpy-stub.o)
 .debug_frame   0x00000000       0x28 d:/2.30/share/armgcc/bin/../lib/gcc/arm-none-eabi/9.3.1/../../../../arm-none-eabi/lib/thumb/v7e-m+fp/hard\libg_nano.a(lib_a-memcpy-stub.o)
 .ARM.attributes
                0x00000000       0x34 d:/2.30/share/armgcc/bin/../lib/gcc/arm-none-eabi/9.3.1/../../../../arm-none-eabi/lib/thumb/v7e-m+fp/hard\libg_nano.a(lib_a-memcpy-stub.o)
 .text          0x00000000        0x0 d:/2.30/share/armgcc/bin/../lib/gcc/arm-none-eabi/9.3.1/../../../../arm-none-eabi/lib/thumb/v7e-m+fp/hard\libg_nano.a(lib_a-memset.o)
 .data          0x00000000        0x0 d:/2.30/share/armgcc/bin/../lib/gcc/arm-none-eabi/9.3.1/../../../../arm-none-eabi/lib/thumb/v7e-m+fp/hard\libg_nano.a(lib_a-memset.o)
 .bss           0x00000000        0x0 d:/2.30/share/armgcc/bin/../lib/gcc/arm-none-eabi/9.3.1/../../../../arm-none-eabi/lib/thumb/v7e-m+fp/hard\libg_nano.a(lib_a-memset.o)
 .text.memset   0x00000000       0x10 d:/2.30/share/armgcc/bin/../lib/gcc/arm-none-eabi/9.3.1/../../../../arm-none-eabi/lib/thumb/v7e-m+fp/hard\libg_nano.a(lib_a-memset.o)
 .debug_frame   0x00000000       0x20 d:/2.30/share/armgcc/bin/../lib/gcc/arm-none-eabi/9.3.1/../../../../arm-none-eabi/lib/thumb/v7e-m+fp/hard\libg_nano.a(lib_a-memset.o)
 .ARM.attributes
                0x00000000       0x34 d:/2.30/share/armgcc/bin/../lib/gcc/arm-none-eabi/9.3.1/../../../../arm-none-eabi/lib/thumb/v7e-m+fp/hard\libg_nano.a(lib_a-memset.o)
 .text          0x00000000        0x0 d:/2.30/share/armgcc/bin/../lib/gcc/arm-none-eabi/9.3.1/../../../../arm-none-eabi/lib/thumb/v7e-m+fp/hard\libnosys.a(_exit.o)
 .data          0x00000000        0x0 d:/2.30/share/armgcc/bin/../lib/gcc/arm-none-eabi/9.3.1/../../../../arm-none-eabi/lib/thumb/v7e-m+fp/hard\libnosys.a(_exit.o)
 .bss           0x00000000        0x0 d:/2.30/share/armgcc/bin/../lib/gcc/arm-none-eabi/9.3.1/../../../../arm-none-eabi/lib/thumb/v7e-m+fp/hard\libnosys.a(_exit.o)
 .text._exit    0x00000000        0x4 d:/2.30/share/armgcc/bin/../lib/gcc/arm-none-eabi/9.3.1/../../../../arm-none-eabi/lib/thumb/v7e-m+fp/hard\libnosys.a(_exit.o)
 .debug_frame   0x00000000       0x20 d:/2.30/share/armgcc/bin/../lib/gcc/arm-none-eabi/9.3.1/../../../../arm-none-eabi/lib/thumb/v7e-m+fp/hard\libnosys.a(_exit.o)
 .ARM.attributes
                0x00000000       0x34 d:/2.30/share/armgcc/bin/../lib/gcc/arm-none-eabi/9.3.1/../../../../arm-none-eabi/lib/thumb/v7e-m+fp/hard\libnosys.a(_exit.o)
 .text          0x00000000        0x0 d:/2.30/share/armgcc/bin/../lib/gcc/arm-none-eabi/9.3.1/thumb/v7e-m+fp/hard/crtend.o
 .data          0x00000000        0x0 d:/2.30/share/armgcc/bin/../lib/gcc/arm-none-eabi/9.3.1/thumb/v7e-m+fp/hard/crtend.o
 .bss           0x00000000        0x0 d:/2.30/share/armgcc/bin/../lib/gcc/arm-none-eabi/9.3.1/thumb/v7e-m+fp/hard/crtend.o
 .eh_frame      0x00000000        0x4 d:/2.30/share/armgcc/bin/../lib/gcc/arm-none-eabi/9.3.1/thumb/v7e-m+fp/hard/crtend.o
 .ARM.attributes
                0x00000000       0x32 d:/2.30/share/armgcc/bin/../lib/gcc/arm-none-eabi/9.3.1/thumb/v7e-m+fp/hard/crtend.o
 .text          0x00000000        0x0 d:/2.30/share/armgcc/bin/../lib/gcc/arm-none-eabi/9.3.1/thumb/v7e-m+fp/hard/crtn.o
 .data          0x00000000        0x0 d:/2.30/share/armgcc/bin/../lib/gcc/arm-none-eabi/9.3.1/thumb/v7e-m+fp/hard/crtn.o
 .bss           0x00000000        0x0 d:/2.30/share/armgcc/bin/../lib/gcc/arm-none-eabi/9.3.1/thumb/v7e-m+fp/hard/crtn.o

Memory Configuration

Name             Origin             Length             Attributes
FLASH            0x08000000         0x00040000         xr
RAM              0x20000000         0x00010000         xrw
*default*        0x00000000         0xffffffff

Linker script and memory map

LOAD d:/2.30/share/armgcc/bin/../lib/gcc/arm-none-eabi/9.3.1/thumb/v7e-m+fp/hard/crti.o
LOAD d:/2.30/share/armgcc/bin/../lib/gcc/arm-none-eabi/9.3.1/thumb/v7e-m+fp/hard/crtbegin.o
LOAD d:/2.30/share/armgcc/bin/../lib/gcc/arm-none-eabi/9.3.1/../../../../arm-none-eabi/lib/thumb/v7e-m+fp/hard/crt0.o
                0x00000000                __HEAP_SIZE = 0x0
                0x00000100                __STACK_SIZE = 0x100
                0x00000000                _Min_Heap_Size = __HEAP_SIZE
                0x00000100                _Min_Stack_Size = __STACK_SIZE
                0x20010000                _estack = (ORIGIN (RAM) + LENGTH (RAM))

.isr_vector     0x08000000      0x194
                0x08000000                . = ALIGN (0x4)
 *(.isr_vector)
 .isr_vector    0x08000000      0x194 obj\debug\src\startup_stm32f401xc.o
                0x08000000                g_pfnVectors
                0x08000194                . = ALIGN (0x4)

.text           0x08000198     0x2a48
                0x08000198                . = ALIGN (0x4)
 *(.text)
 .text          0x08000198       0x40 d:/2.30/share/armgcc/bin/../lib/gcc/arm-none-eabi/9.3.1/thumb/v7e-m+fp/hard/crtbegin.o
 .text          0x080001d8      0x378 d:/2.30/share/armgcc/bin/../lib/gcc/arm-none-eabi/9.3.1/thumb/v7e-m+fp/hard\libgcc.a(_arm_addsubdf3.o)
                0x080001d8                __aeabi_drsub
                0x080001e0                __aeabi_dsub
                0x080001e0                __subdf3
                0x080001e4                __aeabi_dadd
                0x080001e4                __adddf3
                0x0800045c                __floatunsidf
                0x0800045c                __aeabi_ui2d
                0x0800047c                __floatsidf
                0x0800047c                __aeabi_i2d
                0x080004a0                __aeabi_f2d
                0x080004a0                __extendsfdf2
                0x080004e4                __floatundidf
                0x080004e4                __aeabi_ul2d
                0x080004f4                __floatdidf
                0x080004f4                __aeabi_l2d
 .text          0x08000550      0x424 d:/2.30/share/armgcc/bin/../lib/gcc/arm-none-eabi/9.3.1/thumb/v7e-m+fp/hard\libgcc.a(_arm_muldivdf3.o)
                0x08000550                __aeabi_dmul
                0x08000550                __muldf3
                0x080007a4                __divdf3
                0x080007a4                __aeabi_ddiv
 .text          0x08000974       0xa0 d:/2.30/share/armgcc/bin/../lib/gcc/arm-none-eabi/9.3.1/thumb/v7e-m+fp/hard\libgcc.a(_arm_truncdfsf2.o)
                0x08000974                __truncdfsf2
                0x08000974                __aeabi_d2f
 *(.text*)
 .text.Reset_Handler
                0x08000a14       0x4c obj\debug\src\startup_stm32f401xc.o
                0x08000a14                Reset_Handler
 .text.Default_Handler
                0x08000a60        0x2 obj\debug\src\startup_stm32f401xc.o
                0x08000a60                EXTI2_IRQHandler
                0x08000a60                DebugMon_Handler
                0x08000a60                SPI4_IRQHandler
                0x08000a60                TIM1_CC_IRQHandler
                0x08000a60                DMA2_Stream5_IRQHandler
                0x08000a60                HardFault_Handler
                0x08000a60                DMA1_Stream5_IRQHandler
                0x08000a60                PVD_IRQHandler
                0x08000a60                SDIO_IRQHandler
                0x08000a60                PendSV_Handler
                0x08000a60                NMI_Handler
                0x08000a60                EXTI3_IRQHandler
                0x08000a60                TIM1_UP_TIM10_IRQHandler
                0x08000a60                EXTI0_IRQHandler
                0x08000a60                DMA1_Stream2_IRQHandler
                0x08000a60                FPU_IRQHandler
                0x08000a60                UsageFault_Handler
                0x08000a60                DMA2_Stream2_IRQHandler
                0x08000a60                SPI1_IRQHandler
                0x08000a60                TIM1_BRK_TIM9_IRQHandler
                0x08000a60                DMA2_Stream3_IRQHandler
                0x08000a60                USART6_IRQHandler
                0x08000a60                DMA2_Stream0_IRQHandler
                0x08000a60                DMA1_Stream6_IRQHandler
                0x08000a60                DMA1_Stream1_IRQHandler
                0x08000a60                RCC_IRQHandler
                0x08000a60                Default_Handler
                0x08000a60                EXTI15_10_IRQHandler
                0x08000a60                DMA1_Stream7_IRQHandler
                0x08000a60                DMA2_Stream7_IRQHandler
                0x08000a60                EXTI9_5_IRQHandler
                0x08000a60                SPI2_IRQHandler
                0x08000a60                MemManage_Handler
                0x08000a60                DMA1_Stream0_IRQHandler
                0x08000a60                SVC_Handler
                0x08000a60                EXTI4_IRQHandler
                0x08000a60                WWDG_IRQHandler
                0x08000a60                OTG_FS_WKUP_IRQHandler
                0x08000a60                TIM1_TRG_COM_TIM11_IRQHandler
                0x08000a60                EXTI1_IRQHandler
                0x08000a60                USART2_IRQHandler
                0x08000a60                DMA2_Stream1_IRQHandler
                0x08000a60                FLASH_IRQHandler
                0x08000a60                DMA2_Stream4_IRQHandler
                0x08000a60                BusFault_Handler
                0x08000a60                USART1_IRQHandler
                0x08000a60                OTG_FS_IRQHandler
                0x08000a60                SPI3_IRQHandler
                0x08000a60                DMA1_Stream4_IRQHandler
                0x08000a60                DMA2_Stream6_IRQHandler
                0x08000a60                DMA1_Stream3_IRQHandler
 *fill*         0x08000a62        0x2 
 .text.MPU_Init
                0x08000a64      0x118 obj\debug\external\mpu9250\mpu9250.o
                0x08000a64                MPU_Init
 *fill*         0x08000b7c        0x4 
 .text.AK8963_Init
                0x08000b80      0x1f8 obj\debug\external\mpu9250\mpu9250.o
                0x08000b80                AK8963_Init
 .text.AK8963_ReadRegisters
                0x08000d78       0xa8 obj\debug\external\mpu9250\mpu9250.o
                0x08000d78                AK8963_ReadRegisters
 .text.AK8963_WriteRegister
                0x08000e20       0xc0 obj\debug\external\mpu9250\mpu9250.o
                0x08000e20                AK8963_WriteRegister
 .text.AK8963_ReadRegister
                0x08000ee0       0x94 obj\debug\external\mpu9250\mpu9250.o
                0x08000ee0                AK8963_ReadRegister
 .text.MPU_ScaleCalibration
                0x08000f74      0x138 obj\debug\external\mpu9250\mpu9250.o
                0x08000f74                MPU_ScaleCalibration
 .text.MPU_GyroscopeCalibration
                0x080010ac       0xdc obj\debug\external\mpu9250\mpu9250.o
                0x080010ac                MPU_GyroscopeCalibration
 .text.MPU_Connect
                0x08001188      0x13c obj\debug\external\mpu9250\mpu9250.o
                0x08001188                MPU_Connect
 .text.MPU_ReadRawData
                0x080012c4      0x1bc obj\debug\external\mpu9250\mpu9250.o
                0x080012c4                MPU_ReadRawData
 .text.ADC_IRQHandler
                0x08001480        0xe obj\debug\fil_lib\adc.o
                0x08001480                ADC_IRQHandler
 .text.I2C1_EV_IRQHandler
                0x0800148e        0xe obj\debug\fil_lib\i2c.o
                0x0800148e                I2C1_EV_IRQHandler
 .text.I2C2_EV_IRQHandler
                0x0800149c        0xe obj\debug\fil_lib\i2c.o
                0x0800149c                I2C2_EV_IRQHandler
 .text.I2C3_EV_IRQHandler
                0x080014aa        0xe obj\debug\fil_lib\i2c.o
                0x080014aa                I2C3_EV_IRQHandler
 .text.I2C1_ER_IRQHandler
                0x080014b8        0xe obj\debug\fil_lib\i2c.o
                0x080014b8                I2C1_ER_IRQHandler
 .text.I2C2_ER_IRQHandler
                0x080014c6        0xe obj\debug\fil_lib\i2c.o
                0x080014c6                I2C2_ER_IRQHandler
 .text.I2C3_ER_IRQHandler
                0x080014d4        0xe obj\debug\fil_lib\i2c.o
                0x080014d4                I2C3_ER_IRQHandler
 .text.I2C_ClearAllStats
                0x080014e2       0x28 obj\debug\fil_lib\i2c.o
                0x080014e2                I2C_ClearAllStats
 *fill*         0x0800150a        0x2 
 .text.I2C_MemoryWriteSingle
                0x0800150c      0x170 obj\debug\fil_lib\i2c.o
                0x0800150c                I2C_MemoryWriteSingle
 .text.I2C_MemoryReadMultiple
                0x0800167c      0x1fc obj\debug\fil_lib\i2c.o
                0x0800167c                I2C_MemoryReadMultiple
 .text.I2C_MemoryReadSingle
                0x08001878      0x1b4 obj\debug\fil_lib\i2c.o
                0x08001878                I2C_MemoryReadSingle
 .text.I2C_RestoreConnection
                0x08001a2c      0x1b4 obj\debug\fil_lib\i2c.o
                0x08001a2c                I2C_RestoreConnection
 .text.CalcRCCClocks
                0x08001be0      0x134 obj\debug\fil_lib\rcc.o
                0x08001be0                CalcRCCClocks
 .text.TAMP_STAMP_IRQHandler
                0x08001d14        0xe obj\debug\fil_lib\rtc.o
                0x08001d14                TAMP_STAMP_IRQHandler
 .text.RTC_WKUP_IRQHandler
                0x08001d22        0xe obj\debug\fil_lib\rtc.o
                0x08001d22                RTC_WKUP_IRQHandler
 .text.RTC_Alarm_IRQHandler
                0x08001d30       0x30 obj\debug\fil_lib\rtc.o
                0x08001d30                RTC_Alarm_IRQHandler
 .text.SysTick_Handler
                0x08001d60       0x1c obj\debug\fil_lib\tim.o
                0x08001d60                SysTick_Handler
 .text.TIM2_IRQHandler
                0x08001d7c       0x16 obj\debug\fil_lib\tim.o
                0x08001d7c                TIM2_IRQHandler
 *fill*         0x08001d92        0x2 
 .text.TIM3_IRQHandler
                0x08001d94       0x18 obj\debug\fil_lib\tim.o
                0x08001d94                TIM3_IRQHandler
 .text.TIM4_IRQHandler
                0x08001dac       0x18 obj\debug\fil_lib\tim.o
                0x08001dac                TIM4_IRQHandler
 .text.TIM5_IRQHandler
                0x08001dc4       0x18 obj\debug\fil_lib\tim.o
                0x08001dc4                TIM5_IRQHandler
 .text.delay_ms
                0x08001ddc       0x40 obj\debug\fil_lib\tim.o
                0x08001ddc                delay_ms
 .text.CalcTimFrequency
                0x08001e1c       0x98 obj\debug\fil_lib\tim.o
                0x08001e1c                CalcTimFrequency
 .text.CalcTimClockSourse
                0x08001eb4      0x158 obj\debug\fil_lib\tim.o
                0x08001eb4                CalcTimClockSourse
 .text.CalcUSARTBaudrate
                0x0800200c       0x70 obj\debug\fil_lib\usart.o
                0x0800200c                CalcUSARTBaudrate
 .text.__NVIC_EnableIRQ
                0x0800207c       0x3c obj\debug\src\main.o
 .text.__NVIC_SetPriority
                0x080020b8       0x54 obj\debug\src\main.o
 .text.SysTick_Config
                0x0800210c       0x44 obj\debug\src\main.o
 .text.main     0x08002150      0x918 obj\debug\src\main.o
                0x08002150                main
 .text.SystemInit
                0x08002a68       0x6c obj\debug\src\system_stm32f4xx.o
                0x08002a68                SystemInit
 .text.SetSysClock
                0x08002ad4       0xf4 obj\debug\src\system_stm32f4xx.o
 *(.glue_7)
 .glue_7        0x08002bc8        0x0 linker stubs
 *(.glue_7t)
 .glue_7t       0x08002bc8        0x0 linker stubs
 *(.eh_frame)
 .eh_frame      0x08002bc8        0x0 d:/2.30/share/armgcc/bin/../lib/gcc/arm-none-eabi/9.3.1/thumb/v7e-m+fp/hard/crtbegin.o
 *(.init)
 .init          0x08002bc8        0x4 d:/2.30/share/armgcc/bin/../lib/gcc/arm-none-eabi/9.3.1/thumb/v7e-m+fp/hard/crti.o
                0x08002bc8                _init
 .init          0x08002bcc        0x8 d:/2.30/share/armgcc/bin/../lib/gcc/arm-none-eabi/9.3.1/thumb/v7e-m+fp/hard/crtn.o
 *(.fini)
 .fini          0x08002bd4        0x4 d:/2.30/share/armgcc/bin/../lib/gcc/arm-none-eabi/9.3.1/thumb/v7e-m+fp/hard/crti.o
                0x08002bd4                _fini
 .fini          0x08002bd8        0x8 d:/2.30/share/armgcc/bin/../lib/gcc/arm-none-eabi/9.3.1/thumb/v7e-m+fp/hard/crtn.o
                0x08002be0                . = ALIGN (0x4)
                0x08002be0                _etext = .

.vfp11_veneer   0x08002be0        0x0
 .vfp11_veneer  0x08002be0        0x0 linker stubs

.v4_bx          0x08002be0        0x0
 .v4_bx         0x08002be0        0x0 linker stubs

.iplt           0x08002be0        0x0
 .iplt          0x08002be0        0x0 d:/2.30/share/armgcc/bin/../lib/gcc/arm-none-eabi/9.3.1/thumb/v7e-m+fp/hard/crtbegin.o

.rel.dyn        0x08002be0        0x0
 .rel.iplt      0x08002be0        0x0 d:/2.30/share/armgcc/bin/../lib/gcc/arm-none-eabi/9.3.1/thumb/v7e-m+fp/hard/crtbegin.o

.rodata         0x08002be0        0x0
                0x08002be0                . = ALIGN (0x4)
 *(.rodata)
 *(.rodata*)
                0x08002be0                . = ALIGN (0x4)

.ARM.extab
 *(.ARM.extab* .gnu.linkonce.armextab.*)

.ARM            0x08002be0        0x0
                0x08002be0                __exidx_start = .
 *(.ARM.exidx*)
                0x08002be0                __exidx_end = .

.preinit_array  0x08002be0        0x0
                0x08002be0                PROVIDE (__preinit_array_start = .)
 *(.preinit_array*)
                0x08002be0                PROVIDE (__preinit_array_end = .)

.init_array     0x08002be0        0x4
                0x08002be0                PROVIDE (__init_array_start = .)
 *(SORT_BY_NAME(.init_array.*))
 *(.init_array*)
 .init_array    0x08002be0        0x4 d:/2.30/share/armgcc/bin/../lib/gcc/arm-none-eabi/9.3.1/thumb/v7e-m+fp/hard/crtbegin.o
                0x08002be4                PROVIDE (__init_array_end = .)

.fini_array     0x08002be4        0x4
                [!provide]                PROVIDE (__fini_array_start = .)
 *(SORT_BY_NAME(.fini_array.*))
 *(.fini_array*)
 .fini_array    0x08002be4        0x4 d:/2.30/share/armgcc/bin/../lib/gcc/arm-none-eabi/9.3.1/thumb/v7e-m+fp/hard/crtbegin.o
                [!provide]                PROVIDE (__fini_array_end = .)
                0x08002be8                _sidata = LOADADDR (.data)

.data           0x20000000       0x10 load address 0x08002be8
                0x20000000                . = ALIGN (0x4)
                0x20000000                _sdata = .
 *(.data)
 *(.data*)
 .data.PrescalerTable
                0x20000000       0x10 obj\debug\fil_lib\rcc.o
                0x20000010                . = ALIGN (0x4)
                0x20000010                _edata = .

.igot.plt       0x20000010        0x0 load address 0x08002bf8
 .igot.plt      0x20000010        0x0 d:/2.30/share/armgcc/bin/../lib/gcc/arm-none-eabi/9.3.1/thumb/v7e-m+fp/hard/crtbegin.o
                0x20000010                . = ALIGN (0x4)

.bss            0x20000010      0x1a4 load address 0x08002bf8
                0x20000010                _sbss = .
                0x20000010                __bss_start__ = _sbss
 *(.bss)
 .bss           0x20000010       0x1c d:/2.30/share/armgcc/bin/../lib/gcc/arm-none-eabi/9.3.1/thumb/v7e-m+fp/hard/crtbegin.o
 *(.bss*)
 .bss.MPU_Timeout
                0x2000002c        0x4 obj\debug\external\mpu9250\mpu9250.o
 .bss.I2C_timeout
                0x20000030        0x4 obj\debug\fil_lib\i2c.o
 .bss.globalTime
                0x20000034        0x4 obj\debug\fil_lib\tim.o
                0x20000034                globalTime
 .bss.startTick
                0x20000038        0x4 obj\debug\fil_lib\tim.o
 *(COMMON)
 COMMON         0x2000003c      0x178 obj\debug\external\mpu9250\mpu9250.o
                0x2000003c                I2CStatus
                0x20000044                TIMStatus
                0x20000064                MPU9250
                0x200000e0                RTCStatus
                0x2000012c                ADCStatus
                0x2000018c                Bus
                0x200001a0                Clocks
                0x200001b4                . = ALIGN (0x4)
                0x200001b4                _ebss = .
                0x200001b4                __bss_end__ = _ebss

.heap           0x200001b4        0x0 load address 0x08002bf8
                0x200001b4                . = ALIGN (0x4)
                [!provide]                PROVIDE (end = .)
                [!provide]                PROVIDE (_end = .)
 *(.heap*)
                0x200001b4                . = (. + _Min_Heap_Size)
                0x200001b4                __HeapLimit = .
                0x200001b4                . = ALIGN (0x4)

.ARM.attributes
                0x00000000       0x30
 *(.ARM.attributes)
 .ARM.attributes
                0x00000000       0x1e d:/2.30/share/armgcc/bin/../lib/gcc/arm-none-eabi/9.3.1/thumb/v7e-m+fp/hard/crti.o
 .ARM.attributes
                0x0000001e       0x34 d:/2.30/share/armgcc/bin/../lib/gcc/arm-none-eabi/9.3.1/thumb/v7e-m+fp/hard/crtbegin.o
 .ARM.attributes
                0x00000052       0x21 obj\debug\src\startup_stm32f401xc.o
 .ARM.attributes
                0x00000073       0x34 obj\debug\external\mpu9250\mpu9250.o
 .ARM.attributes
                0x000000a7       0x34 obj\debug\fil_lib\adc.o
 .ARM.attributes
                0x000000db       0x34 obj\debug\fil_lib\i2c.o
 .ARM.attributes
                0x0000010f       0x34 obj\debug\fil_lib\rcc.o
 .ARM.attributes
                0x00000143       0x34 obj\debug\fil_lib\rtc.o
 .ARM.attributes
                0x00000177       0x34 obj\debug\fil_lib\tim.o
 .ARM.attributes
                0x000001ab       0x34 obj\debug\fil_lib\usart.o
 .ARM.attributes
                0x000001df       0x34 obj\debug\src\main.o
 .ARM.attributes
                0x00000213       0x34 obj\debug\src\system_stm32f4xx.o
 .ARM.attributes
                0x00000247       0x1e d:/2.30/share/armgcc/bin/../lib/gcc/arm-none-eabi/9.3.1/thumb/v7e-m+fp/hard\libgcc.a(_arm_addsubdf3.o)
 .ARM.attributes
                0x00000265       0x1e d:/2.30/share/armgcc/bin/../lib/gcc/arm-none-eabi/9.3.1/thumb/v7e-m+fp/hard\libgcc.a(_arm_muldivdf3.o)
 .ARM.attributes
                0x00000283       0x1e d:/2.30/share/armgcc/bin/../lib/gcc/arm-none-eabi/9.3.1/thumb/v7e-m+fp/hard\libgcc.a(_arm_truncdfsf2.o)
 .ARM.attributes
                0x000002a1       0x1e d:/2.30/share/armgcc/bin/../lib/gcc/arm-none-eabi/9.3.1/thumb/v7e-m+fp/hard/crtn.o
                0x2000ff00                __StackLimit = (_estack - _Min_Stack_Size)
                0x00000001                ASSERT ((__StackLimit >= __HeapLimit), Region RAM overflowed with stack)
LOAD obj\debug\src\startup_stm32f401xc.o
LOAD obj\debug\external\mpu9250\mpu9250.o
LOAD obj\debug\external\ssd1306\fonts.o
LOAD obj\debug\external\ssd1306\images.o
LOAD obj\debug\external\ssd1306\ssd1306.o
LOAD obj\debug\external\ssd1306\ssd1306_i2c.o
LOAD obj\debug\fil_lib\adc.o
LOAD obj\debug\fil_lib\dma.o
LOAD obj\debug\fil_lib\exti.o
LOAD obj\debug\fil_lib\freertos_lib\croutine.o
LOAD obj\debug\fil_lib\freertos_lib\event_groups.o
LOAD obj\debug\fil_lib\freertos_lib\heap_2.o
LOAD obj\debug\fil_lib\freertos_lib\list.o
LOAD obj\debug\fil_lib\freertos_lib\port.o
LOAD obj\debug\fil_lib\freertos_lib\queue.o
LOAD obj\debug\fil_lib\freertos_lib\stream_buffer.o
LOAD obj\debug\fil_lib\freertos_lib\tasks.o
LOAD obj\debug\fil_lib\freertos_lib\timers.o
LOAD obj\debug\fil_lib\i2c.o
LOAD obj\debug\fil_lib\matrix.o
LOAD obj\debug\fil_lib\rcc.o
LOAD obj\debug\fil_lib\regulators.o
LOAD obj\debug\fil_lib\rtc.o
LOAD obj\debug\fil_lib\tim.o
LOAD obj\debug\fil_lib\usart.o
LOAD obj\debug\src\main.o
LOAD obj\debug\dev\dev.o
LOAD obj\debug\src\system_stm32f4xx.o
START GROUP
LOAD d:/2.30/share/armgcc/bin/../lib/gcc/arm-none-eabi/9.3.1/thumb/v7e-m+fp/hard\libgcc.a
LOAD d:/2.30/share/armgcc/bin/../lib/gcc/arm-none-eabi/9.3.1/../../../../arm-none-eabi/lib/thumb/v7e-m+fp/hard\libg_nano.a
LOAD d:/2.30/share/armgcc/bin/../lib/gcc/arm-none-eabi/9.3.1/../../../../arm-none-eabi/lib/thumb/v7e-m+fp/hard\libc_nano.a
END GROUP
START GROUP
LOAD d:/2.30/share/armgcc/bin/../lib/gcc/arm-none-eabi/9.3.1/thumb/v7e-m+fp/hard\libgcc.a
LOAD d:/2.30/share/armgcc/bin/../lib/gcc/arm-none-eabi/9.3.1/../../../../arm-none-eabi/lib/thumb/v7e-m+fp/hard\libc_nano.a
LOAD d:/2.30/share/armgcc/bin/../lib/gcc/arm-none-eabi/9.3.1/../../../../arm-none-eabi/lib/thumb/v7e-m+fp/hard\libnosys.a
END GROUP
START GROUP
LOAD d:/2.30/share/armgcc/bin/../lib/gcc/arm-none-eabi/9.3.1/thumb/v7e-m+fp/hard\libgcc.a
LOAD d:/2.30/share/armgcc/bin/../lib/gcc/arm-none-eabi/9.3.1/../../../../arm-none-eabi/lib/thumb/v7e-m+fp/hard\libc_nano.a
LOAD d:/2.30/share/armgcc/bin/../lib/gcc/arm-none-eabi/9.3.1/../../../../arm-none-eabi/lib/thumb/v7e-m+fp/hard\libnosys.a
END GROUP
LOAD d:/2.30/share/armgcc/bin/../lib/gcc/arm-none-eabi/9.3.1/thumb/v7e-m+fp/hard/crtend.o
LOAD d:/2.30/share/armgcc/bin/../lib/gcc/arm-none-eabi/9.3.1/thumb/v7e-m+fp/hard/crtn.o
OUTPUT(bin\Debug\SmallCar.elf elf32-littlearm)
LOAD linker stubs

.debug_line     0x00000000     0x23be
 .debug_line    0x00000000       0x77 obj\debug\src\startup_stm32f401xc.o
 .debug_line    0x00000077      0x68e obj\debug\external\mpu9250\mpu9250.o
 .debug_line    0x00000705      0x3b6 obj\debug\fil_lib\adc.o
 .debug_line    0x00000abb      0x780 obj\debug\fil_lib\i2c.o
 .debug_line    0x0000123b      0x2d1 obj\debug\fil_lib\rcc.o
 .debug_line    0x0000150c      0x225 obj\debug\fil_lib\rtc.o
 .debug_line    0x00001731      0x52e obj\debug\fil_lib\tim.o
 .debug_line    0x00001c5f      0x226 obj\debug\fil_lib\usart.o
 .debug_line    0x00001e85      0x2b6 obj\debug\src\main.o
 .debug_line    0x0000213b      0x283 obj\debug\src\system_stm32f4xx.o

.debug_info     0x00000000     0x9662
 .debug_info    0x00000000       0x22 obj\debug\src\startup_stm32f401xc.o
 .debug_info    0x00000022     0x1233 obj\debug\external\mpu9250\mpu9250.o
 .debug_info    0x00001255     0x104b obj\debug\fil_lib\adc.o
 .debug_info    0x000022a0     0x1481 obj\debug\fil_lib\i2c.o
 .debug_info    0x00003721      0xf72 obj\debug\fil_lib\rcc.o
 .debug_info    0x00004693     0x1043 obj\debug\fil_lib\rtc.o
 .debug_info    0x000056d6     0x1143 obj\debug\fil_lib\tim.o
 .debug_info    0x00006819      0xe94 obj\debug\fil_lib\usart.o
 .debug_info    0x000076ad     0x194d obj\debug\src\main.o
 .debug_info    0x00008ffa      0x668 obj\debug\src\system_stm32f4xx.o

.debug_abbrev   0x00000000     0x16c1
 .debug_abbrev  0x00000000       0x12 obj\debug\src\startup_stm32f401xc.o
 .debug_abbrev  0x00000012      0x31d obj\debug\external\mpu9250\mpu9250.o
 .debug_abbrev  0x0000032f      0x2d4 obj\debug\fil_lib\adc.o
 .debug_abbrev  0x00000603      0x315 obj\debug\fil_lib\i2c.o
 .debug_abbrev  0x00000918      0x232 obj\debug\fil_lib\rcc.o
 .debug_abbrev  0x00000b4a      0x232 obj\debug\fil_lib\rtc.o
 .debug_abbrev  0x00000d7c      0x2b5 obj\debug\fil_lib\tim.o
 .debug_abbrev  0x00001031      0x247 obj\debug\fil_lib\usart.o
 .debug_abbrev  0x00001278      0x2d1 obj\debug\src\main.o
 .debug_abbrev  0x00001549      0x178 obj\debug\src\system_stm32f4xx.o

.debug_aranges  0x00000000      0x2c0
 .debug_aranges
                0x00000000       0x28 obj\debug\src\startup_stm32f401xc.o
 .debug_aranges
                0x00000028       0x60 obj\debug\external\mpu9250\mpu9250.o
 .debug_aranges
                0x00000088       0x48 obj\debug\fil_lib\adc.o
 .debug_aranges
                0x000000d0       0x98 obj\debug\fil_lib\i2c.o
 .debug_aranges
                0x00000168       0x20 obj\debug\fil_lib\rcc.o
 .debug_aranges
                0x00000188       0x30 obj\debug\fil_lib\rtc.o
 .debug_aranges
                0x000001b8       0x80 obj\debug\fil_lib\tim.o
 .debug_aranges
                0x00000238       0x20 obj\debug\fil_lib\usart.o
 .debug_aranges
                0x00000258       0x38 obj\debug\src\main.o
 .debug_aranges
                0x00000290       0x30 obj\debug\src\system_stm32f4xx.o

.debug_str      0x00000000     0x1584
 .debug_str     0x00000000       0x67 obj\debug\src\startup_stm32f401xc.o
 .debug_str     0x00000067      0x946 obj\debug\external\mpu9250\mpu9250.o
                                0xa47 (size before relaxing)
 .debug_str     0x000009ad       0xfc obj\debug\fil_lib\adc.o
                                0x8f8 (size before relaxing)
 .debug_str     0x00000aa9      0x261 obj\debug\fil_lib\i2c.o
                                0xb0f (size before relaxing)
 .debug_str     0x00000d0a       0x1c obj\debug\fil_lib\rcc.o
                                0x933 (size before relaxing)
 .debug_str     0x00000d26      0x14b obj\debug\fil_lib\rtc.o
                                0x94b (size before relaxing)
 .debug_str     0x00000e71      0x18a obj\debug\fil_lib\tim.o
                                0x9ea (size before relaxing)
 .debug_str     0x00000ffb       0x53 obj\debug\fil_lib\usart.o
                                0x88f (size before relaxing)
 .debug_str     0x0000104e      0x47b obj\debug\src\main.o
                                0xef2 (size before relaxing)
 .debug_str     0x000014c9       0xbb obj\debug\src\system_stm32f4xx.o
                                0x411 (size before relaxing)

.debug_ranges   0x00000000      0x228
 .debug_ranges  0x00000000       0x20 obj\debug\src\startup_stm32f401xc.o
 .debug_ranges  0x00000020       0x50 obj\debug\external\mpu9250\mpu9250.o
 .debug_ranges  0x00000070       0x38 obj\debug\fil_lib\adc.o
 .debug_ranges  0x000000a8       0x88 obj\debug\fil_lib\i2c.o
 .debug_ranges  0x00000130       0x10 obj\debug\fil_lib\rcc.o
 .debug_ranges  0x00000140       0x20 obj\debug\fil_lib\rtc.o
 .debug_ranges  0x00000160       0x70 obj\debug\fil_lib\tim.o
 .debug_ranges  0x000001d0       0x10 obj\debug\fil_lib\usart.o
 .debug_ranges  0x000001e0       0x28 obj\debug\src\main.o
 .debug_ranges  0x00000208       0x20 obj\debug\src\system_stm32f4xx.o

.comment        0x00000000       0x4c
 .comment       0x00000000       0x4c obj\debug\external\mpu9250\mpu9250.o
                                 0x4d (size before relaxing)
 .comment       0x0000004c       0x4d obj\debug\fil_lib\adc.o
 .comment       0x0000004c       0x4d obj\debug\fil_lib\i2c.o
 .comment       0x0000004c       0x4d obj\debug\fil_lib\rcc.o
 .comment       0x0000004c       0x4d obj\debug\fil_lib\rtc.o
 .comment       0x0000004c       0x4d obj\debug\fil_lib\tim.o
 .comment       0x0000004c       0x4d obj\debug\fil_lib\usart.o
 .comment       0x0000004c       0x4d obj\debug\src\main.o
 .comment       0x0000004c       0x4d obj\debug\src\system_stm32f4xx.o

.debug_frame    0x00000000      0x97c
 .debug_frame   0x00000000      0x160 obj\debug\external\mpu9250\mpu9250.o
 .debug_frame   0x00000160       0xec obj\debug\fil_lib\adc.o
 .debug_frame   0x0000024c      0x250 obj\debug\fil_lib\i2c.o
 .debug_frame   0x0000049c       0x30 obj\debug\fil_lib\rcc.o
 .debug_frame   0x000004cc       0x70 obj\debug\fil_lib\rtc.o
 .debug_frame   0x0000053c      0x1cc obj\debug\fil_lib\tim.o
 .debug_frame   0x00000708       0x34 obj\debug\fil_lib\usart.o
 .debug_frame   0x0000073c       0xa4 obj\debug\src\main.o
 .debug_frame   0x000007e0       0x7c obj\debug\src\system_stm32f4xx.o
 .debug_frame   0x0000085c       0xac d:/2.30/share/armgcc/bin/../lib/gcc/arm-none-eabi/9.3.1/thumb/v7e-m+fp/hard\libgcc.a(_arm_addsubdf3.o)
 .debug_frame   0x00000908       0x50 d:/2.30/share/armgcc/bin/../lib/gcc/arm-none-eabi/9.3.1/thumb/v7e-m+fp/hard\libgcc.a(_arm_muldivdf3.o)
 .debug_frame   0x00000958       0x24 d:/2.30/share/armgcc/bin/../lib/gcc/arm-none-eabi/9.3.1/thumb/v7e-m+fp/hard\libgcc.a(_arm_truncdfsf2.o)
