Archive member included to satisfy reference by file (symbol)

d:/2.30/share/armgcc/bin/../lib/gcc/arm-none-eabi/9.3.1/thumb/v7e-m+fp/hard\libgcc.a(_arm_muldf3.o)
                              obj\debug\fil_lib\adc.o (__aeabi_dmul)
d:/2.30/share/armgcc/bin/../lib/gcc/arm-none-eabi/9.3.1/thumb/v7e-m+fp/hard\libgcc.a(_arm_addsubdf3.o)
                              obj\debug\fil_lib\adc.o (__aeabi_f2d)
d:/2.30/share/armgcc/bin/../lib/gcc/arm-none-eabi/9.3.1/thumb/v7e-m+fp/hard\libgcc.a(_arm_muldivdf3.o)
                              obj\debug\fil_lib\adc.o (__aeabi_ddiv)
d:/2.30/share/armgcc/bin/../lib/gcc/arm-none-eabi/9.3.1/thumb/v7e-m+fp/hard\libgcc.a(_arm_truncdfsf2.o)
                              obj\debug\fil_lib\adc.o (__aeabi_d2f)
d:/2.30/share/armgcc/bin/../lib/gcc/arm-none-eabi/9.3.1/../../../../arm-none-eabi/lib/thumb/v7e-m+fp/hard\libg_nano.a(lib_a-exit.o)
                              d:/2.30/share/armgcc/bin/../lib/gcc/arm-none-eabi/9.3.1/../../../../arm-none-eabi/lib/thumb/v7e-m+fp/hard/crt0.o (exit)
d:/2.30/share/armgcc/bin/../lib/gcc/arm-none-eabi/9.3.1/../../../../arm-none-eabi/lib/thumb/v7e-m+fp/hard\libg_nano.a(lib_a-impure.o)
                              d:/2.30/share/armgcc/bin/../lib/gcc/arm-none-eabi/9.3.1/../../../../arm-none-eabi/lib/thumb/v7e-m+fp/hard\libg_nano.a(lib_a-exit.o) (_global_impure_ptr)
d:/2.30/share/armgcc/bin/../lib/gcc/arm-none-eabi/9.3.1/../../../../arm-none-eabi/lib/thumb/v7e-m+fp/hard\libg_nano.a(lib_a-init.o)
                              d:/2.30/share/armgcc/bin/../lib/gcc/arm-none-eabi/9.3.1/../../../../arm-none-eabi/lib/thumb/v7e-m+fp/hard/crt0.o (__libc_init_array)
d:/2.30/share/armgcc/bin/../lib/gcc/arm-none-eabi/9.3.1/../../../../arm-none-eabi/lib/thumb/v7e-m+fp/hard\libg_nano.a(lib_a-memcpy-stub.o)
                              obj\debug\fil_lib\freertos_lib\queue.o (memcpy)
d:/2.30/share/armgcc/bin/../lib/gcc/arm-none-eabi/9.3.1/../../../../arm-none-eabi/lib/thumb/v7e-m+fp/hard\libg_nano.a(lib_a-memset.o)
                              d:/2.30/share/armgcc/bin/../lib/gcc/arm-none-eabi/9.3.1/../../../../arm-none-eabi/lib/thumb/v7e-m+fp/hard/crt0.o (memset)
d:/2.30/share/armgcc/bin/../lib/gcc/arm-none-eabi/9.3.1/../../../../arm-none-eabi/lib/thumb/v7e-m+fp/hard\libnosys.a(_exit.o)
                              d:/2.30/share/armgcc/bin/../lib/gcc/arm-none-eabi/9.3.1/../../../../arm-none-eabi/lib/thumb/v7e-m+fp/hard\libg_nano.a(lib_a-exit.o) (_exit)

Allocating common symbols
Common symbol       size              file

I2CStatus           0x6               obj\debug\external\mpu9250\mpu9250.o
xQueueRegistry      0x40              obj\debug\fil_lib\freertos_lib\queue.o
TIMStatus           0x20              obj\debug\external\mpu9250\mpu9250.o
MPU9250             0x7c              obj\debug\external\mpu9250\mpu9250.o
Motor_Coord         0x4               obj\debug\fil_lib\regulators.o
EncData             0x2               obj\debug\fil_lib\regulators.o
ADCStatus           0x60              obj\debug\external\mpu9250\mpu9250.o
Bus                 0x14              obj\debug\external\mpu9250\mpu9250.o
EngineReg           0x40              obj\debug\fil_lib\regulators.o
Clocks              0x14              obj\debug\external\mpu9250\mpu9250.o

Discarded input sections

 .text          0x00000000        0x0 d:/2.30/share/armgcc/bin/../lib/gcc/arm-none-eabi/9.3.1/thumb/v7e-m+fp/hard/crti.o
 .data          0x00000000        0x0 d:/2.30/share/armgcc/bin/../lib/gcc/arm-none-eabi/9.3.1/thumb/v7e-m+fp/hard/crti.o
 .bss           0x00000000        0x0 d:/2.30/share/armgcc/bin/../lib/gcc/arm-none-eabi/9.3.1/thumb/v7e-m+fp/hard/crti.o
 .data          0x00000000        0x4 d:/2.30/share/armgcc/bin/../lib/gcc/arm-none-eabi/9.3.1/thumb/v7e-m+fp/hard/crtbegin.o
 .text          0x00000000       0x7c d:/2.30/share/armgcc/bin/../lib/gcc/arm-none-eabi/9.3.1/../../../../arm-none-eabi/lib/thumb/v7e-m+fp/hard/crt0.o
 .data          0x00000000        0x0 d:/2.30/share/armgcc/bin/../lib/gcc/arm-none-eabi/9.3.1/../../../../arm-none-eabi/lib/thumb/v7e-m+fp/hard/crt0.o
 .bss           0x00000000        0x0 d:/2.30/share/armgcc/bin/../lib/gcc/arm-none-eabi/9.3.1/../../../../arm-none-eabi/lib/thumb/v7e-m+fp/hard/crt0.o
 .ARM.extab     0x00000000        0x0 d:/2.30/share/armgcc/bin/../lib/gcc/arm-none-eabi/9.3.1/../../../../arm-none-eabi/lib/thumb/v7e-m+fp/hard/crt0.o
 .ARM.exidx     0x00000000       0x10 d:/2.30/share/armgcc/bin/../lib/gcc/arm-none-eabi/9.3.1/../../../../arm-none-eabi/lib/thumb/v7e-m+fp/hard/crt0.o
 .ARM.attributes
                0x00000000       0x1c d:/2.30/share/armgcc/bin/../lib/gcc/arm-none-eabi/9.3.1/../../../../arm-none-eabi/lib/thumb/v7e-m+fp/hard/crt0.o
 .text          0x00000000       0x14 obj\debug\src\startup_stm32f401xc.o
 .data          0x00000000        0x0 obj\debug\src\startup_stm32f401xc.o
 .bss           0x00000000        0x0 obj\debug\src\startup_stm32f401xc.o
 .text          0x00000000        0x0 obj\debug\external\mpu9250\mpu9250.o
 .data          0x00000000        0x0 obj\debug\external\mpu9250\mpu9250.o
 .bss           0x00000000        0x0 obj\debug\external\mpu9250\mpu9250.o
 .data.PrescalerTable
                0x00000000       0x10 obj\debug\external\mpu9250\mpu9250.o
 .rodata.BYPASS_EN
                0x00000000        0x1 obj\debug\external\mpu9250\mpu9250.o
 .rodata.CLOCK_SEL_PLL
                0x00000000        0x1 obj\debug\external\mpu9250\mpu9250.o
 .rodata.PWR_RESET
                0x00000000        0x1 obj\debug\external\mpu9250\mpu9250.o
 .rodata.AK8963_PWR_DOWN
                0x00000000        0x1 obj\debug\external\mpu9250\mpu9250.o
 .rodata.AK8963_RESET
                0x00000000        0x1 obj\debug\external\mpu9250\mpu9250.o
 .text.AK8963_Init
                0x00000000       0x38 obj\debug\external\mpu9250\mpu9250.o
 .text          0x00000000        0x0 obj\debug\external\ssd1306\fonts.o
 .data          0x00000000        0x0 obj\debug\external\ssd1306\fonts.o
 .bss           0x00000000        0x0 obj\debug\external\ssd1306\fonts.o
 .debug_info    0x00000000      0x9f7 obj\debug\external\ssd1306\fonts.o
 .debug_abbrev  0x00000000      0x1b8 obj\debug\external\ssd1306\fonts.o
 .debug_aranges
                0x00000000       0x18 obj\debug\external\ssd1306\fonts.o
 .debug_line    0x00000000      0x154 obj\debug\external\ssd1306\fonts.o
 .debug_str     0x00000000      0x626 obj\debug\external\ssd1306\fonts.o
 .comment       0x00000000       0x4d obj\debug\external\ssd1306\fonts.o
 .ARM.attributes
                0x00000000       0x39 obj\debug\external\ssd1306\fonts.o
 .text          0x00000000        0x0 obj\debug\external\ssd1306\images.o
 .data          0x00000000        0x0 obj\debug\external\ssd1306\images.o
 .bss           0x00000000        0x0 obj\debug\external\ssd1306\images.o
 .data.PrescalerTable
                0x00000000       0x10 obj\debug\external\ssd1306\images.o
 .debug_info    0x00000000      0xcae obj\debug\external\ssd1306\images.o
 .debug_abbrev  0x00000000      0x203 obj\debug\external\ssd1306\images.o
 .debug_aranges
                0x00000000       0x18 obj\debug\external\ssd1306\images.o
 .debug_line    0x00000000      0x1cb obj\debug\external\ssd1306\images.o
 .debug_str     0x00000000      0x7e2 obj\debug\external\ssd1306\images.o
 .comment       0x00000000       0x4d obj\debug\external\ssd1306\images.o
 .ARM.attributes
                0x00000000       0x39 obj\debug\external\ssd1306\images.o
 .text          0x00000000        0x0 obj\debug\external\ssd1306\ssd1306.o
 .data          0x00000000        0x0 obj\debug\external\ssd1306\ssd1306.o
 .bss           0x00000000        0x0 obj\debug\external\ssd1306\ssd1306.o
 .data.PrescalerTable
                0x00000000       0x10 obj\debug\external\ssd1306\ssd1306.o
 .debug_info    0x00000000      0xcae obj\debug\external\ssd1306\ssd1306.o
 .debug_abbrev  0x00000000      0x203 obj\debug\external\ssd1306\ssd1306.o
 .debug_aranges
                0x00000000       0x18 obj\debug\external\ssd1306\ssd1306.o
 .debug_line    0x00000000      0x1cb obj\debug\external\ssd1306\ssd1306.o
 .debug_str     0x00000000      0x7e3 obj\debug\external\ssd1306\ssd1306.o
 .comment       0x00000000       0x4d obj\debug\external\ssd1306\ssd1306.o
 .ARM.attributes
                0x00000000       0x39 obj\debug\external\ssd1306\ssd1306.o
 .text          0x00000000        0x0 obj\debug\external\ssd1306\ssd1306_i2c.o
 .data          0x00000000        0x0 obj\debug\external\ssd1306\ssd1306_i2c.o
 .bss           0x00000000        0x0 obj\debug\external\ssd1306\ssd1306_i2c.o
 .data.PrescalerTable
                0x00000000       0x10 obj\debug\external\ssd1306\ssd1306_i2c.o
 .debug_info    0x00000000      0xcae obj\debug\external\ssd1306\ssd1306_i2c.o
 .debug_abbrev  0x00000000      0x203 obj\debug\external\ssd1306\ssd1306_i2c.o
 .debug_aranges
                0x00000000       0x18 obj\debug\external\ssd1306\ssd1306_i2c.o
 .debug_line    0x00000000      0x1cb obj\debug\external\ssd1306\ssd1306_i2c.o
 .debug_str     0x00000000      0x7e7 obj\debug\external\ssd1306\ssd1306_i2c.o
 .comment       0x00000000       0x4d obj\debug\external\ssd1306\ssd1306_i2c.o
 .ARM.attributes
                0x00000000       0x39 obj\debug\external\ssd1306\ssd1306_i2c.o
 .text          0x00000000        0x0 obj\debug\fil_lib\adc.o
 .data          0x00000000        0x0 obj\debug\fil_lib\adc.o
 .bss           0x00000000        0x0 obj\debug\fil_lib\adc.o
 .data.PrescalerTable
                0x00000000       0x10 obj\debug\fil_lib\adc.o
 .data.ADC_CurrentTabs
                0x00000000        0xa obj\debug\fil_lib\adc.o
 .bss.RCH       0x00000000        0x1 obj\debug\fil_lib\adc.o
 .bss.JCH       0x00000000        0x1 obj\debug\fil_lib\adc.o
 .text.ADC_Init
                0x00000000      0x4e0 obj\debug\fil_lib\adc.o
 .text.SetMulriplexer_State
                0x00000000      0x118 obj\debug\fil_lib\adc.o
 .bss.NumPort   0x00000000        0x4 obj\debug\fil_lib\adc.o
 .text.ADC_Multiplexer_Get
                0x00000000       0x9c obj\debug\fil_lib\adc.o
 .text.AnalogReadRegular
                0x00000000       0x64 obj\debug\fil_lib\adc.o
 .text.AnalogReadInjected
                0x00000000       0x16 obj\debug\fil_lib\adc.o
 .text          0x00000000        0x0 obj\debug\fil_lib\dma.o
 .data          0x00000000        0x0 obj\debug\fil_lib\dma.o
 .bss           0x00000000        0x0 obj\debug\fil_lib\dma.o
 .data.PrescalerTable
                0x00000000       0x10 obj\debug\fil_lib\dma.o
 .debug_info    0x00000000      0xcae obj\debug\fil_lib\dma.o
 .debug_abbrev  0x00000000      0x203 obj\debug\fil_lib\dma.o
 .debug_aranges
                0x00000000       0x18 obj\debug\fil_lib\dma.o
 .debug_line    0x00000000      0x1c9 obj\debug\fil_lib\dma.o
 .debug_str     0x00000000      0x7d6 obj\debug\fil_lib\dma.o
 .comment       0x00000000       0x4d obj\debug\fil_lib\dma.o
 .ARM.attributes
                0x00000000       0x39 obj\debug\fil_lib\dma.o
 .text          0x00000000        0x0 obj\debug\fil_lib\exti.o
 .data          0x00000000        0x0 obj\debug\fil_lib\exti.o
 .bss           0x00000000        0x0 obj\debug\fil_lib\exti.o
 .data.PrescalerTable
                0x00000000       0x10 obj\debug\fil_lib\exti.o
 .debug_info    0x00000000      0xcae obj\debug\fil_lib\exti.o
 .debug_abbrev  0x00000000      0x203 obj\debug\fil_lib\exti.o
 .debug_aranges
                0x00000000       0x18 obj\debug\fil_lib\exti.o
 .debug_line    0x00000000      0x1c9 obj\debug\fil_lib\exti.o
 .debug_str     0x00000000      0x7d7 obj\debug\fil_lib\exti.o
 .comment       0x00000000       0x4d obj\debug\fil_lib\exti.o
 .ARM.attributes
                0x00000000       0x39 obj\debug\fil_lib\exti.o
 .text          0x00000000        0x0 obj\debug\fil_lib\freertos_lib\croutine.o
 .data          0x00000000        0x0 obj\debug\fil_lib\freertos_lib\croutine.o
 .bss           0x00000000        0x0 obj\debug\fil_lib\freertos_lib\croutine.o
 .debug_info    0x00000000       0xc0 obj\debug\fil_lib\freertos_lib\croutine.o
 .debug_abbrev  0x00000000       0x62 obj\debug\fil_lib\freertos_lib\croutine.o
 .debug_aranges
                0x00000000       0x18 obj\debug\fil_lib\freertos_lib\croutine.o
 .debug_line    0x00000000       0xd2 obj\debug\fil_lib\freertos_lib\croutine.o
 .debug_str     0x00000000      0x1e7 obj\debug\fil_lib\freertos_lib\croutine.o
 .comment       0x00000000       0x4d obj\debug\fil_lib\freertos_lib\croutine.o
 .ARM.attributes
                0x00000000       0x39 obj\debug\fil_lib\freertos_lib\croutine.o
 .text          0x00000000        0x0 obj\debug\fil_lib\freertos_lib\event_groups.o
 .data          0x00000000        0x0 obj\debug\fil_lib\freertos_lib\event_groups.o
 .bss           0x00000000        0x0 obj\debug\fil_lib\freertos_lib\event_groups.o
 .debug_info    0x00000000      0x967 obj\debug\fil_lib\freertos_lib\event_groups.o
 .debug_abbrev  0x00000000      0x1b8 obj\debug\fil_lib\freertos_lib\event_groups.o
 .debug_aranges
                0x00000000       0x18 obj\debug\fil_lib\freertos_lib\event_groups.o
 .debug_line    0x00000000      0x16f obj\debug\fil_lib\freertos_lib\event_groups.o
 .debug_str     0x00000000      0x5d1 obj\debug\fil_lib\freertos_lib\event_groups.o
 .comment       0x00000000       0x4d obj\debug\fil_lib\freertos_lib\event_groups.o
 .ARM.attributes
                0x00000000       0x39 obj\debug\fil_lib\freertos_lib\event_groups.o
 .text          0x00000000        0x0 obj\debug\fil_lib\freertos_lib\heap_2.o
 .data          0x00000000        0x0 obj\debug\fil_lib\freertos_lib\heap_2.o
 .bss           0x00000000        0x0 obj\debug\fil_lib\freertos_lib\heap_2.o
 .bss.ucHeap    0x00000000    0x12c00 obj\debug\fil_lib\freertos_lib\heap_2.o
 .rodata.heapSTRUCT_SIZE
                0x00000000        0x2 obj\debug\fil_lib\freertos_lib\heap_2.o
 .bss.xStart    0x00000000        0x8 obj\debug\fil_lib\freertos_lib\heap_2.o
 .bss.xEnd      0x00000000        0x8 obj\debug\fil_lib\freertos_lib\heap_2.o
 .data.xFreeBytesRemaining
                0x00000000        0x4 obj\debug\fil_lib\freertos_lib\heap_2.o
 .text.pvPortMalloc
                0x00000000      0x164 obj\debug\fil_lib\freertos_lib\heap_2.o
 .text.vPortFree
                0x00000000       0x74 obj\debug\fil_lib\freertos_lib\heap_2.o
 .text.xPortGetFreeHeapSize
                0x00000000       0x18 obj\debug\fil_lib\freertos_lib\heap_2.o
 .text.vPortInitialiseBlocks
                0x00000000        0xe obj\debug\fil_lib\freertos_lib\heap_2.o
 .text.prvHeapInit
                0x00000000       0x54 obj\debug\fil_lib\freertos_lib\heap_2.o
 .bss.xHeapHasBeenInitialised.8100
                0x00000000        0x4 obj\debug\fil_lib\freertos_lib\heap_2.o
 .debug_info    0x00000000      0xc24 obj\debug\fil_lib\freertos_lib\heap_2.o
 .debug_abbrev  0x00000000      0x305 obj\debug\fil_lib\freertos_lib\heap_2.o
 .debug_aranges
                0x00000000       0x40 obj\debug\fil_lib\freertos_lib\heap_2.o
 .debug_ranges  0x00000000       0x30 obj\debug\fil_lib\freertos_lib\heap_2.o
 .debug_line    0x00000000      0x344 obj\debug\fil_lib\freertos_lib\heap_2.o
 .debug_str     0x00000000      0x77e obj\debug\fil_lib\freertos_lib\heap_2.o
 .comment       0x00000000       0x4d obj\debug\fil_lib\freertos_lib\heap_2.o
 .debug_frame   0x00000000       0xc0 obj\debug\fil_lib\freertos_lib\heap_2.o
 .ARM.attributes
                0x00000000       0x34 obj\debug\fil_lib\freertos_lib\heap_2.o
 .text          0x00000000        0x0 obj\debug\fil_lib\freertos_lib\list.o
 .data          0x00000000        0x0 obj\debug\fil_lib\freertos_lib\list.o
 .bss           0x00000000        0x0 obj\debug\fil_lib\freertos_lib\list.o
 .text.vListInitialise
                0x00000000       0x40 obj\debug\fil_lib\freertos_lib\list.o
 .text.vListInitialiseItem
                0x00000000       0x1a obj\debug\fil_lib\freertos_lib\list.o
 .text.vListInsertEnd
                0x00000000       0x48 obj\debug\fil_lib\freertos_lib\list.o
 .text.vListInsert
                0x00000000       0x72 obj\debug\fil_lib\freertos_lib\list.o
 .text.uxListRemove
                0x00000000       0x54 obj\debug\fil_lib\freertos_lib\list.o
 .debug_info    0x00000000      0xba8 obj\debug\fil_lib\freertos_lib\list.o
 .debug_abbrev  0x00000000      0x232 obj\debug\fil_lib\freertos_lib\list.o
 .debug_aranges
                0x00000000       0x40 obj\debug\fil_lib\freertos_lib\list.o
 .debug_ranges  0x00000000       0x30 obj\debug\fil_lib\freertos_lib\list.o
 .debug_line    0x00000000      0x2c2 obj\debug\fil_lib\freertos_lib\list.o
 .debug_str     0x00000000      0x708 obj\debug\fil_lib\freertos_lib\list.o
 .comment       0x00000000       0x4d obj\debug\fil_lib\freertos_lib\list.o
 .debug_frame   0x00000000       0xd8 obj\debug\fil_lib\freertos_lib\list.o
 .ARM.attributes
                0x00000000       0x34 obj\debug\fil_lib\freertos_lib\list.o
 .text          0x00000000        0x0 obj\debug\fil_lib\freertos_lib\port.o
 .data          0x00000000        0x0 obj\debug\fil_lib\freertos_lib\port.o
 .bss           0x00000000        0x0 obj\debug\fil_lib\freertos_lib\port.o
 .debug_info    0x00000000       0xc0 obj\debug\fil_lib\freertos_lib\port.o
 .debug_abbrev  0x00000000       0x62 obj\debug\fil_lib\freertos_lib\port.o
 .debug_aranges
                0x00000000       0x18 obj\debug\fil_lib\freertos_lib\port.o
 .debug_line    0x00000000       0xd2 obj\debug\fil_lib\freertos_lib\port.o
 .debug_str     0x00000000      0x1e3 obj\debug\fil_lib\freertos_lib\port.o
 .comment       0x00000000       0x4d obj\debug\fil_lib\freertos_lib\port.o
 .ARM.attributes
                0x00000000       0x39 obj\debug\fil_lib\freertos_lib\port.o
 .text          0x00000000        0x0 obj\debug\fil_lib\freertos_lib\queue.o
 .data          0x00000000        0x0 obj\debug\fil_lib\freertos_lib\queue.o
 .bss           0x00000000        0x0 obj\debug\fil_lib\freertos_lib\queue.o
 .text.xQueueGenericReset
                0x00000000       0xd0 obj\debug\fil_lib\freertos_lib\queue.o
 .text.xQueueGenericCreate
                0x00000000       0xbe obj\debug\fil_lib\freertos_lib\queue.o
 .text.prvInitialiseNewQueue
                0x00000000       0x46 obj\debug\fil_lib\freertos_lib\queue.o
 .text.prvInitialiseMutex
                0x00000000       0x34 obj\debug\fil_lib\freertos_lib\queue.o
 .text.xQueueCreateMutex
                0x00000000       0x30 obj\debug\fil_lib\freertos_lib\queue.o
 .text.xQueueGiveMutexRecursive
                0x00000000       0x68 obj\debug\fil_lib\freertos_lib\queue.o
 .text.xQueueTakeMutexRecursive
                0x00000000       0x6c obj\debug\fil_lib\freertos_lib\queue.o
 .text.xQueueCreateCountingSemaphore
                0x00000000       0x66 obj\debug\fil_lib\freertos_lib\queue.o
 .text.xQueueGenericSend
                0x00000000      0x1fc obj\debug\fil_lib\freertos_lib\queue.o
 .text.xQueueGenericSendFromISR
                0x00000000      0x154 obj\debug\fil_lib\freertos_lib\queue.o
 .text.xQueueGiveFromISR
                0x00000000      0x138 obj\debug\fil_lib\freertos_lib\queue.o
 .text.xQueueReceive
                0x00000000      0x1c0 obj\debug\fil_lib\freertos_lib\queue.o
 .text.xQueueSemaphoreTake
                0x00000000      0x218 obj\debug\fil_lib\freertos_lib\queue.o
 .text.xQueuePeek
                0x00000000      0x1c4 obj\debug\fil_lib\freertos_lib\queue.o
 .text.xQueueReceiveFromISR
                0x00000000      0x11e obj\debug\fil_lib\freertos_lib\queue.o
 .text.xQueuePeekFromISR
                0x00000000       0xd2 obj\debug\fil_lib\freertos_lib\queue.o
 .text.uxQueueMessagesWaiting
                0x00000000       0x3c obj\debug\fil_lib\freertos_lib\queue.o
 .text.uxQueueSpacesAvailable
                0x00000000       0x46 obj\debug\fil_lib\freertos_lib\queue.o
 .text.uxQueueMessagesWaitingFromISR
                0x00000000       0x3c obj\debug\fil_lib\freertos_lib\queue.o
 .text.vQueueDelete
                0x00000000       0x3c obj\debug\fil_lib\freertos_lib\queue.o
 .text.uxQueueGetQueueNumber
                0x00000000       0x18 obj\debug\fil_lib\freertos_lib\queue.o
 .text.vQueueSetQueueNumber
                0x00000000       0x1c obj\debug\fil_lib\freertos_lib\queue.o
 .text.ucQueueGetQueueType
                0x00000000       0x1a obj\debug\fil_lib\freertos_lib\queue.o
 .text.prvGetDisinheritPriorityAfterTimeout
                0x00000000       0x30 obj\debug\fil_lib\freertos_lib\queue.o
 .text.prvCopyDataToQueue
                0x00000000       0xd4 obj\debug\fil_lib\freertos_lib\queue.o
 .text.prvCopyDataFromQueue
                0x00000000       0x4c obj\debug\fil_lib\freertos_lib\queue.o
 .text.prvUnlockQueue
                0x00000000       0xa4 obj\debug\fil_lib\freertos_lib\queue.o
 .text.prvIsQueueEmpty
                0x00000000       0x2c obj\debug\fil_lib\freertos_lib\queue.o
 .text.xQueueIsQueueEmptyFromISR
                0x00000000       0x48 obj\debug\fil_lib\freertos_lib\queue.o
 .text.prvIsQueueFull
                0x00000000       0x30 obj\debug\fil_lib\freertos_lib\queue.o
 .text.xQueueIsQueueFullFromISR
                0x00000000       0x4c obj\debug\fil_lib\freertos_lib\queue.o
 .text.vQueueAddToRegistry
                0x00000000       0x54 obj\debug\fil_lib\freertos_lib\queue.o
 .text.pcQueueGetName
                0x00000000       0x4c obj\debug\fil_lib\freertos_lib\queue.o
 .text.vQueueUnregisterQueue
                0x00000000       0x54 obj\debug\fil_lib\freertos_lib\queue.o
 .text.vQueueWaitForMessageRestricted
                0x00000000       0x68 obj\debug\fil_lib\freertos_lib\queue.o
 .debug_info    0x00000000     0x2005 obj\debug\fil_lib\freertos_lib\queue.o
 .debug_abbrev  0x00000000      0x36e obj\debug\fil_lib\freertos_lib\queue.o
 .debug_aranges
                0x00000000      0x130 obj\debug\fil_lib\freertos_lib\queue.o
 .debug_ranges  0x00000000      0x120 obj\debug\fil_lib\freertos_lib\queue.o
 .debug_line    0x00000000     0x1139 obj\debug\fil_lib\freertos_lib\queue.o
 .debug_str     0x00000000      0xdb9 obj\debug\fil_lib\freertos_lib\queue.o
 .comment       0x00000000       0x4d obj\debug\fil_lib\freertos_lib\queue.o
 .debug_frame   0x00000000      0x534 obj\debug\fil_lib\freertos_lib\queue.o
 .ARM.attributes
                0x00000000       0x34 obj\debug\fil_lib\freertos_lib\queue.o
 COMMON         0x00000000       0x40 obj\debug\fil_lib\freertos_lib\queue.o
 .text          0x00000000        0x0 obj\debug\fil_lib\freertos_lib\stream_buffer.o
 .data          0x00000000        0x0 obj\debug\fil_lib\freertos_lib\stream_buffer.o
 .bss           0x00000000        0x0 obj\debug\fil_lib\freertos_lib\stream_buffer.o
 .text.xStreamBufferGenericCreate
                0x00000000       0xc4 obj\debug\fil_lib\freertos_lib\stream_buffer.o
 .text.vStreamBufferDelete
                0x00000000       0x4e obj\debug\fil_lib\freertos_lib\stream_buffer.o
 .text.xStreamBufferReset
                0x00000000       0x78 obj\debug\fil_lib\freertos_lib\stream_buffer.o
 .text.xStreamBufferSetTriggerLevel
                0x00000000       0x5c obj\debug\fil_lib\freertos_lib\stream_buffer.o
 .text.xStreamBufferSpacesAvailable
                0x00000000       0x66 obj\debug\fil_lib\freertos_lib\stream_buffer.o
 .text.xStreamBufferBytesAvailable
                0x00000000       0x3a obj\debug\fil_lib\freertos_lib\stream_buffer.o
 .text.xStreamBufferSend
                0x00000000      0x196 obj\debug\fil_lib\freertos_lib\stream_buffer.o
 .text.xStreamBufferSendFromISR
                0x00000000       0xe6 obj\debug\fil_lib\freertos_lib\stream_buffer.o
 .text.prvWriteMessageToBuffer
                0x00000000       0x7a obj\debug\fil_lib\freertos_lib\stream_buffer.o
 .text.xStreamBufferReceive
                0x00000000      0x134 obj\debug\fil_lib\freertos_lib\stream_buffer.o
 .text.xStreamBufferNextMessageLengthBytes
                0x00000000       0x92 obj\debug\fil_lib\freertos_lib\stream_buffer.o
 .text.xStreamBufferReceiveFromISR
                0x00000000       0xe2 obj\debug\fil_lib\freertos_lib\stream_buffer.o
 .text.prvReadMessageFromBuffer
                0x00000000       0x64 obj\debug\fil_lib\freertos_lib\stream_buffer.o
 .text.xStreamBufferIsEmpty
                0x00000000       0x50 obj\debug\fil_lib\freertos_lib\stream_buffer.o
 .text.xStreamBufferIsFull
                0x00000000       0x60 obj\debug\fil_lib\freertos_lib\stream_buffer.o
 .text.xStreamBufferSendCompletedFromISR
                0x00000000       0x8a obj\debug\fil_lib\freertos_lib\stream_buffer.o
 .text.xStreamBufferReceiveCompletedFromISR
                0x00000000       0x8a obj\debug\fil_lib\freertos_lib\stream_buffer.o
 .text.prvWriteBytesToBuffer
                0x00000000       0xe4 obj\debug\fil_lib\freertos_lib\stream_buffer.o
 .text.prvReadBytesFromBuffer
                0x00000000       0xf4 obj\debug\fil_lib\freertos_lib\stream_buffer.o
 .text.prvBytesInBuffer
                0x00000000       0x40 obj\debug\fil_lib\freertos_lib\stream_buffer.o
 .text.prvInitialiseNewStreamBuffer
                0x00000000       0x66 obj\debug\fil_lib\freertos_lib\stream_buffer.o
 .text.uxStreamBufferGetStreamBufferNumber
                0x00000000       0x18 obj\debug\fil_lib\freertos_lib\stream_buffer.o
 .text.vStreamBufferSetStreamBufferNumber
                0x00000000       0x1c obj\debug\fil_lib\freertos_lib\stream_buffer.o
 .text.ucStreamBufferGetStreamBufferType
                0x00000000       0x1e obj\debug\fil_lib\freertos_lib\stream_buffer.o
 .debug_info    0x00000000     0x1a38 obj\debug\fil_lib\freertos_lib\stream_buffer.o
 .debug_abbrev  0x00000000      0x3ca obj\debug\fil_lib\freertos_lib\stream_buffer.o
 .debug_aranges
                0x00000000       0xd8 obj\debug\fil_lib\freertos_lib\stream_buffer.o
 .debug_ranges  0x00000000       0xc8 obj\debug\fil_lib\freertos_lib\stream_buffer.o
 .debug_line    0x00000000      0xa83 obj\debug\fil_lib\freertos_lib\stream_buffer.o
 .debug_str     0x00000000      0xc12 obj\debug\fil_lib\freertos_lib\stream_buffer.o
 .comment       0x00000000       0x4d obj\debug\fil_lib\freertos_lib\stream_buffer.o
 .debug_frame   0x00000000      0x3a8 obj\debug\fil_lib\freertos_lib\stream_buffer.o
 .ARM.attributes
                0x00000000       0x34 obj\debug\fil_lib\freertos_lib\stream_buffer.o
 .text          0x00000000        0x0 obj\debug\fil_lib\freertos_lib\tasks.o
 .data          0x00000000        0x0 obj\debug\fil_lib\freertos_lib\tasks.o
 .bss           0x00000000        0x0 obj\debug\fil_lib\freertos_lib\tasks.o
 .debug_info    0x00000000      0x967 obj\debug\fil_lib\freertos_lib\tasks.o
 .debug_abbrev  0x00000000      0x1b8 obj\debug\fil_lib\freertos_lib\tasks.o
 .debug_aranges
                0x00000000       0x18 obj\debug\fil_lib\freertos_lib\tasks.o
 .debug_line    0x00000000      0x16f obj\debug\fil_lib\freertos_lib\tasks.o
 .debug_str     0x00000000      0x5ca obj\debug\fil_lib\freertos_lib\tasks.o
 .comment       0x00000000       0x4d obj\debug\fil_lib\freertos_lib\tasks.o
 .ARM.attributes
                0x00000000       0x39 obj\debug\fil_lib\freertos_lib\tasks.o
 .text          0x00000000        0x0 obj\debug\fil_lib\freertos_lib\timers.o
 .data          0x00000000        0x0 obj\debug\fil_lib\freertos_lib\timers.o
 .bss           0x00000000        0x0 obj\debug\fil_lib\freertos_lib\timers.o
 .debug_info    0x00000000      0x967 obj\debug\fil_lib\freertos_lib\timers.o
 .debug_abbrev  0x00000000      0x1b8 obj\debug\fil_lib\freertos_lib\timers.o
 .debug_aranges
                0x00000000       0x18 obj\debug\fil_lib\freertos_lib\timers.o
 .debug_line    0x00000000      0x16f obj\debug\fil_lib\freertos_lib\timers.o
 .debug_str     0x00000000      0x5cb obj\debug\fil_lib\freertos_lib\timers.o
 .comment       0x00000000       0x4d obj\debug\fil_lib\freertos_lib\timers.o
 .ARM.attributes
                0x00000000       0x39 obj\debug\fil_lib\freertos_lib\timers.o
 .text          0x00000000        0x0 obj\debug\fil_lib\i2c.o
 .data          0x00000000        0x0 obj\debug\fil_lib\i2c.o
 .bss           0x00000000        0x0 obj\debug\fil_lib\i2c.o
 .data.PrescalerTable
                0x00000000       0x10 obj\debug\fil_lib\i2c.o
 .text.I2C_SingleSend
                0x00000000       0x7c obj\debug\fil_lib\i2c.o
 .text.I2C_MultipleSend
                0x00000000       0x90 obj\debug\fil_lib\i2c.o
 .text.I2C_SingleRead
                0x00000000       0x44 obj\debug\fil_lib\i2c.o
 .text.I2C_MultipleRead
                0x00000000       0x7c obj\debug\fil_lib\i2c.o
 .text.I2CFindDevices
                0x00000000      0x160 obj\debug\fil_lib\i2c.o
 .text          0x00000000        0x0 obj\debug\fil_lib\matrix.o
 .data          0x00000000        0x0 obj\debug\fil_lib\matrix.o
 .bss           0x00000000        0x0 obj\debug\fil_lib\matrix.o
 .debug_line    0x00000000        0x0 obj\debug\fil_lib\matrix.o
 .debug_str     0x00000000      0x100 obj\debug\fil_lib\matrix.o
 .comment       0x00000000       0x4d obj\debug\fil_lib\matrix.o
 .ARM.attributes
                0x00000000       0x39 obj\debug\fil_lib\matrix.o
 .text          0x00000000        0x0 obj\debug\fil_lib\rcc.o
 .data          0x00000000        0x0 obj\debug\fil_lib\rcc.o
 .bss           0x00000000        0x0 obj\debug\fil_lib\rcc.o
 .text          0x00000000        0x0 obj\debug\fil_lib\regulators.o
 .data          0x00000000        0x0 obj\debug\fil_lib\regulators.o
 .bss           0x00000000        0x0 obj\debug\fil_lib\regulators.o
 .data.PrescalerTable
                0x00000000       0x10 obj\debug\fil_lib\regulators.o
 .bss.EnginePWM
                0x00000000        0x4 obj\debug\fil_lib\regulators.o
 .text.Regulator_PID_init
                0x00000000       0x90 obj\debug\fil_lib\regulators.o
 .text.PID_Calc
                0x00000000      0x1f6 obj\debug\fil_lib\regulators.o
 .text.PID_Parse_EncoderData
                0x00000000       0x64 obj\debug\fil_lib\regulators.o
 .text.RegulatorPIDLowLevel
                0x00000000       0x8c obj\debug\fil_lib\regulators.o
 .debug_info    0x00000000     0x106d obj\debug\fil_lib\regulators.o
 .debug_abbrev  0x00000000      0x277 obj\debug\fil_lib\regulators.o
 .debug_aranges
                0x00000000       0x38 obj\debug\fil_lib\regulators.o
 .debug_ranges  0x00000000       0x28 obj\debug\fil_lib\regulators.o
 .debug_line    0x00000000      0x3b1 obj\debug\fil_lib\regulators.o
 .debug_str     0x00000000      0x9d6 obj\debug\fil_lib\regulators.o
 .comment       0x00000000       0x4d obj\debug\fil_lib\regulators.o
 .debug_frame   0x00000000       0x9c obj\debug\fil_lib\regulators.o
 .ARM.attributes
                0x00000000       0x34 obj\debug\fil_lib\regulators.o
 COMMON         0x00000000       0x48 obj\debug\fil_lib\regulators.o
 .text          0x00000000        0x0 obj\debug\fil_lib\rtc.o
 .data          0x00000000        0x0 obj\debug\fil_lib\rtc.o
 .bss           0x00000000        0x0 obj\debug\fil_lib\rtc.o
 .data.PrescalerTable
                0x00000000       0x10 obj\debug\fil_lib\rtc.o
 .debug_info    0x00000000      0xcae obj\debug\fil_lib\rtc.o
 .debug_abbrev  0x00000000      0x203 obj\debug\fil_lib\rtc.o
 .debug_aranges
                0x00000000       0x18 obj\debug\fil_lib\rtc.o
 .debug_line    0x00000000      0x1c9 obj\debug\fil_lib\rtc.o
 .debug_str     0x00000000      0x7d6 obj\debug\fil_lib\rtc.o
 .comment       0x00000000       0x4d obj\debug\fil_lib\rtc.o
 .ARM.attributes
                0x00000000       0x39 obj\debug\fil_lib\rtc.o
 .text          0x00000000        0x0 obj\debug\fil_lib\tim.o
 .data          0x00000000        0x0 obj\debug\fil_lib\tim.o
 .bss           0x00000000        0x0 obj\debug\fil_lib\tim.o
 .data.PrescalerTable
                0x00000000       0x10 obj\debug\fil_lib\tim.o
 .text.TIM1_IRQHandler
                0x00000000       0x18 obj\debug\fil_lib\tim.o
 .text.delay_sec
                0x00000000       0x54 obj\debug\fil_lib\tim.o
 .text.CalcTimStatus
                0x00000000      0x118 obj\debug\fil_lib\tim.o
 .text.CalcTimPulseLength
                0x00000000      0x164 obj\debug\fil_lib\tim.o
 .text.SetPWM   0x00000000       0x9c obj\debug\fil_lib\tim.o
 .bss.startInterval
                0x00000000        0x4 obj\debug\fil_lib\tim.o
 .bss.endInterval
                0x00000000        0x4 obj\debug\fil_lib\tim.o
 .text.StartMeas
                0x00000000       0x30 obj\debug\fil_lib\tim.o
 .text.EndMeas  0x00000000       0x38 obj\debug\fil_lib\tim.o
 .text          0x00000000        0x0 obj\debug\fil_lib\usart.o
 .data          0x00000000        0x0 obj\debug\fil_lib\usart.o
 .bss           0x00000000        0x0 obj\debug\fil_lib\usart.o
 .data.PrescalerTable
                0x00000000       0x10 obj\debug\fil_lib\usart.o
 .text          0x00000000        0x0 obj\debug\src\main.o
 .data          0x00000000        0x0 obj\debug\src\main.o
 .bss           0x00000000        0x0 obj\debug\src\main.o
 .data.PrescalerTable
                0x00000000       0x10 obj\debug\src\main.o
 .text          0x00000000        0x0 obj\debug\dev\dev.o
 .data          0x00000000        0x0 obj\debug\dev\dev.o
 .bss           0x00000000        0x0 obj\debug\dev\dev.o
 .data.PrescalerTable
                0x00000000       0x10 obj\debug\dev\dev.o
 .text.SetVoltage
                0x00000000       0x54 obj\debug\dev\dev.o
 .text.ServoInit
                0x00000000       0x78 obj\debug\dev\dev.o
 .text.ServoSetRange
                0x00000000       0x32 obj\debug\dev\dev.o
 .text.SetServoAngle
                0x00000000       0xec obj\debug\dev\dev.o
 .debug_info    0x00000000     0x1077 obj\debug\dev\dev.o
 .debug_abbrev  0x00000000      0x274 obj\debug\dev\dev.o
 .debug_aranges
                0x00000000       0x38 obj\debug\dev\dev.o
 .debug_ranges  0x00000000       0x28 obj\debug\dev\dev.o
 .debug_line    0x00000000      0x307 obj\debug\dev\dev.o
 .debug_str     0x00000000      0x963 obj\debug\dev\dev.o
 .comment       0x00000000       0x4d obj\debug\dev\dev.o
 .debug_frame   0x00000000       0xac obj\debug\dev\dev.o
 .ARM.attributes
                0x00000000       0x34 obj\debug\dev\dev.o
 .text          0x00000000        0x0 obj\debug\src\system_stm32f4xx.o
 .data          0x00000000        0x0 obj\debug\src\system_stm32f4xx.o
 .bss           0x00000000        0x0 obj\debug\src\system_stm32f4xx.o
 .data.SystemCoreClock
                0x00000000        0x4 obj\debug\src\system_stm32f4xx.o
 .data.AHBPrescTable
                0x00000000       0x10 obj\debug\src\system_stm32f4xx.o
 .text.SystemCoreClockUpdate
                0x00000000      0x104 obj\debug\src\system_stm32f4xx.o
 .text          0x00000000      0x254 d:/2.30/share/armgcc/bin/../lib/gcc/arm-none-eabi/9.3.1/thumb/v7e-m+fp/hard\libgcc.a(_arm_muldf3.o)
 .data          0x00000000        0x0 d:/2.30/share/armgcc/bin/../lib/gcc/arm-none-eabi/9.3.1/thumb/v7e-m+fp/hard\libgcc.a(_arm_muldf3.o)
 .bss           0x00000000        0x0 d:/2.30/share/armgcc/bin/../lib/gcc/arm-none-eabi/9.3.1/thumb/v7e-m+fp/hard\libgcc.a(_arm_muldf3.o)
 .debug_frame   0x00000000       0x30 d:/2.30/share/armgcc/bin/../lib/gcc/arm-none-eabi/9.3.1/thumb/v7e-m+fp/hard\libgcc.a(_arm_muldf3.o)
 .ARM.attributes
                0x00000000       0x1e d:/2.30/share/armgcc/bin/../lib/gcc/arm-none-eabi/9.3.1/thumb/v7e-m+fp/hard\libgcc.a(_arm_muldf3.o)
 .text          0x00000000      0x378 d:/2.30/share/armgcc/bin/../lib/gcc/arm-none-eabi/9.3.1/thumb/v7e-m+fp/hard\libgcc.a(_arm_addsubdf3.o)
 .data          0x00000000        0x0 d:/2.30/share/armgcc/bin/../lib/gcc/arm-none-eabi/9.3.1/thumb/v7e-m+fp/hard\libgcc.a(_arm_addsubdf3.o)
 .bss           0x00000000        0x0 d:/2.30/share/armgcc/bin/../lib/gcc/arm-none-eabi/9.3.1/thumb/v7e-m+fp/hard\libgcc.a(_arm_addsubdf3.o)
 .debug_frame   0x00000000       0xac d:/2.30/share/armgcc/bin/../lib/gcc/arm-none-eabi/9.3.1/thumb/v7e-m+fp/hard\libgcc.a(_arm_addsubdf3.o)
 .ARM.attributes
                0x00000000       0x1e d:/2.30/share/armgcc/bin/../lib/gcc/arm-none-eabi/9.3.1/thumb/v7e-m+fp/hard\libgcc.a(_arm_addsubdf3.o)
 .text          0x00000000      0x424 d:/2.30/share/armgcc/bin/../lib/gcc/arm-none-eabi/9.3.1/thumb/v7e-m+fp/hard\libgcc.a(_arm_muldivdf3.o)
 .data          0x00000000        0x0 d:/2.30/share/armgcc/bin/../lib/gcc/arm-none-eabi/9.3.1/thumb/v7e-m+fp/hard\libgcc.a(_arm_muldivdf3.o)
 .bss           0x00000000        0x0 d:/2.30/share/armgcc/bin/../lib/gcc/arm-none-eabi/9.3.1/thumb/v7e-m+fp/hard\libgcc.a(_arm_muldivdf3.o)
 .debug_frame   0x00000000       0x50 d:/2.30/share/armgcc/bin/../lib/gcc/arm-none-eabi/9.3.1/thumb/v7e-m+fp/hard\libgcc.a(_arm_muldivdf3.o)
 .ARM.attributes
                0x00000000       0x1e d:/2.30/share/armgcc/bin/../lib/gcc/arm-none-eabi/9.3.1/thumb/v7e-m+fp/hard\libgcc.a(_arm_muldivdf3.o)
 .text          0x00000000       0xa0 d:/2.30/share/armgcc/bin/../lib/gcc/arm-none-eabi/9.3.1/thumb/v7e-m+fp/hard\libgcc.a(_arm_truncdfsf2.o)
 .data          0x00000000        0x0 d:/2.30/share/armgcc/bin/../lib/gcc/arm-none-eabi/9.3.1/thumb/v7e-m+fp/hard\libgcc.a(_arm_truncdfsf2.o)
 .bss           0x00000000        0x0 d:/2.30/share/armgcc/bin/../lib/gcc/arm-none-eabi/9.3.1/thumb/v7e-m+fp/hard\libgcc.a(_arm_truncdfsf2.o)
 .debug_frame   0x00000000       0x24 d:/2.30/share/armgcc/bin/../lib/gcc/arm-none-eabi/9.3.1/thumb/v7e-m+fp/hard\libgcc.a(_arm_truncdfsf2.o)
 .ARM.attributes
                0x00000000       0x1e d:/2.30/share/armgcc/bin/../lib/gcc/arm-none-eabi/9.3.1/thumb/v7e-m+fp/hard\libgcc.a(_arm_truncdfsf2.o)
 .text          0x00000000        0x0 d:/2.30/share/armgcc/bin/../lib/gcc/arm-none-eabi/9.3.1/../../../../arm-none-eabi/lib/thumb/v7e-m+fp/hard\libg_nano.a(lib_a-exit.o)
 .data          0x00000000        0x0 d:/2.30/share/armgcc/bin/../lib/gcc/arm-none-eabi/9.3.1/../../../../arm-none-eabi/lib/thumb/v7e-m+fp/hard\libg_nano.a(lib_a-exit.o)
 .bss           0x00000000        0x0 d:/2.30/share/armgcc/bin/../lib/gcc/arm-none-eabi/9.3.1/../../../../arm-none-eabi/lib/thumb/v7e-m+fp/hard\libg_nano.a(lib_a-exit.o)
 .text.exit     0x00000000       0x28 d:/2.30/share/armgcc/bin/../lib/gcc/arm-none-eabi/9.3.1/../../../../arm-none-eabi/lib/thumb/v7e-m+fp/hard\libg_nano.a(lib_a-exit.o)
 .debug_frame   0x00000000       0x28 d:/2.30/share/armgcc/bin/../lib/gcc/arm-none-eabi/9.3.1/../../../../arm-none-eabi/lib/thumb/v7e-m+fp/hard\libg_nano.a(lib_a-exit.o)
 .ARM.attributes
                0x00000000       0x34 d:/2.30/share/armgcc/bin/../lib/gcc/arm-none-eabi/9.3.1/../../../../arm-none-eabi/lib/thumb/v7e-m+fp/hard\libg_nano.a(lib_a-exit.o)
 .text          0x00000000        0x0 d:/2.30/share/armgcc/bin/../lib/gcc/arm-none-eabi/9.3.1/../../../../arm-none-eabi/lib/thumb/v7e-m+fp/hard\libg_nano.a(lib_a-impure.o)
 .data          0x00000000        0x0 d:/2.30/share/armgcc/bin/../lib/gcc/arm-none-eabi/9.3.1/../../../../arm-none-eabi/lib/thumb/v7e-m+fp/hard\libg_nano.a(lib_a-impure.o)
 .bss           0x00000000        0x0 d:/2.30/share/armgcc/bin/../lib/gcc/arm-none-eabi/9.3.1/../../../../arm-none-eabi/lib/thumb/v7e-m+fp/hard\libg_nano.a(lib_a-impure.o)
 .data._impure_ptr
                0x00000000        0x4 d:/2.30/share/armgcc/bin/../lib/gcc/arm-none-eabi/9.3.1/../../../../arm-none-eabi/lib/thumb/v7e-m+fp/hard\libg_nano.a(lib_a-impure.o)
 .data.impure_data
                0x00000000       0x60 d:/2.30/share/armgcc/bin/../lib/gcc/arm-none-eabi/9.3.1/../../../../arm-none-eabi/lib/thumb/v7e-m+fp/hard\libg_nano.a(lib_a-impure.o)
 .rodata._global_impure_ptr
                0x00000000        0x4 d:/2.30/share/armgcc/bin/../lib/gcc/arm-none-eabi/9.3.1/../../../../arm-none-eabi/lib/thumb/v7e-m+fp/hard\libg_nano.a(lib_a-impure.o)
 .ARM.attributes
                0x00000000       0x32 d:/2.30/share/armgcc/bin/../lib/gcc/arm-none-eabi/9.3.1/../../../../arm-none-eabi/lib/thumb/v7e-m+fp/hard\libg_nano.a(lib_a-impure.o)
 .text          0x00000000        0x0 d:/2.30/share/armgcc/bin/../lib/gcc/arm-none-eabi/9.3.1/../../../../arm-none-eabi/lib/thumb/v7e-m+fp/hard\libg_nano.a(lib_a-init.o)
 .data          0x00000000        0x0 d:/2.30/share/armgcc/bin/../lib/gcc/arm-none-eabi/9.3.1/../../../../arm-none-eabi/lib/thumb/v7e-m+fp/hard\libg_nano.a(lib_a-init.o)
 .bss           0x00000000        0x0 d:/2.30/share/armgcc/bin/../lib/gcc/arm-none-eabi/9.3.1/../../../../arm-none-eabi/lib/thumb/v7e-m+fp/hard\libg_nano.a(lib_a-init.o)
 .text.__libc_init_array
                0x00000000       0x48 d:/2.30/share/armgcc/bin/../lib/gcc/arm-none-eabi/9.3.1/../../../../arm-none-eabi/lib/thumb/v7e-m+fp/hard\libg_nano.a(lib_a-init.o)
 .debug_frame   0x00000000       0x2c d:/2.30/share/armgcc/bin/../lib/gcc/arm-none-eabi/9.3.1/../../../../arm-none-eabi/lib/thumb/v7e-m+fp/hard\libg_nano.a(lib_a-init.o)
 .ARM.attributes
                0x00000000       0x34 d:/2.30/share/armgcc/bin/../lib/gcc/arm-none-eabi/9.3.1/../../../../arm-none-eabi/lib/thumb/v7e-m+fp/hard\libg_nano.a(lib_a-init.o)
 .text          0x00000000        0x0 d:/2.30/share/armgcc/bin/../lib/gcc/arm-none-eabi/9.3.1/../../../../arm-none-eabi/lib/thumb/v7e-m+fp/hard\libg_nano.a(lib_a-memcpy-stub.o)
 .data          0x00000000        0x0 d:/2.30/share/armgcc/bin/../lib/gcc/arm-none-eabi/9.3.1/../../../../arm-none-eabi/lib/thumb/v7e-m+fp/hard\libg_nano.a(lib_a-memcpy-stub.o)
 .bss           0x00000000        0x0 d:/2.30/share/armgcc/bin/../lib/gcc/arm-none-eabi/9.3.1/../../../../arm-none-eabi/lib/thumb/v7e-m+fp/hard\libg_nano.a(lib_a-memcpy-stub.o)
 .text.memcpy   0x00000000       0x1c d:/2.30/share/armgcc/bin/../lib/gcc/arm-none-eabi/9.3.1/../../../../arm-none-eabi/lib/thumb/v7e-m+fp/hard\libg_nano.a(lib_a-memcpy-stub.o)
 .debug_frame   0x00000000       0x28 d:/2.30/share/armgcc/bin/../lib/gcc/arm-none-eabi/9.3.1/../../../../arm-none-eabi/lib/thumb/v7e-m+fp/hard\libg_nano.a(lib_a-memcpy-stub.o)
 .ARM.attributes
                0x00000000       0x34 d:/2.30/share/armgcc/bin/../lib/gcc/arm-none-eabi/9.3.1/../../../../arm-none-eabi/lib/thumb/v7e-m+fp/hard\libg_nano.a(lib_a-memcpy-stub.o)
 .text          0x00000000        0x0 d:/2.30/share/armgcc/bin/../lib/gcc/arm-none-eabi/9.3.1/../../../../arm-none-eabi/lib/thumb/v7e-m+fp/hard\libg_nano.a(lib_a-memset.o)
 .data          0x00000000        0x0 d:/2.30/share/armgcc/bin/../lib/gcc/arm-none-eabi/9.3.1/../../../../arm-none-eabi/lib/thumb/v7e-m+fp/hard\libg_nano.a(lib_a-memset.o)
 .bss           0x00000000        0x0 d:/2.30/share/armgcc/bin/../lib/gcc/arm-none-eabi/9.3.1/../../../../arm-none-eabi/lib/thumb/v7e-m+fp/hard\libg_nano.a(lib_a-memset.o)
 .text.memset   0x00000000       0x10 d:/2.30/share/armgcc/bin/../lib/gcc/arm-none-eabi/9.3.1/../../../../arm-none-eabi/lib/thumb/v7e-m+fp/hard\libg_nano.a(lib_a-memset.o)
 .debug_frame   0x00000000       0x20 d:/2.30/share/armgcc/bin/../lib/gcc/arm-none-eabi/9.3.1/../../../../arm-none-eabi/lib/thumb/v7e-m+fp/hard\libg_nano.a(lib_a-memset.o)
 .ARM.attributes
                0x00000000       0x34 d:/2.30/share/armgcc/bin/../lib/gcc/arm-none-eabi/9.3.1/../../../../arm-none-eabi/lib/thumb/v7e-m+fp/hard\libg_nano.a(lib_a-memset.o)
 .text          0x00000000        0x0 d:/2.30/share/armgcc/bin/../lib/gcc/arm-none-eabi/9.3.1/../../../../arm-none-eabi/lib/thumb/v7e-m+fp/hard\libnosys.a(_exit.o)
 .data          0x00000000        0x0 d:/2.30/share/armgcc/bin/../lib/gcc/arm-none-eabi/9.3.1/../../../../arm-none-eabi/lib/thumb/v7e-m+fp/hard\libnosys.a(_exit.o)
 .bss           0x00000000        0x0 d:/2.30/share/armgcc/bin/../lib/gcc/arm-none-eabi/9.3.1/../../../../arm-none-eabi/lib/thumb/v7e-m+fp/hard\libnosys.a(_exit.o)
 .text._exit    0x00000000        0x4 d:/2.30/share/armgcc/bin/../lib/gcc/arm-none-eabi/9.3.1/../../../../arm-none-eabi/lib/thumb/v7e-m+fp/hard\libnosys.a(_exit.o)
 .debug_frame   0x00000000       0x20 d:/2.30/share/armgcc/bin/../lib/gcc/arm-none-eabi/9.3.1/../../../../arm-none-eabi/lib/thumb/v7e-m+fp/hard\libnosys.a(_exit.o)
 .ARM.attributes
                0x00000000       0x34 d:/2.30/share/armgcc/bin/../lib/gcc/arm-none-eabi/9.3.1/../../../../arm-none-eabi/lib/thumb/v7e-m+fp/hard\libnosys.a(_exit.o)
 .text          0x00000000        0x0 d:/2.30/share/armgcc/bin/../lib/gcc/arm-none-eabi/9.3.1/thumb/v7e-m+fp/hard/crtend.o
 .data          0x00000000        0x0 d:/2.30/share/armgcc/bin/../lib/gcc/arm-none-eabi/9.3.1/thumb/v7e-m+fp/hard/crtend.o
 .bss           0x00000000        0x0 d:/2.30/share/armgcc/bin/../lib/gcc/arm-none-eabi/9.3.1/thumb/v7e-m+fp/hard/crtend.o
 .eh_frame      0x00000000        0x4 d:/2.30/share/armgcc/bin/../lib/gcc/arm-none-eabi/9.3.1/thumb/v7e-m+fp/hard/crtend.o
 .ARM.attributes
                0x00000000       0x32 d:/2.30/share/armgcc/bin/../lib/gcc/arm-none-eabi/9.3.1/thumb/v7e-m+fp/hard/crtend.o
 .text          0x00000000        0x0 d:/2.30/share/armgcc/bin/../lib/gcc/arm-none-eabi/9.3.1/thumb/v7e-m+fp/hard/crtn.o
 .data          0x00000000        0x0 d:/2.30/share/armgcc/bin/../lib/gcc/arm-none-eabi/9.3.1/thumb/v7e-m+fp/hard/crtn.o
 .bss           0x00000000        0x0 d:/2.30/share/armgcc/bin/../lib/gcc/arm-none-eabi/9.3.1/thumb/v7e-m+fp/hard/crtn.o

Memory Configuration

Name             Origin             Length             Attributes
FLASH            0x08000000         0x00040000         xr
RAM              0x20000000         0x00010000         xrw
*default*        0x00000000         0xffffffff

Linker script and memory map

LOAD d:/2.30/share/armgcc/bin/../lib/gcc/arm-none-eabi/9.3.1/thumb/v7e-m+fp/hard/crti.o
LOAD d:/2.30/share/armgcc/bin/../lib/gcc/arm-none-eabi/9.3.1/thumb/v7e-m+fp/hard/crtbegin.o
LOAD d:/2.30/share/armgcc/bin/../lib/gcc/arm-none-eabi/9.3.1/../../../../arm-none-eabi/lib/thumb/v7e-m+fp/hard/crt0.o
                0x00000000                __HEAP_SIZE = 0x0
                0x00000100                __STACK_SIZE = 0x100
                0x00000000                _Min_Heap_Size = __HEAP_SIZE
                0x00000100                _Min_Stack_Size = __STACK_SIZE
                0x20010000                _estack = (ORIGIN (RAM) + LENGTH (RAM))

.isr_vector     0x08000000      0x194
                0x08000000                . = ALIGN (0x4)
 *(.isr_vector)
 .isr_vector    0x08000000      0x194 obj\debug\src\startup_stm32f401xc.o
                0x08000000                g_pfnVectors
                0x08000194                . = ALIGN (0x4)

.text           0x08000194     0x1d88
                0x08000194                . = ALIGN (0x4)
 *(.text)
 .text          0x08000194       0x40 d:/2.30/share/armgcc/bin/../lib/gcc/arm-none-eabi/9.3.1/thumb/v7e-m+fp/hard/crtbegin.o
 *(.text*)
 .text.Reset_Handler
                0x080001d4       0x4c obj\debug\src\startup_stm32f401xc.o
                0x080001d4                Reset_Handler
 .text.Default_Handler
                0x08000220        0x2 obj\debug\src\startup_stm32f401xc.o
                0x08000220                RTC_Alarm_IRQHandler
                0x08000220                EXTI2_IRQHandler
                0x08000220                DebugMon_Handler
                0x08000220                SPI4_IRQHandler
                0x08000220                TIM1_CC_IRQHandler
                0x08000220                DMA2_Stream5_IRQHandler
                0x08000220                HardFault_Handler
                0x08000220                DMA1_Stream5_IRQHandler
                0x08000220                PVD_IRQHandler
                0x08000220                SDIO_IRQHandler
                0x08000220                TAMP_STAMP_IRQHandler
                0x08000220                PendSV_Handler
                0x08000220                NMI_Handler
                0x08000220                EXTI3_IRQHandler
                0x08000220                TIM1_UP_TIM10_IRQHandler
                0x08000220                EXTI0_IRQHandler
                0x08000220                DMA1_Stream2_IRQHandler
                0x08000220                FPU_IRQHandler
                0x08000220                UsageFault_Handler
                0x08000220                DMA2_Stream2_IRQHandler
                0x08000220                SPI1_IRQHandler
                0x08000220                TIM1_BRK_TIM9_IRQHandler
                0x08000220                DMA2_Stream3_IRQHandler
                0x08000220                USART6_IRQHandler
                0x08000220                DMA2_Stream0_IRQHandler
                0x08000220                DMA1_Stream6_IRQHandler
                0x08000220                DMA1_Stream1_IRQHandler
                0x08000220                RCC_IRQHandler
                0x08000220                Default_Handler
                0x08000220                EXTI15_10_IRQHandler
                0x08000220                DMA1_Stream7_IRQHandler
                0x08000220                DMA2_Stream7_IRQHandler
                0x08000220                EXTI9_5_IRQHandler
                0x08000220                RTC_WKUP_IRQHandler
                0x08000220                SPI2_IRQHandler
                0x08000220                MemManage_Handler
                0x08000220                DMA1_Stream0_IRQHandler
                0x08000220                SVC_Handler
                0x08000220                EXTI4_IRQHandler
                0x08000220                WWDG_IRQHandler
                0x08000220                OTG_FS_WKUP_IRQHandler
                0x08000220                TIM1_TRG_COM_TIM11_IRQHandler
                0x08000220                EXTI1_IRQHandler
                0x08000220                USART2_IRQHandler
                0x08000220                DMA2_Stream1_IRQHandler
                0x08000220                FLASH_IRQHandler
                0x08000220                DMA2_Stream4_IRQHandler
                0x08000220                BusFault_Handler
                0x08000220                USART1_IRQHandler
                0x08000220                OTG_FS_IRQHandler
                0x08000220                SPI3_IRQHandler
                0x08000220                DMA1_Stream4_IRQHandler
                0x08000220                DMA2_Stream6_IRQHandler
                0x08000220                DMA1_Stream3_IRQHandler
 *fill*         0x08000222        0x2 
 .text.MPU_Init
                0x08000224      0x134 obj\debug\external\mpu9250\mpu9250.o
                0x08000224                MPU_Init
 .text.MPU_ScaleCalibration
                0x08000358      0x138 obj\debug\external\mpu9250\mpu9250.o
                0x08000358                MPU_ScaleCalibration
 .text.MPU_GyroscopeCalibration
                0x08000490       0xdc obj\debug\external\mpu9250\mpu9250.o
                0x08000490                MPU_GyroscopeCalibration
 .text.MPU_Connect
                0x0800056c      0x13c obj\debug\external\mpu9250\mpu9250.o
                0x0800056c                MPU_Connect
 .text.MPU_ReadRawData
                0x080006a8      0x1c0 obj\debug\external\mpu9250\mpu9250.o
                0x080006a8                MPU_ReadRawData
 .text.ADC_IRQHandler
                0x08000868        0xe obj\debug\fil_lib\adc.o
                0x08000868                ADC_IRQHandler
 .text.I2C1_EV_IRQHandler
                0x08000876        0xe obj\debug\fil_lib\i2c.o
                0x08000876                I2C1_EV_IRQHandler
 .text.I2C2_EV_IRQHandler
                0x08000884        0xe obj\debug\fil_lib\i2c.o
                0x08000884                I2C2_EV_IRQHandler
 .text.I2C3_EV_IRQHandler
                0x08000892        0xe obj\debug\fil_lib\i2c.o
                0x08000892                I2C3_EV_IRQHandler
 .text.I2C1_ER_IRQHandler
                0x080008a0        0xe obj\debug\fil_lib\i2c.o
                0x080008a0                I2C1_ER_IRQHandler
 .text.I2C2_ER_IRQHandler
                0x080008ae        0xe obj\debug\fil_lib\i2c.o
                0x080008ae                I2C2_ER_IRQHandler
 .text.I2C3_ER_IRQHandler
                0x080008bc        0xe obj\debug\fil_lib\i2c.o
                0x080008bc                I2C3_ER_IRQHandler
 .text.I2C_ClearAllStats
                0x080008ca       0x28 obj\debug\fil_lib\i2c.o
                0x080008ca                I2C_ClearAllStats
 *fill*         0x080008f2        0x2 
 .text.I2C_MemoryWriteSingle
                0x080008f4      0x170 obj\debug\fil_lib\i2c.o
                0x080008f4                I2C_MemoryWriteSingle
 .text.I2C_MemoryReadMultiple
                0x08000a64      0x1fc obj\debug\fil_lib\i2c.o
                0x08000a64                I2C_MemoryReadMultiple
 .text.I2C_MemoryReadSingle
                0x08000c60      0x1b4 obj\debug\fil_lib\i2c.o
                0x08000c60                I2C_MemoryReadSingle
 .text.I2C_RestoreConnection
                0x08000e14      0x1b4 obj\debug\fil_lib\i2c.o
                0x08000e14                I2C_RestoreConnection
 .text.CalcRCCClocks
                0x08000fc8      0x134 obj\debug\fil_lib\rcc.o
                0x08000fc8                CalcRCCClocks
 .text.SysTick_Handler
                0x080010fc       0x1c obj\debug\fil_lib\tim.o
                0x080010fc                SysTick_Handler
 .text.TIM2_IRQHandler
                0x08001118       0x16 obj\debug\fil_lib\tim.o
                0x08001118                TIM2_IRQHandler
 *fill*         0x0800112e        0x2 
 .text.TIM3_IRQHandler
                0x08001130       0x18 obj\debug\fil_lib\tim.o
                0x08001130                TIM3_IRQHandler
 .text.TIM4_IRQHandler
                0x08001148       0x18 obj\debug\fil_lib\tim.o
                0x08001148                TIM4_IRQHandler
 .text.TIM5_IRQHandler
                0x08001160       0x18 obj\debug\fil_lib\tim.o
                0x08001160                TIM5_IRQHandler
 .text.delay_ms
                0x08001178       0x40 obj\debug\fil_lib\tim.o
                0x08001178                delay_ms
 .text.CalcTimFrequency
                0x080011b8       0xac obj\debug\fil_lib\tim.o
                0x080011b8                CalcTimFrequency
 .text.CalcTimClockSourse
                0x08001264      0x158 obj\debug\fil_lib\tim.o
                0x08001264                CalcTimClockSourse
 .text.CalcUSARTBaudrate
                0x080013bc       0x70 obj\debug\fil_lib\usart.o
                0x080013bc                CalcUSARTBaudrate
 .text.__NVIC_EnableIRQ
                0x0800142c       0x3c obj\debug\src\main.o
 .text.__NVIC_SetPriority
                0x08001468       0x54 obj\debug\src\main.o
 .text.SysTick_Config
                0x080014bc       0x44 obj\debug\src\main.o
 .text.main     0x08001500      0x8a4 obj\debug\src\main.o
                0x08001500                main
 .text.SystemInit
                0x08001da4       0x6c obj\debug\src\system_stm32f4xx.o
                0x08001da4                SystemInit
 .text.SetSysClock
                0x08001e10       0xf4 obj\debug\src\system_stm32f4xx.o
 *(.glue_7)
 .glue_7        0x08001f04        0x0 linker stubs
 *(.glue_7t)
 .glue_7t       0x08001f04        0x0 linker stubs
 *(.eh_frame)
 .eh_frame      0x08001f04        0x0 d:/2.30/share/armgcc/bin/../lib/gcc/arm-none-eabi/9.3.1/thumb/v7e-m+fp/hard/crtbegin.o
 *(.init)
 .init          0x08001f04        0x4 d:/2.30/share/armgcc/bin/../lib/gcc/arm-none-eabi/9.3.1/thumb/v7e-m+fp/hard/crti.o
                0x08001f04                _init
 .init          0x08001f08        0x8 d:/2.30/share/armgcc/bin/../lib/gcc/arm-none-eabi/9.3.1/thumb/v7e-m+fp/hard/crtn.o
 *(.fini)
 .fini          0x08001f10        0x4 d:/2.30/share/armgcc/bin/../lib/gcc/arm-none-eabi/9.3.1/thumb/v7e-m+fp/hard/crti.o
                0x08001f10                _fini
 .fini          0x08001f14        0x8 d:/2.30/share/armgcc/bin/../lib/gcc/arm-none-eabi/9.3.1/thumb/v7e-m+fp/hard/crtn.o
                0x08001f1c                . = ALIGN (0x4)
                0x08001f1c                _etext = .

.vfp11_veneer   0x08001f1c        0x0
 .vfp11_veneer  0x08001f1c        0x0 linker stubs

.v4_bx          0x08001f1c        0x0
 .v4_bx         0x08001f1c        0x0 linker stubs

.iplt           0x08001f1c        0x0
 .iplt          0x08001f1c        0x0 d:/2.30/share/armgcc/bin/../lib/gcc/arm-none-eabi/9.3.1/thumb/v7e-m+fp/hard/crtbegin.o

.rel.dyn        0x08001f1c        0x0
 .rel.iplt      0x08001f1c        0x0 d:/2.30/share/armgcc/bin/../lib/gcc/arm-none-eabi/9.3.1/thumb/v7e-m+fp/hard/crtbegin.o

.rodata         0x08001f1c        0x0
                0x08001f1c                . = ALIGN (0x4)
 *(.rodata)
 *(.rodata*)
                0x08001f1c                . = ALIGN (0x4)

.ARM.extab
 *(.ARM.extab* .gnu.linkonce.armextab.*)

.ARM            0x08001f1c        0x0
                0x08001f1c                __exidx_start = .
 *(.ARM.exidx*)
                0x08001f1c                __exidx_end = .

.preinit_array  0x08001f1c        0x0
                0x08001f1c                PROVIDE (__preinit_array_start = .)
 *(.preinit_array*)
                0x08001f1c                PROVIDE (__preinit_array_end = .)

.init_array     0x08001f1c        0x4
                0x08001f1c                PROVIDE (__init_array_start = .)
 *(SORT_BY_NAME(.init_array.*))
 *(.init_array*)
 .init_array    0x08001f1c        0x4 d:/2.30/share/armgcc/bin/../lib/gcc/arm-none-eabi/9.3.1/thumb/v7e-m+fp/hard/crtbegin.o
                0x08001f20                PROVIDE (__init_array_end = .)

.fini_array     0x08001f20        0x4
                [!provide]                PROVIDE (__fini_array_start = .)
 *(SORT_BY_NAME(.fini_array.*))
 *(.fini_array*)
 .fini_array    0x08001f20        0x4 d:/2.30/share/armgcc/bin/../lib/gcc/arm-none-eabi/9.3.1/thumb/v7e-m+fp/hard/crtbegin.o
                [!provide]                PROVIDE (__fini_array_end = .)
                0x08001f24                _sidata = LOADADDR (.data)

.data           0x20000000       0x10 load address 0x08001f24
                0x20000000                . = ALIGN (0x4)
                0x20000000                _sdata = .
 *(.data)
 *(.data*)
 .data.PrescalerTable
                0x20000000       0x10 obj\debug\fil_lib\rcc.o
                0x20000010                . = ALIGN (0x4)
                0x20000010                _edata = .

.igot.plt       0x20000010        0x0 load address 0x08001f34
 .igot.plt      0x20000010        0x0 d:/2.30/share/armgcc/bin/../lib/gcc/arm-none-eabi/9.3.1/thumb/v7e-m+fp/hard/crtbegin.o
                0x20000010                . = ALIGN (0x4)

.bss            0x20000010      0x158 load address 0x08001f34
                0x20000010                _sbss = .
                0x20000010                __bss_start__ = _sbss
 *(.bss)
 .bss           0x20000010       0x1c d:/2.30/share/armgcc/bin/../lib/gcc/arm-none-eabi/9.3.1/thumb/v7e-m+fp/hard/crtbegin.o
 *(.bss*)
 .bss.MPU_Timeout
                0x2000002c        0x4 obj\debug\external\mpu9250\mpu9250.o
 .bss.I2C_timeout
                0x20000030        0x4 obj\debug\fil_lib\i2c.o
 .bss.globalTime
                0x20000034        0x4 obj\debug\fil_lib\tim.o
                0x20000034                globalTime
 .bss.startTick
                0x20000038        0x4 obj\debug\fil_lib\tim.o
 *(COMMON)
 COMMON         0x2000003c      0x12c obj\debug\external\mpu9250\mpu9250.o
                0x2000003c                I2CStatus
                0x20000044                TIMStatus
                0x20000064                MPU9250
                0x200000e0                ADCStatus
                0x20000140                Bus
                0x20000154                Clocks
                0x20000168                . = ALIGN (0x4)
                0x20000168                _ebss = .
                0x20000168                __bss_end__ = _ebss

.heap           0x20000168        0x0 load address 0x08001f34
                0x20000168                . = ALIGN (0x4)
                [!provide]                PROVIDE (end = .)
                [!provide]                PROVIDE (_end = .)
 *(.heap*)
                0x20000168                . = (. + _Min_Heap_Size)
                0x20000168                __HeapLimit = .
                0x20000168                . = ALIGN (0x4)

.ARM.attributes
                0x00000000       0x30
 *(.ARM.attributes)
 .ARM.attributes
                0x00000000       0x1e d:/2.30/share/armgcc/bin/../lib/gcc/arm-none-eabi/9.3.1/thumb/v7e-m+fp/hard/crti.o
 .ARM.attributes
                0x0000001e       0x34 d:/2.30/share/armgcc/bin/../lib/gcc/arm-none-eabi/9.3.1/thumb/v7e-m+fp/hard/crtbegin.o
 .ARM.attributes
                0x00000052       0x21 obj\debug\src\startup_stm32f401xc.o
 .ARM.attributes
                0x00000073       0x34 obj\debug\external\mpu9250\mpu9250.o
 .ARM.attributes
                0x000000a7       0x34 obj\debug\fil_lib\adc.o
 .ARM.attributes
                0x000000db       0x34 obj\debug\fil_lib\i2c.o
 .ARM.attributes
                0x0000010f       0x34 obj\debug\fil_lib\rcc.o
 .ARM.attributes
                0x00000143       0x34 obj\debug\fil_lib\tim.o
 .ARM.attributes
                0x00000177       0x34 obj\debug\fil_lib\usart.o
 .ARM.attributes
                0x000001ab       0x34 obj\debug\src\main.o
 .ARM.attributes
                0x000001df       0x34 obj\debug\src\system_stm32f4xx.o
 .ARM.attributes
                0x00000213       0x1e d:/2.30/share/armgcc/bin/../lib/gcc/arm-none-eabi/9.3.1/thumb/v7e-m+fp/hard/crtn.o
                0x2000ff00                __StackLimit = (_estack - _Min_Stack_Size)
                0x00000001                ASSERT ((__StackLimit >= __HeapLimit), Region RAM overflowed with stack)
LOAD obj\debug\src\startup_stm32f401xc.o
LOAD obj\debug\external\mpu9250\mpu9250.o
LOAD obj\debug\external\ssd1306\fonts.o
LOAD obj\debug\external\ssd1306\images.o
LOAD obj\debug\external\ssd1306\ssd1306.o
LOAD obj\debug\external\ssd1306\ssd1306_i2c.o
LOAD obj\debug\fil_lib\adc.o
LOAD obj\debug\fil_lib\dma.o
LOAD obj\debug\fil_lib\exti.o
LOAD obj\debug\fil_lib\freertos_lib\croutine.o
LOAD obj\debug\fil_lib\freertos_lib\event_groups.o
LOAD obj\debug\fil_lib\freertos_lib\heap_2.o
LOAD obj\debug\fil_lib\freertos_lib\list.o
LOAD obj\debug\fil_lib\freertos_lib\port.o
LOAD obj\debug\fil_lib\freertos_lib\queue.o
LOAD obj\debug\fil_lib\freertos_lib\stream_buffer.o
LOAD obj\debug\fil_lib\freertos_lib\tasks.o
LOAD obj\debug\fil_lib\freertos_lib\timers.o
LOAD obj\debug\fil_lib\i2c.o
LOAD obj\debug\fil_lib\matrix.o
LOAD obj\debug\fil_lib\rcc.o
LOAD obj\debug\fil_lib\regulators.o
LOAD obj\debug\fil_lib\rtc.o
LOAD obj\debug\fil_lib\tim.o
LOAD obj\debug\fil_lib\usart.o
LOAD obj\debug\src\main.o
LOAD obj\debug\dev\dev.o
LOAD obj\debug\src\system_stm32f4xx.o
START GROUP
LOAD d:/2.30/share/armgcc/bin/../lib/gcc/arm-none-eabi/9.3.1/thumb/v7e-m+fp/hard\libgcc.a
LOAD d:/2.30/share/armgcc/bin/../lib/gcc/arm-none-eabi/9.3.1/../../../../arm-none-eabi/lib/thumb/v7e-m+fp/hard\libg_nano.a
LOAD d:/2.30/share/armgcc/bin/../lib/gcc/arm-none-eabi/9.3.1/../../../../arm-none-eabi/lib/thumb/v7e-m+fp/hard\libc_nano.a
END GROUP
START GROUP
LOAD d:/2.30/share/armgcc/bin/../lib/gcc/arm-none-eabi/9.3.1/thumb/v7e-m+fp/hard\libgcc.a
LOAD d:/2.30/share/armgcc/bin/../lib/gcc/arm-none-eabi/9.3.1/../../../../arm-none-eabi/lib/thumb/v7e-m+fp/hard\libc_nano.a
LOAD d:/2.30/share/armgcc/bin/../lib/gcc/arm-none-eabi/9.3.1/../../../../arm-none-eabi/lib/thumb/v7e-m+fp/hard\libnosys.a
END GROUP
START GROUP
LOAD d:/2.30/share/armgcc/bin/../lib/gcc/arm-none-eabi/9.3.1/thumb/v7e-m+fp/hard\libgcc.a
LOAD d:/2.30/share/armgcc/bin/../lib/gcc/arm-none-eabi/9.3.1/../../../../arm-none-eabi/lib/thumb/v7e-m+fp/hard\libc_nano.a
LOAD d:/2.30/share/armgcc/bin/../lib/gcc/arm-none-eabi/9.3.1/../../../../arm-none-eabi/lib/thumb/v7e-m+fp/hard\libnosys.a
END GROUP
LOAD d:/2.30/share/armgcc/bin/../lib/gcc/arm-none-eabi/9.3.1/thumb/v7e-m+fp/hard/crtend.o
LOAD d:/2.30/share/armgcc/bin/../lib/gcc/arm-none-eabi/9.3.1/thumb/v7e-m+fp/hard/crtn.o
OUTPUT(bin\Debug\SmallCar.elf elf32-littlearm)
LOAD linker stubs

.debug_line     0x00000000     0x2170
 .debug_line    0x00000000       0x77 obj\debug\src\startup_stm32f401xc.o
 .debug_line    0x00000077      0x52e obj\debug\external\mpu9250\mpu9250.o
 .debug_line    0x000005a5      0x3ad obj\debug\fil_lib\adc.o
 .debug_line    0x00000952      0x777 obj\debug\fil_lib\i2c.o
 .debug_line    0x000010c9      0x2c8 obj\debug\fil_lib\rcc.o
 .debug_line    0x00001391      0x68e obj\debug\fil_lib\tim.o
 .debug_line    0x00001a1f      0x21d obj\debug\fil_lib\usart.o
 .debug_line    0x00001c3c      0x2b1 obj\debug\src\main.o
 .debug_line    0x00001eed      0x283 obj\debug\src\system_stm32f4xx.o

.debug_info     0x00000000     0x8160
 .debug_info    0x00000000       0x22 obj\debug\src\startup_stm32f401xc.o
 .debug_info    0x00000022     0x10b8 obj\debug\external\mpu9250\mpu9250.o
 .debug_info    0x000010da      0xfa9 obj\debug\fil_lib\adc.o
 .debug_info    0x00002083     0x13df obj\debug\fil_lib\i2c.o
 .debug_info    0x00003462      0xed0 obj\debug\fil_lib\rcc.o
 .debug_info    0x00004332     0x1129 obj\debug\fil_lib\tim.o
 .debug_info    0x0000545b      0xdf2 obj\debug\fil_lib\usart.o
 .debug_info    0x0000624d     0x18ab obj\debug\src\main.o
 .debug_info    0x00007af8      0x668 obj\debug\src\system_stm32f4xx.o

.debug_abbrev   0x00000000     0x1433
 .debug_abbrev  0x00000000       0x12 obj\debug\src\startup_stm32f401xc.o
 .debug_abbrev  0x00000012      0x2c1 obj\debug\external\mpu9250\mpu9250.o
 .debug_abbrev  0x000002d3      0x2d4 obj\debug\fil_lib\adc.o
 .debug_abbrev  0x000005a7      0x315 obj\debug\fil_lib\i2c.o
 .debug_abbrev  0x000008bc      0x232 obj\debug\fil_lib\rcc.o
 .debug_abbrev  0x00000aee      0x2b5 obj\debug\fil_lib\tim.o
 .debug_abbrev  0x00000da3      0x247 obj\debug\fil_lib\usart.o
 .debug_abbrev  0x00000fea      0x2d1 obj\debug\src\main.o
 .debug_abbrev  0x000012bb      0x178 obj\debug\src\system_stm32f4xx.o

.debug_aranges  0x00000000      0x288
 .debug_aranges
                0x00000000       0x28 obj\debug\src\startup_stm32f401xc.o
 .debug_aranges
                0x00000028       0x48 obj\debug\external\mpu9250\mpu9250.o
 .debug_aranges
                0x00000070       0x48 obj\debug\fil_lib\adc.o
 .debug_aranges
                0x000000b8       0x98 obj\debug\fil_lib\i2c.o
 .debug_aranges
                0x00000150       0x20 obj\debug\fil_lib\rcc.o
 .debug_aranges
                0x00000170       0x90 obj\debug\fil_lib\tim.o
 .debug_aranges
                0x00000200       0x20 obj\debug\fil_lib\usart.o
 .debug_aranges
                0x00000220       0x38 obj\debug\src\main.o
 .debug_aranges
                0x00000258       0x30 obj\debug\src\system_stm32f4xx.o

.debug_str      0x00000000     0x143a
 .debug_str     0x00000000       0x67 obj\debug\src\startup_stm32f401xc.o
 .debug_str     0x00000067      0x8fe obj\debug\external\mpu9250\mpu9250.o
                                0x9ea (size before relaxing)
 .debug_str     0x00000965       0xfc obj\debug\fil_lib\adc.o
                                0x8ca (size before relaxing)
 .debug_str     0x00000a61      0x27c obj\debug\fil_lib\i2c.o
                                0xae1 (size before relaxing)
 .debug_str     0x00000cdd       0x1c obj\debug\fil_lib\rcc.o
                                0x905 (size before relaxing)
 .debug_str     0x00000cf9      0x1be obj\debug\fil_lib\tim.o
                                0x9f7 (size before relaxing)
 .debug_str     0x00000eb7       0x53 obj\debug\fil_lib\usart.o
                                0x861 (size before relaxing)
 .debug_str     0x00000f0a      0x47b obj\debug\src\main.o
                                0xec4 (size before relaxing)
 .debug_str     0x00001385       0xb5 obj\debug\src\system_stm32f4xx.o
                                0x411 (size before relaxing)

.debug_ranges   0x00000000      0x200
 .debug_ranges  0x00000000       0x20 obj\debug\src\startup_stm32f401xc.o
 .debug_ranges  0x00000020       0x38 obj\debug\external\mpu9250\mpu9250.o
 .debug_ranges  0x00000058       0x38 obj\debug\fil_lib\adc.o
 .debug_ranges  0x00000090       0x88 obj\debug\fil_lib\i2c.o
 .debug_ranges  0x00000118       0x10 obj\debug\fil_lib\rcc.o
 .debug_ranges  0x00000128       0x80 obj\debug\fil_lib\tim.o
 .debug_ranges  0x000001a8       0x10 obj\debug\fil_lib\usart.o
 .debug_ranges  0x000001b8       0x28 obj\debug\src\main.o
 .debug_ranges  0x000001e0       0x20 obj\debug\src\system_stm32f4xx.o

.comment        0x00000000       0x4c
 .comment       0x00000000       0x4c obj\debug\external\mpu9250\mpu9250.o
                                 0x4d (size before relaxing)
 .comment       0x0000004c       0x4d obj\debug\fil_lib\adc.o
 .comment       0x0000004c       0x4d obj\debug\fil_lib\i2c.o
 .comment       0x0000004c       0x4d obj\debug\fil_lib\rcc.o
 .comment       0x0000004c       0x4d obj\debug\fil_lib\tim.o
 .comment       0x0000004c       0x4d obj\debug\fil_lib\usart.o
 .comment       0x0000004c       0x4d obj\debug\src\main.o
 .comment       0x0000004c       0x4d obj\debug\src\system_stm32f4xx.o

.debug_frame    0x00000000      0x7c4
 .debug_frame   0x00000000       0xec obj\debug\external\mpu9250\mpu9250.o
 .debug_frame   0x000000ec       0xec obj\debug\fil_lib\adc.o
 .debug_frame   0x000001d8      0x250 obj\debug\fil_lib\i2c.o
 .debug_frame   0x00000428       0x30 obj\debug\fil_lib\rcc.o
 .debug_frame   0x00000458      0x218 obj\debug\fil_lib\tim.o
 .debug_frame   0x00000670       0x34 obj\debug\fil_lib\usart.o
 .debug_frame   0x000006a4       0xa4 obj\debug\src\main.o
 .debug_frame   0x00000748       0x7c obj\debug\src\system_stm32f4xx.o
