Archive member included to satisfy reference by file (symbol)

d:/2.30/share/armgcc/bin/../lib/gcc/arm-none-eabi/9.3.1/../../../../arm-none-eabi/lib/thumb/v7e-m+fp/hard\libg_nano.a(lib_a-exit.o)
                              d:/2.30/share/armgcc/bin/../lib/gcc/arm-none-eabi/9.3.1/../../../../arm-none-eabi/lib/thumb/v7e-m+fp/hard/crt0.o (exit)
d:/2.30/share/armgcc/bin/../lib/gcc/arm-none-eabi/9.3.1/../../../../arm-none-eabi/lib/thumb/v7e-m+fp/hard\libg_nano.a(lib_a-impure.o)
                              d:/2.30/share/armgcc/bin/../lib/gcc/arm-none-eabi/9.3.1/../../../../arm-none-eabi/lib/thumb/v7e-m+fp/hard\libg_nano.a(lib_a-exit.o) (_global_impure_ptr)
d:/2.30/share/armgcc/bin/../lib/gcc/arm-none-eabi/9.3.1/../../../../arm-none-eabi/lib/thumb/v7e-m+fp/hard\libg_nano.a(lib_a-init.o)
                              d:/2.30/share/armgcc/bin/../lib/gcc/arm-none-eabi/9.3.1/../../../../arm-none-eabi/lib/thumb/v7e-m+fp/hard/crt0.o (__libc_init_array)
d:/2.30/share/armgcc/bin/../lib/gcc/arm-none-eabi/9.3.1/../../../../arm-none-eabi/lib/thumb/v7e-m+fp/hard\libg_nano.a(lib_a-memset.o)
                              d:/2.30/share/armgcc/bin/../lib/gcc/arm-none-eabi/9.3.1/../../../../arm-none-eabi/lib/thumb/v7e-m+fp/hard/crt0.o (memset)
d:/2.30/share/armgcc/bin/../lib/gcc/arm-none-eabi/9.3.1/../../../../arm-none-eabi/lib/thumb/v7e-m+fp/hard\libnosys.a(_exit.o)
                              d:/2.30/share/armgcc/bin/../lib/gcc/arm-none-eabi/9.3.1/../../../../arm-none-eabi/lib/thumb/v7e-m+fp/hard\libg_nano.a(lib_a-exit.o) (_exit)

Allocating common symbols
Common symbol       size              file

xBlinkHandle        0x4               obj\debug\fil_lib\dma.o
Servo1              0x18              obj\debug\fil_lib\dma.o
TIMStatus           0x18              obj\debug\fil_lib\dma.o
Clocks              0x14              obj\debug\fil_lib\dma.o

Discarded input sections

 .text          0x00000000        0x0 d:/2.30/share/armgcc/bin/../lib/gcc/arm-none-eabi/9.3.1/thumb/v7e-m+fp/hard/crti.o
 .data          0x00000000        0x0 d:/2.30/share/armgcc/bin/../lib/gcc/arm-none-eabi/9.3.1/thumb/v7e-m+fp/hard/crti.o
 .bss           0x00000000        0x0 d:/2.30/share/armgcc/bin/../lib/gcc/arm-none-eabi/9.3.1/thumb/v7e-m+fp/hard/crti.o
 .data          0x00000000        0x4 d:/2.30/share/armgcc/bin/../lib/gcc/arm-none-eabi/9.3.1/thumb/v7e-m+fp/hard/crtbegin.o
 .text          0x00000000       0x7c d:/2.30/share/armgcc/bin/../lib/gcc/arm-none-eabi/9.3.1/../../../../arm-none-eabi/lib/thumb/v7e-m+fp/hard/crt0.o
 .data          0x00000000        0x0 d:/2.30/share/armgcc/bin/../lib/gcc/arm-none-eabi/9.3.1/../../../../arm-none-eabi/lib/thumb/v7e-m+fp/hard/crt0.o
 .bss           0x00000000        0x0 d:/2.30/share/armgcc/bin/../lib/gcc/arm-none-eabi/9.3.1/../../../../arm-none-eabi/lib/thumb/v7e-m+fp/hard/crt0.o
 .ARM.extab     0x00000000        0x0 d:/2.30/share/armgcc/bin/../lib/gcc/arm-none-eabi/9.3.1/../../../../arm-none-eabi/lib/thumb/v7e-m+fp/hard/crt0.o
 .ARM.exidx     0x00000000       0x10 d:/2.30/share/armgcc/bin/../lib/gcc/arm-none-eabi/9.3.1/../../../../arm-none-eabi/lib/thumb/v7e-m+fp/hard/crt0.o
 .ARM.attributes
                0x00000000       0x1c d:/2.30/share/armgcc/bin/../lib/gcc/arm-none-eabi/9.3.1/../../../../arm-none-eabi/lib/thumb/v7e-m+fp/hard/crt0.o
 .text          0x00000000       0x14 obj\debug\src\startup_stm32f401xc.o
 .data          0x00000000        0x0 obj\debug\src\startup_stm32f401xc.o
 .bss           0x00000000        0x0 obj\debug\src\startup_stm32f401xc.o
 .text          0x00000000        0x0 obj\debug\fil_lib\dma.o
 .data          0x00000000        0x0 obj\debug\fil_lib\dma.o
 .bss           0x00000000        0x0 obj\debug\fil_lib\dma.o
 .data.PrescalerTable
                0x00000000       0x10 obj\debug\fil_lib\dma.o
 .text          0x00000000        0x0 obj\debug\fil_lib\exti.o
 .data          0x00000000        0x0 obj\debug\fil_lib\exti.o
 .bss           0x00000000        0x0 obj\debug\fil_lib\exti.o
 .data.PrescalerTable
                0x00000000       0x10 obj\debug\fil_lib\exti.o
 .text          0x00000000        0x0 obj\debug\fil_lib\i2c.o
 .data          0x00000000        0x0 obj\debug\fil_lib\i2c.o
 .bss           0x00000000        0x0 obj\debug\fil_lib\i2c.o
 .data.PrescalerTable
                0x00000000       0x10 obj\debug\fil_lib\i2c.o
 .text          0x00000000        0x0 obj\debug\fil_lib\matrix.o
 .data          0x00000000        0x0 obj\debug\fil_lib\matrix.o
 .bss           0x00000000        0x0 obj\debug\fil_lib\matrix.o
 .debug_line    0x00000000        0x0 obj\debug\fil_lib\matrix.o
 .debug_str     0x00000000       0xff obj\debug\fil_lib\matrix.o
 .comment       0x00000000       0x4d obj\debug\fil_lib\matrix.o
 .ARM.attributes
                0x00000000       0x39 obj\debug\fil_lib\matrix.o
 .text          0x00000000        0x0 obj\debug\fil_lib\rcc.o
 .data          0x00000000        0x0 obj\debug\fil_lib\rcc.o
 .bss           0x00000000        0x0 obj\debug\fil_lib\rcc.o
 .text          0x00000000        0x0 obj\debug\fil_lib\regulators.o
 .data          0x00000000        0x0 obj\debug\fil_lib\regulators.o
 .bss           0x00000000        0x0 obj\debug\fil_lib\regulators.o
 .debug_line    0x00000000        0x0 obj\debug\fil_lib\regulators.o
 .debug_str     0x00000000      0x103 obj\debug\fil_lib\regulators.o
 .comment       0x00000000       0x4d obj\debug\fil_lib\regulators.o
 .ARM.attributes
                0x00000000       0x39 obj\debug\fil_lib\regulators.o
 .text          0x00000000        0x0 obj\debug\fil_lib\robot_tasks.o
 .data          0x00000000        0x0 obj\debug\fil_lib\robot_tasks.o
 .bss           0x00000000        0x0 obj\debug\fil_lib\robot_tasks.o
 .debug_line    0x00000000        0x0 obj\debug\fil_lib\robot_tasks.o
 .debug_str     0x00000000      0x104 obj\debug\fil_lib\robot_tasks.o
 .comment       0x00000000       0x4d obj\debug\fil_lib\robot_tasks.o
 .ARM.attributes
                0x00000000       0x39 obj\debug\fil_lib\robot_tasks.o
 .text          0x00000000        0x0 obj\debug\fil_lib\tim.o
 .data          0x00000000        0x0 obj\debug\fil_lib\tim.o
 .bss           0x00000000        0x0 obj\debug\fil_lib\tim.o
 .data.PrescalerTable
                0x00000000       0x10 obj\debug\fil_lib\tim.o
 .data.encoderData
                0x00000000        0x4 obj\debug\fil_lib\tim.o
 .bss.data      0x00000000        0x2 obj\debug\fil_lib\tim.o
 .text.TIM1_IRQHandler
                0x00000000       0x18 obj\debug\fil_lib\tim.o
 .text.CalcTimStatus
                0x00000000      0x104 obj\debug\fil_lib\tim.o
 .text.SetServo
                0x00000000       0x70 obj\debug\fil_lib\tim.o
 .text.SetServoAngle
                0x00000000       0xbc obj\debug\fil_lib\tim.o
 .text          0x00000000        0x0 obj\debug\fil_lib\usart.o
 .data          0x00000000        0x0 obj\debug\fil_lib\usart.o
 .bss           0x00000000        0x0 obj\debug\fil_lib\usart.o
 .data.PrescalerTable
                0x00000000       0x10 obj\debug\fil_lib\usart.o
 .text          0x00000000        0x0 obj\debug\src\main.o
 .data          0x00000000        0x0 obj\debug\src\main.o
 .bss           0x00000000        0x0 obj\debug\src\main.o
 .data.PrescalerTable
                0x00000000       0x10 obj\debug\src\main.o
 .text.Systick_Handler
                0x00000000        0xe obj\debug\src\main.o
 .text          0x00000000        0x0 obj\debug\ebmon.o
 .data          0x00000000        0x0 obj\debug\ebmon.o
 .bss           0x00000000        0x0 obj\debug\ebmon.o
 .bss._stdout_buffer
                0x00000000      0x100 obj\debug\ebmon.o
 .bss._stdin_buffer
                0x00000000       0x40 obj\debug\ebmon.o
 .data._eb_monitor_stdout
                0x00000000       0x10 obj\debug\ebmon.o
 .data._eb_monitor_stdin
                0x00000000       0x10 obj\debug\ebmon.o
 .bss._eb_initialized
                0x00000000        0x1 obj\debug\ebmon.o
 .text.ebmonitor_init
                0x00000000       0x24 obj\debug\ebmon.o
 .text.EBmonitor_flush
                0x00000000       0x4c obj\debug\ebmon.o
 .text.EBmonitor_kbhit
                0x00000000       0x28 obj\debug\ebmon.o
 .text._write   0x00000000       0x94 obj\debug\ebmon.o
 .text._read    0x00000000       0xa8 obj\debug\ebmon.o
 .debug_info    0x00000000      0xb37 obj\debug\ebmon.o
 .debug_abbrev  0x00000000      0x2aa obj\debug\ebmon.o
 .debug_aranges
                0x00000000       0x40 obj\debug\ebmon.o
 .debug_ranges  0x00000000       0x30 obj\debug\ebmon.o
 .debug_line    0x00000000      0x288 obj\debug\ebmon.o
 .debug_str     0x00000000      0x648 obj\debug\ebmon.o
 .comment       0x00000000       0x4d obj\debug\ebmon.o
 .debug_frame   0x00000000       0xc0 obj\debug\ebmon.o
 .ARM.attributes
                0x00000000       0x34 obj\debug\ebmon.o
 .text          0x00000000        0x0 obj\debug\src\system_stm32f4xx.o
 .data          0x00000000        0x0 obj\debug\src\system_stm32f4xx.o
 .bss           0x00000000        0x0 obj\debug\src\system_stm32f4xx.o
 .data.SystemCoreClock
                0x00000000        0x4 obj\debug\src\system_stm32f4xx.o
 .data.AHBPrescTable
                0x00000000       0x10 obj\debug\src\system_stm32f4xx.o
 .text.SystemCoreClockUpdate
                0x00000000      0x104 obj\debug\src\system_stm32f4xx.o
 .text          0x00000000        0x0 d:/2.30/share/armgcc/bin/../lib/gcc/arm-none-eabi/9.3.1/../../../../arm-none-eabi/lib/thumb/v7e-m+fp/hard\libg_nano.a(lib_a-exit.o)
 .data          0x00000000        0x0 d:/2.30/share/armgcc/bin/../lib/gcc/arm-none-eabi/9.3.1/../../../../arm-none-eabi/lib/thumb/v7e-m+fp/hard\libg_nano.a(lib_a-exit.o)
 .bss           0x00000000        0x0 d:/2.30/share/armgcc/bin/../lib/gcc/arm-none-eabi/9.3.1/../../../../arm-none-eabi/lib/thumb/v7e-m+fp/hard\libg_nano.a(lib_a-exit.o)
 .text.exit     0x00000000       0x28 d:/2.30/share/armgcc/bin/../lib/gcc/arm-none-eabi/9.3.1/../../../../arm-none-eabi/lib/thumb/v7e-m+fp/hard\libg_nano.a(lib_a-exit.o)
 .debug_frame   0x00000000       0x28 d:/2.30/share/armgcc/bin/../lib/gcc/arm-none-eabi/9.3.1/../../../../arm-none-eabi/lib/thumb/v7e-m+fp/hard\libg_nano.a(lib_a-exit.o)
 .ARM.attributes
                0x00000000       0x34 d:/2.30/share/armgcc/bin/../lib/gcc/arm-none-eabi/9.3.1/../../../../arm-none-eabi/lib/thumb/v7e-m+fp/hard\libg_nano.a(lib_a-exit.o)
 .text          0x00000000        0x0 d:/2.30/share/armgcc/bin/../lib/gcc/arm-none-eabi/9.3.1/../../../../arm-none-eabi/lib/thumb/v7e-m+fp/hard\libg_nano.a(lib_a-impure.o)
 .data          0x00000000        0x0 d:/2.30/share/armgcc/bin/../lib/gcc/arm-none-eabi/9.3.1/../../../../arm-none-eabi/lib/thumb/v7e-m+fp/hard\libg_nano.a(lib_a-impure.o)
 .bss           0x00000000        0x0 d:/2.30/share/armgcc/bin/../lib/gcc/arm-none-eabi/9.3.1/../../../../arm-none-eabi/lib/thumb/v7e-m+fp/hard\libg_nano.a(lib_a-impure.o)
 .data._impure_ptr
                0x00000000        0x4 d:/2.30/share/armgcc/bin/../lib/gcc/arm-none-eabi/9.3.1/../../../../arm-none-eabi/lib/thumb/v7e-m+fp/hard\libg_nano.a(lib_a-impure.o)
 .data.impure_data
                0x00000000       0x60 d:/2.30/share/armgcc/bin/../lib/gcc/arm-none-eabi/9.3.1/../../../../arm-none-eabi/lib/thumb/v7e-m+fp/hard\libg_nano.a(lib_a-impure.o)
 .rodata._global_impure_ptr
                0x00000000        0x4 d:/2.30/share/armgcc/bin/../lib/gcc/arm-none-eabi/9.3.1/../../../../arm-none-eabi/lib/thumb/v7e-m+fp/hard\libg_nano.a(lib_a-impure.o)
 .ARM.attributes
                0x00000000       0x32 d:/2.30/share/armgcc/bin/../lib/gcc/arm-none-eabi/9.3.1/../../../../arm-none-eabi/lib/thumb/v7e-m+fp/hard\libg_nano.a(lib_a-impure.o)
 .text          0x00000000        0x0 d:/2.30/share/armgcc/bin/../lib/gcc/arm-none-eabi/9.3.1/../../../../arm-none-eabi/lib/thumb/v7e-m+fp/hard\libg_nano.a(lib_a-init.o)
 .data          0x00000000        0x0 d:/2.30/share/armgcc/bin/../lib/gcc/arm-none-eabi/9.3.1/../../../../arm-none-eabi/lib/thumb/v7e-m+fp/hard\libg_nano.a(lib_a-init.o)
 .bss           0x00000000        0x0 d:/2.30/share/armgcc/bin/../lib/gcc/arm-none-eabi/9.3.1/../../../../arm-none-eabi/lib/thumb/v7e-m+fp/hard\libg_nano.a(lib_a-init.o)
 .text.__libc_init_array
                0x00000000       0x48 d:/2.30/share/armgcc/bin/../lib/gcc/arm-none-eabi/9.3.1/../../../../arm-none-eabi/lib/thumb/v7e-m+fp/hard\libg_nano.a(lib_a-init.o)
 .debug_frame   0x00000000       0x2c d:/2.30/share/armgcc/bin/../lib/gcc/arm-none-eabi/9.3.1/../../../../arm-none-eabi/lib/thumb/v7e-m+fp/hard\libg_nano.a(lib_a-init.o)
 .ARM.attributes
                0x00000000       0x34 d:/2.30/share/armgcc/bin/../lib/gcc/arm-none-eabi/9.3.1/../../../../arm-none-eabi/lib/thumb/v7e-m+fp/hard\libg_nano.a(lib_a-init.o)
 .text          0x00000000        0x0 d:/2.30/share/armgcc/bin/../lib/gcc/arm-none-eabi/9.3.1/../../../../arm-none-eabi/lib/thumb/v7e-m+fp/hard\libg_nano.a(lib_a-memset.o)
 .data          0x00000000        0x0 d:/2.30/share/armgcc/bin/../lib/gcc/arm-none-eabi/9.3.1/../../../../arm-none-eabi/lib/thumb/v7e-m+fp/hard\libg_nano.a(lib_a-memset.o)
 .bss           0x00000000        0x0 d:/2.30/share/armgcc/bin/../lib/gcc/arm-none-eabi/9.3.1/../../../../arm-none-eabi/lib/thumb/v7e-m+fp/hard\libg_nano.a(lib_a-memset.o)
 .text.memset   0x00000000       0x10 d:/2.30/share/armgcc/bin/../lib/gcc/arm-none-eabi/9.3.1/../../../../arm-none-eabi/lib/thumb/v7e-m+fp/hard\libg_nano.a(lib_a-memset.o)
 .debug_frame   0x00000000       0x20 d:/2.30/share/armgcc/bin/../lib/gcc/arm-none-eabi/9.3.1/../../../../arm-none-eabi/lib/thumb/v7e-m+fp/hard\libg_nano.a(lib_a-memset.o)
 .ARM.attributes
                0x00000000       0x34 d:/2.30/share/armgcc/bin/../lib/gcc/arm-none-eabi/9.3.1/../../../../arm-none-eabi/lib/thumb/v7e-m+fp/hard\libg_nano.a(lib_a-memset.o)
 .text          0x00000000        0x0 d:/2.30/share/armgcc/bin/../lib/gcc/arm-none-eabi/9.3.1/../../../../arm-none-eabi/lib/thumb/v7e-m+fp/hard\libnosys.a(_exit.o)
 .data          0x00000000        0x0 d:/2.30/share/armgcc/bin/../lib/gcc/arm-none-eabi/9.3.1/../../../../arm-none-eabi/lib/thumb/v7e-m+fp/hard\libnosys.a(_exit.o)
 .bss           0x00000000        0x0 d:/2.30/share/armgcc/bin/../lib/gcc/arm-none-eabi/9.3.1/../../../../arm-none-eabi/lib/thumb/v7e-m+fp/hard\libnosys.a(_exit.o)
 .text._exit    0x00000000        0x4 d:/2.30/share/armgcc/bin/../lib/gcc/arm-none-eabi/9.3.1/../../../../arm-none-eabi/lib/thumb/v7e-m+fp/hard\libnosys.a(_exit.o)
 .debug_frame   0x00000000       0x20 d:/2.30/share/armgcc/bin/../lib/gcc/arm-none-eabi/9.3.1/../../../../arm-none-eabi/lib/thumb/v7e-m+fp/hard\libnosys.a(_exit.o)
 .ARM.attributes
                0x00000000       0x34 d:/2.30/share/armgcc/bin/../lib/gcc/arm-none-eabi/9.3.1/../../../../arm-none-eabi/lib/thumb/v7e-m+fp/hard\libnosys.a(_exit.o)
 .text          0x00000000        0x0 d:/2.30/share/armgcc/bin/../lib/gcc/arm-none-eabi/9.3.1/thumb/v7e-m+fp/hard/crtend.o
 .data          0x00000000        0x0 d:/2.30/share/armgcc/bin/../lib/gcc/arm-none-eabi/9.3.1/thumb/v7e-m+fp/hard/crtend.o
 .bss           0x00000000        0x0 d:/2.30/share/armgcc/bin/../lib/gcc/arm-none-eabi/9.3.1/thumb/v7e-m+fp/hard/crtend.o
 .eh_frame      0x00000000        0x4 d:/2.30/share/armgcc/bin/../lib/gcc/arm-none-eabi/9.3.1/thumb/v7e-m+fp/hard/crtend.o
 .ARM.attributes
                0x00000000       0x32 d:/2.30/share/armgcc/bin/../lib/gcc/arm-none-eabi/9.3.1/thumb/v7e-m+fp/hard/crtend.o
 .text          0x00000000        0x0 d:/2.30/share/armgcc/bin/../lib/gcc/arm-none-eabi/9.3.1/thumb/v7e-m+fp/hard/crtn.o
 .data          0x00000000        0x0 d:/2.30/share/armgcc/bin/../lib/gcc/arm-none-eabi/9.3.1/thumb/v7e-m+fp/hard/crtn.o
 .bss           0x00000000        0x0 d:/2.30/share/armgcc/bin/../lib/gcc/arm-none-eabi/9.3.1/thumb/v7e-m+fp/hard/crtn.o

Memory Configuration

Name             Origin             Length             Attributes
FLASH            0x08000000         0x00040000         xr
RAM              0x20000000         0x00010000         xrw
*default*        0x00000000         0xffffffff

Linker script and memory map

LOAD d:/2.30/share/armgcc/bin/../lib/gcc/arm-none-eabi/9.3.1/thumb/v7e-m+fp/hard/crti.o
LOAD d:/2.30/share/armgcc/bin/../lib/gcc/arm-none-eabi/9.3.1/thumb/v7e-m+fp/hard/crtbegin.o
LOAD d:/2.30/share/armgcc/bin/../lib/gcc/arm-none-eabi/9.3.1/../../../../arm-none-eabi/lib/thumb/v7e-m+fp/hard/crt0.o
                0x00000000                __HEAP_SIZE = 0x0
                0x00000100                __STACK_SIZE = 0x100
                0x00000000                _Min_Heap_Size = __HEAP_SIZE
                0x00000100                _Min_Stack_Size = __STACK_SIZE
                0x20010000                _estack = (ORIGIN (RAM) + LENGTH (RAM))

.isr_vector     0x08000000      0x194
                0x08000000                . = ALIGN (0x4)
 *(.isr_vector)
 .isr_vector    0x08000000      0x194 obj\debug\src\startup_stm32f401xc.o
                0x08000000                g_pfnVectors
                0x08000194                . = ALIGN (0x4)

.text           0x08000194     0x10cc
                0x08000194                . = ALIGN (0x4)
 *(.text)
 .text          0x08000194       0x40 d:/2.30/share/armgcc/bin/../lib/gcc/arm-none-eabi/9.3.1/thumb/v7e-m+fp/hard/crtbegin.o
 *(.text*)
 .text.Reset_Handler
                0x080001d4       0x4c obj\debug\src\startup_stm32f401xc.o
                0x080001d4                Reset_Handler
 .text.Default_Handler
                0x08000220        0x2 obj\debug\src\startup_stm32f401xc.o
                0x08000220                RTC_Alarm_IRQHandler
                0x08000220                DebugMon_Handler
                0x08000220                SPI4_IRQHandler
                0x08000220                TIM1_CC_IRQHandler
                0x08000220                DMA2_Stream5_IRQHandler
                0x08000220                HardFault_Handler
                0x08000220                DMA1_Stream5_IRQHandler
                0x08000220                SysTick_Handler
                0x08000220                PVD_IRQHandler
                0x08000220                SDIO_IRQHandler
                0x08000220                TAMP_STAMP_IRQHandler
                0x08000220                PendSV_Handler
                0x08000220                NMI_Handler
                0x08000220                TIM1_UP_TIM10_IRQHandler
                0x08000220                DMA1_Stream2_IRQHandler
                0x08000220                FPU_IRQHandler
                0x08000220                UsageFault_Handler
                0x08000220                DMA2_Stream2_IRQHandler
                0x08000220                SPI1_IRQHandler
                0x08000220                TIM1_BRK_TIM9_IRQHandler
                0x08000220                DMA2_Stream3_IRQHandler
                0x08000220                USART6_IRQHandler
                0x08000220                DMA2_Stream0_IRQHandler
                0x08000220                DMA1_Stream6_IRQHandler
                0x08000220                DMA1_Stream1_IRQHandler
                0x08000220                RCC_IRQHandler
                0x08000220                Default_Handler
                0x08000220                ADC_IRQHandler
                0x08000220                DMA1_Stream7_IRQHandler
                0x08000220                DMA2_Stream7_IRQHandler
                0x08000220                RTC_WKUP_IRQHandler
                0x08000220                SPI2_IRQHandler
                0x08000220                MemManage_Handler
                0x08000220                DMA1_Stream0_IRQHandler
                0x08000220                SVC_Handler
                0x08000220                WWDG_IRQHandler
                0x08000220                OTG_FS_WKUP_IRQHandler
                0x08000220                TIM1_TRG_COM_TIM11_IRQHandler
                0x08000220                USART2_IRQHandler
                0x08000220                DMA2_Stream1_IRQHandler
                0x08000220                FLASH_IRQHandler
                0x08000220                DMA2_Stream4_IRQHandler
                0x08000220                BusFault_Handler
                0x08000220                USART1_IRQHandler
                0x08000220                OTG_FS_IRQHandler
                0x08000220                SPI3_IRQHandler
                0x08000220                DMA1_Stream4_IRQHandler
                0x08000220                DMA2_Stream6_IRQHandler
                0x08000220                DMA1_Stream3_IRQHandler
 *fill*         0x08000222        0x2 
 .text.EXTI0_IRQHandler
                0x08000224       0x18 obj\debug\fil_lib\exti.o
                0x08000224                EXTI0_IRQHandler
 .text.EXTI1_IRQHandler
                0x0800023c       0x18 obj\debug\fil_lib\exti.o
                0x0800023c                EXTI1_IRQHandler
 .text.EXTI2_IRQHandler
                0x08000254       0x18 obj\debug\fil_lib\exti.o
                0x08000254                EXTI2_IRQHandler
 .text.EXTI3_IRQHandler
                0x0800026c       0x18 obj\debug\fil_lib\exti.o
                0x0800026c                EXTI3_IRQHandler
 .text.EXTI4_IRQHandler
                0x08000284       0x18 obj\debug\fil_lib\exti.o
                0x08000284                EXTI4_IRQHandler
 .text.EXTI9_5_IRQHandler
                0x0800029c       0x60 obj\debug\fil_lib\exti.o
                0x0800029c                EXTI9_5_IRQHandler
 .text.EXTI15_10_IRQHandler
                0x080002fc       0x28 obj\debug\fil_lib\exti.o
                0x080002fc                EXTI15_10_IRQHandler
 .text.I2C1_EV_IRQHandler
                0x08000324        0xe obj\debug\fil_lib\i2c.o
                0x08000324                I2C1_EV_IRQHandler
 .text.I2C1_ER_IRQHandler
                0x08000332        0xe obj\debug\fil_lib\i2c.o
                0x08000332                I2C1_ER_IRQHandler
 .text.I2C2_EV_IRQHandler
                0x08000340        0xe obj\debug\fil_lib\i2c.o
                0x08000340                I2C2_EV_IRQHandler
 .text.I2C2_ER_IRQHandler
                0x0800034e        0xe obj\debug\fil_lib\i2c.o
                0x0800034e                I2C2_ER_IRQHandler
 .text.I2C3_EV_IRQHandler
                0x0800035c        0xe obj\debug\fil_lib\i2c.o
                0x0800035c                I2C3_EV_IRQHandler
 .text.I2C3_ER_IRQHandler
                0x0800036a        0xe obj\debug\fil_lib\i2c.o
                0x0800036a                I2C3_ER_IRQHandler
 .text.CalcRCCClocks
                0x08000378      0x134 obj\debug\fil_lib\rcc.o
                0x08000378                CalcRCCClocks
 .text.TIM2_IRQHandler
                0x080004ac       0x16 obj\debug\fil_lib\tim.o
                0x080004ac                TIM2_IRQHandler
 *fill*         0x080004c2        0x2 
 .text.TIM3_IRQHandler
                0x080004c4       0x18 obj\debug\fil_lib\tim.o
                0x080004c4                TIM3_IRQHandler
 .text.TIM4_IRQHandler
                0x080004dc       0x18 obj\debug\fil_lib\tim.o
                0x080004dc                TIM4_IRQHandler
 .text.TIM5_IRQHandler
                0x080004f4       0x18 obj\debug\fil_lib\tim.o
                0x080004f4                TIM5_IRQHandler
 .text.CalcTimPIDFrequency
                0x0800050c       0x98 obj\debug\fil_lib\tim.o
                0x0800050c                CalcTimPIDFrequency
 .text.CalcTimClockSourse
                0x080005a4       0x8c obj\debug\fil_lib\tim.o
                0x080005a4                CalcTimClockSourse
 .text.SetPWM   0x08000630       0x9c obj\debug\fil_lib\tim.o
 .text.SetVoltage
                0x080006cc       0x54 obj\debug\fil_lib\tim.o
                0x080006cc                SetVoltage
 .text.CalcUSARTBaudrate
                0x08000720       0x70 obj\debug\fil_lib\usart.o
                0x08000720                CalcUSARTBaudrate
 .text.__NVIC_EnableIRQ
                0x08000790       0x3c obj\debug\src\main.o
 .text.__NVIC_SetPriority
                0x080007cc       0x54 obj\debug\src\main.o
 .text.SysTick_Config
                0x08000820       0x44 obj\debug\src\main.o
 .text.main     0x08000864      0x884 obj\debug\src\main.o
                0x08000864                main
 .text.SystemInit
                0x080010e8       0x6c obj\debug\src\system_stm32f4xx.o
                0x080010e8                SystemInit
 .text.SetSysClock
                0x08001154       0xf4 obj\debug\src\system_stm32f4xx.o
 *(.glue_7)
 .glue_7        0x08001248        0x0 linker stubs
 *(.glue_7t)
 .glue_7t       0x08001248        0x0 linker stubs
 *(.eh_frame)
 .eh_frame      0x08001248        0x0 d:/2.30/share/armgcc/bin/../lib/gcc/arm-none-eabi/9.3.1/thumb/v7e-m+fp/hard/crtbegin.o
 *(.init)
 .init          0x08001248        0x4 d:/2.30/share/armgcc/bin/../lib/gcc/arm-none-eabi/9.3.1/thumb/v7e-m+fp/hard/crti.o
                0x08001248                _init
 .init          0x0800124c        0x8 d:/2.30/share/armgcc/bin/../lib/gcc/arm-none-eabi/9.3.1/thumb/v7e-m+fp/hard/crtn.o
 *(.fini)
 .fini          0x08001254        0x4 d:/2.30/share/armgcc/bin/../lib/gcc/arm-none-eabi/9.3.1/thumb/v7e-m+fp/hard/crti.o
                0x08001254                _fini
 .fini          0x08001258        0x8 d:/2.30/share/armgcc/bin/../lib/gcc/arm-none-eabi/9.3.1/thumb/v7e-m+fp/hard/crtn.o
                0x08001260                . = ALIGN (0x4)
                0x08001260                _etext = .

.vfp11_veneer   0x08001260        0x0
 .vfp11_veneer  0x08001260        0x0 linker stubs

.v4_bx          0x08001260        0x0
 .v4_bx         0x08001260        0x0 linker stubs

.iplt           0x08001260        0x0
 .iplt          0x08001260        0x0 d:/2.30/share/armgcc/bin/../lib/gcc/arm-none-eabi/9.3.1/thumb/v7e-m+fp/hard/crtbegin.o

.rel.dyn        0x08001260        0x0
 .rel.iplt      0x08001260        0x0 d:/2.30/share/armgcc/bin/../lib/gcc/arm-none-eabi/9.3.1/thumb/v7e-m+fp/hard/crtbegin.o

.rodata         0x08001260        0x0
                0x08001260                . = ALIGN (0x4)
 *(.rodata)
 *(.rodata*)
                0x08001260                . = ALIGN (0x4)

.ARM.extab
 *(.ARM.extab* .gnu.linkonce.armextab.*)

.ARM            0x08001260        0x0
                0x08001260                __exidx_start = .
 *(.ARM.exidx*)
                0x08001260                __exidx_end = .

.preinit_array  0x08001260        0x0
                0x08001260                PROVIDE (__preinit_array_start = .)
 *(.preinit_array*)
                0x08001260                PROVIDE (__preinit_array_end = .)

.init_array     0x08001260        0x4
                0x08001260                PROVIDE (__init_array_start = .)
 *(SORT_BY_NAME(.init_array.*))
 *(.init_array*)
 .init_array    0x08001260        0x4 d:/2.30/share/armgcc/bin/../lib/gcc/arm-none-eabi/9.3.1/thumb/v7e-m+fp/hard/crtbegin.o
                0x08001264                PROVIDE (__init_array_end = .)

.fini_array     0x08001264        0x4
                [!provide]                PROVIDE (__fini_array_start = .)
 *(SORT_BY_NAME(.fini_array.*))
 *(.fini_array*)
 .fini_array    0x08001264        0x4 d:/2.30/share/armgcc/bin/../lib/gcc/arm-none-eabi/9.3.1/thumb/v7e-m+fp/hard/crtbegin.o
                [!provide]                PROVIDE (__fini_array_end = .)
                0x08001268                _sidata = LOADADDR (.data)

.data           0x20000000       0x10 load address 0x08001268
                0x20000000                . = ALIGN (0x4)
                0x20000000                _sdata = .
 *(.data)
 *(.data*)
 .data.PrescalerTable
                0x20000000       0x10 obj\debug\fil_lib\rcc.o
                0x20000010                . = ALIGN (0x4)
                0x20000010                _edata = .

.igot.plt       0x20000010        0x0 load address 0x08001278
 .igot.plt      0x20000010        0x0 d:/2.30/share/armgcc/bin/../lib/gcc/arm-none-eabi/9.3.1/thumb/v7e-m+fp/hard/crtbegin.o
                0x20000010                . = ALIGN (0x4)

.bss            0x20000010       0x64 load address 0x08001278
                0x20000010                _sbss = .
                0x20000010                __bss_start__ = _sbss
 *(.bss)
 .bss           0x20000010       0x1c d:/2.30/share/armgcc/bin/../lib/gcc/arm-none-eabi/9.3.1/thumb/v7e-m+fp/hard/crtbegin.o
 *(.bss*)
 *(COMMON)
 COMMON         0x2000002c       0x48 obj\debug\fil_lib\dma.o
                0x2000002c                xBlinkHandle
                0x20000030                Servo1
                0x20000048                TIMStatus
                0x20000060                Clocks
                0x20000074                . = ALIGN (0x4)
                0x20000074                _ebss = .
                0x20000074                __bss_end__ = _ebss

.heap           0x20000074        0x0 load address 0x08001278
                0x20000074                . = ALIGN (0x4)
                [!provide]                PROVIDE (end = .)
                [!provide]                PROVIDE (_end = .)
 *(.heap*)
                0x20000074                . = (. + _Min_Heap_Size)
                0x20000074                __HeapLimit = .
                0x20000074                . = ALIGN (0x4)

.ARM.attributes
                0x00000000       0x30
 *(.ARM.attributes)
 .ARM.attributes
                0x00000000       0x1e d:/2.30/share/armgcc/bin/../lib/gcc/arm-none-eabi/9.3.1/thumb/v7e-m+fp/hard/crti.o
 .ARM.attributes
                0x0000001e       0x34 d:/2.30/share/armgcc/bin/../lib/gcc/arm-none-eabi/9.3.1/thumb/v7e-m+fp/hard/crtbegin.o
 .ARM.attributes
                0x00000052       0x21 obj\debug\src\startup_stm32f401xc.o
 .ARM.attributes
                0x00000073       0x39 obj\debug\fil_lib\dma.o
 .ARM.attributes
                0x000000ac       0x34 obj\debug\fil_lib\exti.o
 .ARM.attributes
                0x000000e0       0x34 obj\debug\fil_lib\i2c.o
 .ARM.attributes
                0x00000114       0x34 obj\debug\fil_lib\rcc.o
 .ARM.attributes
                0x00000148       0x34 obj\debug\fil_lib\tim.o
 .ARM.attributes
                0x0000017c       0x34 obj\debug\fil_lib\usart.o
 .ARM.attributes
                0x000001b0       0x34 obj\debug\src\main.o
 .ARM.attributes
                0x000001e4       0x34 obj\debug\src\system_stm32f4xx.o
 .ARM.attributes
                0x00000218       0x1e d:/2.30/share/armgcc/bin/../lib/gcc/arm-none-eabi/9.3.1/thumb/v7e-m+fp/hard/crtn.o
                0x2000ff00                __StackLimit = (_estack - _Min_Stack_Size)
                0x00000001                ASSERT ((__StackLimit >= __HeapLimit), Region RAM overflowed with stack)
LOAD obj\debug\src\startup_stm32f401xc.o
LOAD obj\debug\fil_lib\dma.o
LOAD obj\debug\fil_lib\exti.o
LOAD obj\debug\fil_lib\i2c.o
LOAD obj\debug\fil_lib\matrix.o
LOAD obj\debug\fil_lib\rcc.o
LOAD obj\debug\fil_lib\regulators.o
LOAD obj\debug\fil_lib\robot_tasks.o
LOAD obj\debug\fil_lib\tim.o
LOAD obj\debug\fil_lib\usart.o
LOAD obj\debug\src\main.o
LOAD obj\debug\ebmon.o
LOAD obj\debug\src\system_stm32f4xx.o
START GROUP
LOAD d:/2.30/share/armgcc/bin/../lib/gcc/arm-none-eabi/9.3.1/thumb/v7e-m+fp/hard\libgcc.a
LOAD d:/2.30/share/armgcc/bin/../lib/gcc/arm-none-eabi/9.3.1/../../../../arm-none-eabi/lib/thumb/v7e-m+fp/hard\libg_nano.a
LOAD d:/2.30/share/armgcc/bin/../lib/gcc/arm-none-eabi/9.3.1/../../../../arm-none-eabi/lib/thumb/v7e-m+fp/hard\libc_nano.a
END GROUP
START GROUP
LOAD d:/2.30/share/armgcc/bin/../lib/gcc/arm-none-eabi/9.3.1/thumb/v7e-m+fp/hard\libgcc.a
LOAD d:/2.30/share/armgcc/bin/../lib/gcc/arm-none-eabi/9.3.1/../../../../arm-none-eabi/lib/thumb/v7e-m+fp/hard\libc_nano.a
LOAD d:/2.30/share/armgcc/bin/../lib/gcc/arm-none-eabi/9.3.1/../../../../arm-none-eabi/lib/thumb/v7e-m+fp/hard\libnosys.a
END GROUP
START GROUP
LOAD d:/2.30/share/armgcc/bin/../lib/gcc/arm-none-eabi/9.3.1/thumb/v7e-m+fp/hard\libgcc.a
LOAD d:/2.30/share/armgcc/bin/../lib/gcc/arm-none-eabi/9.3.1/../../../../arm-none-eabi/lib/thumb/v7e-m+fp/hard\libc_nano.a
LOAD d:/2.30/share/armgcc/bin/../lib/gcc/arm-none-eabi/9.3.1/../../../../arm-none-eabi/lib/thumb/v7e-m+fp/hard\libnosys.a
END GROUP
LOAD d:/2.30/share/armgcc/bin/../lib/gcc/arm-none-eabi/9.3.1/thumb/v7e-m+fp/hard/crtend.o
LOAD d:/2.30/share/armgcc/bin/../lib/gcc/arm-none-eabi/9.3.1/thumb/v7e-m+fp/hard/crtn.o
OUTPUT(bin\Debug\SmallCar.elf elf32-littlearm)
LOAD linker stubs

.debug_line     0x00000000     0x119d
 .debug_line    0x00000000       0x77 obj\debug\src\startup_stm32f401xc.o
 .debug_line    0x00000077      0x133 obj\debug\fil_lib\dma.o
 .debug_line    0x000001aa      0x228 obj\debug\fil_lib\exti.o
 .debug_line    0x000003d2      0x193 obj\debug\fil_lib\i2c.o
 .debug_line    0x00000565      0x21d obj\debug\fil_lib\rcc.o
 .debug_line    0x00000782      0x410 obj\debug\fil_lib\tim.o
 .debug_line    0x00000b92      0x172 obj\debug\fil_lib\usart.o
 .debug_line    0x00000d04      0x216 obj\debug\src\main.o
 .debug_line    0x00000f1a      0x283 obj\debug\src\system_stm32f4xx.o

.debug_info     0x00000000     0x2c64
 .debug_info    0x00000000       0x22 obj\debug\src\startup_stm32f401xc.o
 .debug_info    0x00000022      0x2f8 obj\debug\fil_lib\dma.o
 .debug_info    0x0000031a      0x37a obj\debug\fil_lib\exti.o
 .debug_info    0x00000694      0x2f8 obj\debug\fil_lib\i2c.o
 .debug_info    0x0000098c      0x4a6 obj\debug\fil_lib\rcc.o
 .debug_info    0x00000e32      0x6f4 obj\debug\fil_lib\tim.o
 .debug_info    0x00001526      0x3c8 obj\debug\fil_lib\usart.o
 .debug_info    0x000018ee      0xd0e obj\debug\src\main.o
 .debug_info    0x000025fc      0x668 obj\debug\src\system_stm32f4xx.o

.debug_abbrev   0x00000000      0xb07
 .debug_abbrev  0x00000000       0x12 obj\debug\src\startup_stm32f401xc.o
 .debug_abbrev  0x00000012       0xdb obj\debug\fil_lib\dma.o
 .debug_abbrev  0x000000ed      0x139 obj\debug\fil_lib\exti.o
 .debug_abbrev  0x00000226       0xf9 obj\debug\fil_lib\i2c.o
 .debug_abbrev  0x0000031f      0x139 obj\debug\fil_lib\rcc.o
 .debug_abbrev  0x00000458      0x1cd obj\debug\fil_lib\tim.o
 .debug_abbrev  0x00000625      0x14e obj\debug\fil_lib\usart.o
 .debug_abbrev  0x00000773      0x21c obj\debug\src\main.o
 .debug_abbrev  0x0000098f      0x178 obj\debug\src\system_stm32f4xx.o

.debug_aranges  0x00000000      0x200
 .debug_aranges
                0x00000000       0x28 obj\debug\src\startup_stm32f401xc.o
 .debug_aranges
                0x00000028       0x18 obj\debug\fil_lib\dma.o
 .debug_aranges
                0x00000040       0x50 obj\debug\fil_lib\exti.o
 .debug_aranges
                0x00000090       0x48 obj\debug\fil_lib\i2c.o
 .debug_aranges
                0x000000d8       0x20 obj\debug\fil_lib\rcc.o
 .debug_aranges
                0x000000f8       0x78 obj\debug\fil_lib\tim.o
 .debug_aranges
                0x00000170       0x20 obj\debug\fil_lib\usart.o
 .debug_aranges
                0x00000190       0x40 obj\debug\src\main.o
 .debug_aranges
                0x000001d0       0x30 obj\debug\src\system_stm32f4xx.o

.debug_str      0x00000000      0xcb5
 .debug_str     0x00000000       0x66 obj\debug\src\startup_stm32f401xc.o
 .debug_str     0x00000066      0x29a obj\debug\fil_lib\dma.o
                                0x344 (size before relaxing)
 .debug_str     0x00000300       0xa9 obj\debug\fil_lib\exti.o
                                0x381 (size before relaxing)
 .debug_str     0x000003a9       0x80 obj\debug\fil_lib\i2c.o
                                0x358 (size before relaxing)
 .debug_str     0x00000429      0x138 obj\debug\fil_lib\rcc.o
                                0x415 (size before relaxing)
 .debug_str     0x00000561      0x1b5 obj\debug\fil_lib\tim.o
                                0x4e1 (size before relaxing)
 .debug_str     0x00000716       0x53 obj\debug\fil_lib\usart.o
                                0x371 (size before relaxing)
 .debug_str     0x00000769      0x491 obj\debug\src\main.o
                                0x93c (size before relaxing)
 .debug_str     0x00000bfa       0xbb obj\debug\src\system_stm32f4xx.o
                                0x410 (size before relaxing)

.debug_ranges   0x00000000      0x170
 .debug_ranges  0x00000000       0x20 obj\debug\src\startup_stm32f401xc.o
 .debug_ranges  0x00000020       0x40 obj\debug\fil_lib\exti.o
 .debug_ranges  0x00000060       0x38 obj\debug\fil_lib\i2c.o
 .debug_ranges  0x00000098       0x10 obj\debug\fil_lib\rcc.o
 .debug_ranges  0x000000a8       0x68 obj\debug\fil_lib\tim.o
 .debug_ranges  0x00000110       0x10 obj\debug\fil_lib\usart.o
 .debug_ranges  0x00000120       0x30 obj\debug\src\main.o
 .debug_ranges  0x00000150       0x20 obj\debug\src\system_stm32f4xx.o

.comment        0x00000000       0x4c
 .comment       0x00000000       0x4c obj\debug\fil_lib\dma.o
                                 0x4d (size before relaxing)
 .comment       0x0000004c       0x4d obj\debug\fil_lib\exti.o
 .comment       0x0000004c       0x4d obj\debug\fil_lib\i2c.o
 .comment       0x0000004c       0x4d obj\debug\fil_lib\rcc.o
 .comment       0x0000004c       0x4d obj\debug\fil_lib\tim.o
 .comment       0x0000004c       0x4d obj\debug\fil_lib\usart.o
 .comment       0x0000004c       0x4d obj\debug\src\main.o
 .comment       0x0000004c       0x4d obj\debug\src\system_stm32f4xx.o

.debug_frame    0x00000000      0x51c
 .debug_frame   0x00000000       0xf0 obj\debug\fil_lib\exti.o
 .debug_frame   0x000000f0       0xd0 obj\debug\fil_lib\i2c.o
 .debug_frame   0x000001c0       0x30 obj\debug\fil_lib\rcc.o
 .debug_frame   0x000001f0      0x1b8 obj\debug\fil_lib\tim.o
 .debug_frame   0x000003a8       0x34 obj\debug\fil_lib\usart.o
 .debug_frame   0x000003dc       0xc4 obj\debug\src\main.o
 .debug_frame   0x000004a0       0x7c obj\debug\src\system_stm32f4xx.o
