Archive member included to satisfy reference by file (symbol)

d:/2.30/share/armgcc/bin/../lib/gcc/arm-none-eabi/9.3.1/../../../../arm-none-eabi/lib/thumb/v7e-m+fp/hard\libg_nano.a(lib_a-exit.o)
                              d:/2.30/share/armgcc/bin/../lib/gcc/arm-none-eabi/9.3.1/../../../../arm-none-eabi/lib/thumb/v7e-m+fp/hard/crt0.o (exit)
d:/2.30/share/armgcc/bin/../lib/gcc/arm-none-eabi/9.3.1/../../../../arm-none-eabi/lib/thumb/v7e-m+fp/hard\libg_nano.a(lib_a-impure.o)
                              d:/2.30/share/armgcc/bin/../lib/gcc/arm-none-eabi/9.3.1/../../../../arm-none-eabi/lib/thumb/v7e-m+fp/hard\libg_nano.a(lib_a-exit.o) (_global_impure_ptr)
d:/2.30/share/armgcc/bin/../lib/gcc/arm-none-eabi/9.3.1/../../../../arm-none-eabi/lib/thumb/v7e-m+fp/hard\libg_nano.a(lib_a-init.o)
                              d:/2.30/share/armgcc/bin/../lib/gcc/arm-none-eabi/9.3.1/../../../../arm-none-eabi/lib/thumb/v7e-m+fp/hard/crt0.o (__libc_init_array)
d:/2.30/share/armgcc/bin/../lib/gcc/arm-none-eabi/9.3.1/../../../../arm-none-eabi/lib/thumb/v7e-m+fp/hard\libg_nano.a(lib_a-memset.o)
                              d:/2.30/share/armgcc/bin/../lib/gcc/arm-none-eabi/9.3.1/../../../../arm-none-eabi/lib/thumb/v7e-m+fp/hard/crt0.o (memset)
d:/2.30/share/armgcc/bin/../lib/gcc/arm-none-eabi/9.3.1/../../../../arm-none-eabi/lib/thumb/v7e-m+fp/hard\libnosys.a(_exit.o)
                              d:/2.30/share/armgcc/bin/../lib/gcc/arm-none-eabi/9.3.1/../../../../arm-none-eabi/lib/thumb/v7e-m+fp/hard\libg_nano.a(lib_a-exit.o) (_exit)

Allocating common symbols
Common symbol       size              file

TIMStatus           0x14              obj\debug\fil_lib\rcc.o
Clocks              0x14              obj\debug\fil_lib\rcc.o

Discarded input sections

 .text          0x00000000        0x0 d:/2.30/share/armgcc/bin/../lib/gcc/arm-none-eabi/9.3.1/thumb/v7e-m+fp/hard/crti.o
 .data          0x00000000        0x0 d:/2.30/share/armgcc/bin/../lib/gcc/arm-none-eabi/9.3.1/thumb/v7e-m+fp/hard/crti.o
 .bss           0x00000000        0x0 d:/2.30/share/armgcc/bin/../lib/gcc/arm-none-eabi/9.3.1/thumb/v7e-m+fp/hard/crti.o
 .data          0x00000000        0x4 d:/2.30/share/armgcc/bin/../lib/gcc/arm-none-eabi/9.3.1/thumb/v7e-m+fp/hard/crtbegin.o
 .text          0x00000000       0x7c d:/2.30/share/armgcc/bin/../lib/gcc/arm-none-eabi/9.3.1/../../../../arm-none-eabi/lib/thumb/v7e-m+fp/hard/crt0.o
 .data          0x00000000        0x0 d:/2.30/share/armgcc/bin/../lib/gcc/arm-none-eabi/9.3.1/../../../../arm-none-eabi/lib/thumb/v7e-m+fp/hard/crt0.o
 .bss           0x00000000        0x0 d:/2.30/share/armgcc/bin/../lib/gcc/arm-none-eabi/9.3.1/../../../../arm-none-eabi/lib/thumb/v7e-m+fp/hard/crt0.o
 .ARM.extab     0x00000000        0x0 d:/2.30/share/armgcc/bin/../lib/gcc/arm-none-eabi/9.3.1/../../../../arm-none-eabi/lib/thumb/v7e-m+fp/hard/crt0.o
 .ARM.exidx     0x00000000       0x10 d:/2.30/share/armgcc/bin/../lib/gcc/arm-none-eabi/9.3.1/../../../../arm-none-eabi/lib/thumb/v7e-m+fp/hard/crt0.o
 .ARM.attributes
                0x00000000       0x1c d:/2.30/share/armgcc/bin/../lib/gcc/arm-none-eabi/9.3.1/../../../../arm-none-eabi/lib/thumb/v7e-m+fp/hard/crt0.o
 .text          0x00000000       0x14 obj\debug\src\startup_stm32f401xc.o
 .data          0x00000000        0x0 obj\debug\src\startup_stm32f401xc.o
 .bss           0x00000000        0x0 obj\debug\src\startup_stm32f401xc.o
 .text          0x00000000        0x0 obj\debug\fil_lib\rcc.o
 .data          0x00000000        0x0 obj\debug\fil_lib\rcc.o
 .bss           0x00000000        0x0 obj\debug\fil_lib\rcc.o
 .data.PrescalerTable
                0x00000000       0x10 obj\debug\fil_lib\rcc.o
 .text.CalcClocksRCC
                0x00000000      0x100 obj\debug\fil_lib\rcc.o
 .debug_info    0x00000000      0x3c8 obj\debug\fil_lib\rcc.o
 .debug_abbrev  0x00000000      0x116 obj\debug\fil_lib\rcc.o
 .debug_aranges
                0x00000000       0x20 obj\debug\fil_lib\rcc.o
 .debug_ranges  0x00000000       0x10 obj\debug\fil_lib\rcc.o
 .debug_line    0x00000000      0x1d1 obj\debug\fil_lib\rcc.o
 .debug_str     0x00000000      0x387 obj\debug\fil_lib\rcc.o
 .comment       0x00000000       0x4d obj\debug\fil_lib\rcc.o
 .debug_frame   0x00000000       0x30 obj\debug\fil_lib\rcc.o
 .ARM.attributes
                0x00000000       0x34 obj\debug\fil_lib\rcc.o
 COMMON         0x00000000       0x28 obj\debug\fil_lib\rcc.o
 .text          0x00000000        0x0 obj\debug\fil_lib\tim.o
 .data          0x00000000        0x0 obj\debug\fil_lib\tim.o
 .bss           0x00000000        0x0 obj\debug\fil_lib\tim.o
 .data.PrescalerTable
                0x00000000       0x10 obj\debug\fil_lib\tim.o
 .text.CalcTimStatus
                0x00000000      0x110 obj\debug\fil_lib\tim.o
 .debug_info    0x00000000      0x40a obj\debug\fil_lib\tim.o
 .debug_abbrev  0x00000000      0x132 obj\debug\fil_lib\tim.o
 .debug_aranges
                0x00000000       0x20 obj\debug\fil_lib\tim.o
 .debug_ranges  0x00000000       0x10 obj\debug\fil_lib\tim.o
 .debug_line    0x00000000      0x1b8 obj\debug\fil_lib\tim.o
 .debug_str     0x00000000      0x35f obj\debug\fil_lib\tim.o
 .comment       0x00000000       0x4d obj\debug\fil_lib\tim.o
 .debug_frame   0x00000000       0x34 obj\debug\fil_lib\tim.o
 .ARM.attributes
                0x00000000       0x34 obj\debug\fil_lib\tim.o
 .text          0x00000000        0x0 obj\debug\fil_lib\usart.o
 .data          0x00000000        0x0 obj\debug\fil_lib\usart.o
 .bss           0x00000000        0x0 obj\debug\fil_lib\usart.o
 .data.PrescalerTable
                0x00000000       0x10 obj\debug\fil_lib\usart.o
 .text.CalcUSARTBaudrate
                0x00000000       0x74 obj\debug\fil_lib\usart.o
 .debug_info    0x00000000      0x302 obj\debug\fil_lib\usart.o
 .debug_abbrev  0x00000000      0x134 obj\debug\fil_lib\usart.o
 .debug_aranges
                0x00000000       0x20 obj\debug\fil_lib\usart.o
 .debug_ranges  0x00000000       0x10 obj\debug\fil_lib\usart.o
 .debug_line    0x00000000      0x140 obj\debug\fil_lib\usart.o
 .debug_str     0x00000000      0x2f7 obj\debug\fil_lib\usart.o
 .comment       0x00000000       0x4d obj\debug\fil_lib\usart.o
 .debug_frame   0x00000000       0x34 obj\debug\fil_lib\usart.o
 .ARM.attributes
                0x00000000       0x34 obj\debug\fil_lib\usart.o
 .text          0x00000000        0x0 obj\debug\src\main.o
 .data          0x00000000        0x0 obj\debug\src\main.o
 .bss           0x00000000        0x0 obj\debug\src\main.o
 .data.PrescalerTable
                0x00000000       0x10 obj\debug\src\main.o
 .text          0x00000000        0x0 obj\debug\fil_lib\interrupts.o
 .data          0x00000000        0x0 obj\debug\fil_lib\interrupts.o
 .bss           0x00000000        0x0 obj\debug\fil_lib\interrupts.o
 .text.USART3_IRQHandler
                0x00000000        0xe obj\debug\fil_lib\interrupts.o
 .text.TIM1_IRQHandler
                0x00000000       0x18 obj\debug\fil_lib\interrupts.o
 .text.TIM6_DAC_IRQHandler
                0x00000000       0x18 obj\debug\fil_lib\interrupts.o
 .text.TIM7_IRQHandler
                0x00000000       0x18 obj\debug\fil_lib\interrupts.o
 .text.TIM8_UP_TIM13_IRQHandler
                0x00000000       0x18 obj\debug\fil_lib\interrupts.o
 .text          0x00000000        0x0 obj\debug\src\system_stm32f4xx.o
 .data          0x00000000        0x0 obj\debug\src\system_stm32f4xx.o
 .bss           0x00000000        0x0 obj\debug\src\system_stm32f4xx.o
 .data.SystemCoreClock
                0x00000000        0x4 obj\debug\src\system_stm32f4xx.o
 .data.AHBPrescTable
                0x00000000       0x10 obj\debug\src\system_stm32f4xx.o
 .text.SystemCoreClockUpdate
                0x00000000      0x104 obj\debug\src\system_stm32f4xx.o
 .text          0x00000000        0x0 obj\debug\ebmon.o
 .data          0x00000000        0x0 obj\debug\ebmon.o
 .bss           0x00000000        0x0 obj\debug\ebmon.o
 .bss._stdout_buffer
                0x00000000      0x100 obj\debug\ebmon.o
 .bss._stdin_buffer
                0x00000000       0x40 obj\debug\ebmon.o
 .data._eb_monitor_stdout
                0x00000000       0x10 obj\debug\ebmon.o
 .data._eb_monitor_stdin
                0x00000000       0x10 obj\debug\ebmon.o
 .bss._eb_initialized
                0x00000000        0x1 obj\debug\ebmon.o
 .text.ebmonitor_init
                0x00000000       0x24 obj\debug\ebmon.o
 .text.EBmonitor_flush
                0x00000000       0x4c obj\debug\ebmon.o
 .text.EBmonitor_kbhit
                0x00000000       0x28 obj\debug\ebmon.o
 .text._write   0x00000000       0x94 obj\debug\ebmon.o
 .text._read    0x00000000       0xa8 obj\debug\ebmon.o
 .debug_info    0x00000000      0xb37 obj\debug\ebmon.o
 .debug_abbrev  0x00000000      0x2aa obj\debug\ebmon.o
 .debug_aranges
                0x00000000       0x40 obj\debug\ebmon.o
 .debug_ranges  0x00000000       0x30 obj\debug\ebmon.o
 .debug_line    0x00000000      0x288 obj\debug\ebmon.o
 .debug_str     0x00000000      0x648 obj\debug\ebmon.o
 .comment       0x00000000       0x4d obj\debug\ebmon.o
 .debug_frame   0x00000000       0xc0 obj\debug\ebmon.o
 .ARM.attributes
                0x00000000       0x34 obj\debug\ebmon.o
 .text          0x00000000        0x0 d:/2.30/share/armgcc/bin/../lib/gcc/arm-none-eabi/9.3.1/../../../../arm-none-eabi/lib/thumb/v7e-m+fp/hard\libg_nano.a(lib_a-exit.o)
 .data          0x00000000        0x0 d:/2.30/share/armgcc/bin/../lib/gcc/arm-none-eabi/9.3.1/../../../../arm-none-eabi/lib/thumb/v7e-m+fp/hard\libg_nano.a(lib_a-exit.o)
 .bss           0x00000000        0x0 d:/2.30/share/armgcc/bin/../lib/gcc/arm-none-eabi/9.3.1/../../../../arm-none-eabi/lib/thumb/v7e-m+fp/hard\libg_nano.a(lib_a-exit.o)
 .text.exit     0x00000000       0x28 d:/2.30/share/armgcc/bin/../lib/gcc/arm-none-eabi/9.3.1/../../../../arm-none-eabi/lib/thumb/v7e-m+fp/hard\libg_nano.a(lib_a-exit.o)
 .debug_frame   0x00000000       0x28 d:/2.30/share/armgcc/bin/../lib/gcc/arm-none-eabi/9.3.1/../../../../arm-none-eabi/lib/thumb/v7e-m+fp/hard\libg_nano.a(lib_a-exit.o)
 .ARM.attributes
                0x00000000       0x34 d:/2.30/share/armgcc/bin/../lib/gcc/arm-none-eabi/9.3.1/../../../../arm-none-eabi/lib/thumb/v7e-m+fp/hard\libg_nano.a(lib_a-exit.o)
 .text          0x00000000        0x0 d:/2.30/share/armgcc/bin/../lib/gcc/arm-none-eabi/9.3.1/../../../../arm-none-eabi/lib/thumb/v7e-m+fp/hard\libg_nano.a(lib_a-impure.o)
 .data          0x00000000        0x0 d:/2.30/share/armgcc/bin/../lib/gcc/arm-none-eabi/9.3.1/../../../../arm-none-eabi/lib/thumb/v7e-m+fp/hard\libg_nano.a(lib_a-impure.o)
 .bss           0x00000000        0x0 d:/2.30/share/armgcc/bin/../lib/gcc/arm-none-eabi/9.3.1/../../../../arm-none-eabi/lib/thumb/v7e-m+fp/hard\libg_nano.a(lib_a-impure.o)
 .data._impure_ptr
                0x00000000        0x4 d:/2.30/share/armgcc/bin/../lib/gcc/arm-none-eabi/9.3.1/../../../../arm-none-eabi/lib/thumb/v7e-m+fp/hard\libg_nano.a(lib_a-impure.o)
 .data.impure_data
                0x00000000       0x60 d:/2.30/share/armgcc/bin/../lib/gcc/arm-none-eabi/9.3.1/../../../../arm-none-eabi/lib/thumb/v7e-m+fp/hard\libg_nano.a(lib_a-impure.o)
 .rodata._global_impure_ptr
                0x00000000        0x4 d:/2.30/share/armgcc/bin/../lib/gcc/arm-none-eabi/9.3.1/../../../../arm-none-eabi/lib/thumb/v7e-m+fp/hard\libg_nano.a(lib_a-impure.o)
 .ARM.attributes
                0x00000000       0x32 d:/2.30/share/armgcc/bin/../lib/gcc/arm-none-eabi/9.3.1/../../../../arm-none-eabi/lib/thumb/v7e-m+fp/hard\libg_nano.a(lib_a-impure.o)
 .text          0x00000000        0x0 d:/2.30/share/armgcc/bin/../lib/gcc/arm-none-eabi/9.3.1/../../../../arm-none-eabi/lib/thumb/v7e-m+fp/hard\libg_nano.a(lib_a-init.o)
 .data          0x00000000        0x0 d:/2.30/share/armgcc/bin/../lib/gcc/arm-none-eabi/9.3.1/../../../../arm-none-eabi/lib/thumb/v7e-m+fp/hard\libg_nano.a(lib_a-init.o)
 .bss           0x00000000        0x0 d:/2.30/share/armgcc/bin/../lib/gcc/arm-none-eabi/9.3.1/../../../../arm-none-eabi/lib/thumb/v7e-m+fp/hard\libg_nano.a(lib_a-init.o)
 .text.__libc_init_array
                0x00000000       0x48 d:/2.30/share/armgcc/bin/../lib/gcc/arm-none-eabi/9.3.1/../../../../arm-none-eabi/lib/thumb/v7e-m+fp/hard\libg_nano.a(lib_a-init.o)
 .debug_frame   0x00000000       0x2c d:/2.30/share/armgcc/bin/../lib/gcc/arm-none-eabi/9.3.1/../../../../arm-none-eabi/lib/thumb/v7e-m+fp/hard\libg_nano.a(lib_a-init.o)
 .ARM.attributes
                0x00000000       0x34 d:/2.30/share/armgcc/bin/../lib/gcc/arm-none-eabi/9.3.1/../../../../arm-none-eabi/lib/thumb/v7e-m+fp/hard\libg_nano.a(lib_a-init.o)
 .text          0x00000000        0x0 d:/2.30/share/armgcc/bin/../lib/gcc/arm-none-eabi/9.3.1/../../../../arm-none-eabi/lib/thumb/v7e-m+fp/hard\libg_nano.a(lib_a-memset.o)
 .data          0x00000000        0x0 d:/2.30/share/armgcc/bin/../lib/gcc/arm-none-eabi/9.3.1/../../../../arm-none-eabi/lib/thumb/v7e-m+fp/hard\libg_nano.a(lib_a-memset.o)
 .bss           0x00000000        0x0 d:/2.30/share/armgcc/bin/../lib/gcc/arm-none-eabi/9.3.1/../../../../arm-none-eabi/lib/thumb/v7e-m+fp/hard\libg_nano.a(lib_a-memset.o)
 .text.memset   0x00000000       0x10 d:/2.30/share/armgcc/bin/../lib/gcc/arm-none-eabi/9.3.1/../../../../arm-none-eabi/lib/thumb/v7e-m+fp/hard\libg_nano.a(lib_a-memset.o)
 .debug_frame   0x00000000       0x20 d:/2.30/share/armgcc/bin/../lib/gcc/arm-none-eabi/9.3.1/../../../../arm-none-eabi/lib/thumb/v7e-m+fp/hard\libg_nano.a(lib_a-memset.o)
 .ARM.attributes
                0x00000000       0x34 d:/2.30/share/armgcc/bin/../lib/gcc/arm-none-eabi/9.3.1/../../../../arm-none-eabi/lib/thumb/v7e-m+fp/hard\libg_nano.a(lib_a-memset.o)
 .text          0x00000000        0x0 d:/2.30/share/armgcc/bin/../lib/gcc/arm-none-eabi/9.3.1/../../../../arm-none-eabi/lib/thumb/v7e-m+fp/hard\libnosys.a(_exit.o)
 .data          0x00000000        0x0 d:/2.30/share/armgcc/bin/../lib/gcc/arm-none-eabi/9.3.1/../../../../arm-none-eabi/lib/thumb/v7e-m+fp/hard\libnosys.a(_exit.o)
 .bss           0x00000000        0x0 d:/2.30/share/armgcc/bin/../lib/gcc/arm-none-eabi/9.3.1/../../../../arm-none-eabi/lib/thumb/v7e-m+fp/hard\libnosys.a(_exit.o)
 .text._exit    0x00000000        0x4 d:/2.30/share/armgcc/bin/../lib/gcc/arm-none-eabi/9.3.1/../../../../arm-none-eabi/lib/thumb/v7e-m+fp/hard\libnosys.a(_exit.o)
 .debug_frame   0x00000000       0x20 d:/2.30/share/armgcc/bin/../lib/gcc/arm-none-eabi/9.3.1/../../../../arm-none-eabi/lib/thumb/v7e-m+fp/hard\libnosys.a(_exit.o)
 .ARM.attributes
                0x00000000       0x34 d:/2.30/share/armgcc/bin/../lib/gcc/arm-none-eabi/9.3.1/../../../../arm-none-eabi/lib/thumb/v7e-m+fp/hard\libnosys.a(_exit.o)
 .text          0x00000000        0x0 d:/2.30/share/armgcc/bin/../lib/gcc/arm-none-eabi/9.3.1/thumb/v7e-m+fp/hard/crtend.o
 .data          0x00000000        0x0 d:/2.30/share/armgcc/bin/../lib/gcc/arm-none-eabi/9.3.1/thumb/v7e-m+fp/hard/crtend.o
 .bss           0x00000000        0x0 d:/2.30/share/armgcc/bin/../lib/gcc/arm-none-eabi/9.3.1/thumb/v7e-m+fp/hard/crtend.o
 .eh_frame      0x00000000        0x4 d:/2.30/share/armgcc/bin/../lib/gcc/arm-none-eabi/9.3.1/thumb/v7e-m+fp/hard/crtend.o
 .ARM.attributes
                0x00000000       0x32 d:/2.30/share/armgcc/bin/../lib/gcc/arm-none-eabi/9.3.1/thumb/v7e-m+fp/hard/crtend.o
 .text          0x00000000        0x0 d:/2.30/share/armgcc/bin/../lib/gcc/arm-none-eabi/9.3.1/thumb/v7e-m+fp/hard/crtn.o
 .data          0x00000000        0x0 d:/2.30/share/armgcc/bin/../lib/gcc/arm-none-eabi/9.3.1/thumb/v7e-m+fp/hard/crtn.o
 .bss           0x00000000        0x0 d:/2.30/share/armgcc/bin/../lib/gcc/arm-none-eabi/9.3.1/thumb/v7e-m+fp/hard/crtn.o

Memory Configuration

Name             Origin             Length             Attributes
FLASH            0x08000000         0x00040000         xr
RAM              0x20000000         0x00010000         xrw
*default*        0x00000000         0xffffffff

Linker script and memory map

LOAD d:/2.30/share/armgcc/bin/../lib/gcc/arm-none-eabi/9.3.1/thumb/v7e-m+fp/hard/crti.o
LOAD d:/2.30/share/armgcc/bin/../lib/gcc/arm-none-eabi/9.3.1/thumb/v7e-m+fp/hard/crtbegin.o
LOAD d:/2.30/share/armgcc/bin/../lib/gcc/arm-none-eabi/9.3.1/../../../../arm-none-eabi/lib/thumb/v7e-m+fp/hard/crt0.o
                0x00000000                __HEAP_SIZE = 0x0
                0x00000100                __STACK_SIZE = 0x100
                0x00000000                _Min_Heap_Size = __HEAP_SIZE
                0x00000100                _Min_Stack_Size = __STACK_SIZE
                0x20010000                _estack = (ORIGIN (RAM) + LENGTH (RAM))

.isr_vector     0x08000000      0x194
                0x08000000                . = ALIGN (0x4)
 *(.isr_vector)
 .isr_vector    0x08000000      0x194 obj\debug\src\startup_stm32f401xc.o
                0x08000000                g_pfnVectors
                0x08000194                . = ALIGN (0x4)

.text           0x08000194      0xa98
                0x08000194                . = ALIGN (0x4)
 *(.text)
 .text          0x08000194       0x40 d:/2.30/share/armgcc/bin/../lib/gcc/arm-none-eabi/9.3.1/thumb/v7e-m+fp/hard/crtbegin.o
 *(.text*)
 .text.Reset_Handler
                0x080001d4       0x4c obj\debug\src\startup_stm32f401xc.o
                0x080001d4                Reset_Handler
 .text.Default_Handler
                0x08000220        0x2 obj\debug\src\startup_stm32f401xc.o
                0x08000220                RTC_Alarm_IRQHandler
                0x08000220                DebugMon_Handler
                0x08000220                SPI4_IRQHandler
                0x08000220                TIM1_CC_IRQHandler
                0x08000220                DMA2_Stream5_IRQHandler
                0x08000220                HardFault_Handler
                0x08000220                DMA1_Stream5_IRQHandler
                0x08000220                SysTick_Handler
                0x08000220                PVD_IRQHandler
                0x08000220                SDIO_IRQHandler
                0x08000220                TAMP_STAMP_IRQHandler
                0x08000220                PendSV_Handler
                0x08000220                NMI_Handler
                0x08000220                TIM1_UP_TIM10_IRQHandler
                0x08000220                I2C3_ER_IRQHandler
                0x08000220                I2C2_EV_IRQHandler
                0x08000220                DMA1_Stream2_IRQHandler
                0x08000220                FPU_IRQHandler
                0x08000220                UsageFault_Handler
                0x08000220                DMA2_Stream2_IRQHandler
                0x08000220                SPI1_IRQHandler
                0x08000220                TIM1_BRK_TIM9_IRQHandler
                0x08000220                DMA2_Stream3_IRQHandler
                0x08000220                USART6_IRQHandler
                0x08000220                DMA2_Stream0_IRQHandler
                0x08000220                I2C1_EV_IRQHandler
                0x08000220                DMA1_Stream6_IRQHandler
                0x08000220                DMA1_Stream1_IRQHandler
                0x08000220                RCC_IRQHandler
                0x08000220                Default_Handler
                0x08000220                ADC_IRQHandler
                0x08000220                DMA1_Stream7_IRQHandler
                0x08000220                DMA2_Stream7_IRQHandler
                0x08000220                I2C3_EV_IRQHandler
                0x08000220                RTC_WKUP_IRQHandler
                0x08000220                SPI2_IRQHandler
                0x08000220                MemManage_Handler
                0x08000220                DMA1_Stream0_IRQHandler
                0x08000220                SVC_Handler
                0x08000220                WWDG_IRQHandler
                0x08000220                OTG_FS_WKUP_IRQHandler
                0x08000220                TIM1_TRG_COM_TIM11_IRQHandler
                0x08000220                USART2_IRQHandler
                0x08000220                I2C2_ER_IRQHandler
                0x08000220                DMA2_Stream1_IRQHandler
                0x08000220                FLASH_IRQHandler
                0x08000220                DMA2_Stream4_IRQHandler
                0x08000220                BusFault_Handler
                0x08000220                USART1_IRQHandler
                0x08000220                OTG_FS_IRQHandler
                0x08000220                SPI3_IRQHandler
                0x08000220                DMA1_Stream4_IRQHandler
                0x08000220                I2C1_ER_IRQHandler
                0x08000220                DMA2_Stream6_IRQHandler
                0x08000220                DMA1_Stream3_IRQHandler
 *fill*         0x08000222        0x2 
 .text.main     0x08000224      0x730 obj\debug\src\main.o
                0x08000224                main
 .text.TIM2_IRQHandler
                0x08000954       0x16 obj\debug\fil_lib\interrupts.o
                0x08000954                TIM2_IRQHandler
 *fill*         0x0800096a        0x2 
 .text.TIM3_IRQHandler
                0x0800096c       0x18 obj\debug\fil_lib\interrupts.o
                0x0800096c                TIM3_IRQHandler
 .text.TIM4_IRQHandler
                0x08000984       0x18 obj\debug\fil_lib\interrupts.o
                0x08000984                TIM4_IRQHandler
 .text.TIM5_IRQHandler
                0x0800099c       0x18 obj\debug\fil_lib\interrupts.o
                0x0800099c                TIM5_IRQHandler
 .text.EXTI0_IRQHandler
                0x080009b4       0x18 obj\debug\fil_lib\interrupts.o
                0x080009b4                EXTI0_IRQHandler
 .text.EXTI1_IRQHandler
                0x080009cc       0x18 obj\debug\fil_lib\interrupts.o
                0x080009cc                EXTI1_IRQHandler
 .text.EXTI2_IRQHandler
                0x080009e4       0x18 obj\debug\fil_lib\interrupts.o
                0x080009e4                EXTI2_IRQHandler
 .text.EXTI3_IRQHandler
                0x080009fc       0x18 obj\debug\fil_lib\interrupts.o
                0x080009fc                EXTI3_IRQHandler
 .text.EXTI4_IRQHandler
                0x08000a14       0x18 obj\debug\fil_lib\interrupts.o
                0x08000a14                EXTI4_IRQHandler
 .text.EXTI9_5_IRQHandler
                0x08000a2c       0x60 obj\debug\fil_lib\interrupts.o
                0x08000a2c                EXTI9_5_IRQHandler
 .text.EXTI15_10_IRQHandler
                0x08000a8c       0x28 obj\debug\fil_lib\interrupts.o
                0x08000a8c                EXTI15_10_IRQHandler
 .text.SystemInit
                0x08000ab4       0x6c obj\debug\src\system_stm32f4xx.o
                0x08000ab4                SystemInit
 .text.SetSysClock
                0x08000b20       0xf4 obj\debug\src\system_stm32f4xx.o
 *(.glue_7)
 .glue_7        0x08000c14        0x0 linker stubs
 *(.glue_7t)
 .glue_7t       0x08000c14        0x0 linker stubs
 *(.eh_frame)
 .eh_frame      0x08000c14        0x0 d:/2.30/share/armgcc/bin/../lib/gcc/arm-none-eabi/9.3.1/thumb/v7e-m+fp/hard/crtbegin.o
 *(.init)
 .init          0x08000c14        0x4 d:/2.30/share/armgcc/bin/../lib/gcc/arm-none-eabi/9.3.1/thumb/v7e-m+fp/hard/crti.o
                0x08000c14                _init
 .init          0x08000c18        0x8 d:/2.30/share/armgcc/bin/../lib/gcc/arm-none-eabi/9.3.1/thumb/v7e-m+fp/hard/crtn.o
 *(.fini)
 .fini          0x08000c20        0x4 d:/2.30/share/armgcc/bin/../lib/gcc/arm-none-eabi/9.3.1/thumb/v7e-m+fp/hard/crti.o
                0x08000c20                _fini
 .fini          0x08000c24        0x8 d:/2.30/share/armgcc/bin/../lib/gcc/arm-none-eabi/9.3.1/thumb/v7e-m+fp/hard/crtn.o
                0x08000c2c                . = ALIGN (0x4)
                0x08000c2c                _etext = .

.vfp11_veneer   0x08000c2c        0x0
 .vfp11_veneer  0x08000c2c        0x0 linker stubs

.v4_bx          0x08000c2c        0x0
 .v4_bx         0x08000c2c        0x0 linker stubs

.iplt           0x08000c2c        0x0
 .iplt          0x08000c2c        0x0 d:/2.30/share/armgcc/bin/../lib/gcc/arm-none-eabi/9.3.1/thumb/v7e-m+fp/hard/crtbegin.o

.rel.dyn        0x08000c2c        0x0
 .rel.iplt      0x08000c2c        0x0 d:/2.30/share/armgcc/bin/../lib/gcc/arm-none-eabi/9.3.1/thumb/v7e-m+fp/hard/crtbegin.o

.rodata         0x08000c2c        0x0
                0x08000c2c                . = ALIGN (0x4)
 *(.rodata)
 *(.rodata*)
                0x08000c2c                . = ALIGN (0x4)

.ARM.extab
 *(.ARM.extab* .gnu.linkonce.armextab.*)

.ARM            0x08000c2c        0x0
                0x08000c2c                __exidx_start = .
 *(.ARM.exidx*)
                0x08000c2c                __exidx_end = .

.preinit_array  0x08000c2c        0x0
                0x08000c2c                PROVIDE (__preinit_array_start = .)
 *(.preinit_array*)
                0x08000c2c                PROVIDE (__preinit_array_end = .)

.init_array     0x08000c2c        0x4
                0x08000c2c                PROVIDE (__init_array_start = .)
 *(SORT_BY_NAME(.init_array.*))
 *(.init_array*)
 .init_array    0x08000c2c        0x4 d:/2.30/share/armgcc/bin/../lib/gcc/arm-none-eabi/9.3.1/thumb/v7e-m+fp/hard/crtbegin.o
                0x08000c30                PROVIDE (__init_array_end = .)

.fini_array     0x08000c30        0x4
                [!provide]                PROVIDE (__fini_array_start = .)
 *(SORT_BY_NAME(.fini_array.*))
 *(.fini_array*)
 .fini_array    0x08000c30        0x4 d:/2.30/share/armgcc/bin/../lib/gcc/arm-none-eabi/9.3.1/thumb/v7e-m+fp/hard/crtbegin.o
                [!provide]                PROVIDE (__fini_array_end = .)
                0x08000c34                _sidata = LOADADDR (.data)

.data           0x20000000        0x0 load address 0x08000c34
                0x20000000                . = ALIGN (0x4)
                0x20000000                _sdata = .
 *(.data)
 *(.data*)
                0x20000000                . = ALIGN (0x4)
                0x20000000                _edata = .

.igot.plt       0x20000000        0x0 load address 0x08000c34
 .igot.plt      0x20000000        0x0 d:/2.30/share/armgcc/bin/../lib/gcc/arm-none-eabi/9.3.1/thumb/v7e-m+fp/hard/crtbegin.o
                0x20000000                . = ALIGN (0x4)

.bss            0x20000000       0x1c load address 0x08000c34
                0x20000000                _sbss = .
                0x20000000                __bss_start__ = _sbss
 *(.bss)
 .bss           0x20000000       0x1c d:/2.30/share/armgcc/bin/../lib/gcc/arm-none-eabi/9.3.1/thumb/v7e-m+fp/hard/crtbegin.o
 *(.bss*)
 *(COMMON)
                0x2000001c                . = ALIGN (0x4)
                0x2000001c                _ebss = .
                0x2000001c                __bss_end__ = _ebss

.heap           0x2000001c        0x0 load address 0x08000c34
                0x2000001c                . = ALIGN (0x4)
                [!provide]                PROVIDE (end = .)
                [!provide]                PROVIDE (_end = .)
 *(.heap*)
                0x2000001c                . = (. + _Min_Heap_Size)
                0x2000001c                __HeapLimit = .
                0x2000001c                . = ALIGN (0x4)

.ARM.attributes
                0x00000000       0x30
 *(.ARM.attributes)
 .ARM.attributes
                0x00000000       0x1e d:/2.30/share/armgcc/bin/../lib/gcc/arm-none-eabi/9.3.1/thumb/v7e-m+fp/hard/crti.o
 .ARM.attributes
                0x0000001e       0x34 d:/2.30/share/armgcc/bin/../lib/gcc/arm-none-eabi/9.3.1/thumb/v7e-m+fp/hard/crtbegin.o
 .ARM.attributes
                0x00000052       0x21 obj\debug\src\startup_stm32f401xc.o
 .ARM.attributes
                0x00000073       0x34 obj\debug\src\main.o
 .ARM.attributes
                0x000000a7       0x34 obj\debug\fil_lib\interrupts.o
 .ARM.attributes
                0x000000db       0x34 obj\debug\src\system_stm32f4xx.o
 .ARM.attributes
                0x0000010f       0x1e d:/2.30/share/armgcc/bin/../lib/gcc/arm-none-eabi/9.3.1/thumb/v7e-m+fp/hard/crtn.o
                0x2000ff00                __StackLimit = (_estack - _Min_Stack_Size)
                0x00000001                ASSERT ((__StackLimit >= __HeapLimit), Region RAM overflowed with stack)
LOAD obj\debug\src\startup_stm32f401xc.o
LOAD obj\debug\fil_lib\rcc.o
LOAD obj\debug\fil_lib\tim.o
LOAD obj\debug\fil_lib\usart.o
LOAD obj\debug\src\main.o
LOAD obj\debug\fil_lib\interrupts.o
LOAD obj\debug\src\system_stm32f4xx.o
LOAD obj\debug\ebmon.o
START GROUP
LOAD d:/2.30/share/armgcc/bin/../lib/gcc/arm-none-eabi/9.3.1/thumb/v7e-m+fp/hard\libgcc.a
LOAD d:/2.30/share/armgcc/bin/../lib/gcc/arm-none-eabi/9.3.1/../../../../arm-none-eabi/lib/thumb/v7e-m+fp/hard\libg_nano.a
LOAD d:/2.30/share/armgcc/bin/../lib/gcc/arm-none-eabi/9.3.1/../../../../arm-none-eabi/lib/thumb/v7e-m+fp/hard\libc_nano.a
END GROUP
START GROUP
LOAD d:/2.30/share/armgcc/bin/../lib/gcc/arm-none-eabi/9.3.1/thumb/v7e-m+fp/hard\libgcc.a
LOAD d:/2.30/share/armgcc/bin/../lib/gcc/arm-none-eabi/9.3.1/../../../../arm-none-eabi/lib/thumb/v7e-m+fp/hard\libc_nano.a
LOAD d:/2.30/share/armgcc/bin/../lib/gcc/arm-none-eabi/9.3.1/../../../../arm-none-eabi/lib/thumb/v7e-m+fp/hard\libnosys.a
END GROUP
START GROUP
LOAD d:/2.30/share/armgcc/bin/../lib/gcc/arm-none-eabi/9.3.1/thumb/v7e-m+fp/hard\libgcc.a
LOAD d:/2.30/share/armgcc/bin/../lib/gcc/arm-none-eabi/9.3.1/../../../../arm-none-eabi/lib/thumb/v7e-m+fp/hard\libc_nano.a
LOAD d:/2.30/share/armgcc/bin/../lib/gcc/arm-none-eabi/9.3.1/../../../../arm-none-eabi/lib/thumb/v7e-m+fp/hard\libnosys.a
END GROUP
LOAD d:/2.30/share/armgcc/bin/../lib/gcc/arm-none-eabi/9.3.1/thumb/v7e-m+fp/hard/crtend.o
LOAD d:/2.30/share/armgcc/bin/../lib/gcc/arm-none-eabi/9.3.1/thumb/v7e-m+fp/hard/crtn.o
OUTPUT(bin\Debug\SmallCar.elf elf32-littlearm)
LOAD linker stubs

.debug_line     0x00000000      0x6f1
 .debug_line    0x00000000       0x77 obj\debug\src\startup_stm32f401xc.o
 .debug_line    0x00000077      0x125 obj\debug\src\main.o
 .debug_line    0x0000019c      0x2d2 obj\debug\fil_lib\interrupts.o
 .debug_line    0x0000046e      0x283 obj\debug\src\system_stm32f4xx.o

.debug_info     0x00000000     0x10f6
 .debug_info    0x00000000       0x22 obj\debug\src\startup_stm32f401xc.o
 .debug_info    0x00000022      0x5f7 obj\debug\src\main.o
 .debug_info    0x00000619      0x475 obj\debug\fil_lib\interrupts.o
 .debug_info    0x00000a8e      0x668 obj\debug\src\system_stm32f4xx.o

.debug_abbrev   0x00000000      0x362
 .debug_abbrev  0x00000000       0x12 obj\debug\src\startup_stm32f401xc.o
 .debug_abbrev  0x00000012      0x118 obj\debug\src\main.o
 .debug_abbrev  0x0000012a       0xc0 obj\debug\fil_lib\interrupts.o
 .debug_abbrev  0x000001ea      0x178 obj\debug\src\system_stm32f4xx.o

.debug_aranges  0x00000000      0x110
 .debug_aranges
                0x00000000       0x28 obj\debug\src\startup_stm32f401xc.o
 .debug_aranges
                0x00000028       0x20 obj\debug\src\main.o
 .debug_aranges
                0x00000048       0x98 obj\debug\fil_lib\interrupts.o
 .debug_aranges
                0x000000e0       0x30 obj\debug\src\system_stm32f4xx.o

.debug_str      0x00000000      0x653
 .debug_str     0x00000000       0x66 obj\debug\src\startup_stm32f401xc.o
 .debug_str     0x00000066      0x390 obj\debug\src\main.o
                                0x429 (size before relaxing)
 .debug_str     0x000003f6      0x14e obj\debug\fil_lib\interrupts.o
                                0x3f7 (size before relaxing)
 .debug_str     0x00000544      0x10f obj\debug\src\system_stm32f4xx.o
                                0x410 (size before relaxing)

.debug_ranges   0x00000000       0xd8
 .debug_ranges  0x00000000       0x20 obj\debug\src\startup_stm32f401xc.o
 .debug_ranges  0x00000020       0x10 obj\debug\src\main.o
 .debug_ranges  0x00000030       0x88 obj\debug\fil_lib\interrupts.o
 .debug_ranges  0x000000b8       0x20 obj\debug\src\system_stm32f4xx.o

.comment        0x00000000       0x4c
 .comment       0x00000000       0x4c obj\debug\src\main.o
                                 0x4d (size before relaxing)
 .comment       0x0000004c       0x4d obj\debug\fil_lib\interrupts.o
 .comment       0x0000004c       0x4d obj\debug\src\system_stm32f4xx.o

.debug_frame    0x00000000      0x2b4
 .debug_frame   0x00000000       0x28 obj\debug\src\main.o
 .debug_frame   0x00000028      0x210 obj\debug\fil_lib\interrupts.o
 .debug_frame   0x00000238       0x7c obj\debug\src\system_stm32f4xx.o
