Archive member included to satisfy reference by file (symbol)

d:/2.30/share/armgcc/bin/../lib/gcc/arm-none-eabi/9.3.1/../../../../arm-none-eabi/lib/thumb/v7e-m+fp/hard\libg_nano.a(lib_a-exit.o)
                              d:/2.30/share/armgcc/bin/../lib/gcc/arm-none-eabi/9.3.1/../../../../arm-none-eabi/lib/thumb/v7e-m+fp/hard/crt0.o (exit)
d:/2.30/share/armgcc/bin/../lib/gcc/arm-none-eabi/9.3.1/../../../../arm-none-eabi/lib/thumb/v7e-m+fp/hard\libg_nano.a(lib_a-impure.o)
                              d:/2.30/share/armgcc/bin/../lib/gcc/arm-none-eabi/9.3.1/../../../../arm-none-eabi/lib/thumb/v7e-m+fp/hard\libg_nano.a(lib_a-exit.o) (_global_impure_ptr)
d:/2.30/share/armgcc/bin/../lib/gcc/arm-none-eabi/9.3.1/../../../../arm-none-eabi/lib/thumb/v7e-m+fp/hard\libg_nano.a(lib_a-init.o)
                              d:/2.30/share/armgcc/bin/../lib/gcc/arm-none-eabi/9.3.1/../../../../arm-none-eabi/lib/thumb/v7e-m+fp/hard/crt0.o (__libc_init_array)
d:/2.30/share/armgcc/bin/../lib/gcc/arm-none-eabi/9.3.1/../../../../arm-none-eabi/lib/thumb/v7e-m+fp/hard\libg_nano.a(lib_a-memcpy-stub.o)
                              obj\debug\fil_lib\freertos_lib\queue.o (memcpy)
d:/2.30/share/armgcc/bin/../lib/gcc/arm-none-eabi/9.3.1/../../../../arm-none-eabi/lib/thumb/v7e-m+fp/hard\libg_nano.a(lib_a-memset.o)
                              d:/2.30/share/armgcc/bin/../lib/gcc/arm-none-eabi/9.3.1/../../../../arm-none-eabi/lib/thumb/v7e-m+fp/hard/crt0.o (memset)
d:/2.30/share/armgcc/bin/../lib/gcc/arm-none-eabi/9.3.1/../../../../arm-none-eabi/lib/thumb/v7e-m+fp/hard\libnosys.a(_exit.o)
                              d:/2.30/share/armgcc/bin/../lib/gcc/arm-none-eabi/9.3.1/../../../../arm-none-eabi/lib/thumb/v7e-m+fp/hard\libg_nano.a(lib_a-exit.o) (_exit)

Allocating common symbols
Common symbol       size              file

Servo1              0x18              obj\debug\fil_lib\adc.o
xQueueRegistry      0x40              obj\debug\fil_lib\freertos_lib\queue.o
TIMStatus           0x18              obj\debug\fil_lib\adc.o
Motor_Coord         0x4               obj\debug\fil_lib\regulators.o
EncData             0x2               obj\debug\fil_lib\regulators.o
ADCStatus           0x28              obj\debug\fil_lib\adc.o
EngineReg           0x40              obj\debug\fil_lib\adc.o
Clocks              0x14              obj\debug\fil_lib\adc.o

Discarded input sections

 .text          0x00000000        0x0 d:/2.30/share/armgcc/bin/../lib/gcc/arm-none-eabi/9.3.1/thumb/v7e-m+fp/hard/crti.o
 .data          0x00000000        0x0 d:/2.30/share/armgcc/bin/../lib/gcc/arm-none-eabi/9.3.1/thumb/v7e-m+fp/hard/crti.o
 .bss           0x00000000        0x0 d:/2.30/share/armgcc/bin/../lib/gcc/arm-none-eabi/9.3.1/thumb/v7e-m+fp/hard/crti.o
 .data          0x00000000        0x4 d:/2.30/share/armgcc/bin/../lib/gcc/arm-none-eabi/9.3.1/thumb/v7e-m+fp/hard/crtbegin.o
 .text          0x00000000       0x7c d:/2.30/share/armgcc/bin/../lib/gcc/arm-none-eabi/9.3.1/../../../../arm-none-eabi/lib/thumb/v7e-m+fp/hard/crt0.o
 .data          0x00000000        0x0 d:/2.30/share/armgcc/bin/../lib/gcc/arm-none-eabi/9.3.1/../../../../arm-none-eabi/lib/thumb/v7e-m+fp/hard/crt0.o
 .bss           0x00000000        0x0 d:/2.30/share/armgcc/bin/../lib/gcc/arm-none-eabi/9.3.1/../../../../arm-none-eabi/lib/thumb/v7e-m+fp/hard/crt0.o
 .ARM.extab     0x00000000        0x0 d:/2.30/share/armgcc/bin/../lib/gcc/arm-none-eabi/9.3.1/../../../../arm-none-eabi/lib/thumb/v7e-m+fp/hard/crt0.o
 .ARM.exidx     0x00000000       0x10 d:/2.30/share/armgcc/bin/../lib/gcc/arm-none-eabi/9.3.1/../../../../arm-none-eabi/lib/thumb/v7e-m+fp/hard/crt0.o
 .ARM.attributes
                0x00000000       0x1c d:/2.30/share/armgcc/bin/../lib/gcc/arm-none-eabi/9.3.1/../../../../arm-none-eabi/lib/thumb/v7e-m+fp/hard/crt0.o
 .text          0x00000000       0x14 obj\debug\src\startup_stm32f401xc.o
 .data          0x00000000        0x0 obj\debug\src\startup_stm32f401xc.o
 .bss           0x00000000        0x0 obj\debug\src\startup_stm32f401xc.o
 .text          0x00000000        0x0 obj\debug\fil_lib\adc.o
 .data          0x00000000        0x0 obj\debug\fil_lib\adc.o
 .bss           0x00000000        0x0 obj\debug\fil_lib\adc.o
 .data.PrescalerTable
                0x00000000       0x10 obj\debug\fil_lib\adc.o
 .data.Multi_In
                0x00000000       0x20 obj\debug\fil_lib\adc.o
 .text.SetMulriplexer_State
                0x00000000       0x70 obj\debug\fil_lib\adc.o
 .text.ADC_Multiplexer_Get
                0x00000000       0x84 obj\debug\fil_lib\adc.o
 .bss.NumPort.7224
                0x00000000        0x4 obj\debug\fil_lib\adc.o
 .text          0x00000000        0x0 obj\debug\fil_lib\dma.o
 .data          0x00000000        0x0 obj\debug\fil_lib\dma.o
 .bss           0x00000000        0x0 obj\debug\fil_lib\dma.o
 .data.PrescalerTable
                0x00000000       0x10 obj\debug\fil_lib\dma.o
 .debug_info    0x00000000      0x45c obj\debug\fil_lib\dma.o
 .debug_abbrev  0x00000000       0xd2 obj\debug\fil_lib\dma.o
 .debug_aranges
                0x00000000       0x18 obj\debug\fil_lib\dma.o
 .debug_line    0x00000000      0x11a obj\debug\fil_lib\dma.o
 .debug_str     0x00000000      0x3fe obj\debug\fil_lib\dma.o
 .comment       0x00000000       0x4d obj\debug\fil_lib\dma.o
 .ARM.attributes
                0x00000000       0x39 obj\debug\fil_lib\dma.o
 .text          0x00000000        0x0 obj\debug\fil_lib\exti.o
 .data          0x00000000        0x0 obj\debug\fil_lib\exti.o
 .bss           0x00000000        0x0 obj\debug\fil_lib\exti.o
 .data.PrescalerTable
                0x00000000       0x10 obj\debug\fil_lib\exti.o
 .text          0x00000000        0x0 obj\debug\fil_lib\freertos_lib\croutine.o
 .data          0x00000000        0x0 obj\debug\fil_lib\freertos_lib\croutine.o
 .bss           0x00000000        0x0 obj\debug\fil_lib\freertos_lib\croutine.o
 .debug_info    0x00000000       0xc0 obj\debug\fil_lib\freertos_lib\croutine.o
 .debug_abbrev  0x00000000       0x62 obj\debug\fil_lib\freertos_lib\croutine.o
 .debug_aranges
                0x00000000       0x18 obj\debug\fil_lib\freertos_lib\croutine.o
 .debug_line    0x00000000       0xd2 obj\debug\fil_lib\freertos_lib\croutine.o
 .debug_str     0x00000000      0x1e6 obj\debug\fil_lib\freertos_lib\croutine.o
 .comment       0x00000000       0x4d obj\debug\fil_lib\freertos_lib\croutine.o
 .ARM.attributes
                0x00000000       0x39 obj\debug\fil_lib\freertos_lib\croutine.o
 .text          0x00000000        0x0 obj\debug\fil_lib\freertos_lib\event_groups.o
 .data          0x00000000        0x0 obj\debug\fil_lib\freertos_lib\event_groups.o
 .bss           0x00000000        0x0 obj\debug\fil_lib\freertos_lib\event_groups.o
 .text.xEventGroupCreate
                0x00000000       0x2e obj\debug\fil_lib\freertos_lib\event_groups.o
 .text.xEventGroupSync
                0x00000000      0x15c obj\debug\fil_lib\freertos_lib\event_groups.o
 .text.xEventGroupWaitBits
                0x00000000      0x19c obj\debug\fil_lib\freertos_lib\event_groups.o
 .text.xEventGroupClearBits
                0x00000000       0x70 obj\debug\fil_lib\freertos_lib\event_groups.o
 .text.xEventGroupGetBitsFromISR
                0x00000000       0x48 obj\debug\fil_lib\freertos_lib\event_groups.o
 .text.xEventGroupSetBits
                0x00000000      0x116 obj\debug\fil_lib\freertos_lib\event_groups.o
 .text.vEventGroupDelete
                0x00000000       0x62 obj\debug\fil_lib\freertos_lib\event_groups.o
 .text.vEventGroupSetBitsCallback
                0x00000000       0x1a obj\debug\fil_lib\freertos_lib\event_groups.o
 .text.vEventGroupClearBitsCallback
                0x00000000       0x1a obj\debug\fil_lib\freertos_lib\event_groups.o
 .text.prvTestWaitCondition
                0x00000000       0x44 obj\debug\fil_lib\freertos_lib\event_groups.o
 .text.uxEventGroupGetNumber
                0x00000000       0x2c obj\debug\fil_lib\freertos_lib\event_groups.o
 .text.vEventGroupSetNumber
                0x00000000       0x1c obj\debug\fil_lib\freertos_lib\event_groups.o
 .debug_info    0x00000000     0x11e0 obj\debug\fil_lib\freertos_lib\event_groups.o
 .debug_abbrev  0x00000000      0x36a obj\debug\fil_lib\freertos_lib\event_groups.o
 .debug_aranges
                0x00000000       0x78 obj\debug\fil_lib\freertos_lib\event_groups.o
 .debug_ranges  0x00000000       0x68 obj\debug\fil_lib\freertos_lib\event_groups.o
 .debug_line    0x00000000      0x605 obj\debug\fil_lib\freertos_lib\event_groups.o
 .debug_str     0x00000000      0x9cb obj\debug\fil_lib\freertos_lib\event_groups.o
 .comment       0x00000000       0x4d obj\debug\fil_lib\freertos_lib\event_groups.o
 .debug_frame   0x00000000      0x1d0 obj\debug\fil_lib\freertos_lib\event_groups.o
 .ARM.attributes
                0x00000000       0x34 obj\debug\fil_lib\freertos_lib\event_groups.o
 .text          0x00000000        0x0 obj\debug\fil_lib\freertos_lib\heap_2.o
 .data          0x00000000        0x0 obj\debug\fil_lib\freertos_lib\heap_2.o
 .bss           0x00000000        0x0 obj\debug\fil_lib\freertos_lib\heap_2.o
 .bss.ucHeap    0x00000000    0x12c00 obj\debug\fil_lib\freertos_lib\heap_2.o
 .rodata.heapSTRUCT_SIZE
                0x00000000        0x2 obj\debug\fil_lib\freertos_lib\heap_2.o
 .bss.xStart    0x00000000        0x8 obj\debug\fil_lib\freertos_lib\heap_2.o
 .bss.xEnd      0x00000000        0x8 obj\debug\fil_lib\freertos_lib\heap_2.o
 .data.xFreeBytesRemaining
                0x00000000        0x4 obj\debug\fil_lib\freertos_lib\heap_2.o
 .text.pvPortMalloc
                0x00000000      0x164 obj\debug\fil_lib\freertos_lib\heap_2.o
 .text.vPortFree
                0x00000000       0x74 obj\debug\fil_lib\freertos_lib\heap_2.o
 .text.xPortGetFreeHeapSize
                0x00000000       0x18 obj\debug\fil_lib\freertos_lib\heap_2.o
 .text.vPortInitialiseBlocks
                0x00000000        0xe obj\debug\fil_lib\freertos_lib\heap_2.o
 .text.prvHeapInit
                0x00000000       0x54 obj\debug\fil_lib\freertos_lib\heap_2.o
 .bss.xHeapHasBeenInitialised.8100
                0x00000000        0x4 obj\debug\fil_lib\freertos_lib\heap_2.o
 .debug_info    0x00000000      0xc23 obj\debug\fil_lib\freertos_lib\heap_2.o
 .debug_abbrev  0x00000000      0x305 obj\debug\fil_lib\freertos_lib\heap_2.o
 .debug_aranges
                0x00000000       0x40 obj\debug\fil_lib\freertos_lib\heap_2.o
 .debug_ranges  0x00000000       0x30 obj\debug\fil_lib\freertos_lib\heap_2.o
 .debug_line    0x00000000      0x344 obj\debug\fil_lib\freertos_lib\heap_2.o
 .debug_str     0x00000000      0x77d obj\debug\fil_lib\freertos_lib\heap_2.o
 .comment       0x00000000       0x4d obj\debug\fil_lib\freertos_lib\heap_2.o
 .debug_frame   0x00000000       0xc0 obj\debug\fil_lib\freertos_lib\heap_2.o
 .ARM.attributes
                0x00000000       0x34 obj\debug\fil_lib\freertos_lib\heap_2.o
 .text          0x00000000        0x0 obj\debug\fil_lib\freertos_lib\list.o
 .data          0x00000000        0x0 obj\debug\fil_lib\freertos_lib\list.o
 .bss           0x00000000        0x0 obj\debug\fil_lib\freertos_lib\list.o
 .text.vListInitialise
                0x00000000       0x40 obj\debug\fil_lib\freertos_lib\list.o
 .text.vListInitialiseItem
                0x00000000       0x1a obj\debug\fil_lib\freertos_lib\list.o
 .text.vListInsertEnd
                0x00000000       0x48 obj\debug\fil_lib\freertos_lib\list.o
 .text.vListInsert
                0x00000000       0x72 obj\debug\fil_lib\freertos_lib\list.o
 .text.uxListRemove
                0x00000000       0x54 obj\debug\fil_lib\freertos_lib\list.o
 .debug_info    0x00000000      0xba8 obj\debug\fil_lib\freertos_lib\list.o
 .debug_abbrev  0x00000000      0x232 obj\debug\fil_lib\freertos_lib\list.o
 .debug_aranges
                0x00000000       0x40 obj\debug\fil_lib\freertos_lib\list.o
 .debug_ranges  0x00000000       0x30 obj\debug\fil_lib\freertos_lib\list.o
 .debug_line    0x00000000      0x2c2 obj\debug\fil_lib\freertos_lib\list.o
 .debug_str     0x00000000      0x707 obj\debug\fil_lib\freertos_lib\list.o
 .comment       0x00000000       0x4d obj\debug\fil_lib\freertos_lib\list.o
 .debug_frame   0x00000000       0xd8 obj\debug\fil_lib\freertos_lib\list.o
 .ARM.attributes
                0x00000000       0x34 obj\debug\fil_lib\freertos_lib\list.o
 .text          0x00000000        0x0 obj\debug\fil_lib\freertos_lib\port.o
 .data          0x00000000        0x0 obj\debug\fil_lib\freertos_lib\port.o
 .bss           0x00000000        0x0 obj\debug\fil_lib\freertos_lib\port.o
 .debug_line    0x00000000        0x0 obj\debug\fil_lib\freertos_lib\port.o
 .debug_str     0x00000000      0x10a obj\debug\fil_lib\freertos_lib\port.o
 .comment       0x00000000       0x4d obj\debug\fil_lib\freertos_lib\port.o
 .ARM.attributes
                0x00000000       0x39 obj\debug\fil_lib\freertos_lib\port.o
 .text          0x00000000        0x0 obj\debug\fil_lib\freertos_lib\queue.o
 .data          0x00000000        0x0 obj\debug\fil_lib\freertos_lib\queue.o
 .bss           0x00000000        0x0 obj\debug\fil_lib\freertos_lib\queue.o
 .text.xQueueGenericReset
                0x00000000       0xd0 obj\debug\fil_lib\freertos_lib\queue.o
 .text.xQueueGenericCreate
                0x00000000       0xbe obj\debug\fil_lib\freertos_lib\queue.o
 .text.prvInitialiseNewQueue
                0x00000000       0x46 obj\debug\fil_lib\freertos_lib\queue.o
 .text.prvInitialiseMutex
                0x00000000       0x34 obj\debug\fil_lib\freertos_lib\queue.o
 .text.xQueueCreateMutex
                0x00000000       0x30 obj\debug\fil_lib\freertos_lib\queue.o
 .text.xQueueGiveMutexRecursive
                0x00000000       0x68 obj\debug\fil_lib\freertos_lib\queue.o
 .text.xQueueTakeMutexRecursive
                0x00000000       0x6c obj\debug\fil_lib\freertos_lib\queue.o
 .text.xQueueCreateCountingSemaphore
                0x00000000       0x66 obj\debug\fil_lib\freertos_lib\queue.o
 .text.xQueueGenericSend
                0x00000000      0x1fc obj\debug\fil_lib\freertos_lib\queue.o
 .text.xQueueGenericSendFromISR
                0x00000000      0x154 obj\debug\fil_lib\freertos_lib\queue.o
 .text.xQueueGiveFromISR
                0x00000000      0x138 obj\debug\fil_lib\freertos_lib\queue.o
 .text.xQueueReceive
                0x00000000      0x1c0 obj\debug\fil_lib\freertos_lib\queue.o
 .text.xQueueSemaphoreTake
                0x00000000      0x218 obj\debug\fil_lib\freertos_lib\queue.o
 .text.xQueuePeek
                0x00000000      0x1c4 obj\debug\fil_lib\freertos_lib\queue.o
 .text.xQueueReceiveFromISR
                0x00000000      0x11e obj\debug\fil_lib\freertos_lib\queue.o
 .text.xQueuePeekFromISR
                0x00000000       0xd2 obj\debug\fil_lib\freertos_lib\queue.o
 .text.uxQueueMessagesWaiting
                0x00000000       0x3c obj\debug\fil_lib\freertos_lib\queue.o
 .text.uxQueueSpacesAvailable
                0x00000000       0x46 obj\debug\fil_lib\freertos_lib\queue.o
 .text.uxQueueMessagesWaitingFromISR
                0x00000000       0x3c obj\debug\fil_lib\freertos_lib\queue.o
 .text.vQueueDelete
                0x00000000       0x3c obj\debug\fil_lib\freertos_lib\queue.o
 .text.uxQueueGetQueueNumber
                0x00000000       0x18 obj\debug\fil_lib\freertos_lib\queue.o
 .text.vQueueSetQueueNumber
                0x00000000       0x1c obj\debug\fil_lib\freertos_lib\queue.o
 .text.ucQueueGetQueueType
                0x00000000       0x1a obj\debug\fil_lib\freertos_lib\queue.o
 .text.prvGetDisinheritPriorityAfterTimeout
                0x00000000       0x30 obj\debug\fil_lib\freertos_lib\queue.o
 .text.prvCopyDataToQueue
                0x00000000       0xd4 obj\debug\fil_lib\freertos_lib\queue.o
 .text.prvCopyDataFromQueue
                0x00000000       0x4c obj\debug\fil_lib\freertos_lib\queue.o
 .text.prvUnlockQueue
                0x00000000       0xa4 obj\debug\fil_lib\freertos_lib\queue.o
 .text.prvIsQueueEmpty
                0x00000000       0x2c obj\debug\fil_lib\freertos_lib\queue.o
 .text.xQueueIsQueueEmptyFromISR
                0x00000000       0x48 obj\debug\fil_lib\freertos_lib\queue.o
 .text.prvIsQueueFull
                0x00000000       0x30 obj\debug\fil_lib\freertos_lib\queue.o
 .text.xQueueIsQueueFullFromISR
                0x00000000       0x4c obj\debug\fil_lib\freertos_lib\queue.o
 .text.vQueueAddToRegistry
                0x00000000       0x54 obj\debug\fil_lib\freertos_lib\queue.o
 .text.pcQueueGetName
                0x00000000       0x4c obj\debug\fil_lib\freertos_lib\queue.o
 .text.vQueueUnregisterQueue
                0x00000000       0x54 obj\debug\fil_lib\freertos_lib\queue.o
 .text.vQueueWaitForMessageRestricted
                0x00000000       0x68 obj\debug\fil_lib\freertos_lib\queue.o
 .debug_info    0x00000000     0x2005 obj\debug\fil_lib\freertos_lib\queue.o
 .debug_abbrev  0x00000000      0x36e obj\debug\fil_lib\freertos_lib\queue.o
 .debug_aranges
                0x00000000      0x130 obj\debug\fil_lib\freertos_lib\queue.o
 .debug_ranges  0x00000000      0x120 obj\debug\fil_lib\freertos_lib\queue.o
 .debug_line    0x00000000     0x1139 obj\debug\fil_lib\freertos_lib\queue.o
 .debug_str     0x00000000      0xdb8 obj\debug\fil_lib\freertos_lib\queue.o
 .comment       0x00000000       0x4d obj\debug\fil_lib\freertos_lib\queue.o
 .debug_frame   0x00000000      0x534 obj\debug\fil_lib\freertos_lib\queue.o
 .ARM.attributes
                0x00000000       0x34 obj\debug\fil_lib\freertos_lib\queue.o
 COMMON         0x00000000       0x40 obj\debug\fil_lib\freertos_lib\queue.o
 .text          0x00000000        0x0 obj\debug\fil_lib\freertos_lib\stream_buffer.o
 .data          0x00000000        0x0 obj\debug\fil_lib\freertos_lib\stream_buffer.o
 .bss           0x00000000        0x0 obj\debug\fil_lib\freertos_lib\stream_buffer.o
 .text.xStreamBufferGenericCreate
                0x00000000       0xc4 obj\debug\fil_lib\freertos_lib\stream_buffer.o
 .text.vStreamBufferDelete
                0x00000000       0x4e obj\debug\fil_lib\freertos_lib\stream_buffer.o
 .text.xStreamBufferReset
                0x00000000       0x78 obj\debug\fil_lib\freertos_lib\stream_buffer.o
 .text.xStreamBufferSetTriggerLevel
                0x00000000       0x5c obj\debug\fil_lib\freertos_lib\stream_buffer.o
 .text.xStreamBufferSpacesAvailable
                0x00000000       0x66 obj\debug\fil_lib\freertos_lib\stream_buffer.o
 .text.xStreamBufferBytesAvailable
                0x00000000       0x3a obj\debug\fil_lib\freertos_lib\stream_buffer.o
 .text.xStreamBufferSend
                0x00000000      0x196 obj\debug\fil_lib\freertos_lib\stream_buffer.o
 .text.xStreamBufferSendFromISR
                0x00000000       0xe6 obj\debug\fil_lib\freertos_lib\stream_buffer.o
 .text.prvWriteMessageToBuffer
                0x00000000       0x7a obj\debug\fil_lib\freertos_lib\stream_buffer.o
 .text.xStreamBufferReceive
                0x00000000      0x134 obj\debug\fil_lib\freertos_lib\stream_buffer.o
 .text.xStreamBufferNextMessageLengthBytes
                0x00000000       0x92 obj\debug\fil_lib\freertos_lib\stream_buffer.o
 .text.xStreamBufferReceiveFromISR
                0x00000000       0xe2 obj\debug\fil_lib\freertos_lib\stream_buffer.o
 .text.prvReadMessageFromBuffer
                0x00000000       0x64 obj\debug\fil_lib\freertos_lib\stream_buffer.o
 .text.xStreamBufferIsEmpty
                0x00000000       0x50 obj\debug\fil_lib\freertos_lib\stream_buffer.o
 .text.xStreamBufferIsFull
                0x00000000       0x60 obj\debug\fil_lib\freertos_lib\stream_buffer.o
 .text.xStreamBufferSendCompletedFromISR
                0x00000000       0x8a obj\debug\fil_lib\freertos_lib\stream_buffer.o
 .text.xStreamBufferReceiveCompletedFromISR
                0x00000000       0x8a obj\debug\fil_lib\freertos_lib\stream_buffer.o
 .text.prvWriteBytesToBuffer
                0x00000000       0xe4 obj\debug\fil_lib\freertos_lib\stream_buffer.o
 .text.prvReadBytesFromBuffer
                0x00000000       0xf4 obj\debug\fil_lib\freertos_lib\stream_buffer.o
 .text.prvBytesInBuffer
                0x00000000       0x40 obj\debug\fil_lib\freertos_lib\stream_buffer.o
 .text.prvInitialiseNewStreamBuffer
                0x00000000       0x66 obj\debug\fil_lib\freertos_lib\stream_buffer.o
 .text.uxStreamBufferGetStreamBufferNumber
                0x00000000       0x18 obj\debug\fil_lib\freertos_lib\stream_buffer.o
 .text.vStreamBufferSetStreamBufferNumber
                0x00000000       0x1c obj\debug\fil_lib\freertos_lib\stream_buffer.o
 .text.ucStreamBufferGetStreamBufferType
                0x00000000       0x1e obj\debug\fil_lib\freertos_lib\stream_buffer.o
 .debug_info    0x00000000     0x1a38 obj\debug\fil_lib\freertos_lib\stream_buffer.o
 .debug_abbrev  0x00000000      0x3ca obj\debug\fil_lib\freertos_lib\stream_buffer.o
 .debug_aranges
                0x00000000       0xd8 obj\debug\fil_lib\freertos_lib\stream_buffer.o
 .debug_ranges  0x00000000       0xc8 obj\debug\fil_lib\freertos_lib\stream_buffer.o
 .debug_line    0x00000000      0xa83 obj\debug\fil_lib\freertos_lib\stream_buffer.o
 .debug_str     0x00000000      0xc11 obj\debug\fil_lib\freertos_lib\stream_buffer.o
 .comment       0x00000000       0x4d obj\debug\fil_lib\freertos_lib\stream_buffer.o
 .debug_frame   0x00000000      0x3a8 obj\debug\fil_lib\freertos_lib\stream_buffer.o
 .ARM.attributes
                0x00000000       0x34 obj\debug\fil_lib\freertos_lib\stream_buffer.o
 .text          0x00000000        0x0 obj\debug\fil_lib\freertos_lib\tasks.o
 .data          0x00000000        0x0 obj\debug\fil_lib\freertos_lib\tasks.o
 .bss           0x00000000        0x0 obj\debug\fil_lib\freertos_lib\tasks.o
 .debug_info    0x00000000      0x919 obj\debug\fil_lib\freertos_lib\tasks.o
 .debug_abbrev  0x00000000      0x1b1 obj\debug\fil_lib\freertos_lib\tasks.o
 .debug_aranges
                0x00000000       0x18 obj\debug\fil_lib\freertos_lib\tasks.o
 .debug_line    0x00000000       0xe9 obj\debug\fil_lib\freertos_lib\tasks.o
 .debug_str     0x00000000      0x586 obj\debug\fil_lib\freertos_lib\tasks.o
 .comment       0x00000000       0x4d obj\debug\fil_lib\freertos_lib\tasks.o
 .ARM.attributes
                0x00000000       0x39 obj\debug\fil_lib\freertos_lib\tasks.o
 .text          0x00000000        0x0 obj\debug\fil_lib\freertos_lib\timers.o
 .data          0x00000000        0x0 obj\debug\fil_lib\freertos_lib\timers.o
 .bss           0x00000000        0x0 obj\debug\fil_lib\freertos_lib\timers.o
 .bss.xActiveTimerList1
                0x00000000       0x14 obj\debug\fil_lib\freertos_lib\timers.o
 .bss.xActiveTimerList2
                0x00000000       0x14 obj\debug\fil_lib\freertos_lib\timers.o
 .bss.pxCurrentTimerList
                0x00000000        0x4 obj\debug\fil_lib\freertos_lib\timers.o
 .bss.pxOverflowTimerList
                0x00000000        0x4 obj\debug\fil_lib\freertos_lib\timers.o
 .bss.xTimerQueue
                0x00000000        0x4 obj\debug\fil_lib\freertos_lib\timers.o
 .bss.xTimerTaskHandle
                0x00000000        0x4 obj\debug\fil_lib\freertos_lib\timers.o
 .rodata        0x00000000        0xd obj\debug\fil_lib\freertos_lib\timers.o
 .text.xTimerCreateTimerTask
                0x00000000       0x64 obj\debug\fil_lib\freertos_lib\timers.o
 .text.xTimerCreate
                0x00000000       0x42 obj\debug\fil_lib\freertos_lib\timers.o
 .text.prvInitialiseNewTimer
                0x00000000       0x76 obj\debug\fil_lib\freertos_lib\timers.o
 .text.xTimerGenericCommand
                0x00000000       0x9c obj\debug\fil_lib\freertos_lib\timers.o
 .text.xTimerGetTimerDaemonTaskHandle
                0x00000000       0x38 obj\debug\fil_lib\freertos_lib\timers.o
 .text.xTimerGetPeriod
                0x00000000       0x38 obj\debug\fil_lib\freertos_lib\timers.o
 .text.vTimerSetReloadMode
                0x00000000       0x66 obj\debug\fil_lib\freertos_lib\timers.o
 .text.uxTimerGetReloadMode
                0x00000000       0x52 obj\debug\fil_lib\freertos_lib\timers.o
 .text.xTimerGetExpiryTime
                0x00000000       0x3c obj\debug\fil_lib\freertos_lib\timers.o
 .text.pcTimerGetName
                0x00000000       0x38 obj\debug\fil_lib\freertos_lib\timers.o
 .text.prvProcessExpiredTimer
                0x00000000       0x98 obj\debug\fil_lib\freertos_lib\timers.o
 .text.prvTimerTask
                0x00000000       0x24 obj\debug\fil_lib\freertos_lib\timers.o
 .text.prvProcessTimerOrBlockTask
                0x00000000       0x9c obj\debug\fil_lib\freertos_lib\timers.o
 .text.prvGetNextExpireTime
                0x00000000       0x48 obj\debug\fil_lib\freertos_lib\timers.o
 .text.prvSampleTimeNow
                0x00000000       0x40 obj\debug\fil_lib\freertos_lib\timers.o
 .text.prvInsertTimerInActiveList
                0x00000000       0x84 obj\debug\fil_lib\freertos_lib\timers.o
 .text.prvProcessReceivedCommands
                0x00000000      0x18c obj\debug\fil_lib\freertos_lib\timers.o
 .text.prvSwitchTimerLists
                0x00000000       0xc8 obj\debug\fil_lib\freertos_lib\timers.o
 .text.prvCheckForValidListAndQueue
                0x00000000       0x6c obj\debug\fil_lib\freertos_lib\timers.o
 .text.xTimerIsTimerActive
                0x00000000       0x52 obj\debug\fil_lib\freertos_lib\timers.o
 .text.pvTimerGetTimerID
                0x00000000       0x40 obj\debug\fil_lib\freertos_lib\timers.o
 .text.vTimerSetTimerID
                0x00000000       0x40 obj\debug\fil_lib\freertos_lib\timers.o
 .text.uxTimerGetTimerNumber
                0x00000000       0x18 obj\debug\fil_lib\freertos_lib\timers.o
 .text.vTimerSetTimerNumber
                0x00000000       0x1c obj\debug\fil_lib\freertos_lib\timers.o
 .bss.xLastTime.8412
                0x00000000        0x4 obj\debug\fil_lib\freertos_lib\timers.o
 .debug_info    0x00000000     0x158d obj\debug\fil_lib\freertos_lib\timers.o
 .debug_abbrev  0x00000000      0x338 obj\debug\fil_lib\freertos_lib\timers.o
 .debug_aranges
                0x00000000       0xd8 obj\debug\fil_lib\freertos_lib\timers.o
 .debug_ranges  0x00000000       0xc8 obj\debug\fil_lib\freertos_lib\timers.o
 .debug_line    0x00000000      0x81e obj\debug\fil_lib\freertos_lib\timers.o
 .debug_str     0x00000000      0xbc8 obj\debug\fil_lib\freertos_lib\timers.o
 .comment       0x00000000       0x4d obj\debug\fil_lib\freertos_lib\timers.o
 .debug_frame   0x00000000      0x38c obj\debug\fil_lib\freertos_lib\timers.o
 .ARM.attributes
                0x00000000       0x34 obj\debug\fil_lib\freertos_lib\timers.o
 .text          0x00000000        0x0 obj\debug\fil_lib\i2c.o
 .data          0x00000000        0x0 obj\debug\fil_lib\i2c.o
 .bss           0x00000000        0x0 obj\debug\fil_lib\i2c.o
 .data.PrescalerTable
                0x00000000       0x10 obj\debug\fil_lib\i2c.o
 .text          0x00000000        0x0 obj\debug\fil_lib\matrix.o
 .data          0x00000000        0x0 obj\debug\fil_lib\matrix.o
 .bss           0x00000000        0x0 obj\debug\fil_lib\matrix.o
 .debug_line    0x00000000        0x0 obj\debug\fil_lib\matrix.o
 .debug_str     0x00000000       0xff obj\debug\fil_lib\matrix.o
 .comment       0x00000000       0x4d obj\debug\fil_lib\matrix.o
 .ARM.attributes
                0x00000000       0x39 obj\debug\fil_lib\matrix.o
 .text          0x00000000        0x0 obj\debug\fil_lib\rcc.o
 .data          0x00000000        0x0 obj\debug\fil_lib\rcc.o
 .bss           0x00000000        0x0 obj\debug\fil_lib\rcc.o
 .text          0x00000000        0x0 obj\debug\fil_lib\regulators.o
 .data          0x00000000        0x0 obj\debug\fil_lib\regulators.o
 .bss           0x00000000        0x0 obj\debug\fil_lib\regulators.o
 .data.PrescalerTable
                0x00000000       0x10 obj\debug\fil_lib\regulators.o
 .bss.EnginePWM
                0x00000000        0x4 obj\debug\fil_lib\regulators.o
 .text.init_PID_Regulator
                0x00000000       0x90 obj\debug\fil_lib\regulators.o
 .text.PID_Calc
                0x00000000      0x1f6 obj\debug\fil_lib\regulators.o
 .text.PID_Parse_EncoderData
                0x00000000       0x64 obj\debug\fil_lib\regulators.o
 .text.PID_Low_Level
                0x00000000       0x8c obj\debug\fil_lib\regulators.o
 .debug_info    0x00000000      0x6ba obj\debug\fil_lib\regulators.o
 .debug_abbrev  0x00000000      0x175 obj\debug\fil_lib\regulators.o
 .debug_aranges
                0x00000000       0x38 obj\debug\fil_lib\regulators.o
 .debug_ranges  0x00000000       0x28 obj\debug\fil_lib\regulators.o
 .debug_line    0x00000000      0x2ed obj\debug\fil_lib\regulators.o
 .debug_str     0x00000000      0x505 obj\debug\fil_lib\regulators.o
 .comment       0x00000000       0x4d obj\debug\fil_lib\regulators.o
 .debug_frame   0x00000000       0x9c obj\debug\fil_lib\regulators.o
 .ARM.attributes
                0x00000000       0x34 obj\debug\fil_lib\regulators.o
 COMMON         0x00000000        0x6 obj\debug\fil_lib\regulators.o
 .text          0x00000000        0x0 obj\debug\fil_lib\robot_tasks.o
 .data          0x00000000        0x0 obj\debug\fil_lib\robot_tasks.o
 .bss           0x00000000        0x0 obj\debug\fil_lib\robot_tasks.o
 .debug_line    0x00000000        0x0 obj\debug\fil_lib\robot_tasks.o
 .debug_str     0x00000000      0x104 obj\debug\fil_lib\robot_tasks.o
 .comment       0x00000000       0x4d obj\debug\fil_lib\robot_tasks.o
 .ARM.attributes
                0x00000000       0x39 obj\debug\fil_lib\robot_tasks.o
 .text          0x00000000        0x0 obj\debug\fil_lib\tim.o
 .data          0x00000000        0x0 obj\debug\fil_lib\tim.o
 .bss           0x00000000        0x0 obj\debug\fil_lib\tim.o
 .data.PrescalerTable
                0x00000000       0x10 obj\debug\fil_lib\tim.o
 .text.TIM1_IRQHandler
                0x00000000       0x18 obj\debug\fil_lib\tim.o
 .text.SetPWM   0x00000000       0x9c obj\debug\fil_lib\tim.o
 .text.SetVoltage
                0x00000000       0x54 obj\debug\fil_lib\tim.o
 .text.SetServo
                0x00000000       0x70 obj\debug\fil_lib\tim.o
 .text.SetServoAngle
                0x00000000       0xbc obj\debug\fil_lib\tim.o
 .text          0x00000000        0x0 obj\debug\fil_lib\usart.o
 .data          0x00000000        0x0 obj\debug\fil_lib\usart.o
 .bss           0x00000000        0x0 obj\debug\fil_lib\usart.o
 .data.PrescalerTable
                0x00000000       0x10 obj\debug\fil_lib\usart.o
 .text          0x00000000        0x0 obj\debug\src\main.o
 .data          0x00000000        0x0 obj\debug\src\main.o
 .bss           0x00000000        0x0 obj\debug\src\main.o
 .data.PrescalerTable
                0x00000000       0x10 obj\debug\src\main.o
 .text          0x00000000        0x0 obj\debug\dev\dev.o
 .data          0x00000000        0x0 obj\debug\dev\dev.o
 .bss           0x00000000        0x0 obj\debug\dev\dev.o
 .debug_line    0x00000000        0x0 obj\debug\dev\dev.o
 .debug_str     0x00000000       0xf8 obj\debug\dev\dev.o
 .comment       0x00000000       0x4d obj\debug\dev\dev.o
 .ARM.attributes
                0x00000000       0x39 obj\debug\dev\dev.o
 .text          0x00000000        0x0 obj\debug\src\system_stm32f4xx.o
 .data          0x00000000        0x0 obj\debug\src\system_stm32f4xx.o
 .bss           0x00000000        0x0 obj\debug\src\system_stm32f4xx.o
 .data.SystemCoreClock
                0x00000000        0x4 obj\debug\src\system_stm32f4xx.o
 .data.AHBPrescTable
                0x00000000       0x10 obj\debug\src\system_stm32f4xx.o
 .text.SystemCoreClockUpdate
                0x00000000      0x104 obj\debug\src\system_stm32f4xx.o
 .text          0x00000000        0x0 d:/2.30/share/armgcc/bin/../lib/gcc/arm-none-eabi/9.3.1/../../../../arm-none-eabi/lib/thumb/v7e-m+fp/hard\libg_nano.a(lib_a-exit.o)
 .data          0x00000000        0x0 d:/2.30/share/armgcc/bin/../lib/gcc/arm-none-eabi/9.3.1/../../../../arm-none-eabi/lib/thumb/v7e-m+fp/hard\libg_nano.a(lib_a-exit.o)
 .bss           0x00000000        0x0 d:/2.30/share/armgcc/bin/../lib/gcc/arm-none-eabi/9.3.1/../../../../arm-none-eabi/lib/thumb/v7e-m+fp/hard\libg_nano.a(lib_a-exit.o)
 .text.exit     0x00000000       0x28 d:/2.30/share/armgcc/bin/../lib/gcc/arm-none-eabi/9.3.1/../../../../arm-none-eabi/lib/thumb/v7e-m+fp/hard\libg_nano.a(lib_a-exit.o)
 .debug_frame   0x00000000       0x28 d:/2.30/share/armgcc/bin/../lib/gcc/arm-none-eabi/9.3.1/../../../../arm-none-eabi/lib/thumb/v7e-m+fp/hard\libg_nano.a(lib_a-exit.o)
 .ARM.attributes
                0x00000000       0x34 d:/2.30/share/armgcc/bin/../lib/gcc/arm-none-eabi/9.3.1/../../../../arm-none-eabi/lib/thumb/v7e-m+fp/hard\libg_nano.a(lib_a-exit.o)
 .text          0x00000000        0x0 d:/2.30/share/armgcc/bin/../lib/gcc/arm-none-eabi/9.3.1/../../../../arm-none-eabi/lib/thumb/v7e-m+fp/hard\libg_nano.a(lib_a-impure.o)
 .data          0x00000000        0x0 d:/2.30/share/armgcc/bin/../lib/gcc/arm-none-eabi/9.3.1/../../../../arm-none-eabi/lib/thumb/v7e-m+fp/hard\libg_nano.a(lib_a-impure.o)
 .bss           0x00000000        0x0 d:/2.30/share/armgcc/bin/../lib/gcc/arm-none-eabi/9.3.1/../../../../arm-none-eabi/lib/thumb/v7e-m+fp/hard\libg_nano.a(lib_a-impure.o)
 .data._impure_ptr
                0x00000000        0x4 d:/2.30/share/armgcc/bin/../lib/gcc/arm-none-eabi/9.3.1/../../../../arm-none-eabi/lib/thumb/v7e-m+fp/hard\libg_nano.a(lib_a-impure.o)
 .data.impure_data
                0x00000000       0x60 d:/2.30/share/armgcc/bin/../lib/gcc/arm-none-eabi/9.3.1/../../../../arm-none-eabi/lib/thumb/v7e-m+fp/hard\libg_nano.a(lib_a-impure.o)
 .rodata._global_impure_ptr
                0x00000000        0x4 d:/2.30/share/armgcc/bin/../lib/gcc/arm-none-eabi/9.3.1/../../../../arm-none-eabi/lib/thumb/v7e-m+fp/hard\libg_nano.a(lib_a-impure.o)
 .ARM.attributes
                0x00000000       0x32 d:/2.30/share/armgcc/bin/../lib/gcc/arm-none-eabi/9.3.1/../../../../arm-none-eabi/lib/thumb/v7e-m+fp/hard\libg_nano.a(lib_a-impure.o)
 .text          0x00000000        0x0 d:/2.30/share/armgcc/bin/../lib/gcc/arm-none-eabi/9.3.1/../../../../arm-none-eabi/lib/thumb/v7e-m+fp/hard\libg_nano.a(lib_a-init.o)
 .data          0x00000000        0x0 d:/2.30/share/armgcc/bin/../lib/gcc/arm-none-eabi/9.3.1/../../../../arm-none-eabi/lib/thumb/v7e-m+fp/hard\libg_nano.a(lib_a-init.o)
 .bss           0x00000000        0x0 d:/2.30/share/armgcc/bin/../lib/gcc/arm-none-eabi/9.3.1/../../../../arm-none-eabi/lib/thumb/v7e-m+fp/hard\libg_nano.a(lib_a-init.o)
 .text.__libc_init_array
                0x00000000       0x48 d:/2.30/share/armgcc/bin/../lib/gcc/arm-none-eabi/9.3.1/../../../../arm-none-eabi/lib/thumb/v7e-m+fp/hard\libg_nano.a(lib_a-init.o)
 .debug_frame   0x00000000       0x2c d:/2.30/share/armgcc/bin/../lib/gcc/arm-none-eabi/9.3.1/../../../../arm-none-eabi/lib/thumb/v7e-m+fp/hard\libg_nano.a(lib_a-init.o)
 .ARM.attributes
                0x00000000       0x34 d:/2.30/share/armgcc/bin/../lib/gcc/arm-none-eabi/9.3.1/../../../../arm-none-eabi/lib/thumb/v7e-m+fp/hard\libg_nano.a(lib_a-init.o)
 .text          0x00000000        0x0 d:/2.30/share/armgcc/bin/../lib/gcc/arm-none-eabi/9.3.1/../../../../arm-none-eabi/lib/thumb/v7e-m+fp/hard\libg_nano.a(lib_a-memcpy-stub.o)
 .data          0x00000000        0x0 d:/2.30/share/armgcc/bin/../lib/gcc/arm-none-eabi/9.3.1/../../../../arm-none-eabi/lib/thumb/v7e-m+fp/hard\libg_nano.a(lib_a-memcpy-stub.o)
 .bss           0x00000000        0x0 d:/2.30/share/armgcc/bin/../lib/gcc/arm-none-eabi/9.3.1/../../../../arm-none-eabi/lib/thumb/v7e-m+fp/hard\libg_nano.a(lib_a-memcpy-stub.o)
 .text.memcpy   0x00000000       0x1c d:/2.30/share/armgcc/bin/../lib/gcc/arm-none-eabi/9.3.1/../../../../arm-none-eabi/lib/thumb/v7e-m+fp/hard\libg_nano.a(lib_a-memcpy-stub.o)
 .debug_frame   0x00000000       0x28 d:/2.30/share/armgcc/bin/../lib/gcc/arm-none-eabi/9.3.1/../../../../arm-none-eabi/lib/thumb/v7e-m+fp/hard\libg_nano.a(lib_a-memcpy-stub.o)
 .ARM.attributes
                0x00000000       0x34 d:/2.30/share/armgcc/bin/../lib/gcc/arm-none-eabi/9.3.1/../../../../arm-none-eabi/lib/thumb/v7e-m+fp/hard\libg_nano.a(lib_a-memcpy-stub.o)
 .text          0x00000000        0x0 d:/2.30/share/armgcc/bin/../lib/gcc/arm-none-eabi/9.3.1/../../../../arm-none-eabi/lib/thumb/v7e-m+fp/hard\libg_nano.a(lib_a-memset.o)
 .data          0x00000000        0x0 d:/2.30/share/armgcc/bin/../lib/gcc/arm-none-eabi/9.3.1/../../../../arm-none-eabi/lib/thumb/v7e-m+fp/hard\libg_nano.a(lib_a-memset.o)
 .bss           0x00000000        0x0 d:/2.30/share/armgcc/bin/../lib/gcc/arm-none-eabi/9.3.1/../../../../arm-none-eabi/lib/thumb/v7e-m+fp/hard\libg_nano.a(lib_a-memset.o)
 .text.memset   0x00000000       0x10 d:/2.30/share/armgcc/bin/../lib/gcc/arm-none-eabi/9.3.1/../../../../arm-none-eabi/lib/thumb/v7e-m+fp/hard\libg_nano.a(lib_a-memset.o)
 .debug_frame   0x00000000       0x20 d:/2.30/share/armgcc/bin/../lib/gcc/arm-none-eabi/9.3.1/../../../../arm-none-eabi/lib/thumb/v7e-m+fp/hard\libg_nano.a(lib_a-memset.o)
 .ARM.attributes
                0x00000000       0x34 d:/2.30/share/armgcc/bin/../lib/gcc/arm-none-eabi/9.3.1/../../../../arm-none-eabi/lib/thumb/v7e-m+fp/hard\libg_nano.a(lib_a-memset.o)
 .text          0x00000000        0x0 d:/2.30/share/armgcc/bin/../lib/gcc/arm-none-eabi/9.3.1/../../../../arm-none-eabi/lib/thumb/v7e-m+fp/hard\libnosys.a(_exit.o)
 .data          0x00000000        0x0 d:/2.30/share/armgcc/bin/../lib/gcc/arm-none-eabi/9.3.1/../../../../arm-none-eabi/lib/thumb/v7e-m+fp/hard\libnosys.a(_exit.o)
 .bss           0x00000000        0x0 d:/2.30/share/armgcc/bin/../lib/gcc/arm-none-eabi/9.3.1/../../../../arm-none-eabi/lib/thumb/v7e-m+fp/hard\libnosys.a(_exit.o)
 .text._exit    0x00000000        0x4 d:/2.30/share/armgcc/bin/../lib/gcc/arm-none-eabi/9.3.1/../../../../arm-none-eabi/lib/thumb/v7e-m+fp/hard\libnosys.a(_exit.o)
 .debug_frame   0x00000000       0x20 d:/2.30/share/armgcc/bin/../lib/gcc/arm-none-eabi/9.3.1/../../../../arm-none-eabi/lib/thumb/v7e-m+fp/hard\libnosys.a(_exit.o)
 .ARM.attributes
                0x00000000       0x34 d:/2.30/share/armgcc/bin/../lib/gcc/arm-none-eabi/9.3.1/../../../../arm-none-eabi/lib/thumb/v7e-m+fp/hard\libnosys.a(_exit.o)
 .text          0x00000000        0x0 d:/2.30/share/armgcc/bin/../lib/gcc/arm-none-eabi/9.3.1/thumb/v7e-m+fp/hard/crtend.o
 .data          0x00000000        0x0 d:/2.30/share/armgcc/bin/../lib/gcc/arm-none-eabi/9.3.1/thumb/v7e-m+fp/hard/crtend.o
 .bss           0x00000000        0x0 d:/2.30/share/armgcc/bin/../lib/gcc/arm-none-eabi/9.3.1/thumb/v7e-m+fp/hard/crtend.o
 .eh_frame      0x00000000        0x4 d:/2.30/share/armgcc/bin/../lib/gcc/arm-none-eabi/9.3.1/thumb/v7e-m+fp/hard/crtend.o
 .ARM.attributes
                0x00000000       0x32 d:/2.30/share/armgcc/bin/../lib/gcc/arm-none-eabi/9.3.1/thumb/v7e-m+fp/hard/crtend.o
 .text          0x00000000        0x0 d:/2.30/share/armgcc/bin/../lib/gcc/arm-none-eabi/9.3.1/thumb/v7e-m+fp/hard/crtn.o
 .data          0x00000000        0x0 d:/2.30/share/armgcc/bin/../lib/gcc/arm-none-eabi/9.3.1/thumb/v7e-m+fp/hard/crtn.o
 .bss           0x00000000        0x0 d:/2.30/share/armgcc/bin/../lib/gcc/arm-none-eabi/9.3.1/thumb/v7e-m+fp/hard/crtn.o

Memory Configuration

Name             Origin             Length             Attributes
FLASH            0x08000000         0x00040000         xr
RAM              0x20000000         0x00010000         xrw
*default*        0x00000000         0xffffffff

Linker script and memory map

LOAD d:/2.30/share/armgcc/bin/../lib/gcc/arm-none-eabi/9.3.1/thumb/v7e-m+fp/hard/crti.o
LOAD d:/2.30/share/armgcc/bin/../lib/gcc/arm-none-eabi/9.3.1/thumb/v7e-m+fp/hard/crtbegin.o
LOAD d:/2.30/share/armgcc/bin/../lib/gcc/arm-none-eabi/9.3.1/../../../../arm-none-eabi/lib/thumb/v7e-m+fp/hard/crt0.o
                0x00000000                __HEAP_SIZE = 0x0
                0x00000100                __STACK_SIZE = 0x100
                0x00000000                _Min_Heap_Size = __HEAP_SIZE
                0x00000100                _Min_Stack_Size = __STACK_SIZE
                0x20010000                _estack = (ORIGIN (RAM) + LENGTH (RAM))

.isr_vector     0x08000000      0x194
                0x08000000                . = ALIGN (0x4)
 *(.isr_vector)
 .isr_vector    0x08000000      0x194 obj\debug\src\startup_stm32f401xc.o
                0x08000000                g_pfnVectors
                0x08000194                . = ALIGN (0x4)

.text           0x08000194     0x1210
                0x08000194                . = ALIGN (0x4)
 *(.text)
 .text          0x08000194       0x40 d:/2.30/share/armgcc/bin/../lib/gcc/arm-none-eabi/9.3.1/thumb/v7e-m+fp/hard/crtbegin.o
 *(.text*)
 .text.Reset_Handler
                0x080001d4       0x4c obj\debug\src\startup_stm32f401xc.o
                0x080001d4                Reset_Handler
 .text.Default_Handler
                0x08000220        0x2 obj\debug\src\startup_stm32f401xc.o
                0x08000220                RTC_Alarm_IRQHandler
                0x08000220                DebugMon_Handler
                0x08000220                SPI4_IRQHandler
                0x08000220                TIM1_CC_IRQHandler
                0x08000220                DMA2_Stream5_IRQHandler
                0x08000220                HardFault_Handler
                0x08000220                DMA1_Stream5_IRQHandler
                0x08000220                PVD_IRQHandler
                0x08000220                SDIO_IRQHandler
                0x08000220                TAMP_STAMP_IRQHandler
                0x08000220                PendSV_Handler
                0x08000220                NMI_Handler
                0x08000220                TIM1_UP_TIM10_IRQHandler
                0x08000220                DMA1_Stream2_IRQHandler
                0x08000220                FPU_IRQHandler
                0x08000220                UsageFault_Handler
                0x08000220                DMA2_Stream2_IRQHandler
                0x08000220                SPI1_IRQHandler
                0x08000220                TIM1_BRK_TIM9_IRQHandler
                0x08000220                DMA2_Stream3_IRQHandler
                0x08000220                USART6_IRQHandler
                0x08000220                DMA2_Stream0_IRQHandler
                0x08000220                DMA1_Stream6_IRQHandler
                0x08000220                DMA1_Stream1_IRQHandler
                0x08000220                RCC_IRQHandler
                0x08000220                Default_Handler
                0x08000220                DMA1_Stream7_IRQHandler
                0x08000220                DMA2_Stream7_IRQHandler
                0x08000220                RTC_WKUP_IRQHandler
                0x08000220                SPI2_IRQHandler
                0x08000220                MemManage_Handler
                0x08000220                DMA1_Stream0_IRQHandler
                0x08000220                SVC_Handler
                0x08000220                WWDG_IRQHandler
                0x08000220                OTG_FS_WKUP_IRQHandler
                0x08000220                TIM1_TRG_COM_TIM11_IRQHandler
                0x08000220                USART2_IRQHandler
                0x08000220                DMA2_Stream1_IRQHandler
                0x08000220                FLASH_IRQHandler
                0x08000220                DMA2_Stream4_IRQHandler
                0x08000220                BusFault_Handler
                0x08000220                USART1_IRQHandler
                0x08000220                OTG_FS_IRQHandler
                0x08000220                SPI3_IRQHandler
                0x08000220                DMA1_Stream4_IRQHandler
                0x08000220                DMA2_Stream6_IRQHandler
                0x08000220                DMA1_Stream3_IRQHandler
 *fill*         0x08000222        0x2 
 .text.ADC_IRQHandler
                0x08000224       0x38 obj\debug\fil_lib\adc.o
                0x08000224                ADC_IRQHandler
 .text.ADC_Init
                0x0800025c      0x100 obj\debug\fil_lib\adc.o
                0x0800025c                ADC_Init
 .text.EXTI0_IRQHandler
                0x0800035c       0x18 obj\debug\fil_lib\exti.o
                0x0800035c                EXTI0_IRQHandler
 .text.EXTI1_IRQHandler
                0x08000374       0x18 obj\debug\fil_lib\exti.o
                0x08000374                EXTI1_IRQHandler
 .text.EXTI2_IRQHandler
                0x0800038c       0x18 obj\debug\fil_lib\exti.o
                0x0800038c                EXTI2_IRQHandler
 .text.EXTI3_IRQHandler
                0x080003a4       0x18 obj\debug\fil_lib\exti.o
                0x080003a4                EXTI3_IRQHandler
 .text.EXTI4_IRQHandler
                0x080003bc       0x18 obj\debug\fil_lib\exti.o
                0x080003bc                EXTI4_IRQHandler
 .text.EXTI9_5_IRQHandler
                0x080003d4       0x60 obj\debug\fil_lib\exti.o
                0x080003d4                EXTI9_5_IRQHandler
 .text.EXTI15_10_IRQHandler
                0x08000434       0x28 obj\debug\fil_lib\exti.o
                0x08000434                EXTI15_10_IRQHandler
 .text.I2C1_EV_IRQHandler
                0x0800045c        0xe obj\debug\fil_lib\i2c.o
                0x0800045c                I2C1_EV_IRQHandler
 .text.I2C1_ER_IRQHandler
                0x0800046a        0xe obj\debug\fil_lib\i2c.o
                0x0800046a                I2C1_ER_IRQHandler
 .text.I2C2_EV_IRQHandler
                0x08000478        0xe obj\debug\fil_lib\i2c.o
                0x08000478                I2C2_EV_IRQHandler
 .text.I2C2_ER_IRQHandler
                0x08000486        0xe obj\debug\fil_lib\i2c.o
                0x08000486                I2C2_ER_IRQHandler
 .text.I2C3_EV_IRQHandler
                0x08000494        0xe obj\debug\fil_lib\i2c.o
                0x08000494                I2C3_EV_IRQHandler
 .text.I2C3_ER_IRQHandler
                0x080004a2        0xe obj\debug\fil_lib\i2c.o
                0x080004a2                I2C3_ER_IRQHandler
 .text.CalcRCCClocks
                0x080004b0      0x134 obj\debug\fil_lib\rcc.o
                0x080004b0                CalcRCCClocks
 .text.SysTick_Handler
                0x080005e4       0x20 obj\debug\fil_lib\tim.o
                0x080005e4                SysTick_Handler
 .text.TIM2_IRQHandler
                0x08000604       0x16 obj\debug\fil_lib\tim.o
                0x08000604                TIM2_IRQHandler
 *fill*         0x0800061a        0x2 
 .text.TIM3_IRQHandler
                0x0800061c       0x18 obj\debug\fil_lib\tim.o
                0x0800061c                TIM3_IRQHandler
 .text.TIM4_IRQHandler
                0x08000634       0x18 obj\debug\fil_lib\tim.o
                0x08000634                TIM4_IRQHandler
 .text.TIM5_IRQHandler
                0x0800064c       0x18 obj\debug\fil_lib\tim.o
                0x0800064c                TIM5_IRQHandler
 .text.CalcTimStatus
                0x08000664      0x104 obj\debug\fil_lib\tim.o
                0x08000664                CalcTimStatus
 .text.CalcTimPIDFrequency
                0x08000768       0x98 obj\debug\fil_lib\tim.o
                0x08000768                CalcTimPIDFrequency
 .text.CalcTimClockSourse
                0x08000800       0x8c obj\debug\fil_lib\tim.o
                0x08000800                CalcTimClockSourse
 .text.CalcUSARTBaudrate
                0x0800088c       0x70 obj\debug\fil_lib\usart.o
                0x0800088c                CalcUSARTBaudrate
 .text.__NVIC_EnableIRQ
                0x080008fc       0x3c obj\debug\src\main.o
 .text.__NVIC_SetPriority
                0x08000938       0x54 obj\debug\src\main.o
 .text.SysTick_Config
                0x0800098c       0x44 obj\debug\src\main.o
 .text.main     0x080009d0      0x85c obj\debug\src\main.o
                0x080009d0                main
 .text.SystemInit
                0x0800122c       0x6c obj\debug\src\system_stm32f4xx.o
                0x0800122c                SystemInit
 .text.SetSysClock
                0x08001298       0xf4 obj\debug\src\system_stm32f4xx.o
 *(.glue_7)
 .glue_7        0x0800138c        0x0 linker stubs
 *(.glue_7t)
 .glue_7t       0x0800138c        0x0 linker stubs
 *(.eh_frame)
 .eh_frame      0x0800138c        0x0 d:/2.30/share/armgcc/bin/../lib/gcc/arm-none-eabi/9.3.1/thumb/v7e-m+fp/hard/crtbegin.o
 *(.init)
 .init          0x0800138c        0x4 d:/2.30/share/armgcc/bin/../lib/gcc/arm-none-eabi/9.3.1/thumb/v7e-m+fp/hard/crti.o
                0x0800138c                _init
 .init          0x08001390        0x8 d:/2.30/share/armgcc/bin/../lib/gcc/arm-none-eabi/9.3.1/thumb/v7e-m+fp/hard/crtn.o
 *(.fini)
 .fini          0x08001398        0x4 d:/2.30/share/armgcc/bin/../lib/gcc/arm-none-eabi/9.3.1/thumb/v7e-m+fp/hard/crti.o
                0x08001398                _fini
 .fini          0x0800139c        0x8 d:/2.30/share/armgcc/bin/../lib/gcc/arm-none-eabi/9.3.1/thumb/v7e-m+fp/hard/crtn.o
                0x080013a4                . = ALIGN (0x4)
                0x080013a4                _etext = .

.vfp11_veneer   0x080013a4        0x0
 .vfp11_veneer  0x080013a4        0x0 linker stubs

.v4_bx          0x080013a4        0x0
 .v4_bx         0x080013a4        0x0 linker stubs

.iplt           0x080013a4        0x0
 .iplt          0x080013a4        0x0 d:/2.30/share/armgcc/bin/../lib/gcc/arm-none-eabi/9.3.1/thumb/v7e-m+fp/hard/crtbegin.o

.rel.dyn        0x080013a4        0x0
 .rel.iplt      0x080013a4        0x0 d:/2.30/share/armgcc/bin/../lib/gcc/arm-none-eabi/9.3.1/thumb/v7e-m+fp/hard/crtbegin.o

.rodata         0x080013a4        0x0
                0x080013a4                . = ALIGN (0x4)
 *(.rodata)
 *(.rodata*)
                0x080013a4                . = ALIGN (0x4)

.ARM.extab
 *(.ARM.extab* .gnu.linkonce.armextab.*)

.ARM            0x080013a4        0x0
                0x080013a4                __exidx_start = .
 *(.ARM.exidx*)
                0x080013a4                __exidx_end = .

.preinit_array  0x080013a4        0x0
                0x080013a4                PROVIDE (__preinit_array_start = .)
 *(.preinit_array*)
                0x080013a4                PROVIDE (__preinit_array_end = .)

.init_array     0x080013a4        0x4
                0x080013a4                PROVIDE (__init_array_start = .)
 *(SORT_BY_NAME(.init_array.*))
 *(.init_array*)
 .init_array    0x080013a4        0x4 d:/2.30/share/armgcc/bin/../lib/gcc/arm-none-eabi/9.3.1/thumb/v7e-m+fp/hard/crtbegin.o
                0x080013a8                PROVIDE (__init_array_end = .)

.fini_array     0x080013a8        0x4
                [!provide]                PROVIDE (__fini_array_start = .)
 *(SORT_BY_NAME(.fini_array.*))
 *(.fini_array*)
 .fini_array    0x080013a8        0x4 d:/2.30/share/armgcc/bin/../lib/gcc/arm-none-eabi/9.3.1/thumb/v7e-m+fp/hard/crtbegin.o
                [!provide]                PROVIDE (__fini_array_end = .)
                0x080013ac                _sidata = LOADADDR (.data)

.data           0x20000000       0x10 load address 0x080013ac
                0x20000000                . = ALIGN (0x4)
                0x20000000                _sdata = .
 *(.data)
 *(.data*)
 .data.PrescalerTable
                0x20000000       0x10 obj\debug\fil_lib\rcc.o
                0x20000010                . = ALIGN (0x4)
                0x20000010                _edata = .

.igot.plt       0x20000010        0x0 load address 0x080013bc
 .igot.plt      0x20000010        0x0 d:/2.30/share/armgcc/bin/../lib/gcc/arm-none-eabi/9.3.1/thumb/v7e-m+fp/hard/crtbegin.o
                0x20000010                . = ALIGN (0x4)

.bss            0x20000010       0xcc load address 0x080013bc
                0x20000010                _sbss = .
                0x20000010                __bss_start__ = _sbss
 *(.bss)
 .bss           0x20000010       0x1c d:/2.30/share/armgcc/bin/../lib/gcc/arm-none-eabi/9.3.1/thumb/v7e-m+fp/hard/crtbegin.o
 *(.bss*)
 .bss.globalTime
                0x2000002c        0x4 obj\debug\fil_lib\tim.o
                0x2000002c                globalTime
 *(COMMON)
 COMMON         0x20000030       0xac obj\debug\fil_lib\adc.o
                0x20000030                Servo1
                0x20000048                TIMStatus
                0x20000060                ADCStatus
                0x20000088                EngineReg
                0x200000c8                Clocks
                0x200000dc                . = ALIGN (0x4)
                0x200000dc                _ebss = .
                0x200000dc                __bss_end__ = _ebss

.heap           0x200000dc        0x0 load address 0x080013bc
                0x200000dc                . = ALIGN (0x4)
                [!provide]                PROVIDE (end = .)
                [!provide]                PROVIDE (_end = .)
 *(.heap*)
                0x200000dc                . = (. + _Min_Heap_Size)
                0x200000dc                __HeapLimit = .
                0x200000dc                . = ALIGN (0x4)

.ARM.attributes
                0x00000000       0x30
 *(.ARM.attributes)
 .ARM.attributes
                0x00000000       0x1e d:/2.30/share/armgcc/bin/../lib/gcc/arm-none-eabi/9.3.1/thumb/v7e-m+fp/hard/crti.o
 .ARM.attributes
                0x0000001e       0x34 d:/2.30/share/armgcc/bin/../lib/gcc/arm-none-eabi/9.3.1/thumb/v7e-m+fp/hard/crtbegin.o
 .ARM.attributes
                0x00000052       0x21 obj\debug\src\startup_stm32f401xc.o
 .ARM.attributes
                0x00000073       0x34 obj\debug\fil_lib\adc.o
 .ARM.attributes
                0x000000a7       0x34 obj\debug\fil_lib\exti.o
 .ARM.attributes
                0x000000db       0x34 obj\debug\fil_lib\i2c.o
 .ARM.attributes
                0x0000010f       0x34 obj\debug\fil_lib\rcc.o
 .ARM.attributes
                0x00000143       0x34 obj\debug\fil_lib\tim.o
 .ARM.attributes
                0x00000177       0x34 obj\debug\fil_lib\usart.o
 .ARM.attributes
                0x000001ab       0x34 obj\debug\src\main.o
 .ARM.attributes
                0x000001df       0x34 obj\debug\src\system_stm32f4xx.o
 .ARM.attributes
                0x00000213       0x1e d:/2.30/share/armgcc/bin/../lib/gcc/arm-none-eabi/9.3.1/thumb/v7e-m+fp/hard/crtn.o
                0x2000ff00                __StackLimit = (_estack - _Min_Stack_Size)
                0x00000001                ASSERT ((__StackLimit >= __HeapLimit), Region RAM overflowed with stack)
LOAD obj\debug\src\startup_stm32f401xc.o
LOAD obj\debug\fil_lib\adc.o
LOAD obj\debug\fil_lib\dma.o
LOAD obj\debug\fil_lib\exti.o
LOAD obj\debug\fil_lib\freertos_lib\croutine.o
LOAD obj\debug\fil_lib\freertos_lib\event_groups.o
LOAD obj\debug\fil_lib\freertos_lib\heap_2.o
LOAD obj\debug\fil_lib\freertos_lib\list.o
LOAD obj\debug\fil_lib\freertos_lib\port.o
LOAD obj\debug\fil_lib\freertos_lib\queue.o
LOAD obj\debug\fil_lib\freertos_lib\stream_buffer.o
LOAD obj\debug\fil_lib\freertos_lib\tasks.o
LOAD obj\debug\fil_lib\freertos_lib\timers.o
LOAD obj\debug\fil_lib\i2c.o
LOAD obj\debug\fil_lib\matrix.o
LOAD obj\debug\fil_lib\rcc.o
LOAD obj\debug\fil_lib\regulators.o
LOAD obj\debug\fil_lib\robot_tasks.o
LOAD obj\debug\fil_lib\tim.o
LOAD obj\debug\fil_lib\usart.o
LOAD obj\debug\src\main.o
LOAD obj\debug\dev\dev.o
LOAD obj\debug\src\system_stm32f4xx.o
START GROUP
LOAD d:/2.30/share/armgcc/bin/../lib/gcc/arm-none-eabi/9.3.1/thumb/v7e-m+fp/hard\libgcc.a
LOAD d:/2.30/share/armgcc/bin/../lib/gcc/arm-none-eabi/9.3.1/../../../../arm-none-eabi/lib/thumb/v7e-m+fp/hard\libg_nano.a
LOAD d:/2.30/share/armgcc/bin/../lib/gcc/arm-none-eabi/9.3.1/../../../../arm-none-eabi/lib/thumb/v7e-m+fp/hard\libc_nano.a
END GROUP
START GROUP
LOAD d:/2.30/share/armgcc/bin/../lib/gcc/arm-none-eabi/9.3.1/thumb/v7e-m+fp/hard\libgcc.a
LOAD d:/2.30/share/armgcc/bin/../lib/gcc/arm-none-eabi/9.3.1/../../../../arm-none-eabi/lib/thumb/v7e-m+fp/hard\libc_nano.a
LOAD d:/2.30/share/armgcc/bin/../lib/gcc/arm-none-eabi/9.3.1/../../../../arm-none-eabi/lib/thumb/v7e-m+fp/hard\libnosys.a
END GROUP
START GROUP
LOAD d:/2.30/share/armgcc/bin/../lib/gcc/arm-none-eabi/9.3.1/thumb/v7e-m+fp/hard\libgcc.a
LOAD d:/2.30/share/armgcc/bin/../lib/gcc/arm-none-eabi/9.3.1/../../../../arm-none-eabi/lib/thumb/v7e-m+fp/hard\libc_nano.a
LOAD d:/2.30/share/armgcc/bin/../lib/gcc/arm-none-eabi/9.3.1/../../../../arm-none-eabi/lib/thumb/v7e-m+fp/hard\libnosys.a
END GROUP
LOAD d:/2.30/share/armgcc/bin/../lib/gcc/arm-none-eabi/9.3.1/thumb/v7e-m+fp/hard/crtend.o
LOAD d:/2.30/share/armgcc/bin/../lib/gcc/arm-none-eabi/9.3.1/thumb/v7e-m+fp/hard/crtn.o
OUTPUT(bin\Debug\SmallCar.elf elf32-littlearm)
LOAD linker stubs

.debug_line     0x00000000     0x1242
 .debug_line    0x00000000       0x77 obj\debug\src\startup_stm32f401xc.o
 .debug_line    0x00000077      0x269 obj\debug\fil_lib\adc.o
 .debug_line    0x000002e0      0x20f obj\debug\fil_lib\exti.o
 .debug_line    0x000004ef      0x17a obj\debug\fil_lib\i2c.o
 .debug_line    0x00000669      0x204 obj\debug\fil_lib\rcc.o
 .debug_line    0x0000086d      0x411 obj\debug\fil_lib\tim.o
 .debug_line    0x00000c7e      0x159 obj\debug\fil_lib\usart.o
 .debug_line    0x00000dd7      0x1e8 obj\debug\src\main.o
 .debug_line    0x00000fbf      0x283 obj\debug\src\system_stm32f4xx.o

.debug_info     0x00000000     0x3913
 .debug_info    0x00000000       0x22 obj\debug\src\startup_stm32f401xc.o
 .debug_info    0x00000022      0x64b obj\debug\fil_lib\adc.o
 .debug_info    0x0000066d      0x4de obj\debug\fil_lib\exti.o
 .debug_info    0x00000b4b      0x45c obj\debug\fil_lib\i2c.o
 .debug_info    0x00000fa7      0x60a obj\debug\fil_lib\rcc.o
 .debug_info    0x000015b1      0x840 obj\debug\fil_lib\tim.o
 .debug_info    0x00001df1      0x52c obj\debug\fil_lib\usart.o
 .debug_info    0x0000231d      0xf8e obj\debug\src\main.o
 .debug_info    0x000032ab      0x668 obj\debug\src\system_stm32f4xx.o

.debug_abbrev   0x00000000      0xbae
 .debug_abbrev  0x00000000       0x12 obj\debug\src\startup_stm32f401xc.o
 .debug_abbrev  0x00000012      0x1b8 obj\debug\fil_lib\adc.o
 .debug_abbrev  0x000001ca      0x130 obj\debug\fil_lib\exti.o
 .debug_abbrev  0x000002fa       0xf0 obj\debug\fil_lib\i2c.o
 .debug_abbrev  0x000003ea      0x130 obj\debug\fil_lib\rcc.o
 .debug_abbrev  0x0000051a      0x1de obj\debug\fil_lib\tim.o
 .debug_abbrev  0x000006f8      0x145 obj\debug\fil_lib\usart.o
 .debug_abbrev  0x0000083d      0x1f9 obj\debug\src\main.o
 .debug_abbrev  0x00000a36      0x178 obj\debug\src\system_stm32f4xx.o

.debug_aranges  0x00000000      0x220
 .debug_aranges
                0x00000000       0x28 obj\debug\src\startup_stm32f401xc.o
 .debug_aranges
                0x00000028       0x38 obj\debug\fil_lib\adc.o
 .debug_aranges
                0x00000060       0x50 obj\debug\fil_lib\exti.o
 .debug_aranges
                0x000000b0       0x48 obj\debug\fil_lib\i2c.o
 .debug_aranges
                0x000000f8       0x20 obj\debug\fil_lib\rcc.o
 .debug_aranges
                0x00000118       0x80 obj\debug\fil_lib\tim.o
 .debug_aranges
                0x00000198       0x20 obj\debug\fil_lib\usart.o
 .debug_aranges
                0x000001b8       0x38 obj\debug\src\main.o
 .debug_aranges
                0x000001f0       0x30 obj\debug\src\system_stm32f4xx.o

.debug_str      0x00000000      0xd99
 .debug_str     0x00000000       0x66 obj\debug\src\startup_stm32f401xc.o
 .debug_str     0x00000066      0x38e obj\debug\fil_lib\adc.o
                                0x455 (size before relaxing)
 .debug_str     0x000003f4       0xa9 obj\debug\fil_lib\exti.o
                                0x43b (size before relaxing)
 .debug_str     0x0000049d       0x80 obj\debug\fil_lib\i2c.o
                                0x412 (size before relaxing)
 .debug_str     0x0000051d      0x138 obj\debug\fil_lib\rcc.o
                                0x4cf (size before relaxing)
 .debug_str     0x00000655      0x1b5 obj\debug\fil_lib\tim.o
                                0x593 (size before relaxing)
 .debug_str     0x0000080a       0x53 obj\debug\fil_lib\usart.o
                                0x42b (size before relaxing)
 .debug_str     0x0000085d      0x481 obj\debug\src\main.o
                                0xa3e (size before relaxing)
 .debug_str     0x00000cde       0xbb obj\debug\src\system_stm32f4xx.o
                                0x410 (size before relaxing)

.debug_ranges   0x00000000      0x198
 .debug_ranges  0x00000000       0x20 obj\debug\src\startup_stm32f401xc.o
 .debug_ranges  0x00000020       0x28 obj\debug\fil_lib\adc.o
 .debug_ranges  0x00000048       0x40 obj\debug\fil_lib\exti.o
 .debug_ranges  0x00000088       0x38 obj\debug\fil_lib\i2c.o
 .debug_ranges  0x000000c0       0x10 obj\debug\fil_lib\rcc.o
 .debug_ranges  0x000000d0       0x70 obj\debug\fil_lib\tim.o
 .debug_ranges  0x00000140       0x10 obj\debug\fil_lib\usart.o
 .debug_ranges  0x00000150       0x28 obj\debug\src\main.o
 .debug_ranges  0x00000178       0x20 obj\debug\src\system_stm32f4xx.o

.comment        0x00000000       0x4c
 .comment       0x00000000       0x4c obj\debug\fil_lib\adc.o
                                 0x4d (size before relaxing)
 .comment       0x0000004c       0x4d obj\debug\fil_lib\exti.o
 .comment       0x0000004c       0x4d obj\debug\fil_lib\i2c.o
 .comment       0x0000004c       0x4d obj\debug\fil_lib\rcc.o
 .comment       0x0000004c       0x4d obj\debug\fil_lib\tim.o
 .comment       0x0000004c       0x4d obj\debug\fil_lib\usart.o
 .comment       0x0000004c       0x4d obj\debug\src\main.o
 .comment       0x0000004c       0x4d obj\debug\src\system_stm32f4xx.o

.debug_frame    0x00000000      0x5bc
 .debug_frame   0x00000000       0xa4 obj\debug\fil_lib\adc.o
 .debug_frame   0x000000a4       0xf0 obj\debug\fil_lib\exti.o
 .debug_frame   0x00000194       0xd0 obj\debug\fil_lib\i2c.o
 .debug_frame   0x00000264       0x30 obj\debug\fil_lib\rcc.o
 .debug_frame   0x00000294      0x1d4 obj\debug\fil_lib\tim.o
 .debug_frame   0x00000468       0x34 obj\debug\fil_lib\usart.o
 .debug_frame   0x0000049c       0xa4 obj\debug\src\main.o
 .debug_frame   0x00000540       0x7c obj\debug\src\system_stm32f4xx.o
