Archive member included to satisfy reference by file (symbol)

c:/program files (x86)/embitz/2.30/share/armgcc/bin/../lib/gcc/arm-none-eabi/9.3.1/../../../../arm-none-eabi/lib/thumb/v7e-m+fp/hard\libg_nano.a(lib_a-exit.o)
                              c:/program files (x86)/embitz/2.30/share/armgcc/bin/../lib/gcc/arm-none-eabi/9.3.1/../../../../arm-none-eabi/lib/thumb/v7e-m+fp/hard/crt0.o (exit)
c:/program files (x86)/embitz/2.30/share/armgcc/bin/../lib/gcc/arm-none-eabi/9.3.1/../../../../arm-none-eabi/lib/thumb/v7e-m+fp/hard\libg_nano.a(lib_a-impure.o)
                              c:/program files (x86)/embitz/2.30/share/armgcc/bin/../lib/gcc/arm-none-eabi/9.3.1/../../../../arm-none-eabi/lib/thumb/v7e-m+fp/hard\libg_nano.a(lib_a-exit.o) (_global_impure_ptr)
c:/program files (x86)/embitz/2.30/share/armgcc/bin/../lib/gcc/arm-none-eabi/9.3.1/../../../../arm-none-eabi/lib/thumb/v7e-m+fp/hard\libg_nano.a(lib_a-init.o)
                              c:/program files (x86)/embitz/2.30/share/armgcc/bin/../lib/gcc/arm-none-eabi/9.3.1/../../../../arm-none-eabi/lib/thumb/v7e-m+fp/hard/crt0.o (__libc_init_array)
c:/program files (x86)/embitz/2.30/share/armgcc/bin/../lib/gcc/arm-none-eabi/9.3.1/../../../../arm-none-eabi/lib/thumb/v7e-m+fp/hard\libg_nano.a(lib_a-memset.o)
                              c:/program files (x86)/embitz/2.30/share/armgcc/bin/../lib/gcc/arm-none-eabi/9.3.1/../../../../arm-none-eabi/lib/thumb/v7e-m+fp/hard/crt0.o (memset)
c:/program files (x86)/embitz/2.30/share/armgcc/bin/../lib/gcc/arm-none-eabi/9.3.1/../../../../arm-none-eabi/lib/thumb/v7e-m+fp/hard\libnosys.a(_exit.o)
                              c:/program files (x86)/embitz/2.30/share/armgcc/bin/../lib/gcc/arm-none-eabi/9.3.1/../../../../arm-none-eabi/lib/thumb/v7e-m+fp/hard\libg_nano.a(lib_a-exit.o) (_exit)

Allocating common symbols
Common symbol       size              file

I2CStatus           0xa               obj\debug\external\mpu9250\mpu9250.o
TIMStatus           0x20              obj\debug\external\mpu9250\mpu9250.o
ADC1_Data           0x4               obj\debug\src\main.o
ADCStatus           0x2c              obj\debug\external\mpu9250\mpu9250.o
RCH                 0x1               obj\debug\external\mpu9250\mpu9250.o
Clocks              0x14              obj\debug\external\mpu9250\mpu9250.o
JCH                 0x1               obj\debug\external\mpu9250\mpu9250.o

Discarded input sections

 .text          0x00000000        0x0 c:/program files (x86)/embitz/2.30/share/armgcc/bin/../lib/gcc/arm-none-eabi/9.3.1/thumb/v7e-m+fp/hard/crti.o
 .data          0x00000000        0x0 c:/program files (x86)/embitz/2.30/share/armgcc/bin/../lib/gcc/arm-none-eabi/9.3.1/thumb/v7e-m+fp/hard/crti.o
 .bss           0x00000000        0x0 c:/program files (x86)/embitz/2.30/share/armgcc/bin/../lib/gcc/arm-none-eabi/9.3.1/thumb/v7e-m+fp/hard/crti.o
 .data          0x00000000        0x4 c:/program files (x86)/embitz/2.30/share/armgcc/bin/../lib/gcc/arm-none-eabi/9.3.1/thumb/v7e-m+fp/hard/crtbegin.o
 .text          0x00000000       0x7c c:/program files (x86)/embitz/2.30/share/armgcc/bin/../lib/gcc/arm-none-eabi/9.3.1/../../../../arm-none-eabi/lib/thumb/v7e-m+fp/hard/crt0.o
 .data          0x00000000        0x0 c:/program files (x86)/embitz/2.30/share/armgcc/bin/../lib/gcc/arm-none-eabi/9.3.1/../../../../arm-none-eabi/lib/thumb/v7e-m+fp/hard/crt0.o
 .bss           0x00000000        0x0 c:/program files (x86)/embitz/2.30/share/armgcc/bin/../lib/gcc/arm-none-eabi/9.3.1/../../../../arm-none-eabi/lib/thumb/v7e-m+fp/hard/crt0.o
 .ARM.extab     0x00000000        0x0 c:/program files (x86)/embitz/2.30/share/armgcc/bin/../lib/gcc/arm-none-eabi/9.3.1/../../../../arm-none-eabi/lib/thumb/v7e-m+fp/hard/crt0.o
 .ARM.exidx     0x00000000       0x10 c:/program files (x86)/embitz/2.30/share/armgcc/bin/../lib/gcc/arm-none-eabi/9.3.1/../../../../arm-none-eabi/lib/thumb/v7e-m+fp/hard/crt0.o
 .ARM.attributes
                0x00000000       0x1c c:/program files (x86)/embitz/2.30/share/armgcc/bin/../lib/gcc/arm-none-eabi/9.3.1/../../../../arm-none-eabi/lib/thumb/v7e-m+fp/hard/crt0.o
 .text          0x00000000       0x14 obj\debug\src\startup_stm32f401xc.o
 .data          0x00000000        0x0 obj\debug\src\startup_stm32f401xc.o
 .bss           0x00000000        0x0 obj\debug\src\startup_stm32f401xc.o
 .text          0x00000000        0x0 obj\debug\external\matrix\matrix.o
 .data          0x00000000        0x0 obj\debug\external\matrix\matrix.o
 .bss           0x00000000        0x0 obj\debug\external\matrix\matrix.o
 .debug_line    0x00000000        0x0 obj\debug\external\matrix\matrix.o
 .debug_str     0x00000000       0xfa obj\debug\external\matrix\matrix.o
 .comment       0x00000000       0x4d obj\debug\external\matrix\matrix.o
 .ARM.attributes
                0x00000000       0x39 obj\debug\external\matrix\matrix.o
 .text          0x00000000        0x0 obj\debug\external\modbus\ascii\modbus_ascii.o
 .data          0x00000000        0x0 obj\debug\external\modbus\ascii\modbus_ascii.o
 .bss           0x00000000        0x0 obj\debug\external\modbus\ascii\modbus_ascii.o
 .debug_line    0x00000000        0x0 obj\debug\external\modbus\ascii\modbus_ascii.o
 .debug_str     0x00000000      0x106 obj\debug\external\modbus\ascii\modbus_ascii.o
 .comment       0x00000000       0x4d obj\debug\external\modbus\ascii\modbus_ascii.o
 .ARM.attributes
                0x00000000       0x39 obj\debug\external\modbus\ascii\modbus_ascii.o
 .text          0x00000000        0x0 obj\debug\external\mpu9250\mpu9250.o
 .data          0x00000000        0x0 obj\debug\external\mpu9250\mpu9250.o
 .bss           0x00000000        0x0 obj\debug\external\mpu9250\mpu9250.o
 .data.PrescalerTable
                0x00000000       0x10 obj\debug\external\mpu9250\mpu9250.o
 .text          0x00000000        0x0 obj\debug\external\regulators\regulators.o
 .data          0x00000000        0x0 obj\debug\external\regulators\regulators.o
 .bss           0x00000000        0x0 obj\debug\external\regulators\regulators.o
 .data.PrescalerTable
                0x00000000       0x10 obj\debug\external\regulators\regulators.o
 .debug_info    0x00000000      0x366 obj\debug\external\regulators\regulators.o
 .debug_abbrev  0x00000000       0xcb obj\debug\external\regulators\regulators.o
 .debug_aranges
                0x00000000       0x18 obj\debug\external\regulators\regulators.o
 .debug_line    0x00000000      0x14f obj\debug\external\regulators\regulators.o
 .debug_str     0x00000000      0x343 obj\debug\external\regulators\regulators.o
 .comment       0x00000000       0x4d obj\debug\external\regulators\regulators.o
 .ARM.attributes
                0x00000000       0x39 obj\debug\external\regulators\regulators.o
 .text          0x00000000        0x0 obj\debug\external\ssd1306\fonts.o
 .data          0x00000000        0x0 obj\debug\external\ssd1306\fonts.o
 .bss           0x00000000        0x0 obj\debug\external\ssd1306\fonts.o
 .debug_info    0x00000000      0x9f7 obj\debug\external\ssd1306\fonts.o
 .debug_abbrev  0x00000000      0x1b8 obj\debug\external\ssd1306\fonts.o
 .debug_aranges
                0x00000000       0x18 obj\debug\external\ssd1306\fonts.o
 .debug_line    0x00000000      0x1a5 obj\debug\external\ssd1306\fonts.o
 .debug_str     0x00000000      0x618 obj\debug\external\ssd1306\fonts.o
 .comment       0x00000000       0x4d obj\debug\external\ssd1306\fonts.o
 .ARM.attributes
                0x00000000       0x39 obj\debug\external\ssd1306\fonts.o
 .text          0x00000000        0x0 obj\debug\external\ssd1306\images.o
 .data          0x00000000        0x0 obj\debug\external\ssd1306\images.o
 .bss           0x00000000        0x0 obj\debug\external\ssd1306\images.o
 .data.PrescalerTable
                0x00000000       0x10 obj\debug\external\ssd1306\images.o
 .debug_info    0x00000000      0x366 obj\debug\external\ssd1306\images.o
 .debug_abbrev  0x00000000       0xcb obj\debug\external\ssd1306\images.o
 .debug_aranges
                0x00000000       0x18 obj\debug\external\ssd1306\images.o
 .debug_line    0x00000000      0x14f obj\debug\external\ssd1306\images.o
 .debug_str     0x00000000      0x33c obj\debug\external\ssd1306\images.o
 .comment       0x00000000       0x4d obj\debug\external\ssd1306\images.o
 .ARM.attributes
                0x00000000       0x39 obj\debug\external\ssd1306\images.o
 .text          0x00000000        0x0 obj\debug\external\ssd1306\ssd1306.o
 .data          0x00000000        0x0 obj\debug\external\ssd1306\ssd1306.o
 .bss           0x00000000        0x0 obj\debug\external\ssd1306\ssd1306.o
 .data.PrescalerTable
                0x00000000       0x10 obj\debug\external\ssd1306\ssd1306.o
 .debug_info    0x00000000      0x366 obj\debug\external\ssd1306\ssd1306.o
 .debug_abbrev  0x00000000       0xcb obj\debug\external\ssd1306\ssd1306.o
 .debug_aranges
                0x00000000       0x18 obj\debug\external\ssd1306\ssd1306.o
 .debug_line    0x00000000      0x14f obj\debug\external\ssd1306\ssd1306.o
 .debug_str     0x00000000      0x33d obj\debug\external\ssd1306\ssd1306.o
 .comment       0x00000000       0x4d obj\debug\external\ssd1306\ssd1306.o
 .ARM.attributes
                0x00000000       0x39 obj\debug\external\ssd1306\ssd1306.o
 .text          0x00000000        0x0 obj\debug\external\ssd1306\ssd1306_i2c.o
 .data          0x00000000        0x0 obj\debug\external\ssd1306\ssd1306_i2c.o
 .bss           0x00000000        0x0 obj\debug\external\ssd1306\ssd1306_i2c.o
 .data.PrescalerTable
                0x00000000       0x10 obj\debug\external\ssd1306\ssd1306_i2c.o
 .debug_info    0x00000000      0x366 obj\debug\external\ssd1306\ssd1306_i2c.o
 .debug_abbrev  0x00000000       0xcb obj\debug\external\ssd1306\ssd1306_i2c.o
 .debug_aranges
                0x00000000       0x18 obj\debug\external\ssd1306\ssd1306_i2c.o
 .debug_line    0x00000000      0x14f obj\debug\external\ssd1306\ssd1306_i2c.o
 .debug_str     0x00000000      0x341 obj\debug\external\ssd1306\ssd1306_i2c.o
 .comment       0x00000000       0x4d obj\debug\external\ssd1306\ssd1306_i2c.o
 .ARM.attributes
                0x00000000       0x39 obj\debug\external\ssd1306\ssd1306_i2c.o
 .text          0x00000000        0x0 obj\debug\fil_lib\src\adc.o
 .data          0x00000000        0x0 obj\debug\fil_lib\src\adc.o
 .bss           0x00000000        0x0 obj\debug\fil_lib\src\adc.o
 .data.PrescalerTable
                0x00000000       0x10 obj\debug\fil_lib\src\adc.o
 .bss.ADC1_Data
                0x00000000        0x4 obj\debug\fil_lib\src\adc.o
 .text          0x00000000        0x0 obj\debug\fil_lib\src\dma.o
 .data          0x00000000        0x0 obj\debug\fil_lib\src\dma.o
 .bss           0x00000000        0x0 obj\debug\fil_lib\src\dma.o
 .data.PrescalerTable
                0x00000000       0x10 obj\debug\fil_lib\src\dma.o
 .debug_info    0x00000000      0x366 obj\debug\fil_lib\src\dma.o
 .debug_abbrev  0x00000000       0xcb obj\debug\fil_lib\src\dma.o
 .debug_aranges
                0x00000000       0x18 obj\debug\fil_lib\src\dma.o
 .debug_line    0x00000000      0x14f obj\debug\fil_lib\src\dma.o
 .debug_str     0x00000000      0x334 obj\debug\fil_lib\src\dma.o
 .comment       0x00000000       0x4d obj\debug\fil_lib\src\dma.o
 .ARM.attributes
                0x00000000       0x39 obj\debug\fil_lib\src\dma.o
 .text          0x00000000        0x0 obj\debug\fil_lib\src\exti.o
 .data          0x00000000        0x0 obj\debug\fil_lib\src\exti.o
 .bss           0x00000000        0x0 obj\debug\fil_lib\src\exti.o
 .data.PrescalerTable
                0x00000000       0x10 obj\debug\fil_lib\src\exti.o
 .debug_info    0x00000000      0x366 obj\debug\fil_lib\src\exti.o
 .debug_abbrev  0x00000000       0xcb obj\debug\fil_lib\src\exti.o
 .debug_aranges
                0x00000000       0x18 obj\debug\fil_lib\src\exti.o
 .debug_line    0x00000000      0x14f obj\debug\fil_lib\src\exti.o
 .debug_str     0x00000000      0x335 obj\debug\fil_lib\src\exti.o
 .comment       0x00000000       0x4d obj\debug\fil_lib\src\exti.o
 .ARM.attributes
                0x00000000       0x39 obj\debug\fil_lib\src\exti.o
 .text          0x00000000        0x0 obj\debug\fil_lib\src\i2c.o
 .data          0x00000000        0x0 obj\debug\fil_lib\src\i2c.o
 .bss           0x00000000        0x0 obj\debug\fil_lib\src\i2c.o
 .data.PrescalerTable
                0x00000000       0x10 obj\debug\fil_lib\src\i2c.o
 .bss.I2C_timeout
                0x00000000        0x4 obj\debug\fil_lib\src\i2c.o
 .text.I2C_ClearAllStats
                0x00000000       0x28 obj\debug\fil_lib\src\i2c.o
 .text.I2C_MemoryWriteSingle
                0x00000000      0x170 obj\debug\fil_lib\src\i2c.o
 .text.I2C_MemoryWriteMulriple
                0x00000000      0x160 obj\debug\fil_lib\src\i2c.o
 .text.I2C_MemoryReadMultiple
                0x00000000      0x1fc obj\debug\fil_lib\src\i2c.o
 .text.I2C_MemoryReadSingle
                0x00000000      0x1b4 obj\debug\fil_lib\src\i2c.o
 .text.I2C_SingleSend
                0x00000000       0x7c obj\debug\fil_lib\src\i2c.o
 .text.I2C_MultipleSend
                0x00000000       0x94 obj\debug\fil_lib\src\i2c.o
 .text.I2C_SingleRead
                0x00000000       0x44 obj\debug\fil_lib\src\i2c.o
 .text.I2C_MultipleRead
                0x00000000       0xc0 obj\debug\fil_lib\src\i2c.o
 .text.I2C_RestoreConnection
                0x00000000      0x1b4 obj\debug\fil_lib\src\i2c.o
 .text.I2CFindDevices
                0x00000000      0x160 obj\debug\fil_lib\src\i2c.o
 .text          0x00000000        0x0 obj\debug\fil_lib\src\rcc.o
 .data          0x00000000        0x0 obj\debug\fil_lib\src\rcc.o
 .bss           0x00000000        0x0 obj\debug\fil_lib\src\rcc.o
 .text          0x00000000        0x0 obj\debug\fil_lib\src\rtc.o
 .data          0x00000000        0x0 obj\debug\fil_lib\src\rtc.o
 .bss           0x00000000        0x0 obj\debug\fil_lib\src\rtc.o
 .data.PrescalerTable
                0x00000000       0x10 obj\debug\fil_lib\src\rtc.o
 .debug_info    0x00000000      0x366 obj\debug\fil_lib\src\rtc.o
 .debug_abbrev  0x00000000       0xcb obj\debug\fil_lib\src\rtc.o
 .debug_aranges
                0x00000000       0x18 obj\debug\fil_lib\src\rtc.o
 .debug_line    0x00000000      0x14f obj\debug\fil_lib\src\rtc.o
 .debug_str     0x00000000      0x334 obj\debug\fil_lib\src\rtc.o
 .comment       0x00000000       0x4d obj\debug\fil_lib\src\rtc.o
 .ARM.attributes
                0x00000000       0x39 obj\debug\fil_lib\src\rtc.o
 .text          0x00000000        0x0 obj\debug\fil_lib\src\tim.o
 .data          0x00000000        0x0 obj\debug\fil_lib\src\tim.o
 .bss           0x00000000        0x0 obj\debug\fil_lib\src\tim.o
 .data.PrescalerTable
                0x00000000       0x10 obj\debug\fil_lib\src\tim.o
 .text.TIM1_IRQHandler
                0x00000000       0x18 obj\debug\fil_lib\src\tim.o
 .bss.startTick
                0x00000000        0x4 obj\debug\fil_lib\src\tim.o
 .text.delay_ms
                0x00000000       0x40 obj\debug\fil_lib\src\tim.o
 .text.delay_sec
                0x00000000       0x54 obj\debug\fil_lib\src\tim.o
 .text.CalcTimStatus
                0x00000000      0x200 obj\debug\fil_lib\src\tim.o
 .text.CalcTimPulseLength
                0x00000000      0x164 obj\debug\fil_lib\src\tim.o
 .text.SetPWM   0x00000000       0xd0 obj\debug\fil_lib\src\tim.o
 .text.CalcTimDuration
                0x00000000       0x40 obj\debug\fil_lib\src\tim.o
 .text          0x00000000        0x0 obj\debug\fil_lib\src\usart.o
 .data          0x00000000        0x0 obj\debug\fil_lib\src\usart.o
 .bss           0x00000000        0x0 obj\debug\fil_lib\src\usart.o
 .data.PrescalerTable
                0x00000000       0x10 obj\debug\fil_lib\src\usart.o
 .text.CalcUSARTBaudrate
                0x00000000       0x70 obj\debug\fil_lib\src\usart.o
 .debug_info    0x00000000      0x4aa obj\debug\fil_lib\src\usart.o
 .debug_abbrev  0x00000000      0x147 obj\debug\fil_lib\src\usart.o
 .debug_aranges
                0x00000000       0x20 obj\debug\fil_lib\src\usart.o
 .debug_ranges  0x00000000       0x10 obj\debug\fil_lib\src\usart.o
 .debug_line    0x00000000      0x1af obj\debug\fil_lib\src\usart.o
 .debug_str     0x00000000      0x3bf obj\debug\fil_lib\src\usart.o
 .comment       0x00000000       0x4d obj\debug\fil_lib\src\usart.o
 .debug_frame   0x00000000       0x34 obj\debug\fil_lib\src\usart.o
 .ARM.attributes
                0x00000000       0x34 obj\debug\fil_lib\src\usart.o
 .text          0x00000000        0x0 obj\debug\src\main.o
 .data          0x00000000        0x0 obj\debug\src\main.o
 .bss           0x00000000        0x0 obj\debug\src\main.o
 .data.PrescalerTable
                0x00000000       0x10 obj\debug\src\main.o
 COMMON         0x00000000        0x4 obj\debug\src\main.o
 .text          0x00000000        0x0 obj\debug\dev\dev.o
 .data          0x00000000        0x0 obj\debug\dev\dev.o
 .bss           0x00000000        0x0 obj\debug\dev\dev.o
 .data.PrescalerTable
                0x00000000       0x10 obj\debug\dev\dev.o
 .debug_info    0x00000000      0x366 obj\debug\dev\dev.o
 .debug_abbrev  0x00000000       0xcb obj\debug\dev\dev.o
 .debug_aranges
                0x00000000       0x18 obj\debug\dev\dev.o
 .debug_line    0x00000000      0x14f obj\debug\dev\dev.o
 .debug_str     0x00000000      0x32c obj\debug\dev\dev.o
 .comment       0x00000000       0x4d obj\debug\dev\dev.o
 .ARM.attributes
                0x00000000       0x39 obj\debug\dev\dev.o
 .text          0x00000000        0x0 obj\debug\src\system_stm32f4xx.o
 .data          0x00000000        0x0 obj\debug\src\system_stm32f4xx.o
 .bss           0x00000000        0x0 obj\debug\src\system_stm32f4xx.o
 .data.SystemCoreClock
                0x00000000        0x4 obj\debug\src\system_stm32f4xx.o
 .data.AHBPrescTable
                0x00000000       0x10 obj\debug\src\system_stm32f4xx.o
 .text.SystemCoreClockUpdate
                0x00000000      0x104 obj\debug\src\system_stm32f4xx.o
 .text          0x00000000        0x0 c:/program files (x86)/embitz/2.30/share/armgcc/bin/../lib/gcc/arm-none-eabi/9.3.1/../../../../arm-none-eabi/lib/thumb/v7e-m+fp/hard\libg_nano.a(lib_a-exit.o)
 .data          0x00000000        0x0 c:/program files (x86)/embitz/2.30/share/armgcc/bin/../lib/gcc/arm-none-eabi/9.3.1/../../../../arm-none-eabi/lib/thumb/v7e-m+fp/hard\libg_nano.a(lib_a-exit.o)
 .bss           0x00000000        0x0 c:/program files (x86)/embitz/2.30/share/armgcc/bin/../lib/gcc/arm-none-eabi/9.3.1/../../../../arm-none-eabi/lib/thumb/v7e-m+fp/hard\libg_nano.a(lib_a-exit.o)
 .text.exit     0x00000000       0x28 c:/program files (x86)/embitz/2.30/share/armgcc/bin/../lib/gcc/arm-none-eabi/9.3.1/../../../../arm-none-eabi/lib/thumb/v7e-m+fp/hard\libg_nano.a(lib_a-exit.o)
 .debug_frame   0x00000000       0x28 c:/program files (x86)/embitz/2.30/share/armgcc/bin/../lib/gcc/arm-none-eabi/9.3.1/../../../../arm-none-eabi/lib/thumb/v7e-m+fp/hard\libg_nano.a(lib_a-exit.o)
 .ARM.attributes
                0x00000000       0x34 c:/program files (x86)/embitz/2.30/share/armgcc/bin/../lib/gcc/arm-none-eabi/9.3.1/../../../../arm-none-eabi/lib/thumb/v7e-m+fp/hard\libg_nano.a(lib_a-exit.o)
 .text          0x00000000        0x0 c:/program files (x86)/embitz/2.30/share/armgcc/bin/../lib/gcc/arm-none-eabi/9.3.1/../../../../arm-none-eabi/lib/thumb/v7e-m+fp/hard\libg_nano.a(lib_a-impure.o)
 .data          0x00000000        0x0 c:/program files (x86)/embitz/2.30/share/armgcc/bin/../lib/gcc/arm-none-eabi/9.3.1/../../../../arm-none-eabi/lib/thumb/v7e-m+fp/hard\libg_nano.a(lib_a-impure.o)
 .bss           0x00000000        0x0 c:/program files (x86)/embitz/2.30/share/armgcc/bin/../lib/gcc/arm-none-eabi/9.3.1/../../../../arm-none-eabi/lib/thumb/v7e-m+fp/hard\libg_nano.a(lib_a-impure.o)
 .data._impure_ptr
                0x00000000        0x4 c:/program files (x86)/embitz/2.30/share/armgcc/bin/../lib/gcc/arm-none-eabi/9.3.1/../../../../arm-none-eabi/lib/thumb/v7e-m+fp/hard\libg_nano.a(lib_a-impure.o)
 .data.impure_data
                0x00000000       0x60 c:/program files (x86)/embitz/2.30/share/armgcc/bin/../lib/gcc/arm-none-eabi/9.3.1/../../../../arm-none-eabi/lib/thumb/v7e-m+fp/hard\libg_nano.a(lib_a-impure.o)
 .rodata._global_impure_ptr
                0x00000000        0x4 c:/program files (x86)/embitz/2.30/share/armgcc/bin/../lib/gcc/arm-none-eabi/9.3.1/../../../../arm-none-eabi/lib/thumb/v7e-m+fp/hard\libg_nano.a(lib_a-impure.o)
 .ARM.attributes
                0x00000000       0x32 c:/program files (x86)/embitz/2.30/share/armgcc/bin/../lib/gcc/arm-none-eabi/9.3.1/../../../../arm-none-eabi/lib/thumb/v7e-m+fp/hard\libg_nano.a(lib_a-impure.o)
 .text          0x00000000        0x0 c:/program files (x86)/embitz/2.30/share/armgcc/bin/../lib/gcc/arm-none-eabi/9.3.1/../../../../arm-none-eabi/lib/thumb/v7e-m+fp/hard\libg_nano.a(lib_a-init.o)
 .data          0x00000000        0x0 c:/program files (x86)/embitz/2.30/share/armgcc/bin/../lib/gcc/arm-none-eabi/9.3.1/../../../../arm-none-eabi/lib/thumb/v7e-m+fp/hard\libg_nano.a(lib_a-init.o)
 .bss           0x00000000        0x0 c:/program files (x86)/embitz/2.30/share/armgcc/bin/../lib/gcc/arm-none-eabi/9.3.1/../../../../arm-none-eabi/lib/thumb/v7e-m+fp/hard\libg_nano.a(lib_a-init.o)
 .text.__libc_init_array
                0x00000000       0x48 c:/program files (x86)/embitz/2.30/share/armgcc/bin/../lib/gcc/arm-none-eabi/9.3.1/../../../../arm-none-eabi/lib/thumb/v7e-m+fp/hard\libg_nano.a(lib_a-init.o)
 .debug_frame   0x00000000       0x2c c:/program files (x86)/embitz/2.30/share/armgcc/bin/../lib/gcc/arm-none-eabi/9.3.1/../../../../arm-none-eabi/lib/thumb/v7e-m+fp/hard\libg_nano.a(lib_a-init.o)
 .ARM.attributes
                0x00000000       0x34 c:/program files (x86)/embitz/2.30/share/armgcc/bin/../lib/gcc/arm-none-eabi/9.3.1/../../../../arm-none-eabi/lib/thumb/v7e-m+fp/hard\libg_nano.a(lib_a-init.o)
 .text          0x00000000        0x0 c:/program files (x86)/embitz/2.30/share/armgcc/bin/../lib/gcc/arm-none-eabi/9.3.1/../../../../arm-none-eabi/lib/thumb/v7e-m+fp/hard\libg_nano.a(lib_a-memset.o)
 .data          0x00000000        0x0 c:/program files (x86)/embitz/2.30/share/armgcc/bin/../lib/gcc/arm-none-eabi/9.3.1/../../../../arm-none-eabi/lib/thumb/v7e-m+fp/hard\libg_nano.a(lib_a-memset.o)
 .bss           0x00000000        0x0 c:/program files (x86)/embitz/2.30/share/armgcc/bin/../lib/gcc/arm-none-eabi/9.3.1/../../../../arm-none-eabi/lib/thumb/v7e-m+fp/hard\libg_nano.a(lib_a-memset.o)
 .text.memset   0x00000000       0x10 c:/program files (x86)/embitz/2.30/share/armgcc/bin/../lib/gcc/arm-none-eabi/9.3.1/../../../../arm-none-eabi/lib/thumb/v7e-m+fp/hard\libg_nano.a(lib_a-memset.o)
 .debug_frame   0x00000000       0x20 c:/program files (x86)/embitz/2.30/share/armgcc/bin/../lib/gcc/arm-none-eabi/9.3.1/../../../../arm-none-eabi/lib/thumb/v7e-m+fp/hard\libg_nano.a(lib_a-memset.o)
 .ARM.attributes
                0x00000000       0x34 c:/program files (x86)/embitz/2.30/share/armgcc/bin/../lib/gcc/arm-none-eabi/9.3.1/../../../../arm-none-eabi/lib/thumb/v7e-m+fp/hard\libg_nano.a(lib_a-memset.o)
 .text          0x00000000        0x0 c:/program files (x86)/embitz/2.30/share/armgcc/bin/../lib/gcc/arm-none-eabi/9.3.1/../../../../arm-none-eabi/lib/thumb/v7e-m+fp/hard\libnosys.a(_exit.o)
 .data          0x00000000        0x0 c:/program files (x86)/embitz/2.30/share/armgcc/bin/../lib/gcc/arm-none-eabi/9.3.1/../../../../arm-none-eabi/lib/thumb/v7e-m+fp/hard\libnosys.a(_exit.o)
 .bss           0x00000000        0x0 c:/program files (x86)/embitz/2.30/share/armgcc/bin/../lib/gcc/arm-none-eabi/9.3.1/../../../../arm-none-eabi/lib/thumb/v7e-m+fp/hard\libnosys.a(_exit.o)
 .text._exit    0x00000000        0x4 c:/program files (x86)/embitz/2.30/share/armgcc/bin/../lib/gcc/arm-none-eabi/9.3.1/../../../../arm-none-eabi/lib/thumb/v7e-m+fp/hard\libnosys.a(_exit.o)
 .debug_frame   0x00000000       0x20 c:/program files (x86)/embitz/2.30/share/armgcc/bin/../lib/gcc/arm-none-eabi/9.3.1/../../../../arm-none-eabi/lib/thumb/v7e-m+fp/hard\libnosys.a(_exit.o)
 .ARM.attributes
                0x00000000       0x34 c:/program files (x86)/embitz/2.30/share/armgcc/bin/../lib/gcc/arm-none-eabi/9.3.1/../../../../arm-none-eabi/lib/thumb/v7e-m+fp/hard\libnosys.a(_exit.o)
 .text          0x00000000        0x0 c:/program files (x86)/embitz/2.30/share/armgcc/bin/../lib/gcc/arm-none-eabi/9.3.1/thumb/v7e-m+fp/hard/crtend.o
 .data          0x00000000        0x0 c:/program files (x86)/embitz/2.30/share/armgcc/bin/../lib/gcc/arm-none-eabi/9.3.1/thumb/v7e-m+fp/hard/crtend.o
 .bss           0x00000000        0x0 c:/program files (x86)/embitz/2.30/share/armgcc/bin/../lib/gcc/arm-none-eabi/9.3.1/thumb/v7e-m+fp/hard/crtend.o
 .eh_frame      0x00000000        0x4 c:/program files (x86)/embitz/2.30/share/armgcc/bin/../lib/gcc/arm-none-eabi/9.3.1/thumb/v7e-m+fp/hard/crtend.o
 .ARM.attributes
                0x00000000       0x32 c:/program files (x86)/embitz/2.30/share/armgcc/bin/../lib/gcc/arm-none-eabi/9.3.1/thumb/v7e-m+fp/hard/crtend.o
 .text          0x00000000        0x0 c:/program files (x86)/embitz/2.30/share/armgcc/bin/../lib/gcc/arm-none-eabi/9.3.1/thumb/v7e-m+fp/hard/crtn.o
 .data          0x00000000        0x0 c:/program files (x86)/embitz/2.30/share/armgcc/bin/../lib/gcc/arm-none-eabi/9.3.1/thumb/v7e-m+fp/hard/crtn.o
 .bss           0x00000000        0x0 c:/program files (x86)/embitz/2.30/share/armgcc/bin/../lib/gcc/arm-none-eabi/9.3.1/thumb/v7e-m+fp/hard/crtn.o

Memory Configuration

Name             Origin             Length             Attributes
FLASH            0x08000000         0x00040000         xr
RAM              0x20000000         0x00010000         xrw
*default*        0x00000000         0xffffffff

Linker script and memory map

LOAD c:/program files (x86)/embitz/2.30/share/armgcc/bin/../lib/gcc/arm-none-eabi/9.3.1/thumb/v7e-m+fp/hard/crti.o
LOAD c:/program files (x86)/embitz/2.30/share/armgcc/bin/../lib/gcc/arm-none-eabi/9.3.1/thumb/v7e-m+fp/hard/crtbegin.o
LOAD c:/program files (x86)/embitz/2.30/share/armgcc/bin/../lib/gcc/arm-none-eabi/9.3.1/../../../../arm-none-eabi/lib/thumb/v7e-m+fp/hard/crt0.o
                0x00000000                __HEAP_SIZE = 0x0
                0x00000100                __STACK_SIZE = 0x100
                0x00000000                _Min_Heap_Size = __HEAP_SIZE
                0x00000100                _Min_Stack_Size = __STACK_SIZE
                0x20010000                _estack = (ORIGIN (RAM) + LENGTH (RAM))

.isr_vector     0x08000000      0x194
                0x08000000                . = ALIGN (0x4)
 *(.isr_vector)
 .isr_vector    0x08000000      0x194 obj\debug\src\startup_stm32f401xc.o
                0x08000000                g_pfnVectors
                0x08000194                . = ALIGN (0x4)

.text           0x08000194     0x1004
                0x08000194                . = ALIGN (0x4)
 *(.text)
 .text          0x08000194       0x40 c:/program files (x86)/embitz/2.30/share/armgcc/bin/../lib/gcc/arm-none-eabi/9.3.1/thumb/v7e-m+fp/hard/crtbegin.o
 *(.text*)
 .text.Reset_Handler
                0x080001d4       0x4c obj\debug\src\startup_stm32f401xc.o
                0x080001d4                Reset_Handler
 .text.Default_Handler
                0x08000220        0x2 obj\debug\src\startup_stm32f401xc.o
                0x08000220                RTC_Alarm_IRQHandler
                0x08000220                EXTI2_IRQHandler
                0x08000220                DebugMon_Handler
                0x08000220                SPI4_IRQHandler
                0x08000220                TIM1_CC_IRQHandler
                0x08000220                DMA2_Stream5_IRQHandler
                0x08000220                HardFault_Handler
                0x08000220                DMA1_Stream5_IRQHandler
                0x08000220                PVD_IRQHandler
                0x08000220                SDIO_IRQHandler
                0x08000220                TAMP_STAMP_IRQHandler
                0x08000220                PendSV_Handler
                0x08000220                NMI_Handler
                0x08000220                EXTI3_IRQHandler
                0x08000220                TIM1_UP_TIM10_IRQHandler
                0x08000220                EXTI0_IRQHandler
                0x08000220                DMA1_Stream2_IRQHandler
                0x08000220                FPU_IRQHandler
                0x08000220                UsageFault_Handler
                0x08000220                DMA2_Stream2_IRQHandler
                0x08000220                SPI1_IRQHandler
                0x08000220                TIM1_BRK_TIM9_IRQHandler
                0x08000220                DMA2_Stream3_IRQHandler
                0x08000220                USART6_IRQHandler
                0x08000220                DMA2_Stream0_IRQHandler
                0x08000220                DMA1_Stream6_IRQHandler
                0x08000220                DMA1_Stream1_IRQHandler
                0x08000220                RCC_IRQHandler
                0x08000220                Default_Handler
                0x08000220                EXTI15_10_IRQHandler
                0x08000220                DMA1_Stream7_IRQHandler
                0x08000220                DMA2_Stream7_IRQHandler
                0x08000220                EXTI9_5_IRQHandler
                0x08000220                RTC_WKUP_IRQHandler
                0x08000220                SPI2_IRQHandler
                0x08000220                MemManage_Handler
                0x08000220                DMA1_Stream0_IRQHandler
                0x08000220                SVC_Handler
                0x08000220                EXTI4_IRQHandler
                0x08000220                WWDG_IRQHandler
                0x08000220                OTG_FS_WKUP_IRQHandler
                0x08000220                TIM1_TRG_COM_TIM11_IRQHandler
                0x08000220                EXTI1_IRQHandler
                0x08000220                USART2_IRQHandler
                0x08000220                DMA2_Stream1_IRQHandler
                0x08000220                FLASH_IRQHandler
                0x08000220                DMA2_Stream4_IRQHandler
                0x08000220                BusFault_Handler
                0x08000220                USART1_IRQHandler
                0x08000220                OTG_FS_IRQHandler
                0x08000220                SPI3_IRQHandler
                0x08000220                DMA1_Stream4_IRQHandler
                0x08000220                DMA2_Stream6_IRQHandler
                0x08000220                DMA1_Stream3_IRQHandler
 .text.ADC_IRQHandler
                0x08000222        0xe obj\debug\fil_lib\src\adc.o
                0x08000222                ADC_IRQHandler
 .text.ADC_Init
                0x08000230       0xac obj\debug\fil_lib\src\adc.o
                0x08000230                ADC_Init
 .text.I2C1_EV_IRQHandler
                0x080002dc        0xe obj\debug\fil_lib\src\i2c.o
                0x080002dc                I2C1_EV_IRQHandler
 .text.I2C2_EV_IRQHandler
                0x080002ea        0xe obj\debug\fil_lib\src\i2c.o
                0x080002ea                I2C2_EV_IRQHandler
 .text.I2C3_EV_IRQHandler
                0x080002f8        0xe obj\debug\fil_lib\src\i2c.o
                0x080002f8                I2C3_EV_IRQHandler
 .text.I2C1_ER_IRQHandler
                0x08000306        0xe obj\debug\fil_lib\src\i2c.o
                0x08000306                I2C1_ER_IRQHandler
 .text.I2C2_ER_IRQHandler
                0x08000314        0xe obj\debug\fil_lib\src\i2c.o
                0x08000314                I2C2_ER_IRQHandler
 .text.I2C3_ER_IRQHandler
                0x08000322        0xe obj\debug\fil_lib\src\i2c.o
                0x08000322                I2C3_ER_IRQHandler
 .text.CalcRCCClocks
                0x08000330      0x134 obj\debug\fil_lib\src\rcc.o
                0x08000330                CalcRCCClocks
 .text.SysTick_Handler
                0x08000464       0x1c obj\debug\fil_lib\src\tim.o
                0x08000464                SysTick_Handler
 .text.TIM2_IRQHandler
                0x08000480       0x16 obj\debug\fil_lib\src\tim.o
                0x08000480                TIM2_IRQHandler
 *fill*         0x08000496        0x2 
 .text.TIM3_IRQHandler
                0x08000498       0x18 obj\debug\fil_lib\src\tim.o
                0x08000498                TIM3_IRQHandler
 .text.TIM4_IRQHandler
                0x080004b0       0x18 obj\debug\fil_lib\src\tim.o
                0x080004b0                TIM4_IRQHandler
 .text.TIM5_IRQHandler
                0x080004c8       0x18 obj\debug\fil_lib\src\tim.o
                0x080004c8                TIM5_IRQHandler
 .text.CalcTimFrequency
                0x080004e0       0x74 obj\debug\fil_lib\src\tim.o
                0x080004e0                CalcTimFrequency
 .text.CalcTimClockSourse
                0x08000554       0x8c obj\debug\fil_lib\src\tim.o
                0x08000554                CalcTimClockSourse
 .text.__NVIC_EnableIRQ
                0x080005e0       0x3c obj\debug\src\main.o
 .text.__NVIC_SetPriority
                0x0800061c       0x54 obj\debug\src\main.o
 .text.SysTick_Config
                0x08000670       0x44 obj\debug\src\main.o
 .text.main     0x080006b4      0x96c obj\debug\src\main.o
                0x080006b4                main
 .text.SystemInit
                0x08001020       0x6c obj\debug\src\system_stm32f4xx.o
                0x08001020                SystemInit
 .text.SetSysClock
                0x0800108c       0xf4 obj\debug\src\system_stm32f4xx.o
 *(.glue_7)
 .glue_7        0x08001180        0x0 linker stubs
 *(.glue_7t)
 .glue_7t       0x08001180        0x0 linker stubs
 *(.eh_frame)
 .eh_frame      0x08001180        0x0 c:/program files (x86)/embitz/2.30/share/armgcc/bin/../lib/gcc/arm-none-eabi/9.3.1/thumb/v7e-m+fp/hard/crtbegin.o
 *(.init)
 .init          0x08001180        0x4 c:/program files (x86)/embitz/2.30/share/armgcc/bin/../lib/gcc/arm-none-eabi/9.3.1/thumb/v7e-m+fp/hard/crti.o
                0x08001180                _init
 .init          0x08001184        0x8 c:/program files (x86)/embitz/2.30/share/armgcc/bin/../lib/gcc/arm-none-eabi/9.3.1/thumb/v7e-m+fp/hard/crtn.o
 *(.fini)
 .fini          0x0800118c        0x4 c:/program files (x86)/embitz/2.30/share/armgcc/bin/../lib/gcc/arm-none-eabi/9.3.1/thumb/v7e-m+fp/hard/crti.o
                0x0800118c                _fini
 .fini          0x08001190        0x8 c:/program files (x86)/embitz/2.30/share/armgcc/bin/../lib/gcc/arm-none-eabi/9.3.1/thumb/v7e-m+fp/hard/crtn.o
                0x08001198                . = ALIGN (0x4)
                0x08001198                _etext = .

.vfp11_veneer   0x08001198        0x0
 .vfp11_veneer  0x08001198        0x0 linker stubs

.v4_bx          0x08001198        0x0
 .v4_bx         0x08001198        0x0 linker stubs

.iplt           0x08001198        0x0
 .iplt          0x08001198        0x0 c:/program files (x86)/embitz/2.30/share/armgcc/bin/../lib/gcc/arm-none-eabi/9.3.1/thumb/v7e-m+fp/hard/crtbegin.o

.rel.dyn        0x08001198        0x0
 .rel.iplt      0x08001198        0x0 c:/program files (x86)/embitz/2.30/share/armgcc/bin/../lib/gcc/arm-none-eabi/9.3.1/thumb/v7e-m+fp/hard/crtbegin.o

.rodata         0x08001198        0x0
                0x08001198                . = ALIGN (0x4)
 *(.rodata)
 *(.rodata*)
                0x08001198                . = ALIGN (0x4)

.ARM.extab
 *(.ARM.extab* .gnu.linkonce.armextab.*)

.ARM            0x08001198        0x0
                0x08001198                __exidx_start = .
 *(.ARM.exidx*)
                0x08001198                __exidx_end = .

.preinit_array  0x08001198        0x0
                0x08001198                PROVIDE (__preinit_array_start = .)
 *(.preinit_array*)
                0x08001198                PROVIDE (__preinit_array_end = .)

.init_array     0x08001198        0x4
                0x08001198                PROVIDE (__init_array_start = .)
 *(SORT_BY_NAME(.init_array.*))
 *(.init_array*)
 .init_array    0x08001198        0x4 c:/program files (x86)/embitz/2.30/share/armgcc/bin/../lib/gcc/arm-none-eabi/9.3.1/thumb/v7e-m+fp/hard/crtbegin.o
                0x0800119c                PROVIDE (__init_array_end = .)

.fini_array     0x0800119c        0x4
                [!provide]                PROVIDE (__fini_array_start = .)
 *(SORT_BY_NAME(.fini_array.*))
 *(.fini_array*)
 .fini_array    0x0800119c        0x4 c:/program files (x86)/embitz/2.30/share/armgcc/bin/../lib/gcc/arm-none-eabi/9.3.1/thumb/v7e-m+fp/hard/crtbegin.o
                [!provide]                PROVIDE (__fini_array_end = .)
                0x080011a0                _sidata = LOADADDR (.data)

.data           0x20000000       0x10 load address 0x080011a0
                0x20000000                . = ALIGN (0x4)
                0x20000000                _sdata = .
 *(.data)
 *(.data*)
 .data.PrescalerTable
                0x20000000       0x10 obj\debug\fil_lib\src\rcc.o
                0x20000010                . = ALIGN (0x4)
                0x20000010                _edata = .

.igot.plt       0x20000010        0x0 load address 0x080011b0
 .igot.plt      0x20000010        0x0 c:/program files (x86)/embitz/2.30/share/armgcc/bin/../lib/gcc/arm-none-eabi/9.3.1/thumb/v7e-m+fp/hard/crtbegin.o
                0x20000010                . = ALIGN (0x4)

.bss            0x20000010       0x94 load address 0x080011b0
                0x20000010                _sbss = .
                0x20000010                __bss_start__ = _sbss
 *(.bss)
 .bss           0x20000010       0x1c c:/program files (x86)/embitz/2.30/share/armgcc/bin/../lib/gcc/arm-none-eabi/9.3.1/thumb/v7e-m+fp/hard/crtbegin.o
 *(.bss*)
 .bss.globalTime
                0x2000002c        0x4 obj\debug\fil_lib\src\tim.o
                0x2000002c                globalTime
 *(COMMON)
 COMMON         0x20000030       0x71 obj\debug\external\mpu9250\mpu9250.o
                0x20000030                I2CStatus
                0x2000003c                TIMStatus
                0x2000005c                ADCStatus
                0x20000088                RCH
                0x2000008c                Clocks
                0x200000a0                JCH
                0x200000a4                . = ALIGN (0x4)
 *fill*         0x200000a1        0x3 
                0x200000a4                _ebss = .
                0x200000a4                __bss_end__ = _ebss

.heap           0x200000a4        0x0 load address 0x080011b0
                0x200000a4                . = ALIGN (0x4)
                [!provide]                PROVIDE (end = .)
                [!provide]                PROVIDE (_end = .)
 *(.heap*)
                0x200000a4                . = (. + _Min_Heap_Size)
                0x200000a4                __HeapLimit = .
                0x200000a4                . = ALIGN (0x4)

.ARM.attributes
                0x00000000       0x30
 *(.ARM.attributes)
 .ARM.attributes
                0x00000000       0x1e c:/program files (x86)/embitz/2.30/share/armgcc/bin/../lib/gcc/arm-none-eabi/9.3.1/thumb/v7e-m+fp/hard/crti.o
 .ARM.attributes
                0x0000001e       0x34 c:/program files (x86)/embitz/2.30/share/armgcc/bin/../lib/gcc/arm-none-eabi/9.3.1/thumb/v7e-m+fp/hard/crtbegin.o
 .ARM.attributes
                0x00000052       0x21 obj\debug\src\startup_stm32f401xc.o
 .ARM.attributes
                0x00000073       0x39 obj\debug\external\mpu9250\mpu9250.o
 .ARM.attributes
                0x000000ac       0x34 obj\debug\fil_lib\src\adc.o
 .ARM.attributes
                0x000000e0       0x34 obj\debug\fil_lib\src\i2c.o
 .ARM.attributes
                0x00000114       0x34 obj\debug\fil_lib\src\rcc.o
 .ARM.attributes
                0x00000148       0x34 obj\debug\fil_lib\src\tim.o
 .ARM.attributes
                0x0000017c       0x34 obj\debug\src\main.o
 .ARM.attributes
                0x000001b0       0x34 obj\debug\src\system_stm32f4xx.o
 .ARM.attributes
                0x000001e4       0x1e c:/program files (x86)/embitz/2.30/share/armgcc/bin/../lib/gcc/arm-none-eabi/9.3.1/thumb/v7e-m+fp/hard/crtn.o
                0x2000ff00                __StackLimit = (_estack - _Min_Stack_Size)
                0x00000001                ASSERT ((__StackLimit >= __HeapLimit), Region RAM overflowed with stack)
LOAD obj\debug\src\startup_stm32f401xc.o
LOAD obj\debug\external\matrix\matrix.o
LOAD obj\debug\external\modbus\ascii\modbus_ascii.o
LOAD obj\debug\external\mpu9250\mpu9250.o
LOAD obj\debug\external\regulators\regulators.o
LOAD obj\debug\external\ssd1306\fonts.o
LOAD obj\debug\external\ssd1306\images.o
LOAD obj\debug\external\ssd1306\ssd1306.o
LOAD obj\debug\external\ssd1306\ssd1306_i2c.o
LOAD obj\debug\fil_lib\src\adc.o
LOAD obj\debug\fil_lib\src\dma.o
LOAD obj\debug\fil_lib\src\exti.o
LOAD obj\debug\fil_lib\src\i2c.o
LOAD obj\debug\fil_lib\src\rcc.o
LOAD obj\debug\fil_lib\src\rtc.o
LOAD obj\debug\fil_lib\src\tim.o
LOAD obj\debug\fil_lib\src\usart.o
LOAD obj\debug\src\main.o
LOAD obj\debug\dev\dev.o
LOAD obj\debug\src\system_stm32f4xx.o
START GROUP
LOAD c:/program files (x86)/embitz/2.30/share/armgcc/bin/../lib/gcc/arm-none-eabi/9.3.1/thumb/v7e-m+fp/hard\libgcc.a
LOAD c:/program files (x86)/embitz/2.30/share/armgcc/bin/../lib/gcc/arm-none-eabi/9.3.1/../../../../arm-none-eabi/lib/thumb/v7e-m+fp/hard\libg_nano.a
LOAD c:/program files (x86)/embitz/2.30/share/armgcc/bin/../lib/gcc/arm-none-eabi/9.3.1/../../../../arm-none-eabi/lib/thumb/v7e-m+fp/hard\libc_nano.a
END GROUP
START GROUP
LOAD c:/program files (x86)/embitz/2.30/share/armgcc/bin/../lib/gcc/arm-none-eabi/9.3.1/thumb/v7e-m+fp/hard\libgcc.a
LOAD c:/program files (x86)/embitz/2.30/share/armgcc/bin/../lib/gcc/arm-none-eabi/9.3.1/../../../../arm-none-eabi/lib/thumb/v7e-m+fp/hard\libc_nano.a
LOAD c:/program files (x86)/embitz/2.30/share/armgcc/bin/../lib/gcc/arm-none-eabi/9.3.1/../../../../arm-none-eabi/lib/thumb/v7e-m+fp/hard\libnosys.a
END GROUP
START GROUP
LOAD c:/program files (x86)/embitz/2.30/share/armgcc/bin/../lib/gcc/arm-none-eabi/9.3.1/thumb/v7e-m+fp/hard\libgcc.a
LOAD c:/program files (x86)/embitz/2.30/share/armgcc/bin/../lib/gcc/arm-none-eabi/9.3.1/../../../../arm-none-eabi/lib/thumb/v7e-m+fp/hard\libc_nano.a
LOAD c:/program files (x86)/embitz/2.30/share/armgcc/bin/../lib/gcc/arm-none-eabi/9.3.1/../../../../arm-none-eabi/lib/thumb/v7e-m+fp/hard\libnosys.a
END GROUP
LOAD c:/program files (x86)/embitz/2.30/share/armgcc/bin/../lib/gcc/arm-none-eabi/9.3.1/thumb/v7e-m+fp/hard/crtend.o
LOAD c:/program files (x86)/embitz/2.30/share/armgcc/bin/../lib/gcc/arm-none-eabi/9.3.1/thumb/v7e-m+fp/hard/crtn.o
OUTPUT(bin\Debug\SmallCar.elf elf32-littlearm)
LOAD linker stubs

.debug_line     0x00000000     0x1941
 .debug_line    0x00000000       0x77 obj\debug\src\startup_stm32f401xc.o
 .debug_line    0x00000077      0x14f obj\debug\external\mpu9250\mpu9250.o
 .debug_line    0x000001c6      0x1db obj\debug\fil_lib\src\adc.o
 .debug_line    0x000003a1      0x7dd obj\debug\fil_lib\src\i2c.o
 .debug_line    0x00000b7e      0x25a obj\debug\fil_lib\src\rcc.o
 .debug_line    0x00000dd8      0x683 obj\debug\fil_lib\src\tim.o
 .debug_line    0x0000145b      0x22d obj\debug\src\main.o
 .debug_line    0x00001688      0x2b9 obj\debug\src\system_stm32f4xx.o

.debug_info     0x00000000     0x34ee
 .debug_info    0x00000000       0x22 obj\debug\src\startup_stm32f401xc.o
 .debug_info    0x00000022      0x366 obj\debug\external\mpu9250\mpu9250.o
 .debug_info    0x00000388      0x53f obj\debug\fil_lib\src\adc.o
 .debug_info    0x000008c7      0xb48 obj\debug\fil_lib\src\i2c.o
 .debug_info    0x0000140f      0x588 obj\debug\fil_lib\src\rcc.o
 .debug_info    0x00001997      0x7dd obj\debug\fil_lib\src\tim.o
 .debug_info    0x00002174      0xd12 obj\debug\src\main.o
 .debug_info    0x00002e86      0x668 obj\debug\src\system_stm32f4xx.o

.debug_abbrev   0x00000000      0xacb
 .debug_abbrev  0x00000000       0x12 obj\debug\src\startup_stm32f401xc.o
 .debug_abbrev  0x00000012       0xcb obj\debug\external\mpu9250\mpu9250.o
 .debug_abbrev  0x000000dd      0x16c obj\debug\fil_lib\src\adc.o
 .debug_abbrev  0x00000249      0x222 obj\debug\fil_lib\src\i2c.o
 .debug_abbrev  0x0000046b      0x129 obj\debug\fil_lib\src\rcc.o
 .debug_abbrev  0x00000594      0x1be obj\debug\fil_lib\src\tim.o
 .debug_abbrev  0x00000752      0x201 obj\debug\src\main.o
 .debug_abbrev  0x00000953      0x178 obj\debug\src\system_stm32f4xx.o

.debug_aranges  0x00000000      0x218
 .debug_aranges
                0x00000000       0x28 obj\debug\src\startup_stm32f401xc.o
 .debug_aranges
                0x00000028       0x18 obj\debug\external\mpu9250\mpu9250.o
 .debug_aranges
                0x00000040       0x28 obj\debug\fil_lib\src\adc.o
 .debug_aranges
                0x00000068       0xa0 obj\debug\fil_lib\src\i2c.o
 .debug_aranges
                0x00000108       0x20 obj\debug\fil_lib\src\rcc.o
 .debug_aranges
                0x00000128       0x88 obj\debug\fil_lib\src\tim.o
 .debug_aranges
                0x000001b0       0x38 obj\debug\src\main.o
 .debug_aranges
                0x000001e8       0x30 obj\debug\src\system_stm32f4xx.o

.debug_str      0x00000000      0xdb5
 .debug_str     0x00000000       0x59 obj\debug\src\startup_stm32f401xc.o
 .debug_str     0x00000059      0x298 obj\debug\external\mpu9250\mpu9250.o
                                0x33d (size before relaxing)
 .debug_str     0x000002f1       0x95 obj\debug\fil_lib\src\adc.o
                                0x3b7 (size before relaxing)
 .debug_str     0x00000386      0x329 obj\debug\fil_lib\src\i2c.o
                                0x65e (size before relaxing)
 .debug_str     0x000006af       0x20 obj\debug\fil_lib\src\rcc.o
                                0x463 (size before relaxing)
 .debug_str     0x000006cf      0x1b0 obj\debug\fil_lib\src\tim.o
                                0x54b (size before relaxing)
 .debug_str     0x0000087f      0x47b obj\debug\src\main.o
                                0x963 (size before relaxing)
 .debug_str     0x00000cfa       0xbb obj\debug\src\system_stm32f4xx.o
                                0x403 (size before relaxing)

.debug_ranges   0x00000000      0x198
 .debug_ranges  0x00000000       0x20 obj\debug\src\startup_stm32f401xc.o
 .debug_ranges  0x00000020       0x18 obj\debug\fil_lib\src\adc.o
 .debug_ranges  0x00000038       0x90 obj\debug\fil_lib\src\i2c.o
 .debug_ranges  0x000000c8       0x10 obj\debug\fil_lib\src\rcc.o
 .debug_ranges  0x000000d8       0x78 obj\debug\fil_lib\src\tim.o
 .debug_ranges  0x00000150       0x28 obj\debug\src\main.o
 .debug_ranges  0x00000178       0x20 obj\debug\src\system_stm32f4xx.o

.comment        0x00000000       0x4c
 .comment       0x00000000       0x4c obj\debug\external\mpu9250\mpu9250.o
                                 0x4d (size before relaxing)
 .comment       0x0000004c       0x4d obj\debug\fil_lib\src\adc.o
 .comment       0x0000004c       0x4d obj\debug\fil_lib\src\i2c.o
 .comment       0x0000004c       0x4d obj\debug\fil_lib\src\rcc.o
 .comment       0x0000004c       0x4d obj\debug\fil_lib\src\tim.o
 .comment       0x0000004c       0x4d obj\debug\src\main.o
 .comment       0x0000004c       0x4d obj\debug\src\system_stm32f4xx.o

.debug_frame    0x00000000      0x614
 .debug_frame   0x00000000       0x58 obj\debug\fil_lib\src\adc.o
 .debug_frame   0x00000058      0x274 obj\debug\fil_lib\src\i2c.o
 .debug_frame   0x000002cc       0x30 obj\debug\fil_lib\src\rcc.o
 .debug_frame   0x000002fc      0x1fc obj\debug\fil_lib\src\tim.o
 .debug_frame   0x000004f8       0xa0 obj\debug\src\main.o
 .debug_frame   0x00000598       0x7c obj\debug\src\system_stm32f4xx.o
